Date              = Sat Nov  1 04:44:39 AM EDT 2025
Hostname          = skl-107
Working Directory = /mnt/ffs24/home/leespen1/Research/QuantumGateDesign.jl/cnot3_optimization

Number of Nodes Allocated      = 1
Number of Tasks Per Node       = 1
Number of CPUs Per Task        = 4
Memory per node                = 32768

You are in a SLURM environment. Using job array id to run script.
SLURM Job ID: 63419449
julia --project -e 'using Pkg; Pkg.instantiate()'
julia --project --threads=4 ./cnot3_optimization.jl 8 14 7 1974 --time 6 --D1 16 --rtol 1e-15 --atol 1e-15 --output_directory 63397133 --file_identifier targetError=1e-7 --cost_type GeneralizedInfidelity --levels_cavity 10
Running test with the following arguments:
levels_cavity        => 10
time                 => 6.0
maxiter              => 10000
cost_type            => GeneralizedInfidelity
rtol                 => 1.0e-15
output_directory     => 63397133
file_identifier      => targetError=1e-7
derivative_checker   => false
nsteps               => 1974
order                => 8
atol                 => 1.0e-15
degree               => 14
D1                   => 16
gate_duration        => 550.0
seed                 => 7

*** Constructing CNOT3 Problem ***
Number of time steps: 34356
Carrier frequencies:
	1st ctrl Hamiltonian [GHz]: [0.0, -0.2198, -0.2252]
	2nd ctrl Hamiltonian [GHz]: [0.0, -0.2198, -0.2252]
	3rd ctrl Hamiltonian [GHz]: [0.0, -0.002494, -0.0025244501443665262]
Using random initial pcof with maximum amplitude 0.0005
* Settings *
Frequencies:
	Alice = 4.10595 Bob = 4.81526 Storage = 7.8447
Anharmonic coefficients in the Hamiltonian:
	xa = 0.2198 xb = 0.2252 xs = 2.82986169244768e-5
Coupling coefficients in the Hamiltonian:
	xab = 1.0e-6 xas = 0.002494 xbs = 0.0025244501443665262
Essential states in each subsystem = [2, 2, 1]
Guard states in osc = [2, 2, 9]
Total number of states, Ntot = 160
Total number of guard states, Nguard = 156
Number of B-spline parameters per spline = 16
Total number of parameters = 288
Max parameter amplitudes: maxpar = [0.05, 0.1, 0.1]
Tikhonov coefficients: tik0 (L2) = 0.01
Tolerance in Linear Solver = 1.0e-15
Using a sparse representation of the Hamiltonian matrices
*** Finished Constructing CNOT3 Problem ***

Schrodinger Problem:
SchrodingerProb{SparseArrays.SparseMatrixCSC{Float64, Int64}, Matrix{Float64}, DiagonalHamiltonianPreconditioner}
Type of operators: SparseArrays.SparseMatrixCSC{Float64, Int64}
Type of states: Matrix{Float64} (gate design problem)

System symmetric operator:
160×160 SparseArrays.SparseMatrixCSC{Float64, Int64} with 156 stored entries:
⎡⠐⢄⠀⠀⠀⠀⠀⠀⠀⠀⠀⠀⠀⠀⠀⠀⠀⠀⠀⠀⠀⠀⠀⠀⠀⠀⠀⠀⠀⠀⠀⠀⠀⠀⠀⠀⠀⠀⠀⠀⎤
⎢⠀⠀⠑⢄⠀⠀⠀⠀⠀⠀⠀⠀⠀⠀⠀⠀⠀⠀⠀⠀⠀⠀⠀⠀⠀⠀⠀⠀⠀⠀⠀⠀⠀⠀⠀⠀⠀⠀⠀⠀⎥
⎢⠀⠀⠀⠀⠑⢄⠀⠀⠀⠀⠀⠀⠀⠀⠀⠀⠀⠀⠀⠀⠀⠀⠀⠀⠀⠀⠀⠀⠀⠀⠀⠀⠀⠀⠀⠀⠀⠀⠀⠀⎥
⎢⠀⠀⠀⠀⠀⠀⠑⢄⠀⠀⠀⠀⠀⠀⠀⠀⠀⠀⠀⠀⠀⠀⠀⠀⠀⠀⠀⠀⠀⠀⠀⠀⠀⠀⠀⠀⠀⠀⠀⠀⎥
⎢⠀⠀⠀⠀⠀⠀⠀⠀⠑⢄⠀⠀⠀⠀⠀⠀⠀⠀⠀⠀⠀⠀⠀⠀⠀⠀⠀⠀⠀⠀⠀⠀⠀⠀⠀⠀⠀⠀⠀⠀⎥
⎢⠀⠀⠀⠀⠀⠀⠀⠀⠀⠀⠑⢄⠀⠀⠀⠀⠀⠀⠀⠀⠀⠀⠀⠀⠀⠀⠀⠀⠀⠀⠀⠀⠀⠀⠀⠀⠀⠀⠀⠀⎥
⎢⠀⠀⠀⠀⠀⠀⠀⠀⠀⠀⠀⠀⠑⢄⠀⠀⠀⠀⠀⠀⠀⠀⠀⠀⠀⠀⠀⠀⠀⠀⠀⠀⠀⠀⠀⠀⠀⠀⠀⠀⎥
⎢⠀⠀⠀⠀⠀⠀⠀⠀⠀⠀⠀⠀⠀⠀⠑⢄⠀⠀⠀⠀⠀⠀⠀⠀⠀⠀⠀⠀⠀⠀⠀⠀⠀⠀⠀⠀⠀⠀⠀⠀⎥
⎢⠀⠀⠀⠀⠀⠀⠀⠀⠀⠀⠀⠀⠀⠀⠀⠀⠑⢄⠀⠀⠀⠀⠀⠀⠀⠀⠀⠀⠀⠀⠀⠀⠀⠀⠀⠀⠀⠀⠀⠀⎥
⎢⠀⠀⠀⠀⠀⠀⠀⠀⠀⠀⠀⠀⠀⠀⠀⠀⠀⠀⠑⢄⠀⠀⠀⠀⠀⠀⠀⠀⠀⠀⠀⠀⠀⠀⠀⠀⠀⠀⠀⠀⎥
⎢⠀⠀⠀⠀⠀⠀⠀⠀⠀⠀⠀⠀⠀⠀⠀⠀⠀⠀⠀⠀⠑⢄⠀⠀⠀⠀⠀⠀⠀⠀⠀⠀⠀⠀⠀⠀⠀⠀⠀⠀⎥
⎢⠀⠀⠀⠀⠀⠀⠀⠀⠀⠀⠀⠀⠀⠀⠀⠀⠀⠀⠀⠀⠀⠀⠑⢄⠀⠀⠀⠀⠀⠀⠀⠀⠀⠀⠀⠀⠀⠀⠀⠀⎥
⎢⠀⠀⠀⠀⠀⠀⠀⠀⠀⠀⠀⠀⠀⠀⠀⠀⠀⠀⠀⠀⠀⠀⠀⠀⠑⢄⠀⠀⠀⠀⠀⠀⠀⠀⠀⠀⠀⠀⠀⠀⎥
⎢⠀⠀⠀⠀⠀⠀⠀⠀⠀⠀⠀⠀⠀⠀⠀⠀⠀⠀⠀⠀⠀⠀⠀⠀⠀⠀⠑⢄⠀⠀⠀⠀⠀⠀⠀⠀⠀⠀⠀⠀⎥
⎢⠀⠀⠀⠀⠀⠀⠀⠀⠀⠀⠀⠀⠀⠀⠀⠀⠀⠀⠀⠀⠀⠀⠀⠀⠀⠀⠀⠀⠑⢄⠀⠀⠀⠀⠀⠀⠀⠀⠀⠀⎥
⎢⠀⠀⠀⠀⠀⠀⠀⠀⠀⠀⠀⠀⠀⠀⠀⠀⠀⠀⠀⠀⠀⠀⠀⠀⠀⠀⠀⠀⠀⠀⠑⢄⠀⠀⠀⠀⠀⠀⠀⠀⎥
⎢⠀⠀⠀⠀⠀⠀⠀⠀⠀⠀⠀⠀⠀⠀⠀⠀⠀⠀⠀⠀⠀⠀⠀⠀⠀⠀⠀⠀⠀⠀⠀⠀⠑⢄⠀⠀⠀⠀⠀⠀⎥
⎢⠀⠀⠀⠀⠀⠀⠀⠀⠀⠀⠀⠀⠀⠀⠀⠀⠀⠀⠀⠀⠀⠀⠀⠀⠀⠀⠀⠀⠀⠀⠀⠀⠀⠀⠑⢄⠀⠀⠀⠀⎥
⎢⠀⠀⠀⠀⠀⠀⠀⠀⠀⠀⠀⠀⠀⠀⠀⠀⠀⠀⠀⠀⠀⠀⠀⠀⠀⠀⠀⠀⠀⠀⠀⠀⠀⠀⠀⠀⠑⢄⠀⠀⎥
⎣⠀⠀⠀⠀⠀⠀⠀⠀⠀⠀⠀⠀⠀⠀⠀⠀⠀⠀⠀⠀⠀⠀⠀⠀⠀⠀⠀⠀⠀⠀⠀⠀⠀⠀⠀⠀⠀⠀⠑⢄⎦

System anti-symmetric operator:
160×160 SparseArrays.SparseMatrixCSC{Float64, Int64} with 0 stored entries:
⎡⠀⠀⠀⠀⠀⠀⠀⠀⠀⠀⠀⠀⠀⠀⠀⠀⠀⠀⠀⠀⠀⠀⠀⠀⠀⠀⠀⠀⠀⠀⠀⠀⠀⠀⠀⠀⠀⠀⠀⠀⎤
⎢⠀⠀⠀⠀⠀⠀⠀⠀⠀⠀⠀⠀⠀⠀⠀⠀⠀⠀⠀⠀⠀⠀⠀⠀⠀⠀⠀⠀⠀⠀⠀⠀⠀⠀⠀⠀⠀⠀⠀⠀⎥
⎢⠀⠀⠀⠀⠀⠀⠀⠀⠀⠀⠀⠀⠀⠀⠀⠀⠀⠀⠀⠀⠀⠀⠀⠀⠀⠀⠀⠀⠀⠀⠀⠀⠀⠀⠀⠀⠀⠀⠀⠀⎥
⎢⠀⠀⠀⠀⠀⠀⠀⠀⠀⠀⠀⠀⠀⠀⠀⠀⠀⠀⠀⠀⠀⠀⠀⠀⠀⠀⠀⠀⠀⠀⠀⠀⠀⠀⠀⠀⠀⠀⠀⠀⎥
⎢⠀⠀⠀⠀⠀⠀⠀⠀⠀⠀⠀⠀⠀⠀⠀⠀⠀⠀⠀⠀⠀⠀⠀⠀⠀⠀⠀⠀⠀⠀⠀⠀⠀⠀⠀⠀⠀⠀⠀⠀⎥
⎢⠀⠀⠀⠀⠀⠀⠀⠀⠀⠀⠀⠀⠀⠀⠀⠀⠀⠀⠀⠀⠀⠀⠀⠀⠀⠀⠀⠀⠀⠀⠀⠀⠀⠀⠀⠀⠀⠀⠀⠀⎥
⎢⠀⠀⠀⠀⠀⠀⠀⠀⠀⠀⠀⠀⠀⠀⠀⠀⠀⠀⠀⠀⠀⠀⠀⠀⠀⠀⠀⠀⠀⠀⠀⠀⠀⠀⠀⠀⠀⠀⠀⠀⎥
⎢⠀⠀⠀⠀⠀⠀⠀⠀⠀⠀⠀⠀⠀⠀⠀⠀⠀⠀⠀⠀⠀⠀⠀⠀⠀⠀⠀⠀⠀⠀⠀⠀⠀⠀⠀⠀⠀⠀⠀⠀⎥
⎢⠀⠀⠀⠀⠀⠀⠀⠀⠀⠀⠀⠀⠀⠀⠀⠀⠀⠀⠀⠀⠀⠀⠀⠀⠀⠀⠀⠀⠀⠀⠀⠀⠀⠀⠀⠀⠀⠀⠀⠀⎥
⎢⠀⠀⠀⠀⠀⠀⠀⠀⠀⠀⠀⠀⠀⠀⠀⠀⠀⠀⠀⠀⠀⠀⠀⠀⠀⠀⠀⠀⠀⠀⠀⠀⠀⠀⠀⠀⠀⠀⠀⠀⎥
⎢⠀⠀⠀⠀⠀⠀⠀⠀⠀⠀⠀⠀⠀⠀⠀⠀⠀⠀⠀⠀⠀⠀⠀⠀⠀⠀⠀⠀⠀⠀⠀⠀⠀⠀⠀⠀⠀⠀⠀⠀⎥
⎢⠀⠀⠀⠀⠀⠀⠀⠀⠀⠀⠀⠀⠀⠀⠀⠀⠀⠀⠀⠀⠀⠀⠀⠀⠀⠀⠀⠀⠀⠀⠀⠀⠀⠀⠀⠀⠀⠀⠀⠀⎥
⎢⠀⠀⠀⠀⠀⠀⠀⠀⠀⠀⠀⠀⠀⠀⠀⠀⠀⠀⠀⠀⠀⠀⠀⠀⠀⠀⠀⠀⠀⠀⠀⠀⠀⠀⠀⠀⠀⠀⠀⠀⎥
⎢⠀⠀⠀⠀⠀⠀⠀⠀⠀⠀⠀⠀⠀⠀⠀⠀⠀⠀⠀⠀⠀⠀⠀⠀⠀⠀⠀⠀⠀⠀⠀⠀⠀⠀⠀⠀⠀⠀⠀⠀⎥
⎢⠀⠀⠀⠀⠀⠀⠀⠀⠀⠀⠀⠀⠀⠀⠀⠀⠀⠀⠀⠀⠀⠀⠀⠀⠀⠀⠀⠀⠀⠀⠀⠀⠀⠀⠀⠀⠀⠀⠀⠀⎥
⎢⠀⠀⠀⠀⠀⠀⠀⠀⠀⠀⠀⠀⠀⠀⠀⠀⠀⠀⠀⠀⠀⠀⠀⠀⠀⠀⠀⠀⠀⠀⠀⠀⠀⠀⠀⠀⠀⠀⠀⠀⎥
⎢⠀⠀⠀⠀⠀⠀⠀⠀⠀⠀⠀⠀⠀⠀⠀⠀⠀⠀⠀⠀⠀⠀⠀⠀⠀⠀⠀⠀⠀⠀⠀⠀⠀⠀⠀⠀⠀⠀⠀⠀⎥
⎢⠀⠀⠀⠀⠀⠀⠀⠀⠀⠀⠀⠀⠀⠀⠀⠀⠀⠀⠀⠀⠀⠀⠀⠀⠀⠀⠀⠀⠀⠀⠀⠀⠀⠀⠀⠀⠀⠀⠀⠀⎥
⎢⠀⠀⠀⠀⠀⠀⠀⠀⠀⠀⠀⠀⠀⠀⠀⠀⠀⠀⠀⠀⠀⠀⠀⠀⠀⠀⠀⠀⠀⠀⠀⠀⠀⠀⠀⠀⠀⠀⠀⠀⎥
⎣⠀⠀⠀⠀⠀⠀⠀⠀⠀⠀⠀⠀⠀⠀⠀⠀⠀⠀⠀⠀⠀⠀⠀⠀⠀⠀⠀⠀⠀⠀⠀⠀⠀⠀⠀⠀⠀⠀⠀⠀⎦

Control symmetric operators:
160×160 SparseArrays.SparseMatrixCSC{Float64, Int64} with 240 stored entries:
⎡⠛⣤⠀⠀⠀⠀⠀⠀⠀⠀⠀⠀⠀⠀⠀⠀⠀⠀⠀⠀⠀⠀⠀⠀⠀⠀⠀⠀⠀⠀⠀⠀⠀⠀⠀⠀⠀⠀⠀⠀⎤
⎢⠀⠀⠛⣤⠀⠀⠀⠀⠀⠀⠀⠀⠀⠀⠀⠀⠀⠀⠀⠀⠀⠀⠀⠀⠀⠀⠀⠀⠀⠀⠀⠀⠀⠀⠀⠀⠀⠀⠀⠀⎥
⎢⠀⠀⠀⠀⠛⣤⠀⠀⠀⠀⠀⠀⠀⠀⠀⠀⠀⠀⠀⠀⠀⠀⠀⠀⠀⠀⠀⠀⠀⠀⠀⠀⠀⠀⠀⠀⠀⠀⠀⠀⎥
⎢⠀⠀⠀⠀⠀⠀⠛⣤⠀⠀⠀⠀⠀⠀⠀⠀⠀⠀⠀⠀⠀⠀⠀⠀⠀⠀⠀⠀⠀⠀⠀⠀⠀⠀⠀⠀⠀⠀⠀⠀⎥
⎢⠀⠀⠀⠀⠀⠀⠀⠀⠛⣤⠀⠀⠀⠀⠀⠀⠀⠀⠀⠀⠀⠀⠀⠀⠀⠀⠀⠀⠀⠀⠀⠀⠀⠀⠀⠀⠀⠀⠀⠀⎥
⎢⠀⠀⠀⠀⠀⠀⠀⠀⠀⠀⠛⣤⠀⠀⠀⠀⠀⠀⠀⠀⠀⠀⠀⠀⠀⠀⠀⠀⠀⠀⠀⠀⠀⠀⠀⠀⠀⠀⠀⠀⎥
⎢⠀⠀⠀⠀⠀⠀⠀⠀⠀⠀⠀⠀⠛⣤⠀⠀⠀⠀⠀⠀⠀⠀⠀⠀⠀⠀⠀⠀⠀⠀⠀⠀⠀⠀⠀⠀⠀⠀⠀⠀⎥
⎢⠀⠀⠀⠀⠀⠀⠀⠀⠀⠀⠀⠀⠀⠀⠛⣤⠀⠀⠀⠀⠀⠀⠀⠀⠀⠀⠀⠀⠀⠀⠀⠀⠀⠀⠀⠀⠀⠀⠀⠀⎥
⎢⠀⠀⠀⠀⠀⠀⠀⠀⠀⠀⠀⠀⠀⠀⠀⠀⠛⣤⠀⠀⠀⠀⠀⠀⠀⠀⠀⠀⠀⠀⠀⠀⠀⠀⠀⠀⠀⠀⠀⠀⎥
⎢⠀⠀⠀⠀⠀⠀⠀⠀⠀⠀⠀⠀⠀⠀⠀⠀⠀⠀⠛⣤⠀⠀⠀⠀⠀⠀⠀⠀⠀⠀⠀⠀⠀⠀⠀⠀⠀⠀⠀⠀⎥
⎢⠀⠀⠀⠀⠀⠀⠀⠀⠀⠀⠀⠀⠀⠀⠀⠀⠀⠀⠀⠀⠛⣤⠀⠀⠀⠀⠀⠀⠀⠀⠀⠀⠀⠀⠀⠀⠀⠀⠀⠀⎥
⎢⠀⠀⠀⠀⠀⠀⠀⠀⠀⠀⠀⠀⠀⠀⠀⠀⠀⠀⠀⠀⠀⠀⠛⣤⠀⠀⠀⠀⠀⠀⠀⠀⠀⠀⠀⠀⠀⠀⠀⠀⎥
⎢⠀⠀⠀⠀⠀⠀⠀⠀⠀⠀⠀⠀⠀⠀⠀⠀⠀⠀⠀⠀⠀⠀⠀⠀⠛⣤⠀⠀⠀⠀⠀⠀⠀⠀⠀⠀⠀⠀⠀⠀⎥
⎢⠀⠀⠀⠀⠀⠀⠀⠀⠀⠀⠀⠀⠀⠀⠀⠀⠀⠀⠀⠀⠀⠀⠀⠀⠀⠀⠛⣤⠀⠀⠀⠀⠀⠀⠀⠀⠀⠀⠀⠀⎥
⎢⠀⠀⠀⠀⠀⠀⠀⠀⠀⠀⠀⠀⠀⠀⠀⠀⠀⠀⠀⠀⠀⠀⠀⠀⠀⠀⠀⠀⠛⣤⠀⠀⠀⠀⠀⠀⠀⠀⠀⠀⎥
⎢⠀⠀⠀⠀⠀⠀⠀⠀⠀⠀⠀⠀⠀⠀⠀⠀⠀⠀⠀⠀⠀⠀⠀⠀⠀⠀⠀⠀⠀⠀⠛⣤⠀⠀⠀⠀⠀⠀⠀⠀⎥
⎢⠀⠀⠀⠀⠀⠀⠀⠀⠀⠀⠀⠀⠀⠀⠀⠀⠀⠀⠀⠀⠀⠀⠀⠀⠀⠀⠀⠀⠀⠀⠀⠀⠛⣤⠀⠀⠀⠀⠀⠀⎥
⎢⠀⠀⠀⠀⠀⠀⠀⠀⠀⠀⠀⠀⠀⠀⠀⠀⠀⠀⠀⠀⠀⠀⠀⠀⠀⠀⠀⠀⠀⠀⠀⠀⠀⠀⠛⣤⠀⠀⠀⠀⎥
⎢⠀⠀⠀⠀⠀⠀⠀⠀⠀⠀⠀⠀⠀⠀⠀⠀⠀⠀⠀⠀⠀⠀⠀⠀⠀⠀⠀⠀⠀⠀⠀⠀⠀⠀⠀⠀⠛⣤⠀⠀⎥
⎣⠀⠀⠀⠀⠀⠀⠀⠀⠀⠀⠀⠀⠀⠀⠀⠀⠀⠀⠀⠀⠀⠀⠀⠀⠀⠀⠀⠀⠀⠀⠀⠀⠀⠀⠀⠀⠀⠀⠛⣤⎦

160×160 SparseArrays.SparseMatrixCSC{Float64, Int64} with 240 stored entries:
⎡⢄⠑⢄⠀⠀⠀⠀⠀⠀⠀⠀⠀⠀⠀⠀⠀⠀⠀⠀⠀⠀⠀⠀⠀⠀⠀⠀⠀⠀⠀⠀⠀⠀⠀⠀⠀⠀⠀⠀⠀⎤
⎢⠀⠑⢄⠑⠀⠀⠀⠀⠀⠀⠀⠀⠀⠀⠀⠀⠀⠀⠀⠀⠀⠀⠀⠀⠀⠀⠀⠀⠀⠀⠀⠀⠀⠀⠀⠀⠀⠀⠀⠀⎥
⎢⠀⠀⠀⠀⢄⠑⢄⠀⠀⠀⠀⠀⠀⠀⠀⠀⠀⠀⠀⠀⠀⠀⠀⠀⠀⠀⠀⠀⠀⠀⠀⠀⠀⠀⠀⠀⠀⠀⠀⠀⎥
⎢⠀⠀⠀⠀⠀⠑⢄⠑⠀⠀⠀⠀⠀⠀⠀⠀⠀⠀⠀⠀⠀⠀⠀⠀⠀⠀⠀⠀⠀⠀⠀⠀⠀⠀⠀⠀⠀⠀⠀⠀⎥
⎢⠀⠀⠀⠀⠀⠀⠀⠀⢄⠑⢄⠀⠀⠀⠀⠀⠀⠀⠀⠀⠀⠀⠀⠀⠀⠀⠀⠀⠀⠀⠀⠀⠀⠀⠀⠀⠀⠀⠀⠀⎥
⎢⠀⠀⠀⠀⠀⠀⠀⠀⠀⠑⢄⠑⠀⠀⠀⠀⠀⠀⠀⠀⠀⠀⠀⠀⠀⠀⠀⠀⠀⠀⠀⠀⠀⠀⠀⠀⠀⠀⠀⠀⎥
⎢⠀⠀⠀⠀⠀⠀⠀⠀⠀⠀⠀⠀⢄⠑⢄⠀⠀⠀⠀⠀⠀⠀⠀⠀⠀⠀⠀⠀⠀⠀⠀⠀⠀⠀⠀⠀⠀⠀⠀⠀⎥
⎢⠀⠀⠀⠀⠀⠀⠀⠀⠀⠀⠀⠀⠀⠑⢄⠑⠀⠀⠀⠀⠀⠀⠀⠀⠀⠀⠀⠀⠀⠀⠀⠀⠀⠀⠀⠀⠀⠀⠀⠀⎥
⎢⠀⠀⠀⠀⠀⠀⠀⠀⠀⠀⠀⠀⠀⠀⠀⠀⢄⠑⢄⠀⠀⠀⠀⠀⠀⠀⠀⠀⠀⠀⠀⠀⠀⠀⠀⠀⠀⠀⠀⠀⎥
⎢⠀⠀⠀⠀⠀⠀⠀⠀⠀⠀⠀⠀⠀⠀⠀⠀⠀⠑⢄⠑⠀⠀⠀⠀⠀⠀⠀⠀⠀⠀⠀⠀⠀⠀⠀⠀⠀⠀⠀⠀⎥
⎢⠀⠀⠀⠀⠀⠀⠀⠀⠀⠀⠀⠀⠀⠀⠀⠀⠀⠀⠀⠀⢄⠑⢄⠀⠀⠀⠀⠀⠀⠀⠀⠀⠀⠀⠀⠀⠀⠀⠀⠀⎥
⎢⠀⠀⠀⠀⠀⠀⠀⠀⠀⠀⠀⠀⠀⠀⠀⠀⠀⠀⠀⠀⠀⠑⢄⠑⠀⠀⠀⠀⠀⠀⠀⠀⠀⠀⠀⠀⠀⠀⠀⠀⎥
⎢⠀⠀⠀⠀⠀⠀⠀⠀⠀⠀⠀⠀⠀⠀⠀⠀⠀⠀⠀⠀⠀⠀⠀⠀⢄⠑⢄⠀⠀⠀⠀⠀⠀⠀⠀⠀⠀⠀⠀⠀⎥
⎢⠀⠀⠀⠀⠀⠀⠀⠀⠀⠀⠀⠀⠀⠀⠀⠀⠀⠀⠀⠀⠀⠀⠀⠀⠀⠑⢄⠑⠀⠀⠀⠀⠀⠀⠀⠀⠀⠀⠀⠀⎥
⎢⠀⠀⠀⠀⠀⠀⠀⠀⠀⠀⠀⠀⠀⠀⠀⠀⠀⠀⠀⠀⠀⠀⠀⠀⠀⠀⠀⠀⢄⠑⢄⠀⠀⠀⠀⠀⠀⠀⠀⠀⎥
⎢⠀⠀⠀⠀⠀⠀⠀⠀⠀⠀⠀⠀⠀⠀⠀⠀⠀⠀⠀⠀⠀⠀⠀⠀⠀⠀⠀⠀⠀⠑⢄⠑⠀⠀⠀⠀⠀⠀⠀⠀⎥
⎢⠀⠀⠀⠀⠀⠀⠀⠀⠀⠀⠀⠀⠀⠀⠀⠀⠀⠀⠀⠀⠀⠀⠀⠀⠀⠀⠀⠀⠀⠀⠀⠀⢄⠑⢄⠀⠀⠀⠀⠀⎥
⎢⠀⠀⠀⠀⠀⠀⠀⠀⠀⠀⠀⠀⠀⠀⠀⠀⠀⠀⠀⠀⠀⠀⠀⠀⠀⠀⠀⠀⠀⠀⠀⠀⠀⠑⢄⠑⠀⠀⠀⠀⎥
⎢⠀⠀⠀⠀⠀⠀⠀⠀⠀⠀⠀⠀⠀⠀⠀⠀⠀⠀⠀⠀⠀⠀⠀⠀⠀⠀⠀⠀⠀⠀⠀⠀⠀⠀⠀⠀⢄⠑⢄⠀⎥
⎣⠀⠀⠀⠀⠀⠀⠀⠀⠀⠀⠀⠀⠀⠀⠀⠀⠀⠀⠀⠀⠀⠀⠀⠀⠀⠀⠀⠀⠀⠀⠀⠀⠀⠀⠀⠀⠀⠑⢄⠑⎦

160×160 SparseArrays.SparseMatrixCSC{Float64, Int64} with 288 stored entries:
⎡⠀⠀⠀⠀⠑⢄⠀⠀⠀⠀⠀⠀⠀⠀⠀⠀⠀⠀⠀⠀⠀⠀⠀⠀⠀⠀⠀⠀⠀⠀⠀⠀⠀⠀⠀⠀⠀⠀⠀⠀⎤
⎢⠀⠀⠀⠀⠀⠀⠑⢄⠀⠀⠀⠀⠀⠀⠀⠀⠀⠀⠀⠀⠀⠀⠀⠀⠀⠀⠀⠀⠀⠀⠀⠀⠀⠀⠀⠀⠀⠀⠀⠀⎥
⎢⠑⢄⠀⠀⠀⠀⠀⠀⠑⢄⠀⠀⠀⠀⠀⠀⠀⠀⠀⠀⠀⠀⠀⠀⠀⠀⠀⠀⠀⠀⠀⠀⠀⠀⠀⠀⠀⠀⠀⠀⎥
⎢⠀⠀⠑⢄⠀⠀⠀⠀⠀⠀⠑⢄⠀⠀⠀⠀⠀⠀⠀⠀⠀⠀⠀⠀⠀⠀⠀⠀⠀⠀⠀⠀⠀⠀⠀⠀⠀⠀⠀⠀⎥
⎢⠀⠀⠀⠀⠑⢄⠀⠀⠀⠀⠀⠀⠑⢄⠀⠀⠀⠀⠀⠀⠀⠀⠀⠀⠀⠀⠀⠀⠀⠀⠀⠀⠀⠀⠀⠀⠀⠀⠀⠀⎥
⎢⠀⠀⠀⠀⠀⠀⠑⢄⠀⠀⠀⠀⠀⠀⠑⢄⠀⠀⠀⠀⠀⠀⠀⠀⠀⠀⠀⠀⠀⠀⠀⠀⠀⠀⠀⠀⠀⠀⠀⠀⎥
⎢⠀⠀⠀⠀⠀⠀⠀⠀⠑⢄⠀⠀⠀⠀⠀⠀⠑⢄⠀⠀⠀⠀⠀⠀⠀⠀⠀⠀⠀⠀⠀⠀⠀⠀⠀⠀⠀⠀⠀⠀⎥
⎢⠀⠀⠀⠀⠀⠀⠀⠀⠀⠀⠑⢄⠀⠀⠀⠀⠀⠀⠑⢄⠀⠀⠀⠀⠀⠀⠀⠀⠀⠀⠀⠀⠀⠀⠀⠀⠀⠀⠀⠀⎥
⎢⠀⠀⠀⠀⠀⠀⠀⠀⠀⠀⠀⠀⠑⢄⠀⠀⠀⠀⠀⠀⠑⢄⠀⠀⠀⠀⠀⠀⠀⠀⠀⠀⠀⠀⠀⠀⠀⠀⠀⠀⎥
⎢⠀⠀⠀⠀⠀⠀⠀⠀⠀⠀⠀⠀⠀⠀⠑⢄⠀⠀⠀⠀⠀⠀⠑⢄⠀⠀⠀⠀⠀⠀⠀⠀⠀⠀⠀⠀⠀⠀⠀⠀⎥
⎢⠀⠀⠀⠀⠀⠀⠀⠀⠀⠀⠀⠀⠀⠀⠀⠀⠑⢄⠀⠀⠀⠀⠀⠀⠑⢄⠀⠀⠀⠀⠀⠀⠀⠀⠀⠀⠀⠀⠀⠀⎥
⎢⠀⠀⠀⠀⠀⠀⠀⠀⠀⠀⠀⠀⠀⠀⠀⠀⠀⠀⠑⢄⠀⠀⠀⠀⠀⠀⠑⢄⠀⠀⠀⠀⠀⠀⠀⠀⠀⠀⠀⠀⎥
⎢⠀⠀⠀⠀⠀⠀⠀⠀⠀⠀⠀⠀⠀⠀⠀⠀⠀⠀⠀⠀⠑⢄⠀⠀⠀⠀⠀⠀⠑⢄⠀⠀⠀⠀⠀⠀⠀⠀⠀⠀⎥
⎢⠀⠀⠀⠀⠀⠀⠀⠀⠀⠀⠀⠀⠀⠀⠀⠀⠀⠀⠀⠀⠀⠀⠑⢄⠀⠀⠀⠀⠀⠀⠑⢄⠀⠀⠀⠀⠀⠀⠀⠀⎥
⎢⠀⠀⠀⠀⠀⠀⠀⠀⠀⠀⠀⠀⠀⠀⠀⠀⠀⠀⠀⠀⠀⠀⠀⠀⠑⢄⠀⠀⠀⠀⠀⠀⠑⢄⠀⠀⠀⠀⠀⠀⎥
⎢⠀⠀⠀⠀⠀⠀⠀⠀⠀⠀⠀⠀⠀⠀⠀⠀⠀⠀⠀⠀⠀⠀⠀⠀⠀⠀⠑⢄⠀⠀⠀⠀⠀⠀⠑⢄⠀⠀⠀⠀⎥
⎢⠀⠀⠀⠀⠀⠀⠀⠀⠀⠀⠀⠀⠀⠀⠀⠀⠀⠀⠀⠀⠀⠀⠀⠀⠀⠀⠀⠀⠑⢄⠀⠀⠀⠀⠀⠀⠑⢄⠀⠀⎥
⎢⠀⠀⠀⠀⠀⠀⠀⠀⠀⠀⠀⠀⠀⠀⠀⠀⠀⠀⠀⠀⠀⠀⠀⠀⠀⠀⠀⠀⠀⠀⠑⢄⠀⠀⠀⠀⠀⠀⠑⢄⎥
⎢⠀⠀⠀⠀⠀⠀⠀⠀⠀⠀⠀⠀⠀⠀⠀⠀⠀⠀⠀⠀⠀⠀⠀⠀⠀⠀⠀⠀⠀⠀⠀⠀⠑⢄⠀⠀⠀⠀⠀⠀⎥
⎣⠀⠀⠀⠀⠀⠀⠀⠀⠀⠀⠀⠀⠀⠀⠀⠀⠀⠀⠀⠀⠀⠀⠀⠀⠀⠀⠀⠀⠀⠀⠀⠀⠀⠀⠑⢄⠀⠀⠀⠀⎦



Control anti-symmetric operators:
160×160 SparseArrays.SparseMatrixCSC{Float64, Int64} with 240 stored entries:
⎡⠛⣤⠀⠀⠀⠀⠀⠀⠀⠀⠀⠀⠀⠀⠀⠀⠀⠀⠀⠀⠀⠀⠀⠀⠀⠀⠀⠀⠀⠀⠀⠀⠀⠀⠀⠀⠀⠀⠀⠀⎤
⎢⠀⠀⠛⣤⠀⠀⠀⠀⠀⠀⠀⠀⠀⠀⠀⠀⠀⠀⠀⠀⠀⠀⠀⠀⠀⠀⠀⠀⠀⠀⠀⠀⠀⠀⠀⠀⠀⠀⠀⠀⎥
⎢⠀⠀⠀⠀⠛⣤⠀⠀⠀⠀⠀⠀⠀⠀⠀⠀⠀⠀⠀⠀⠀⠀⠀⠀⠀⠀⠀⠀⠀⠀⠀⠀⠀⠀⠀⠀⠀⠀⠀⠀⎥
⎢⠀⠀⠀⠀⠀⠀⠛⣤⠀⠀⠀⠀⠀⠀⠀⠀⠀⠀⠀⠀⠀⠀⠀⠀⠀⠀⠀⠀⠀⠀⠀⠀⠀⠀⠀⠀⠀⠀⠀⠀⎥
⎢⠀⠀⠀⠀⠀⠀⠀⠀⠛⣤⠀⠀⠀⠀⠀⠀⠀⠀⠀⠀⠀⠀⠀⠀⠀⠀⠀⠀⠀⠀⠀⠀⠀⠀⠀⠀⠀⠀⠀⠀⎥
⎢⠀⠀⠀⠀⠀⠀⠀⠀⠀⠀⠛⣤⠀⠀⠀⠀⠀⠀⠀⠀⠀⠀⠀⠀⠀⠀⠀⠀⠀⠀⠀⠀⠀⠀⠀⠀⠀⠀⠀⠀⎥
⎢⠀⠀⠀⠀⠀⠀⠀⠀⠀⠀⠀⠀⠛⣤⠀⠀⠀⠀⠀⠀⠀⠀⠀⠀⠀⠀⠀⠀⠀⠀⠀⠀⠀⠀⠀⠀⠀⠀⠀⠀⎥
⎢⠀⠀⠀⠀⠀⠀⠀⠀⠀⠀⠀⠀⠀⠀⠛⣤⠀⠀⠀⠀⠀⠀⠀⠀⠀⠀⠀⠀⠀⠀⠀⠀⠀⠀⠀⠀⠀⠀⠀⠀⎥
⎢⠀⠀⠀⠀⠀⠀⠀⠀⠀⠀⠀⠀⠀⠀⠀⠀⠛⣤⠀⠀⠀⠀⠀⠀⠀⠀⠀⠀⠀⠀⠀⠀⠀⠀⠀⠀⠀⠀⠀⠀⎥
⎢⠀⠀⠀⠀⠀⠀⠀⠀⠀⠀⠀⠀⠀⠀⠀⠀⠀⠀⠛⣤⠀⠀⠀⠀⠀⠀⠀⠀⠀⠀⠀⠀⠀⠀⠀⠀⠀⠀⠀⠀⎥
⎢⠀⠀⠀⠀⠀⠀⠀⠀⠀⠀⠀⠀⠀⠀⠀⠀⠀⠀⠀⠀⠛⣤⠀⠀⠀⠀⠀⠀⠀⠀⠀⠀⠀⠀⠀⠀⠀⠀⠀⠀⎥
⎢⠀⠀⠀⠀⠀⠀⠀⠀⠀⠀⠀⠀⠀⠀⠀⠀⠀⠀⠀⠀⠀⠀⠛⣤⠀⠀⠀⠀⠀⠀⠀⠀⠀⠀⠀⠀⠀⠀⠀⠀⎥
⎢⠀⠀⠀⠀⠀⠀⠀⠀⠀⠀⠀⠀⠀⠀⠀⠀⠀⠀⠀⠀⠀⠀⠀⠀⠛⣤⠀⠀⠀⠀⠀⠀⠀⠀⠀⠀⠀⠀⠀⠀⎥
⎢⠀⠀⠀⠀⠀⠀⠀⠀⠀⠀⠀⠀⠀⠀⠀⠀⠀⠀⠀⠀⠀⠀⠀⠀⠀⠀⠛⣤⠀⠀⠀⠀⠀⠀⠀⠀⠀⠀⠀⠀⎥
⎢⠀⠀⠀⠀⠀⠀⠀⠀⠀⠀⠀⠀⠀⠀⠀⠀⠀⠀⠀⠀⠀⠀⠀⠀⠀⠀⠀⠀⠛⣤⠀⠀⠀⠀⠀⠀⠀⠀⠀⠀⎥
⎢⠀⠀⠀⠀⠀⠀⠀⠀⠀⠀⠀⠀⠀⠀⠀⠀⠀⠀⠀⠀⠀⠀⠀⠀⠀⠀⠀⠀⠀⠀⠛⣤⠀⠀⠀⠀⠀⠀⠀⠀⎥
⎢⠀⠀⠀⠀⠀⠀⠀⠀⠀⠀⠀⠀⠀⠀⠀⠀⠀⠀⠀⠀⠀⠀⠀⠀⠀⠀⠀⠀⠀⠀⠀⠀⠛⣤⠀⠀⠀⠀⠀⠀⎥
⎢⠀⠀⠀⠀⠀⠀⠀⠀⠀⠀⠀⠀⠀⠀⠀⠀⠀⠀⠀⠀⠀⠀⠀⠀⠀⠀⠀⠀⠀⠀⠀⠀⠀⠀⠛⣤⠀⠀⠀⠀⎥
⎢⠀⠀⠀⠀⠀⠀⠀⠀⠀⠀⠀⠀⠀⠀⠀⠀⠀⠀⠀⠀⠀⠀⠀⠀⠀⠀⠀⠀⠀⠀⠀⠀⠀⠀⠀⠀⠛⣤⠀⠀⎥
⎣⠀⠀⠀⠀⠀⠀⠀⠀⠀⠀⠀⠀⠀⠀⠀⠀⠀⠀⠀⠀⠀⠀⠀⠀⠀⠀⠀⠀⠀⠀⠀⠀⠀⠀⠀⠀⠀⠀⠛⣤⎦

160×160 SparseArrays.SparseMatrixCSC{Float64, Int64} with 240 stored entries:
⎡⢄⠑⢄⠀⠀⠀⠀⠀⠀⠀⠀⠀⠀⠀⠀⠀⠀⠀⠀⠀⠀⠀⠀⠀⠀⠀⠀⠀⠀⠀⠀⠀⠀⠀⠀⠀⠀⠀⠀⠀⎤
⎢⠀⠑⢄⠑⠀⠀⠀⠀⠀⠀⠀⠀⠀⠀⠀⠀⠀⠀⠀⠀⠀⠀⠀⠀⠀⠀⠀⠀⠀⠀⠀⠀⠀⠀⠀⠀⠀⠀⠀⠀⎥
⎢⠀⠀⠀⠀⢄⠑⢄⠀⠀⠀⠀⠀⠀⠀⠀⠀⠀⠀⠀⠀⠀⠀⠀⠀⠀⠀⠀⠀⠀⠀⠀⠀⠀⠀⠀⠀⠀⠀⠀⠀⎥
⎢⠀⠀⠀⠀⠀⠑⢄⠑⠀⠀⠀⠀⠀⠀⠀⠀⠀⠀⠀⠀⠀⠀⠀⠀⠀⠀⠀⠀⠀⠀⠀⠀⠀⠀⠀⠀⠀⠀⠀⠀⎥
⎢⠀⠀⠀⠀⠀⠀⠀⠀⢄⠑⢄⠀⠀⠀⠀⠀⠀⠀⠀⠀⠀⠀⠀⠀⠀⠀⠀⠀⠀⠀⠀⠀⠀⠀⠀⠀⠀⠀⠀⠀⎥
⎢⠀⠀⠀⠀⠀⠀⠀⠀⠀⠑⢄⠑⠀⠀⠀⠀⠀⠀⠀⠀⠀⠀⠀⠀⠀⠀⠀⠀⠀⠀⠀⠀⠀⠀⠀⠀⠀⠀⠀⠀⎥
⎢⠀⠀⠀⠀⠀⠀⠀⠀⠀⠀⠀⠀⢄⠑⢄⠀⠀⠀⠀⠀⠀⠀⠀⠀⠀⠀⠀⠀⠀⠀⠀⠀⠀⠀⠀⠀⠀⠀⠀⠀⎥
⎢⠀⠀⠀⠀⠀⠀⠀⠀⠀⠀⠀⠀⠀⠑⢄⠑⠀⠀⠀⠀⠀⠀⠀⠀⠀⠀⠀⠀⠀⠀⠀⠀⠀⠀⠀⠀⠀⠀⠀⠀⎥
⎢⠀⠀⠀⠀⠀⠀⠀⠀⠀⠀⠀⠀⠀⠀⠀⠀⢄⠑⢄⠀⠀⠀⠀⠀⠀⠀⠀⠀⠀⠀⠀⠀⠀⠀⠀⠀⠀⠀⠀⠀⎥
⎢⠀⠀⠀⠀⠀⠀⠀⠀⠀⠀⠀⠀⠀⠀⠀⠀⠀⠑⢄⠑⠀⠀⠀⠀⠀⠀⠀⠀⠀⠀⠀⠀⠀⠀⠀⠀⠀⠀⠀⠀⎥
⎢⠀⠀⠀⠀⠀⠀⠀⠀⠀⠀⠀⠀⠀⠀⠀⠀⠀⠀⠀⠀⢄⠑⢄⠀⠀⠀⠀⠀⠀⠀⠀⠀⠀⠀⠀⠀⠀⠀⠀⠀⎥
⎢⠀⠀⠀⠀⠀⠀⠀⠀⠀⠀⠀⠀⠀⠀⠀⠀⠀⠀⠀⠀⠀⠑⢄⠑⠀⠀⠀⠀⠀⠀⠀⠀⠀⠀⠀⠀⠀⠀⠀⠀⎥
⎢⠀⠀⠀⠀⠀⠀⠀⠀⠀⠀⠀⠀⠀⠀⠀⠀⠀⠀⠀⠀⠀⠀⠀⠀⢄⠑⢄⠀⠀⠀⠀⠀⠀⠀⠀⠀⠀⠀⠀⠀⎥
⎢⠀⠀⠀⠀⠀⠀⠀⠀⠀⠀⠀⠀⠀⠀⠀⠀⠀⠀⠀⠀⠀⠀⠀⠀⠀⠑⢄⠑⠀⠀⠀⠀⠀⠀⠀⠀⠀⠀⠀⠀⎥
⎢⠀⠀⠀⠀⠀⠀⠀⠀⠀⠀⠀⠀⠀⠀⠀⠀⠀⠀⠀⠀⠀⠀⠀⠀⠀⠀⠀⠀⢄⠑⢄⠀⠀⠀⠀⠀⠀⠀⠀⠀⎥
⎢⠀⠀⠀⠀⠀⠀⠀⠀⠀⠀⠀⠀⠀⠀⠀⠀⠀⠀⠀⠀⠀⠀⠀⠀⠀⠀⠀⠀⠀⠑⢄⠑⠀⠀⠀⠀⠀⠀⠀⠀⎥
⎢⠀⠀⠀⠀⠀⠀⠀⠀⠀⠀⠀⠀⠀⠀⠀⠀⠀⠀⠀⠀⠀⠀⠀⠀⠀⠀⠀⠀⠀⠀⠀⠀⢄⠑⢄⠀⠀⠀⠀⠀⎥
⎢⠀⠀⠀⠀⠀⠀⠀⠀⠀⠀⠀⠀⠀⠀⠀⠀⠀⠀⠀⠀⠀⠀⠀⠀⠀⠀⠀⠀⠀⠀⠀⠀⠀⠑⢄⠑⠀⠀⠀⠀⎥
⎢⠀⠀⠀⠀⠀⠀⠀⠀⠀⠀⠀⠀⠀⠀⠀⠀⠀⠀⠀⠀⠀⠀⠀⠀⠀⠀⠀⠀⠀⠀⠀⠀⠀⠀⠀⠀⢄⠑⢄⠀⎥
⎣⠀⠀⠀⠀⠀⠀⠀⠀⠀⠀⠀⠀⠀⠀⠀⠀⠀⠀⠀⠀⠀⠀⠀⠀⠀⠀⠀⠀⠀⠀⠀⠀⠀⠀⠀⠀⠀⠑⢄⠑⎦

160×160 SparseArrays.SparseMatrixCSC{Float64, Int64} with 288 stored entries:
⎡⠀⠀⠀⠀⠑⢄⠀⠀⠀⠀⠀⠀⠀⠀⠀⠀⠀⠀⠀⠀⠀⠀⠀⠀⠀⠀⠀⠀⠀⠀⠀⠀⠀⠀⠀⠀⠀⠀⠀⠀⎤
⎢⠀⠀⠀⠀⠀⠀⠑⢄⠀⠀⠀⠀⠀⠀⠀⠀⠀⠀⠀⠀⠀⠀⠀⠀⠀⠀⠀⠀⠀⠀⠀⠀⠀⠀⠀⠀⠀⠀⠀⠀⎥
⎢⠑⢄⠀⠀⠀⠀⠀⠀⠑⢄⠀⠀⠀⠀⠀⠀⠀⠀⠀⠀⠀⠀⠀⠀⠀⠀⠀⠀⠀⠀⠀⠀⠀⠀⠀⠀⠀⠀⠀⠀⎥
⎢⠀⠀⠑⢄⠀⠀⠀⠀⠀⠀⠑⢄⠀⠀⠀⠀⠀⠀⠀⠀⠀⠀⠀⠀⠀⠀⠀⠀⠀⠀⠀⠀⠀⠀⠀⠀⠀⠀⠀⠀⎥
⎢⠀⠀⠀⠀⠑⢄⠀⠀⠀⠀⠀⠀⠑⢄⠀⠀⠀⠀⠀⠀⠀⠀⠀⠀⠀⠀⠀⠀⠀⠀⠀⠀⠀⠀⠀⠀⠀⠀⠀⠀⎥
⎢⠀⠀⠀⠀⠀⠀⠑⢄⠀⠀⠀⠀⠀⠀⠑⢄⠀⠀⠀⠀⠀⠀⠀⠀⠀⠀⠀⠀⠀⠀⠀⠀⠀⠀⠀⠀⠀⠀⠀⠀⎥
⎢⠀⠀⠀⠀⠀⠀⠀⠀⠑⢄⠀⠀⠀⠀⠀⠀⠑⢄⠀⠀⠀⠀⠀⠀⠀⠀⠀⠀⠀⠀⠀⠀⠀⠀⠀⠀⠀⠀⠀⠀⎥
⎢⠀⠀⠀⠀⠀⠀⠀⠀⠀⠀⠑⢄⠀⠀⠀⠀⠀⠀⠑⢄⠀⠀⠀⠀⠀⠀⠀⠀⠀⠀⠀⠀⠀⠀⠀⠀⠀⠀⠀⠀⎥
⎢⠀⠀⠀⠀⠀⠀⠀⠀⠀⠀⠀⠀⠑⢄⠀⠀⠀⠀⠀⠀⠑⢄⠀⠀⠀⠀⠀⠀⠀⠀⠀⠀⠀⠀⠀⠀⠀⠀⠀⠀⎥
⎢⠀⠀⠀⠀⠀⠀⠀⠀⠀⠀⠀⠀⠀⠀⠑⢄⠀⠀⠀⠀⠀⠀⠑⢄⠀⠀⠀⠀⠀⠀⠀⠀⠀⠀⠀⠀⠀⠀⠀⠀⎥
⎢⠀⠀⠀⠀⠀⠀⠀⠀⠀⠀⠀⠀⠀⠀⠀⠀⠑⢄⠀⠀⠀⠀⠀⠀⠑⢄⠀⠀⠀⠀⠀⠀⠀⠀⠀⠀⠀⠀⠀⠀⎥
⎢⠀⠀⠀⠀⠀⠀⠀⠀⠀⠀⠀⠀⠀⠀⠀⠀⠀⠀⠑⢄⠀⠀⠀⠀⠀⠀⠑⢄⠀⠀⠀⠀⠀⠀⠀⠀⠀⠀⠀⠀⎥
⎢⠀⠀⠀⠀⠀⠀⠀⠀⠀⠀⠀⠀⠀⠀⠀⠀⠀⠀⠀⠀⠑⢄⠀⠀⠀⠀⠀⠀⠑⢄⠀⠀⠀⠀⠀⠀⠀⠀⠀⠀⎥
⎢⠀⠀⠀⠀⠀⠀⠀⠀⠀⠀⠀⠀⠀⠀⠀⠀⠀⠀⠀⠀⠀⠀⠑⢄⠀⠀⠀⠀⠀⠀⠑⢄⠀⠀⠀⠀⠀⠀⠀⠀⎥
⎢⠀⠀⠀⠀⠀⠀⠀⠀⠀⠀⠀⠀⠀⠀⠀⠀⠀⠀⠀⠀⠀⠀⠀⠀⠑⢄⠀⠀⠀⠀⠀⠀⠑⢄⠀⠀⠀⠀⠀⠀⎥
⎢⠀⠀⠀⠀⠀⠀⠀⠀⠀⠀⠀⠀⠀⠀⠀⠀⠀⠀⠀⠀⠀⠀⠀⠀⠀⠀⠑⢄⠀⠀⠀⠀⠀⠀⠑⢄⠀⠀⠀⠀⎥
⎢⠀⠀⠀⠀⠀⠀⠀⠀⠀⠀⠀⠀⠀⠀⠀⠀⠀⠀⠀⠀⠀⠀⠀⠀⠀⠀⠀⠀⠑⢄⠀⠀⠀⠀⠀⠀⠑⢄⠀⠀⎥
⎢⠀⠀⠀⠀⠀⠀⠀⠀⠀⠀⠀⠀⠀⠀⠀⠀⠀⠀⠀⠀⠀⠀⠀⠀⠀⠀⠀⠀⠀⠀⠑⢄⠀⠀⠀⠀⠀⠀⠑⢄⎥
⎢⠀⠀⠀⠀⠀⠀⠀⠀⠀⠀⠀⠀⠀⠀⠀⠀⠀⠀⠀⠀⠀⠀⠀⠀⠀⠀⠀⠀⠀⠀⠀⠀⠑⢄⠀⠀⠀⠀⠀⠀⎥
⎣⠀⠀⠀⠀⠀⠀⠀⠀⠀⠀⠀⠀⠀⠀⠀⠀⠀⠀⠀⠀⠀⠀⠀⠀⠀⠀⠀⠀⠀⠀⠀⠀⠀⠀⠑⢄⠀⠀⠀⠀⎦



Guard supspace projector:
320×320 SparseArrays.SparseMatrixCSC{Float64, Int64} with 312 stored entries:
⎡⠑⢄⠀⠀⠀⠀⠀⠀⠀⠀⠀⠀⠀⠀⠀⠀⠀⠀⠀⠀⠀⠀⠀⠀⠀⠀⠀⠀⠀⠀⠀⠀⠀⠀⠀⠀⠀⠀⠀⠀⎤
⎢⠀⠀⠑⢄⠀⠀⠀⠀⠀⠀⠀⠀⠀⠀⠀⠀⠀⠀⠀⠀⠀⠀⠀⠀⠀⠀⠀⠀⠀⠀⠀⠀⠀⠀⠀⠀⠀⠀⠀⠀⎥
⎢⠀⠀⠀⠀⠑⢄⠀⠀⠀⠀⠀⠀⠀⠀⠀⠀⠀⠀⠀⠀⠀⠀⠀⠀⠀⠀⠀⠀⠀⠀⠀⠀⠀⠀⠀⠀⠀⠀⠀⠀⎥
⎢⠀⠀⠀⠀⠀⠀⠑⢄⠀⠀⠀⠀⠀⠀⠀⠀⠀⠀⠀⠀⠀⠀⠀⠀⠀⠀⠀⠀⠀⠀⠀⠀⠀⠀⠀⠀⠀⠀⠀⠀⎥
⎢⠀⠀⠀⠀⠀⠀⠀⠀⠑⢄⠀⠀⠀⠀⠀⠀⠀⠀⠀⠀⠀⠀⠀⠀⠀⠀⠀⠀⠀⠀⠀⠀⠀⠀⠀⠀⠀⠀⠀⠀⎥
⎢⠀⠀⠀⠀⠀⠀⠀⠀⠀⠀⠑⢄⠀⠀⠀⠀⠀⠀⠀⠀⠀⠀⠀⠀⠀⠀⠀⠀⠀⠀⠀⠀⠀⠀⠀⠀⠀⠀⠀⠀⎥
⎢⠀⠀⠀⠀⠀⠀⠀⠀⠀⠀⠀⠀⠑⢄⠀⠀⠀⠀⠀⠀⠀⠀⠀⠀⠀⠀⠀⠀⠀⠀⠀⠀⠀⠀⠀⠀⠀⠀⠀⠀⎥
⎢⠀⠀⠀⠀⠀⠀⠀⠀⠀⠀⠀⠀⠀⠀⠑⢄⠀⠀⠀⠀⠀⠀⠀⠀⠀⠀⠀⠀⠀⠀⠀⠀⠀⠀⠀⠀⠀⠀⠀⠀⎥
⎢⠀⠀⠀⠀⠀⠀⠀⠀⠀⠀⠀⠀⠀⠀⠀⠀⠑⢄⠀⠀⠀⠀⠀⠀⠀⠀⠀⠀⠀⠀⠀⠀⠀⠀⠀⠀⠀⠀⠀⠀⎥
⎢⠀⠀⠀⠀⠀⠀⠀⠀⠀⠀⠀⠀⠀⠀⠀⠀⠀⠀⠑⢄⠀⠀⠀⠀⠀⠀⠀⠀⠀⠀⠀⠀⠀⠀⠀⠀⠀⠀⠀⠀⎥
⎢⠀⠀⠀⠀⠀⠀⠀⠀⠀⠀⠀⠀⠀⠀⠀⠀⠀⠀⠀⠀⠑⢄⠀⠀⠀⠀⠀⠀⠀⠀⠀⠀⠀⠀⠀⠀⠀⠀⠀⠀⎥
⎢⠀⠀⠀⠀⠀⠀⠀⠀⠀⠀⠀⠀⠀⠀⠀⠀⠀⠀⠀⠀⠀⠀⠑⢄⠀⠀⠀⠀⠀⠀⠀⠀⠀⠀⠀⠀⠀⠀⠀⠀⎥
⎢⠀⠀⠀⠀⠀⠀⠀⠀⠀⠀⠀⠀⠀⠀⠀⠀⠀⠀⠀⠀⠀⠀⠀⠀⠑⢄⠀⠀⠀⠀⠀⠀⠀⠀⠀⠀⠀⠀⠀⠀⎥
⎢⠀⠀⠀⠀⠀⠀⠀⠀⠀⠀⠀⠀⠀⠀⠀⠀⠀⠀⠀⠀⠀⠀⠀⠀⠀⠀⠑⢄⠀⠀⠀⠀⠀⠀⠀⠀⠀⠀⠀⠀⎥
⎢⠀⠀⠀⠀⠀⠀⠀⠀⠀⠀⠀⠀⠀⠀⠀⠀⠀⠀⠀⠀⠀⠀⠀⠀⠀⠀⠀⠀⠑⢄⠀⠀⠀⠀⠀⠀⠀⠀⠀⠀⎥
⎢⠀⠀⠀⠀⠀⠀⠀⠀⠀⠀⠀⠀⠀⠀⠀⠀⠀⠀⠀⠀⠀⠀⠀⠀⠀⠀⠀⠀⠀⠀⠑⢄⠀⠀⠀⠀⠀⠀⠀⠀⎥
⎢⠀⠀⠀⠀⠀⠀⠀⠀⠀⠀⠀⠀⠀⠀⠀⠀⠀⠀⠀⠀⠀⠀⠀⠀⠀⠀⠀⠀⠀⠀⠀⠀⠑⢄⠀⠀⠀⠀⠀⠀⎥
⎢⠀⠀⠀⠀⠀⠀⠀⠀⠀⠀⠀⠀⠀⠀⠀⠀⠀⠀⠀⠀⠀⠀⠀⠀⠀⠀⠀⠀⠀⠀⠀⠀⠀⠀⠑⢄⠀⠀⠀⠀⎥
⎢⠀⠀⠀⠀⠀⠀⠀⠀⠀⠀⠀⠀⠀⠀⠀⠀⠀⠀⠀⠀⠀⠀⠀⠀⠀⠀⠀⠀⠀⠀⠀⠀⠀⠀⠀⠀⠑⢄⠀⠀⎥
⎣⠀⠀⠀⠀⠀⠀⠀⠀⠀⠀⠀⠀⠀⠀⠀⠀⠀⠀⠀⠀⠀⠀⠀⠀⠀⠀⠀⠀⠀⠀⠀⠀⠀⠀⠀⠀⠀⠀⠑⢄⎦

Real part of initial state(s):
160×4 Matrix{Float64}:
 1.0  0.0  0.0  0.0
 0.0  1.0  0.0  0.0
 0.0  0.0  0.0  0.0
 0.0  0.0  0.0  0.0
 0.0  0.0  1.0  0.0
 0.0  0.0  0.0  1.0
 0.0  0.0  0.0  0.0
 0.0  0.0  0.0  0.0
 0.0  0.0  0.0  0.0
 0.0  0.0  0.0  0.0
 0.0  0.0  0.0  0.0
 0.0  0.0  0.0  0.0
 0.0  0.0  0.0  0.0
 0.0  0.0  0.0  0.0
 0.0  0.0  0.0  0.0
 0.0  0.0  0.0  0.0
 0.0  0.0  0.0  0.0
 0.0  0.0  0.0  0.0
 0.0  0.0  0.0  0.0
 0.0  0.0  0.0  0.0
 0.0  0.0  0.0  0.0
 0.0  0.0  0.0  0.0
 0.0  0.0  0.0  0.0
 0.0  0.0  0.0  0.0
 0.0  0.0  0.0  0.0
 0.0  0.0  0.0  0.0
 0.0  0.0  0.0  0.0
 0.0  0.0  0.0  0.0
 0.0  0.0  0.0  0.0
 0.0  0.0  0.0  0.0
 0.0  0.0  0.0  0.0
 0.0  0.0  0.0  0.0
 0.0  0.0  0.0  0.0
 0.0  0.0  0.0  0.0
 0.0  0.0  0.0  0.0
 0.0  0.0  0.0  0.0
 0.0  0.0  0.0  0.0
 0.0  0.0  0.0  0.0
 0.0  0.0  0.0  0.0
 0.0  0.0  0.0  0.0
 0.0  0.0  0.0  0.0
 0.0  0.0  0.0  0.0
 0.0  0.0  0.0  0.0
 0.0  0.0  0.0  0.0
 0.0  0.0  0.0  0.0
 0.0  0.0  0.0  0.0
 0.0  0.0  0.0  0.0
 0.0  0.0  0.0  0.0
 0.0  0.0  0.0  0.0
 0.0  0.0  0.0  0.0
 0.0  0.0  0.0  0.0
 0.0  0.0  0.0  0.0
 0.0  0.0  0.0  0.0
 0.0  0.0  0.0  0.0
 0.0  0.0  0.0  0.0
 0.0  0.0  0.0  0.0
 0.0  0.0  0.0  0.0
 0.0  0.0  0.0  0.0
 0.0  0.0  0.0  0.0
 0.0  0.0  0.0  0.0
 0.0  0.0  0.0  0.0
 0.0  0.0  0.0  0.0
 0.0  0.0  0.0  0.0
 0.0  0.0  0.0  0.0
 0.0  0.0  0.0  0.0
 0.0  0.0  0.0  0.0
 0.0  0.0  0.0  0.0
 0.0  0.0  0.0  0.0
 0.0  0.0  0.0  0.0
 0.0  0.0  0.0  0.0
 0.0  0.0  0.0  0.0
 0.0  0.0  0.0  0.0
 0.0  0.0  0.0  0.0
 0.0  0.0  0.0  0.0
 0.0  0.0  0.0  0.0
 0.0  0.0  0.0  0.0
 0.0  0.0  0.0  0.0
 0.0  0.0  0.0  0.0
 0.0  0.0  0.0  0.0
 0.0  0.0  0.0  0.0
 0.0  0.0  0.0  0.0
 0.0  0.0  0.0  0.0
 0.0  0.0  0.0  0.0
 0.0  0.0  0.0  0.0
 0.0  0.0  0.0  0.0
 0.0  0.0  0.0  0.0
 0.0  0.0  0.0  0.0
 0.0  0.0  0.0  0.0
 0.0  0.0  0.0  0.0
 0.0  0.0  0.0  0.0
 0.0  0.0  0.0  0.0
 0.0  0.0  0.0  0.0
 0.0  0.0  0.0  0.0
 0.0  0.0  0.0  0.0
 0.0  0.0  0.0  0.0
 0.0  0.0  0.0  0.0
 0.0  0.0  0.0  0.0
 0.0  0.0  0.0  0.0
 0.0  0.0  0.0  0.0
 0.0  0.0  0.0  0.0
 0.0  0.0  0.0  0.0
 0.0  0.0  0.0  0.0
 0.0  0.0  0.0  0.0
 0.0  0.0  0.0  0.0
 0.0  0.0  0.0  0.0
 0.0  0.0  0.0  0.0
 0.0  0.0  0.0  0.0
 0.0  0.0  0.0  0.0
 0.0  0.0  0.0  0.0
 0.0  0.0  0.0  0.0
 0.0  0.0  0.0  0.0
 0.0  0.0  0.0  0.0
 0.0  0.0  0.0  0.0
 0.0  0.0  0.0  0.0
 0.0  0.0  0.0  0.0
 0.0  0.0  0.0  0.0
 0.0  0.0  0.0  0.0
 0.0  0.0  0.0  0.0
 0.0  0.0  0.0  0.0
 0.0  0.0  0.0  0.0
 0.0  0.0  0.0  0.0
 0.0  0.0  0.0  0.0
 0.0  0.0  0.0  0.0
 0.0  0.0  0.0  0.0
 0.0  0.0  0.0  0.0
 0.0  0.0  0.0  0.0
 0.0  0.0  0.0  0.0
 0.0  0.0  0.0  0.0
 0.0  0.0  0.0  0.0
 0.0  0.0  0.0  0.0
 0.0  0.0  0.0  0.0
 0.0  0.0  0.0  0.0
 0.0  0.0  0.0  0.0
 0.0  0.0  0.0  0.0
 0.0  0.0  0.0  0.0
 0.0  0.0  0.0  0.0
 0.0  0.0  0.0  0.0
 0.0  0.0  0.0  0.0
 0.0  0.0  0.0  0.0
 0.0  0.0  0.0  0.0
 0.0  0.0  0.0  0.0
 0.0  0.0  0.0  0.0
 0.0  0.0  0.0  0.0
 0.0  0.0  0.0  0.0
 0.0  0.0  0.0  0.0
 0.0  0.0  0.0  0.0
 0.0  0.0  0.0  0.0
 0.0  0.0  0.0  0.0
 0.0  0.0  0.0  0.0
 0.0  0.0  0.0  0.0
 0.0  0.0  0.0  0.0
 0.0  0.0  0.0  0.0
 0.0  0.0  0.0  0.0
 0.0  0.0  0.0  0.0
 0.0  0.0  0.0  0.0
 0.0  0.0  0.0  0.0
 0.0  0.0  0.0  0.0
 0.0  0.0  0.0  0.0
 0.0  0.0  0.0  0.0
 0.0  0.0  0.0  0.0

Imaginary part of initial state(s):
160×4 Matrix{Float64}:
 0.0  0.0  0.0  0.0
 0.0  0.0  0.0  0.0
 0.0  0.0  0.0  0.0
 0.0  0.0  0.0  0.0
 0.0  0.0  0.0  0.0
 0.0  0.0  0.0  0.0
 0.0  0.0  0.0  0.0
 0.0  0.0  0.0  0.0
 0.0  0.0  0.0  0.0
 0.0  0.0  0.0  0.0
 0.0  0.0  0.0  0.0
 0.0  0.0  0.0  0.0
 0.0  0.0  0.0  0.0
 0.0  0.0  0.0  0.0
 0.0  0.0  0.0  0.0
 0.0  0.0  0.0  0.0
 0.0  0.0  0.0  0.0
 0.0  0.0  0.0  0.0
 0.0  0.0  0.0  0.0
 0.0  0.0  0.0  0.0
 0.0  0.0  0.0  0.0
 0.0  0.0  0.0  0.0
 0.0  0.0  0.0  0.0
 0.0  0.0  0.0  0.0
 0.0  0.0  0.0  0.0
 0.0  0.0  0.0  0.0
 0.0  0.0  0.0  0.0
 0.0  0.0  0.0  0.0
 0.0  0.0  0.0  0.0
 0.0  0.0  0.0  0.0
 0.0  0.0  0.0  0.0
 0.0  0.0  0.0  0.0
 0.0  0.0  0.0  0.0
 0.0  0.0  0.0  0.0
 0.0  0.0  0.0  0.0
 0.0  0.0  0.0  0.0
 0.0  0.0  0.0  0.0
 0.0  0.0  0.0  0.0
 0.0  0.0  0.0  0.0
 0.0  0.0  0.0  0.0
 0.0  0.0  0.0  0.0
 0.0  0.0  0.0  0.0
 0.0  0.0  0.0  0.0
 0.0  0.0  0.0  0.0
 0.0  0.0  0.0  0.0
 0.0  0.0  0.0  0.0
 0.0  0.0  0.0  0.0
 0.0  0.0  0.0  0.0
 0.0  0.0  0.0  0.0
 0.0  0.0  0.0  0.0
 0.0  0.0  0.0  0.0
 0.0  0.0  0.0  0.0
 0.0  0.0  0.0  0.0
 0.0  0.0  0.0  0.0
 0.0  0.0  0.0  0.0
 0.0  0.0  0.0  0.0
 0.0  0.0  0.0  0.0
 0.0  0.0  0.0  0.0
 0.0  0.0  0.0  0.0
 0.0  0.0  0.0  0.0
 0.0  0.0  0.0  0.0
 0.0  0.0  0.0  0.0
 0.0  0.0  0.0  0.0
 0.0  0.0  0.0  0.0
 0.0  0.0  0.0  0.0
 0.0  0.0  0.0  0.0
 0.0  0.0  0.0  0.0
 0.0  0.0  0.0  0.0
 0.0  0.0  0.0  0.0
 0.0  0.0  0.0  0.0
 0.0  0.0  0.0  0.0
 0.0  0.0  0.0  0.0
 0.0  0.0  0.0  0.0
 0.0  0.0  0.0  0.0
 0.0  0.0  0.0  0.0
 0.0  0.0  0.0  0.0
 0.0  0.0  0.0  0.0
 0.0  0.0  0.0  0.0
 0.0  0.0  0.0  0.0
 0.0  0.0  0.0  0.0
 0.0  0.0  0.0  0.0
 0.0  0.0  0.0  0.0
 0.0  0.0  0.0  0.0
 0.0  0.0  0.0  0.0
 0.0  0.0  0.0  0.0
 0.0  0.0  0.0  0.0
 0.0  0.0  0.0  0.0
 0.0  0.0  0.0  0.0
 0.0  0.0  0.0  0.0
 0.0  0.0  0.0  0.0
 0.0  0.0  0.0  0.0
 0.0  0.0  0.0  0.0
 0.0  0.0  0.0  0.0
 0.0  0.0  0.0  0.0
 0.0  0.0  0.0  0.0
 0.0  0.0  0.0  0.0
 0.0  0.0  0.0  0.0
 0.0  0.0  0.0  0.0
 0.0  0.0  0.0  0.0
 0.0  0.0  0.0  0.0
 0.0  0.0  0.0  0.0
 0.0  0.0  0.0  0.0
 0.0  0.0  0.0  0.0
 0.0  0.0  0.0  0.0
 0.0  0.0  0.0  0.0
 0.0  0.0  0.0  0.0
 0.0  0.0  0.0  0.0
 0.0  0.0  0.0  0.0
 0.0  0.0  0.0  0.0
 0.0  0.0  0.0  0.0
 0.0  0.0  0.0  0.0
 0.0  0.0  0.0  0.0
 0.0  0.0  0.0  0.0
 0.0  0.0  0.0  0.0
 0.0  0.0  0.0  0.0
 0.0  0.0  0.0  0.0
 0.0  0.0  0.0  0.0
 0.0  0.0  0.0  0.0
 0.0  0.0  0.0  0.0
 0.0  0.0  0.0  0.0
 0.0  0.0  0.0  0.0
 0.0  0.0  0.0  0.0
 0.0  0.0  0.0  0.0
 0.0  0.0  0.0  0.0
 0.0  0.0  0.0  0.0
 0.0  0.0  0.0  0.0
 0.0  0.0  0.0  0.0
 0.0  0.0  0.0  0.0
 0.0  0.0  0.0  0.0
 0.0  0.0  0.0  0.0
 0.0  0.0  0.0  0.0
 0.0  0.0  0.0  0.0
 0.0  0.0  0.0  0.0
 0.0  0.0  0.0  0.0
 0.0  0.0  0.0  0.0
 0.0  0.0  0.0  0.0
 0.0  0.0  0.0  0.0
 0.0  0.0  0.0  0.0
 0.0  0.0  0.0  0.0
 0.0  0.0  0.0  0.0
 0.0  0.0  0.0  0.0
 0.0  0.0  0.0  0.0
 0.0  0.0  0.0  0.0
 0.0  0.0  0.0  0.0
 0.0  0.0  0.0  0.0
 0.0  0.0  0.0  0.0
 0.0  0.0  0.0  0.0
 0.0  0.0  0.0  0.0
 0.0  0.0  0.0  0.0
 0.0  0.0  0.0  0.0
 0.0  0.0  0.0  0.0
 0.0  0.0  0.0  0.0
 0.0  0.0  0.0  0.0
 0.0  0.0  0.0  0.0
 0.0  0.0  0.0  0.0
 0.0  0.0  0.0  0.0
 0.0  0.0  0.0  0.0
 0.0  0.0  0.0  0.0
 0.0  0.0  0.0  0.0
 0.0  0.0  0.0  0.0

Final time: 550.0
Number of timesteps: 34356
Number of initial condtions: 4
Number of essential levels: 4
Total number of levels: 160
Number of control Hamiltonians: 3
Size of real-valued system: 320
GMRES abstol: 1.0e-15
GMRES reltol: 1.0e-15
Preconditioner type: DiagonalHamiltonianPreconditioner


******************************************************************************
This program contains Ipopt, a library for large-scale nonlinear optimization.
 Ipopt is released as open source code under the Eclipse Public License (EPL).
         For more information visit https://github.com/coin-or/Ipopt
******************************************************************************

This is Ipopt version 3.14.19, running with linear solver MUMPS 5.8.1.

Number of nonzeros in equality constraint Jacobian...:        0
Number of nonzeros in inequality constraint Jacobian.:        0
Number of nonzeros in Lagrangian Hessian.............:        0

Total number of variables............................:      288
                     variables with only lower bounds:        0
                variables with lower and upper bounds:      288
                     variables with only upper bounds:        0
Total number of equality constraints.................:        0
Total number of inequality constraints...............:        0
        inequality constraints with only lower bounds:        0
   inequality constraints with lower and upper bounds:        0
        inequality constraints with only upper bounds:        0

iter    objective    inf_pr   inf_du lg(mu)  ||d||  lg(rg) alpha_du alpha_pr  ls
   0  9.4950729e-01 0.00e+00 3.83e+00   0.0 0.00e+00    -  0.00e+00 0.00e+00   0
   1  8.3740738e-01 0.00e+00 8.94e+00  -0.9 9.87e-02    -  1.00e+00 1.65e-02f  6
   2  6.8779610e-01 0.00e+00 7.20e+00  -2.4 9.79e-04    -  1.00e+00 1.00e+00f  1
   3  6.1604056e-01 0.00e+00 6.10e+00  -3.5 5.25e-03    -  1.00e+00 2.50e-01f  3
   4  5.5403111e-01 0.00e+00 3.99e+00  -4.8 7.12e-04    -  1.00e+00 1.00e+00f  1
   5  5.3089320e-01 0.00e+00 2.74e+00  -6.3 1.20e-03    -  1.00e+00 5.00e-01f  2
   6  5.1768881e-01 0.00e+00 2.27e+00  -7.8 8.60e-04    -  1.00e+00 5.00e-01f  2
   7  5.0689738e-01 0.00e+00 1.48e+00  -9.5 2.63e-04    -  1.00e+00 1.00e+00f  1
   8  4.9651563e-01 0.00e+00 1.63e+00 -11.0 3.63e-04    -  1.00e+00 1.00e+00f  1
   9  4.7511237e-01 0.00e+00 4.14e+00 -11.0 3.19e-03    -  1.00e+00 5.00e-01f  2
iter    objective    inf_pr   inf_du lg(mu)  ||d||  lg(rg) alpha_du alpha_pr  ls
  10  4.7359646e-01 0.00e+00 7.02e+00 -11.0 5.24e-03    -  1.00e+00 2.50e-01f  3
  11  4.5254997e-01 0.00e+00 7.24e+00 -11.0 2.49e-03    -  1.00e+00 5.00e-01f  2
  12  3.7194654e-01 0.00e+00 8.60e+00 -11.0 2.39e-03    -  1.00e+00 1.00e+00f  1
  13  3.3395086e-01 0.00e+00 8.29e+00 -11.0 6.16e-03    -  1.00e+00 2.50e-01f  3
  14  3.0252508e-01 0.00e+00 9.62e+00 -11.0 4.58e-03    -  1.00e+00 2.50e-01f  3
  15  2.8301326e-01 0.00e+00 1.21e+01 -11.0 1.61e-03    -  1.00e+00 1.00e+00f  1
  16  2.2527177e-01 0.00e+00 6.64e+00 -11.0 6.07e-04    -  1.00e+00 1.00e+00f  1
  17  1.9002694e-01 0.00e+00 4.20e+00 -11.0 6.19e-04    -  1.00e+00 1.00e+00f  1
  18  1.8691877e-01 0.00e+00 6.77e+00 -11.0 9.88e-04    -  1.00e+00 1.00e+00f  1
  19  1.6088208e-01 0.00e+00 6.84e+00 -11.0 1.01e-03    -  1.00e+00 1.00e+00f  1
iter    objective    inf_pr   inf_du lg(mu)  ||d||  lg(rg) alpha_du alpha_pr  ls
  20  1.2679822e-01 0.00e+00 4.93e+00 -11.0 5.47e-04    -  1.00e+00 1.00e+00f  1
  21  1.0552607e-01 0.00e+00 3.88e+00 -11.0 6.67e-04    -  1.00e+00 1.00e+00f  1
  22  9.3530779e-02 0.00e+00 4.15e+00 -11.0 9.65e-04    -  1.00e+00 5.00e-01f  2
  23  7.9987715e-02 0.00e+00 3.75e+00 -11.0 7.84e-04    -  1.00e+00 1.00e+00f  1
  24  7.8229076e-02 0.00e+00 4.99e+00 -11.0 1.49e-03    -  1.00e+00 1.00e+00f  1
  25  7.0841703e-02 0.00e+00 4.63e+00 -11.0 7.13e-04    -  1.00e+00 5.00e-01f  2
  26  6.0427554e-02 0.00e+00 3.38e+00 -11.0 6.18e-04    -  1.00e+00 1.00e+00f  1
  27  5.4633788e-02 0.00e+00 1.09e+00 -11.0 2.51e-04    -  1.00e+00 1.00e+00f  1
  28  5.2988705e-02 0.00e+00 9.35e-01 -11.0 2.39e-04    -  1.00e+00 1.00e+00f  1
  29  4.9691296e-02 0.00e+00 1.54e+00 -11.0 5.32e-04    -  1.00e+00 1.00e+00f  1
iter    objective    inf_pr   inf_du lg(mu)  ||d||  lg(rg) alpha_du alpha_pr  ls
  30  4.9587926e-02 0.00e+00 3.12e+00 -11.0 2.89e-03    -  1.00e+00 5.00e-01f  2
  31  4.5056613e-02 0.00e+00 2.92e+00 -11.0 2.41e-03    -  1.00e+00 5.00e-01f  2
  32  4.0593123e-02 0.00e+00 3.22e+00 -11.0 2.25e-03    -  1.00e+00 5.00e-01f  2
  33  3.4626856e-02 0.00e+00 1.81e+00 -11.0 1.38e-03    -  1.00e+00 2.50e-01f  3
  34  2.9049183e-02 0.00e+00 1.60e+00 -11.0 3.89e-04    -  1.00e+00 1.00e+00f  1
  35  2.6800831e-02 0.00e+00 9.10e-01 -11.0 6.30e-04    -  1.00e+00 1.00e+00f  1
  36  2.5309250e-02 0.00e+00 1.06e+00 -11.0 1.64e-03    -  1.00e+00 5.00e-01f  2
  37  2.5018385e-02 0.00e+00 3.07e+00 -11.0 2.60e-03    -  1.00e+00 5.00e-01f  2
  38  2.3878740e-02 0.00e+00 2.97e+00 -11.0 3.17e-03    -  1.00e+00 2.50e-01f  3
  39  2.0814732e-02 0.00e+00 1.59e+00 -11.0 8.67e-04    -  1.00e+00 5.00e-01f  2
iter    objective    inf_pr   inf_du lg(mu)  ||d||  lg(rg) alpha_du alpha_pr  ls
  40  1.8365186e-02 0.00e+00 7.38e-01 -11.0 6.95e-04    -  1.00e+00 5.00e-01f  2
  41  1.7144538e-02 0.00e+00 7.34e-01 -11.0 3.57e-04    -  1.00e+00 1.00e+00f  1
  42  1.5657648e-02 0.00e+00 9.22e-01 -11.0 1.90e-03    -  1.00e+00 5.00e-01f  2
  43  1.3837000e-02 0.00e+00 1.09e+00 -11.0 6.26e-03    -  1.00e+00 2.50e-01f  3
  44  1.2550923e-02 0.00e+00 2.08e+00 -11.0 1.42e-02    -  1.00e+00 1.25e-01f  4
  45  1.1643052e-02 0.00e+00 1.77e+00 -11.0 9.06e-03    -  1.00e+00 2.50e-01f  3
  46  1.1571083e-02 0.00e+00 2.51e+00 -11.0 8.74e-03    -  1.00e+00 2.50e-01f  3
  47  1.0522400e-02 0.00e+00 1.85e+00 -11.0 1.05e-03    -  1.00e+00 5.00e-01f  2
  48  7.8173974e-03 0.00e+00 1.63e+00 -11.0 8.52e-04    -  1.00e+00 1.00e+00f  1
  49  6.0925711e-03 0.00e+00 6.20e-01 -11.0 5.03e-04    -  1.00e+00 5.00e-01f  2
iter    objective    inf_pr   inf_du lg(mu)  ||d||  lg(rg) alpha_du alpha_pr  ls
  50  5.4233663e-03 0.00e+00 3.03e-01 -11.0 5.70e-04    -  1.00e+00 1.00e+00f  1
  51  5.2705135e-03 0.00e+00 6.21e-01 -11.0 9.91e-04    -  1.00e+00 5.00e-01f  2
  52  4.8493100e-03 0.00e+00 8.41e-01 -11.0 2.23e-03    -  1.00e+00 5.00e-01f  2
  53  4.5127113e-03 0.00e+00 6.89e-01 -11.0 4.13e-03    -  1.00e+00 2.50e-01f  3
  54  3.9947000e-03 0.00e+00 6.38e-01 -11.0 1.63e-03    -  1.00e+00 5.00e-01f  2
  55  3.4855500e-03 0.00e+00 3.55e-01 -11.0 3.43e-04    -  1.00e+00 5.00e-01f  2
  56  3.1694704e-03 0.00e+00 4.46e-01 -11.0 2.14e-04    -  1.00e+00 1.00e+00f  1
  57  3.0362605e-03 0.00e+00 4.17e-01 -11.0 2.46e-04    -  1.00e+00 1.00e+00f  1
  58  2.8303116e-03 0.00e+00 4.53e-01 -11.0 3.12e-04    -  1.00e+00 1.00e+00f  1
  59  2.7491323e-03 0.00e+00 3.59e-01 -11.0 5.12e-04    -  1.00e+00 2.50e-01f  3
iter    objective    inf_pr   inf_du lg(mu)  ||d||  lg(rg) alpha_du alpha_pr  ls
  60  2.5485695e-03 0.00e+00 3.23e-01 -11.0 1.77e-04    -  1.00e+00 1.00e+00f  1
  61  2.3911724e-03 0.00e+00 5.70e-01 -11.0 3.35e-04    -  1.00e+00 1.00e+00f  1
  62  2.2395018e-03 0.00e+00 3.81e-01 -11.0 4.15e-04    -  1.00e+00 5.00e-01f  2
  63  2.1540918e-03 0.00e+00 4.67e-01 -11.0 4.20e-04    -  1.00e+00 5.00e-01f  2
  64  1.9308578e-03 0.00e+00 2.50e-01 -11.0 6.72e-04    -  1.00e+00 5.00e-01f  2
  65  1.8291201e-03 0.00e+00 1.79e-01 -11.0 3.67e-04    -  1.00e+00 2.50e-01f  3
  66  1.7349869e-03 0.00e+00 1.13e-01 -11.0 1.81e-04    -  1.00e+00 1.00e+00f  1
  67  1.6936847e-03 0.00e+00 1.88e-01 -11.0 8.79e-04    -  1.00e+00 1.25e-01f  4
  68  1.6488550e-03 0.00e+00 3.22e-01 -11.0 4.42e-04    -  1.00e+00 5.00e-01f  2
  69  1.6052737e-03 0.00e+00 2.40e-01 -11.0 1.54e-03    -  1.00e+00 1.25e-01f  4
iter    objective    inf_pr   inf_du lg(mu)  ||d||  lg(rg) alpha_du alpha_pr  ls
  70  1.5286013e-03 0.00e+00 2.91e-01 -11.0 2.21e-03    -  1.00e+00 1.25e-01f  4
  71  1.4750898e-03 0.00e+00 2.22e-01 -11.0 2.51e-03    -  1.00e+00 1.25e-01f  4
  72  1.4686090e-03 0.00e+00 3.00e-01 -11.0 8.78e-04    -  1.00e+00 2.50e-01f  3
  73  1.4228423e-03 0.00e+00 3.08e-01 -11.0 6.41e-04    -  1.00e+00 2.50e-01f  3
  74  1.4022507e-03 0.00e+00 1.76e-01 -11.0 3.88e-03    -  1.00e+00 6.25e-02f  5
  75  1.3691008e-03 0.00e+00 2.04e-01 -11.0 5.12e-04    -  1.00e+00 2.50e-01f  3
  76  1.3169789e-03 0.00e+00 1.02e-01 -11.0 4.92e-04    -  1.00e+00 2.50e-01f  3
  77  1.2872579e-03 0.00e+00 9.96e-02 -11.0 1.64e-04    -  1.00e+00 1.00e+00f  1
  78  1.2751121e-03 0.00e+00 1.19e-01 -11.0 1.26e-03    -  1.00e+00 1.25e-01f  4
  79  1.2559229e-03 0.00e+00 1.14e-01 -11.0 8.55e-04    -  1.00e+00 1.25e-01f  4
iter    objective    inf_pr   inf_du lg(mu)  ||d||  lg(rg) alpha_du alpha_pr  ls
  80  1.2437378e-03 0.00e+00 1.49e-01 -11.0 2.10e-03    -  1.00e+00 3.12e-02f  6
  81  1.2213088e-03 0.00e+00 1.23e-01 -11.0 5.24e-04    -  1.00e+00 2.50e-01f  3
  82  1.1911299e-03 0.00e+00 1.56e-01 -11.0 1.03e-03    -  1.00e+00 2.50e-01f  3
  83  1.1716084e-03 0.00e+00 1.61e-01 -11.0 3.93e-03    -  1.00e+00 6.25e-02f  5
  84  1.1606844e-03 0.00e+00 2.02e-01 -11.0 2.73e-03    -  1.00e+00 6.25e-02f  5
  85  1.1513991e-03 0.00e+00 2.69e-01 -11.0 2.31e-03    -  1.00e+00 6.25e-02f  5
  86  1.1405393e-03 0.00e+00 2.47e-01 -11.0 1.38e-03    -  1.00e+00 6.25e-02f  5
  87  1.1060748e-03 0.00e+00 1.80e-01 -11.0 8.41e-04    -  1.00e+00 2.50e-01f  3
  88  5.0921778e-03 0.00e+00 1.31e+00 -11.0 2.62e-03    -  1.00e+00 1.00e+00w  1
  89  5.0425223e-02 0.00e+00 5.60e+00 -11.0 3.02e-03    -  1.00e+00 1.00e+00w  1
iter    objective    inf_pr   inf_du lg(mu)  ||d||  lg(rg) alpha_du alpha_pr  ls
  90  4.5461514e-02 0.00e+00 6.40e+00 -11.0 6.59e-03    -  1.00e+00 1.00e+00w  1
  91  1.0756690e-03 0.00e+00 2.28e-01 -11.0 6.10e-02    -  1.00e+00 1.25e-01f  3
  92  1.0621174e-03 0.00e+00 2.41e-01 -11.0 6.23e-04    -  1.00e+00 2.50e-01f  3
  93  1.0266666e-03 0.00e+00 1.73e-01 -11.0 1.67e-03    -  1.00e+00 1.25e-01f  4
  94  1.0249856e-03 0.00e+00 2.07e-01 -11.0 2.72e-03    -  1.00e+00 6.25e-02f  5
  95  1.0050584e-03 0.00e+00 2.01e-01 -11.0 7.47e-04    -  1.00e+00 2.50e-01f  3
  96  9.7431689e-04 0.00e+00 1.64e-01 -11.0 2.19e-03    -  1.00e+00 6.25e-02f  5
  97  9.6376800e-04 0.00e+00 1.93e-01 -11.0 2.01e-03    -  1.00e+00 3.12e-02f  6
  98  9.3941318e-04 0.00e+00 1.51e-01 -11.0 1.22e-03    -  1.00e+00 2.50e-01f  3
  99  9.3787613e-04 0.00e+00 2.62e-01 -11.0 4.35e-03    -  1.00e+00 6.25e-02f  5
iter    objective    inf_pr   inf_du lg(mu)  ||d||  lg(rg) alpha_du alpha_pr  ls
 100  9.3399537e-04 0.00e+00 2.49e-01 -11.0 2.14e-03    -  1.00e+00 6.25e-02f  5
 101  4.0935344e-03 0.00e+00 1.37e+00 -11.0 1.05e-03    -  1.00e+00 1.00e+00w  1
 102  1.7308301e-03 0.00e+00 8.76e-01 -11.0 9.73e-04    -  1.00e+00 1.00e+00w  1
 103  1.4034871e-01 0.00e+00 8.98e+00 -11.0 8.38e-03    -  1.00e+00 1.00e+00w  1
 104  9.2844880e-04 0.00e+00 2.23e-01 -11.0 8.07e-03    -  1.00e+00 6.25e-02f  4
 105  9.1125010e-04 0.00e+00 1.83e-01 -11.0 3.46e-04    -  1.00e+00 5.00e-01f  2
 106  8.9555944e-04 0.00e+00 1.10e-01 -11.0 1.30e-03    -  1.00e+00 6.25e-02f  5
 107  8.7734646e-04 0.00e+00 1.44e-01 -11.0 1.08e-03    -  1.00e+00 1.25e-01f  4
 108  8.7151898e-04 0.00e+00 1.05e-01 -11.0 2.31e-03    -  1.00e+00 6.25e-02f  5
 109  8.7061555e-04 0.00e+00 1.36e-01 -11.0 1.56e-03    -  1.00e+00 6.25e-02f  5
iter    objective    inf_pr   inf_du lg(mu)  ||d||  lg(rg) alpha_du alpha_pr  ls
 110  8.6568893e-04 0.00e+00 1.05e-01 -11.0 8.31e-04    -  1.00e+00 1.25e-01f  4
 111  8.6250327e-04 0.00e+00 1.38e-01 -11.0 8.64e-04    -  1.00e+00 6.25e-02f  5
 112  8.4530839e-04 0.00e+00 5.47e-02 -11.0 4.68e-04    -  1.00e+00 2.50e-01f  3
 113  8.3532670e-04 0.00e+00 6.12e-02 -11.0 2.38e-03    -  1.00e+00 6.25e-02f  5
 114  8.3418271e-04 0.00e+00 6.24e-02 -11.0 2.26e-03    -  1.00e+00 7.81e-03f  8
 115  8.3358524e-04 0.00e+00 5.48e-02 -11.0 2.47e-04    -  1.00e+00 2.50e-01f  3
 116  8.2800717e-04 0.00e+00 6.34e-02 -11.0 1.28e-03    -  1.00e+00 6.25e-02f  5
 117  8.2340961e-04 0.00e+00 6.81e-02 -11.0 1.41e-03    -  1.00e+00 3.12e-02f  6
 118  3.8443538e-03 0.00e+00 1.34e+00 -11.0 1.91e-03    -  1.00e+00 1.00e+00w  1
 119  3.0154749e-03 0.00e+00 1.05e+00 -11.0 1.78e-03    -  1.00e+00 1.00e+00w  1
iter    objective    inf_pr   inf_du lg(mu)  ||d||  lg(rg) alpha_du alpha_pr  ls
 120  9.5843105e-01 0.00e+00 4.18e+00 -11.0 1.76e-02    -  1.00e+00 1.00e+00w  1
 121  8.2114411e-04 0.00e+00 8.90e-02 -11.0 2.68e+00    -  1.00e+00 6.25e-02f  4
 122  8.2051599e-04 0.00e+00 7.27e-02  -9.6 1.07e+00    -  1.00e+00 2.20e-05f 12
 123  8.1769755e-04 0.00e+00 6.89e-02  -9.7 7.06e-04    -  1.00e+00 6.25e-02f  5
 124  8.1526738e-04 0.00e+00 6.31e-02 -11.0 1.30e-03    -  1.00e+00 3.12e-02f  6
 125  8.1303775e-04 0.00e+00 6.85e-02 -11.0 1.40e-03    -  1.00e+00 6.25e-02f  5
 126  8.0767518e-04 0.00e+00 7.18e-02 -11.0 6.52e-03    -  1.00e+00 1.56e-02f  7
 127  8.0611586e-04 0.00e+00 1.00e-01 -11.0 5.82e-03    -  1.00e+00 3.12e-02f  6
 128  8.0505322e-04 0.00e+00 8.38e-02 -11.0 2.87e-03    -  1.00e+00 1.56e-02f  7
 129  8.0111748e-04 0.00e+00 7.94e-02 -11.0 7.00e-04    -  1.00e+00 6.25e-02f  5
iter    objective    inf_pr   inf_du lg(mu)  ||d||  lg(rg) alpha_du alpha_pr  ls
 130  7.9501237e-04 0.00e+00 1.09e-01 -11.0 1.02e-03    -  1.00e+00 1.25e-01f  4
 131  7.8429484e-04 0.00e+00 1.08e-01 -11.0 3.67e-03    -  1.00e+00 3.12e-02f  6
 132  7.8079511e-04 0.00e+00 1.00e-01 -11.0 5.82e-03    -  1.00e+00 3.12e-02f  6
 133  7.7811053e-04 0.00e+00 9.90e-02 -11.0 6.76e-03    -  1.00e+00 7.81e-03f  8
 134  7.7678861e-04 0.00e+00 1.23e-01 -11.0 2.02e-03    -  1.00e+00 6.25e-02f  5
 135  7.7086217e-04 0.00e+00 1.38e-01 -11.0 1.37e-03    -  1.00e+00 6.25e-02f  5
 136  7.6149916e-04 0.00e+00 1.46e-01 -11.0 2.20e-03    -  1.00e+00 6.25e-02f  5
 137  7.5796802e-04 0.00e+00 1.19e-01 -11.0 3.77e-03    -  1.00e+00 1.56e-02f  7
 138  7.5259582e-04 0.00e+00 1.06e-01 -11.0 1.32e-03    -  1.00e+00 1.25e-01f  4
 139  7.5122069e-04 0.00e+00 1.11e-01 -11.0 1.34e-03    -  1.00e+00 1.25e-01f  4
iter    objective    inf_pr   inf_du lg(mu)  ||d||  lg(rg) alpha_du alpha_pr  ls
 140  7.3530210e-04 0.00e+00 1.50e-01 -11.0 2.84e-03    -  1.00e+00 1.25e-01f  4
 141  8.0523892e-01 0.00e+00 1.78e+01 -11.0 1.21e-02    -  1.00e+00 1.00e+00w  1
 142  3.2763282e-03 0.00e+00 1.79e+00 -11.0 1.07e-02    -  1.00e+00 1.00e+00w  1
 143  1.0247516e+00 0.00e+00 5.95e-01 -11.0 4.21e-02    -  1.00e+00 1.00e+00w  1
 144  7.3129609e-04 0.00e+00 1.88e-01 -11.0 2.04e-01    -  1.00e+00 7.81e-03f  7
 145  7.2738815e-04 0.00e+00 1.71e-01 -10.7 3.45e-02    -  1.00e+00 1.95e-03f 10
 146  7.2709108e-04 0.00e+00 1.39e-01 -11.0 3.10e-03    -  1.00e+00 1.56e-02f  7
 147  7.2187790e-04 0.00e+00 1.39e-01 -11.0 1.10e-03    -  1.00e+00 6.25e-02f  5
 148  7.1828890e-04 0.00e+00 9.74e-02 -11.0 1.40e-03    -  1.00e+00 6.25e-02f  5
 149  7.1667875e-04 0.00e+00 1.67e-01 -11.0 2.58e-03    -  1.00e+00 6.25e-02f  5
iter    objective    inf_pr   inf_du lg(mu)  ||d||  lg(rg) alpha_du alpha_pr  ls
 150  7.1122110e-04 0.00e+00 1.19e-01 -11.0 6.14e-03    -  1.00e+00 1.56e-02f  7
 151  7.0976225e-04 0.00e+00 1.22e-01 -11.0 4.74e-03    -  1.00e+00 6.25e-02f  5
 152  7.0085562e-04 0.00e+00 1.27e-01 -11.0 2.48e-03    -  1.00e+00 3.12e-02f  6
 153  6.9646185e-04 0.00e+00 1.82e-01 -11.0 5.33e-03    -  1.00e+00 6.25e-02f  5
 154  6.9088459e-04 0.00e+00 1.59e-01 -11.0 1.07e-02    -  1.00e+00 1.56e-02f  7
 155  6.8467931e-04 0.00e+00 1.72e-01 -11.0 1.22e-03    -  1.00e+00 3.12e-02f  6
 156  7.6659333e-04 0.00e+00 2.55e-01 -11.0 4.94e-04    -  1.00e+00 1.00e+00w  1
 157  1.1493569e-02 0.00e+00 2.29e+00 -11.0 3.44e-03    -  1.00e+00 1.00e+00w  1
 158  4.0378568e-02 0.00e+00 6.75e+00 -11.0 3.98e-03    -  1.00e+00 1.00e+00w  1
 159  6.6367445e-04 0.00e+00 1.90e-01 -11.0 3.33e-02    -  1.00e+00 5.00e-01f  1
iter    objective    inf_pr   inf_du lg(mu)  ||d||  lg(rg) alpha_du alpha_pr  ls
 160  6.5111880e-04 0.00e+00 1.35e-01 -11.0 5.56e-04    -  1.00e+00 1.25e-01f  4
 161  6.3829495e-04 0.00e+00 1.60e-01 -11.0 1.01e-03    -  1.00e+00 1.25e-01f  4
 162  6.3464825e-04 0.00e+00 1.59e-01 -11.0 1.39e-03    -  1.00e+00 6.25e-02f  5
 163  6.3370689e-04 0.00e+00 1.02e-01 -11.0 1.17e-03    -  1.00e+00 6.25e-02f  5
 164  6.3102612e-04 0.00e+00 9.45e-02 -11.0 1.26e-03    -  1.00e+00 1.25e-01f  4
 165  6.2639538e-04 0.00e+00 1.29e-01 -11.0 5.21e-03    -  1.00e+00 3.12e-02f  6
 166  6.2063117e-04 0.00e+00 1.01e-01 -11.0 1.78e-02    -  1.00e+00 7.81e-03f  8
 167  6.1394978e-04 0.00e+00 1.02e-01 -11.0 2.25e-02    -  1.00e+00 7.24e-03f  8
 168  6.0996240e-04 0.00e+00 1.20e-01 -11.0 7.67e-03    -  1.00e+00 3.12e-02f  6
 169  6.0573036e-04 0.00e+00 1.29e-01 -11.0 4.12e-03    -  1.00e+00 3.12e-02f  6
iter    objective    inf_pr   inf_du lg(mu)  ||d||  lg(rg) alpha_du alpha_pr  ls
 170  6.0354499e-04 0.00e+00 1.68e-01 -11.0 6.27e-03    -  1.00e+00 3.12e-02f  6
 171  5.9879038e-04 0.00e+00 1.46e-01 -11.0 1.94e-03    -  1.00e+00 6.25e-02f  5
 172  5.9113539e-04 0.00e+00 1.32e-01 -11.0 4.41e-03    -  1.00e+00 3.12e-02f  6
 173  5.8748503e-04 0.00e+00 1.99e-01 -11.0 2.49e-03    -  1.00e+00 6.25e-02f  5
 174  5.8019898e-04 0.00e+00 2.22e-01 -11.0 2.96e-03    -  1.00e+00 3.12e-02f  6
 175  5.6764753e-04 0.00e+00 1.77e-01 -11.0 6.30e-03    -  1.00e+00 6.25e-02f  5
 176  5.6246941e-04 0.00e+00 2.12e-01 -11.0 3.82e-02    -  1.00e+00 3.99e-03f  8
 177  5.5853011e-04 0.00e+00 2.29e-01 -11.0 3.88e-03    -  1.00e+00 3.12e-02f  6
 178  5.5184669e-04 0.00e+00 2.66e-01 -11.0 2.93e-03    -  1.00e+00 3.12e-02f  6
 179  5.4725472e-04 0.00e+00 2.42e-01 -11.0 5.26e-03    -  1.00e+00 1.56e-02f  7
iter    objective    inf_pr   inf_du lg(mu)  ||d||  lg(rg) alpha_du alpha_pr  ls
 180  5.3959217e-04 0.00e+00 1.27e-01 -11.0 3.82e-03    -  1.00e+00 6.25e-02f  5
 181  5.3563581e-04 0.00e+00 1.18e-01 -11.0 2.07e-03    -  1.00e+00 1.56e-02f  7
 182  5.2651013e-04 0.00e+00 1.05e-01 -11.0 8.08e-04    -  1.00e+00 1.25e-01f  4
 183  5.1318601e-04 0.00e+00 1.46e-01 -11.0 4.67e-03    -  1.00e+00 3.12e-02f  6
 184  5.0345706e-04 0.00e+00 1.16e-01 -11.0 3.63e-03    -  1.00e+00 3.12e-02f  6
 185  4.9831130e-04 0.00e+00 9.21e-02 -11.0 4.73e-03    -  1.00e+00 3.12e-02f  6
 186  4.9578979e-04 0.00e+00 7.26e-02 -11.0 4.10e-03    -  1.00e+00 1.56e-02f  7
 187  4.9046434e-04 0.00e+00 9.66e-02 -11.0 7.41e-03    -  1.00e+00 3.12e-02f  6
 188  9.0153025e-01 0.00e+00 6.59e+00 -11.0 1.30e-02    -  1.00e+00 1.00e+00w  1
 189  5.7417136e-03 0.00e+00 3.26e+00 -11.0 1.21e-02    -  1.00e+00 1.00e+00w  1
iter    objective    inf_pr   inf_du lg(mu)  ||d||  lg(rg) alpha_du alpha_pr  ls
 190  9.8427388e-01 0.00e+00 1.19e+00 -11.0 2.79e-01    -  1.87e-01 1.46e-01w  1
 191  4.8834760e-04 0.00e+00 8.29e-02 -11.0 5.92e-01    -  1.00e+00 3.91e-03f  8
 192  4.8826120e-04 0.00e+00 8.68e-02  -9.6 1.21e+00    -  1.00e+00 4.06e-05f 11
 193  4.8712129e-04 0.00e+00 6.64e-02  -9.7 8.04e-03    -  1.00e+00 1.56e-02f  7
 194  4.8540333e-04 0.00e+00 1.16e-01 -10.9 2.62e-03    -  1.00e+00 6.25e-02f  5
 195  4.8268821e-04 0.00e+00 1.33e-01 -11.0 2.09e-03    -  1.00e+00 3.12e-02f  6
 196  4.8044278e-04 0.00e+00 1.21e-01 -11.0 1.64e-03    -  1.00e+00 3.12e-02f  6
 197  4.6941982e-04 0.00e+00 1.46e-01 -11.0 7.44e-04    -  1.00e+00 2.50e-01f  3
 198  4.6495525e-04 0.00e+00 1.18e-01 -11.0 2.77e-03    -  1.00e+00 1.56e-02f  7
 199  4.6411743e-04 0.00e+00 9.14e-02 -11.0 6.56e-04    -  1.00e+00 1.25e-01f  4
iter    objective    inf_pr   inf_du lg(mu)  ||d||  lg(rg) alpha_du alpha_pr  ls
 200  4.6004410e-04 0.00e+00 7.90e-02 -11.0 1.61e-03    -  1.00e+00 3.12e-02f  6
 201  4.5603330e-04 0.00e+00 4.91e-02 -11.0 1.54e-03    -  1.00e+00 6.25e-02f  5
 202  4.5434422e-04 0.00e+00 6.83e-02 -11.0 3.31e-03    -  1.00e+00 1.56e-02f  7
 203  4.5345196e-04 0.00e+00 5.19e-02 -11.0 1.27e-03    -  1.00e+00 6.25e-02f  5
 204  4.5192957e-04 0.00e+00 4.86e-02 -11.0 4.70e-03    -  1.00e+00 1.56e-02f  7
 205  3.0276750e-02 0.00e+00 5.77e+00 -11.0 6.24e-03    -  1.00e+00 1.00e+00w  1
 206  3.8739978e-03 0.00e+00 1.00e+00 -11.0 7.32e-03    -  1.00e+00 1.00e+00w  1
 207  9.8901810e-01 0.00e+00 8.72e-01 -11.0 1.16e-01    -  4.48e-01 3.78e-01w  1
 208  4.4866243e-04 0.00e+00 4.80e-02 -11.0 1.23e+00    -  1.00e+00 1.56e-02f  6
 209  4.4808500e-04 0.00e+00 4.88e-02 -10.7 5.62e-02    -  1.00e+00 2.16e-04f 13
iter    objective    inf_pr   inf_du lg(mu)  ||d||  lg(rg) alpha_du alpha_pr  ls
 210  4.4778988e-04 0.00e+00 8.07e-02 -11.0 1.77e-03    -  1.00e+00 3.12e-02f  6
 211  4.4719335e-04 0.00e+00 5.52e-02 -11.0 6.28e-04    -  1.00e+00 6.25e-02f  5
 212  4.4349704e-04 0.00e+00 6.83e-02 -11.0 5.06e-04    -  1.00e+00 1.25e-01f  4
 213  4.4020621e-04 0.00e+00 4.07e-02 -11.0 6.94e-04    -  1.00e+00 6.25e-02f  5
 214  4.3859893e-04 0.00e+00 4.33e-02 -11.0 6.56e-04    -  1.00e+00 6.25e-02f  5
 215  4.3767434e-04 0.00e+00 5.77e-02 -11.0 5.92e-04    -  1.00e+00 1.25e-01f  4
 216  4.3509072e-04 0.00e+00 4.96e-02 -11.0 1.77e-03    -  1.00e+00 3.12e-02f  6
 217  4.3418142e-04 0.00e+00 6.47e-02 -11.0 4.26e-03    -  1.00e+00 3.12e-02f  6
 218  4.3357879e-04 0.00e+00 7.26e-02 -11.0 2.91e-03    -  1.00e+00 7.81e-03f  8
 219  4.3331817e-04 0.00e+00 7.89e-02 -11.0 7.37e-04    -  1.00e+00 6.25e-02f  5
iter    objective    inf_pr   inf_du lg(mu)  ||d||  lg(rg) alpha_du alpha_pr  ls
 220  5.5329169e-03 0.00e+00 1.94e+00 -11.0 1.89e-03    -  1.00e+00 1.00e+00w  1
 221  1.0400987e-03 0.00e+00 4.34e-01 -11.0 1.39e-03    -  1.00e+00 1.00e+00w  1
 222  9.1280829e-01 0.00e+00 4.26e+00 -11.0 2.41e-02    -  6.93e-01 1.00e+00w  1
 223  4.3248611e-04 0.00e+00 7.79e-02 -11.0 3.79e-01    -  1.00e+00 1.56e-02f  6
 224  4.3175573e-04 0.00e+00 7.88e-02 -11.0 1.55e-03    -  1.00e+00 3.12e-02f  6
 225  4.2827995e-04 0.00e+00 4.37e-02 -11.0 7.88e-02    -  6.31e-01 7.85e-05f 14
 226  4.2718868e-04 0.00e+00 2.65e-02 -11.0 1.86e-06    -  1.00e+00 1.00e+00f  1
 227  4.2684711e-04 0.00e+00 1.27e-02 -11.0 1.06e-06    -  1.00e+00 1.00e+00f  1
 228  4.2654096e-04 0.00e+00 1.40e-02 -11.0 1.65e-06    -  1.00e+00 1.00e+00f  1
 229  4.2618326e-04 0.00e+00 3.27e-02 -11.0 9.18e-06    -  1.00e+00 1.00e+00f  1
iter    objective    inf_pr   inf_du lg(mu)  ||d||  lg(rg) alpha_du alpha_pr  ls
 230  4.2598926e-04 0.00e+00 4.24e-02 -11.0 2.32e-05    -  1.00e+00 5.00e-01f  2
 231  4.2530071e-04 0.00e+00 4.10e-02 -11.0 2.03e-05    -  1.00e+00 2.50e-01f  3
 232  4.2478214e-04 0.00e+00 4.22e-02 -11.0 6.70e-06    -  1.00e+00 1.00e+00f  1
 233  4.2415619e-04 0.00e+00 2.14e-02 -11.0 2.12e-06    -  1.00e+00 1.00e+00f  1
 234  4.2376639e-04 0.00e+00 8.69e-03 -11.0 2.48e-06    -  1.00e+00 1.00e+00f  1
 235  4.2323837e-04 0.00e+00 1.39e-02 -11.0 4.96e-06    -  1.00e+00 1.00e+00f  1
 236  4.2248649e-04 0.00e+00 3.24e-02 -11.0 1.69e-04    -  1.00e+00 6.25e-02f  5
 237  4.2217499e-04 0.00e+00 5.20e-02 -11.0 1.27e-04    -  1.00e+00 1.25e-01f  4
 238  4.2149221e-04 0.00e+00 5.20e-02 -11.0 1.42e-04    -  1.00e+00 1.25e-01f  4
 239  4.2033717e-04 0.00e+00 4.28e-02 -11.0 7.75e-05    -  1.00e+00 2.50e-01f  3
iter    objective    inf_pr   inf_du lg(mu)  ||d||  lg(rg) alpha_du alpha_pr  ls
 240  4.1892168e-04 0.00e+00 5.17e-02 -11.0 2.60e-04    -  1.00e+00 6.25e-02f  5
 241  4.1860474e-04 0.00e+00 4.62e-02 -11.0 1.83e-04    -  1.00e+00 6.25e-02f  5
 242  4.1842130e-04 0.00e+00 5.42e-02 -11.0 3.39e-05    -  1.00e+00 2.50e-01f  3
 243  4.1603349e-04 0.00e+00 3.44e-02 -11.0 1.37e-05    -  1.00e+00 1.00e+00f  1
 244  4.1508273e-04 0.00e+00 3.10e-02 -11.0 7.88e-06    -  1.00e+00 1.00e+00f  1
 245  4.1490535e-04 0.00e+00 2.50e-02 -11.0 2.92e-05    -  1.00e+00 2.50e-01f  3
 246  4.1480289e-04 0.00e+00 2.56e-02 -11.0 1.45e-05    -  1.00e+00 1.00e+00f  1
 247  4.1314565e-04 0.00e+00 2.89e-02 -11.0 3.90e-05    -  1.00e+00 5.00e-01f  2
 248  4.1298928e-04 0.00e+00 3.86e-02 -11.0 6.37e-05    -  1.00e+00 2.50e-01f  3
 249  4.1038880e-04 0.00e+00 1.17e-02 -11.0 2.13e-05    -  1.00e+00 1.00e+00f  1
iter    objective    inf_pr   inf_du lg(mu)  ||d||  lg(rg) alpha_du alpha_pr  ls
 250  4.1032175e-04 0.00e+00 2.95e-02 -11.0 1.16e-04    -  1.00e+00 1.25e-01f  4
 251  4.0789051e-04 0.00e+00 3.15e-02 -11.0 5.32e-05    -  1.00e+00 1.00e+00f  1
 252  4.0630977e-04 0.00e+00 4.81e-02 -11.0 1.59e-03    -  1.00e+00 3.12e-02f  6
 253  4.0586518e-04 0.00e+00 5.74e-02 -11.0 3.26e-04    -  1.00e+00 2.50e-01f  3
 254  4.0534331e-04 0.00e+00 5.49e-02 -11.0 2.99e-04    -  1.00e+00 3.12e-02f  6
 255  3.9733415e-04 0.00e+00 3.12e-02 -11.0 5.03e-05    -  1.00e+00 1.00e+00f  1
 256  3.9531858e-04 0.00e+00 4.48e-02 -11.0 4.29e-04    -  1.00e+00 1.25e-01f  4
 257  3.9474872e-04 0.00e+00 4.78e-02 -11.0 1.86e-04    -  1.00e+00 1.25e-01f  4
 258  3.8760201e-04 0.00e+00 4.61e-02 -11.0 2.98e-04    -  1.00e+00 5.00e-01f  2
 259  3.8723854e-04 0.00e+00 5.11e-02 -11.0 4.63e-03    -  1.00e+00 7.81e-03f  8
iter    objective    inf_pr   inf_du lg(mu)  ||d||  lg(rg) alpha_du alpha_pr  ls
 260  3.8609710e-04 0.00e+00 6.20e-02 -11.0 3.62e-04    -  1.00e+00 2.50e-01f  3
 261  3.8406528e-04 0.00e+00 5.65e-02 -11.0 1.24e-03    -  1.00e+00 6.25e-02f  5
 262  3.8222636e-04 0.00e+00 3.79e-02 -11.0 3.63e-04    -  1.00e+00 1.25e-01f  4
 263  3.7977694e-04 0.00e+00 8.66e-02 -11.0 8.12e-05    -  1.00e+00 5.00e-01f  2
 264  3.7573527e-04 0.00e+00 4.76e-02 -11.0 1.20e-04    -  1.00e+00 1.00e+00f  1
 265  3.7537267e-04 0.00e+00 4.59e-02 -11.0 9.52e-05    -  1.00e+00 5.00e-01f  2
 266  3.7131698e-04 0.00e+00 3.86e-02 -11.0 4.64e-05    -  1.00e+00 1.00e+00f  1
 267  3.6945826e-04 0.00e+00 4.12e-02 -11.0 1.19e-04    -  1.00e+00 1.00e+00f  1
 268  3.6867989e-04 0.00e+00 5.72e-02 -11.0 4.03e-04    -  1.00e+00 1.25e-01f  4
 269  3.6287730e-04 0.00e+00 5.22e-02 -11.0 1.76e-04    -  1.00e+00 1.00e+00f  1
iter    objective    inf_pr   inf_du lg(mu)  ||d||  lg(rg) alpha_du alpha_pr  ls
 270  3.6086090e-04 0.00e+00 7.48e-02 -11.0 1.28e-03    -  1.00e+00 6.25e-02f  5
 271  3.5699926e-04 0.00e+00 4.41e-02 -11.0 2.59e-04    -  1.00e+00 5.00e-01f  2
 272  3.5488923e-04 0.00e+00 5.65e-02 -11.0 2.30e-04    -  1.00e+00 5.00e-01f  2
 273  3.4729139e-04 0.00e+00 3.06e-02 -11.0 3.84e-04    -  1.00e+00 5.00e-01f  2
 274  3.4579875e-04 0.00e+00 4.74e-02 -11.0 1.87e-03    -  1.00e+00 6.25e-02f  5
 275  3.4306069e-04 0.00e+00 7.11e-02 -11.0 5.33e-04    -  1.00e+00 2.50e-01f  3
 276  3.4229549e-04 0.00e+00 1.02e-01 -11.0 9.06e-04    -  1.00e+00 2.50e-01f  3
 277  3.4207900e-04 0.00e+00 9.81e-02 -11.0 4.33e-03    -  1.00e+00 1.95e-03f 10
 278  3.4120267e-04 0.00e+00 7.72e-02 -11.0 4.32e-04    -  1.00e+00 1.25e-01f  4
 279  3.3910437e-04 0.00e+00 6.40e-02 -11.0 3.32e-04    -  1.00e+00 1.25e-01f  4
iter    objective    inf_pr   inf_du lg(mu)  ||d||  lg(rg) alpha_du alpha_pr  ls
 280  1.3519742e-03 0.00e+00 1.04e+00 -11.0 1.20e-03    -  1.00e+00 1.00e+00w  1
 281  2.2347368e-03 0.00e+00 1.16e+00 -11.0 1.12e-03    -  1.00e+00 1.00e+00w  1
 282  3.7448071e-01 0.00e+00 1.63e+01 -11.0 1.38e-02    -  1.00e+00 1.00e+00w  1
 283  3.3718238e-04 0.00e+00 7.26e-02 -11.0 8.62e-03    -  1.00e+00 1.25e-01f  3
 284  3.3630475e-04 0.00e+00 7.02e-02 -11.0 6.18e-04    -  1.00e+00 6.25e-02f  5
 285  3.3502118e-04 0.00e+00 6.71e-02 -11.0 4.85e-04    -  1.00e+00 3.12e-02f  6
 286  3.3392514e-04 0.00e+00 6.05e-02 -11.0 2.21e-04    -  1.00e+00 2.50e-01f  3
 287  3.3288552e-04 0.00e+00 7.61e-02 -11.0 1.16e-03    -  1.00e+00 6.25e-02f  5
 288  3.3193875e-04 0.00e+00 5.87e-02 -11.0 9.99e-03    -  1.00e+00 1.56e-02f  7
 289  3.3160412e-04 0.00e+00 5.02e-02 -11.0 6.63e-03    -  1.00e+00 1.95e-03f 10
iter    objective    inf_pr   inf_du lg(mu)  ||d||  lg(rg) alpha_du alpha_pr  ls
 290  3.2961621e-04 0.00e+00 5.32e-02 -11.0 9.78e-05    -  1.00e+00 5.00e-01f  2
 291  3.2815489e-04 0.00e+00 3.05e-02 -11.0 1.48e-03    -  1.00e+00 3.12e-02f  6
 292  3.2779263e-04 0.00e+00 2.88e-02 -11.0 9.53e-04    -  1.00e+00 1.56e-02f  7
 293  3.2741109e-04 0.00e+00 4.04e-02 -11.0 4.04e-04    -  1.00e+00 3.12e-02f  6
 294  3.2739909e-04 0.00e+00 2.92e-02 -11.0 1.75e-04    -  1.00e+00 1.25e-01f  4
 295  3.2616838e-04 0.00e+00 3.44e-02 -11.0 3.27e-04    -  1.00e+00 2.50e-01f  3
 296  3.2549178e-04 0.00e+00 2.06e-02 -11.0 3.03e-02    -  1.00e+00 1.95e-03f 10
 297  3.2541839e-04 0.00e+00 1.85e-02 -11.0 7.86e-04    -  1.00e+00 1.56e-02f  7
 298  3.2521751e-04 0.00e+00 1.87e-02 -11.0 2.30e-04    -  1.00e+00 1.25e-01f  4
 299  3.2414566e-04 0.00e+00 2.54e-02 -11.0 1.85e-03    -  1.00e+00 6.25e-02f  5
iter    objective    inf_pr   inf_du lg(mu)  ||d||  lg(rg) alpha_du alpha_pr  ls
 300  3.2401199e-04 0.00e+00 3.81e-02 -11.0 4.13e-03    -  1.00e+00 7.81e-03f  8
 301  3.2390289e-04 0.00e+00 3.83e-02 -11.0 3.10e-04    -  1.00e+00 1.25e-01f  4
 302  3.2298331e-04 0.00e+00 3.63e-02 -11.0 1.68e-03    -  1.00e+00 1.25e-01f  4
 303  4.5594862e-02 0.00e+00 5.17e+00 -11.0 4.23e-03    -  1.00e+00 1.00e+00w  1
 304  3.2874520e-04 0.00e+00 9.11e-02 -11.0 4.27e-03    -  1.00e+00 1.00e+00w  1
 305  4.0685415e-03 0.00e+00 2.11e+00 -11.0 8.21e-04    -  1.00e+00 1.00e+00w  1
 306  3.2275900e-04 0.00e+00 2.54e-02 -11.0 1.10e-03    -  1.00e+00 3.91e-03f  8
 307  3.2238234e-04 0.00e+00 2.66e-02 -11.0 1.47e-04    -  1.00e+00 1.25e-01f  4
 308  3.2205642e-04 0.00e+00 5.95e-02 -11.0 2.03e-04    -  1.00e+00 1.25e-01f  4
 309  3.2158836e-04 0.00e+00 4.25e-02 -11.0 1.81e-04    -  1.00e+00 2.50e-01f  3
iter    objective    inf_pr   inf_du lg(mu)  ||d||  lg(rg) alpha_du alpha_pr  ls
 310  3.2158466e-04 0.00e+00 4.73e-02 -11.0 1.54e-04    -  1.00e+00 1.25e-01f  4
 311  3.2009485e-04 0.00e+00 3.32e-02 -11.0 7.60e-05    -  1.00e+00 5.00e-01f  2
 312  3.1936364e-04 0.00e+00 2.76e-02 -11.0 1.18e-03    -  1.00e+00 1.25e-01f  4
 313  3.1919722e-04 0.00e+00 2.86e-02 -11.0 7.72e-04    -  1.00e+00 1.56e-02f  7
 314  3.1909038e-04 0.00e+00 2.97e-02 -11.0 4.61e-04    -  1.00e+00 6.25e-02f  5
 315  3.1787870e-04 0.00e+00 3.21e-02 -11.0 1.63e-04    -  1.00e+00 5.00e-01f  2
 316  5.3272570e-04 0.00e+00 2.12e-01 -11.0 2.57e-04    -  1.00e+00 1.00e+00w  1
 317  3.6881165e-04 0.00e+00 8.62e-02 -11.0 3.04e-04    -  1.00e+00 1.00e+00w  1
 318  2.7490300e-01 0.00e+00 1.96e+01 -11.0 7.81e-03    -  1.00e+00 1.00e+00w  1
 319  3.1702127e-04 0.00e+00 3.00e-02 -11.0 8.33e-03    -  1.00e+00 6.25e-02f  4
iter    objective    inf_pr   inf_du lg(mu)  ||d||  lg(rg) alpha_du alpha_pr  ls
 320  3.1662372e-04 0.00e+00 2.06e-02 -11.0 1.78e-04    -  1.00e+00 1.25e-01f  4
 321  3.1576784e-04 0.00e+00 2.66e-02 -11.0 2.75e-04    -  1.00e+00 1.25e-01f  4
 322  3.1504745e-04 0.00e+00 2.44e-02 -11.0 7.04e-04    -  1.00e+00 6.25e-02f  5
 323  3.1489626e-04 0.00e+00 2.47e-02 -11.0 1.02e-03    -  1.00e+00 1.56e-02f  7
 324  3.1478168e-04 0.00e+00 2.57e-02 -11.0 1.17e-03    -  1.00e+00 1.56e-02f  7
 325  3.1434869e-04 0.00e+00 2.12e-02 -11.0 9.73e-04    -  1.00e+00 3.12e-02f  6
 326  3.1381390e-04 0.00e+00 1.71e-02 -11.0 9.48e-04    -  1.00e+00 1.25e-01f  4

Number of Iterations....: 326

                                   (scaled)                 (unscaled)
Objective...............:   3.1381389570342037e-04    3.1381389570342037e-04
Dual infeasibility......:   1.7086301810866653e-02    1.7086301810866653e-02
Constraint violation....:   0.0000000000000000e+00    0.0000000000000000e+00
Variable bound violation:   0.0000000000000000e+00    0.0000000000000000e+00
Complementarity.........:   1.0243168078805117e-11    1.0243168078805117e-11
Overall NLP error.......:   1.7086301810866653e-02    1.7086301810866653e-02


Number of objective function evaluations             = 2177
Number of objective gradient evaluations             = 327
Number of equality constraint evaluations            = 0
Number of inequality constraint evaluations          = 0
Number of equality constraint Jacobian evaluations   = 0
Number of inequality constraint Jacobian evaluations = 0
Number of Lagrangian Hessian evaluations             = 0
Total seconds in IPOPT                               = 21627.557

EXIT: Maximum wallclock time exceeded.
