Date              = Fri Oct 31 11:49:31 PM EDT 2025
Hostname          = skl-089
Working Directory = /mnt/ffs24/home/leespen1/Research/QuantumGateDesign.jl/cnot3_optimization

Number of Nodes Allocated      = 1
Number of Tasks Per Node       = 1
Number of CPUs Per Task        = 4
Memory per node                = 32768

You are in a SLURM environment. Using job array id to run script.
SLURM Job ID: 63416148
julia --project -e 'using Pkg; Pkg.instantiate()'
julia --project --threads=4 ./cnot3_optimization.jl 8 14 3 1974 --time 6 --D1 16 --rtol 1e-15 --atol 1e-15 --output_directory 63397133 --file_identifier targetError=1e-7 --cost_type GeneralizedInfidelity --levels_cavity 10
Running test with the following arguments:
levels_cavity        => 10
time                 => 6.0
maxiter              => 10000
cost_type            => GeneralizedInfidelity
rtol                 => 1.0e-15
output_directory     => 63397133
file_identifier      => targetError=1e-7
derivative_checker   => false
nsteps               => 1974
order                => 8
atol                 => 1.0e-15
degree               => 14
D1                   => 16
gate_duration        => 550.0
seed                 => 3

*** Constructing CNOT3 Problem ***
Number of time steps: 34356
Carrier frequencies:
	1st ctrl Hamiltonian [GHz]: [0.0, -0.2198, -0.2252]
	2nd ctrl Hamiltonian [GHz]: [0.0, -0.2198, -0.2252]
	3rd ctrl Hamiltonian [GHz]: [0.0, -0.002494, -0.0025244501443665262]
Using random initial pcof with maximum amplitude 0.0005
* Settings *
Frequencies:
	Alice = 4.10595 Bob = 4.81526 Storage = 7.8447
Anharmonic coefficients in the Hamiltonian:
	xa = 0.2198 xb = 0.2252 xs = 2.82986169244768e-5
Coupling coefficients in the Hamiltonian:
	xab = 1.0e-6 xas = 0.002494 xbs = 0.0025244501443665262
Essential states in each subsystem = [2, 2, 1]
Guard states in osc = [2, 2, 9]
Total number of states, Ntot = 160
Total number of guard states, Nguard = 156
Number of B-spline parameters per spline = 16
Total number of parameters = 288
Max parameter amplitudes: maxpar = [0.05, 0.1, 0.1]
Tikhonov coefficients: tik0 (L2) = 0.01
Tolerance in Linear Solver = 1.0e-15
Using a sparse representation of the Hamiltonian matrices
*** Finished Constructing CNOT3 Problem ***

Schrodinger Problem:
SchrodingerProb{SparseArrays.SparseMatrixCSC{Float64, Int64}, Matrix{Float64}, DiagonalHamiltonianPreconditioner}
Type of operators: SparseArrays.SparseMatrixCSC{Float64, Int64}
Type of states: Matrix{Float64} (gate design problem)

System symmetric operator:
160×160 SparseArrays.SparseMatrixCSC{Float64, Int64} with 156 stored entries:
⎡⠐⢄⠀⠀⠀⠀⠀⠀⠀⠀⠀⠀⠀⠀⠀⠀⠀⠀⠀⠀⠀⠀⠀⠀⠀⠀⠀⠀⠀⠀⠀⠀⠀⠀⠀⠀⠀⠀⠀⠀⎤
⎢⠀⠀⠑⢄⠀⠀⠀⠀⠀⠀⠀⠀⠀⠀⠀⠀⠀⠀⠀⠀⠀⠀⠀⠀⠀⠀⠀⠀⠀⠀⠀⠀⠀⠀⠀⠀⠀⠀⠀⠀⎥
⎢⠀⠀⠀⠀⠑⢄⠀⠀⠀⠀⠀⠀⠀⠀⠀⠀⠀⠀⠀⠀⠀⠀⠀⠀⠀⠀⠀⠀⠀⠀⠀⠀⠀⠀⠀⠀⠀⠀⠀⠀⎥
⎢⠀⠀⠀⠀⠀⠀⠑⢄⠀⠀⠀⠀⠀⠀⠀⠀⠀⠀⠀⠀⠀⠀⠀⠀⠀⠀⠀⠀⠀⠀⠀⠀⠀⠀⠀⠀⠀⠀⠀⠀⎥
⎢⠀⠀⠀⠀⠀⠀⠀⠀⠑⢄⠀⠀⠀⠀⠀⠀⠀⠀⠀⠀⠀⠀⠀⠀⠀⠀⠀⠀⠀⠀⠀⠀⠀⠀⠀⠀⠀⠀⠀⠀⎥
⎢⠀⠀⠀⠀⠀⠀⠀⠀⠀⠀⠑⢄⠀⠀⠀⠀⠀⠀⠀⠀⠀⠀⠀⠀⠀⠀⠀⠀⠀⠀⠀⠀⠀⠀⠀⠀⠀⠀⠀⠀⎥
⎢⠀⠀⠀⠀⠀⠀⠀⠀⠀⠀⠀⠀⠑⢄⠀⠀⠀⠀⠀⠀⠀⠀⠀⠀⠀⠀⠀⠀⠀⠀⠀⠀⠀⠀⠀⠀⠀⠀⠀⠀⎥
⎢⠀⠀⠀⠀⠀⠀⠀⠀⠀⠀⠀⠀⠀⠀⠑⢄⠀⠀⠀⠀⠀⠀⠀⠀⠀⠀⠀⠀⠀⠀⠀⠀⠀⠀⠀⠀⠀⠀⠀⠀⎥
⎢⠀⠀⠀⠀⠀⠀⠀⠀⠀⠀⠀⠀⠀⠀⠀⠀⠑⢄⠀⠀⠀⠀⠀⠀⠀⠀⠀⠀⠀⠀⠀⠀⠀⠀⠀⠀⠀⠀⠀⠀⎥
⎢⠀⠀⠀⠀⠀⠀⠀⠀⠀⠀⠀⠀⠀⠀⠀⠀⠀⠀⠑⢄⠀⠀⠀⠀⠀⠀⠀⠀⠀⠀⠀⠀⠀⠀⠀⠀⠀⠀⠀⠀⎥
⎢⠀⠀⠀⠀⠀⠀⠀⠀⠀⠀⠀⠀⠀⠀⠀⠀⠀⠀⠀⠀⠑⢄⠀⠀⠀⠀⠀⠀⠀⠀⠀⠀⠀⠀⠀⠀⠀⠀⠀⠀⎥
⎢⠀⠀⠀⠀⠀⠀⠀⠀⠀⠀⠀⠀⠀⠀⠀⠀⠀⠀⠀⠀⠀⠀⠑⢄⠀⠀⠀⠀⠀⠀⠀⠀⠀⠀⠀⠀⠀⠀⠀⠀⎥
⎢⠀⠀⠀⠀⠀⠀⠀⠀⠀⠀⠀⠀⠀⠀⠀⠀⠀⠀⠀⠀⠀⠀⠀⠀⠑⢄⠀⠀⠀⠀⠀⠀⠀⠀⠀⠀⠀⠀⠀⠀⎥
⎢⠀⠀⠀⠀⠀⠀⠀⠀⠀⠀⠀⠀⠀⠀⠀⠀⠀⠀⠀⠀⠀⠀⠀⠀⠀⠀⠑⢄⠀⠀⠀⠀⠀⠀⠀⠀⠀⠀⠀⠀⎥
⎢⠀⠀⠀⠀⠀⠀⠀⠀⠀⠀⠀⠀⠀⠀⠀⠀⠀⠀⠀⠀⠀⠀⠀⠀⠀⠀⠀⠀⠑⢄⠀⠀⠀⠀⠀⠀⠀⠀⠀⠀⎥
⎢⠀⠀⠀⠀⠀⠀⠀⠀⠀⠀⠀⠀⠀⠀⠀⠀⠀⠀⠀⠀⠀⠀⠀⠀⠀⠀⠀⠀⠀⠀⠑⢄⠀⠀⠀⠀⠀⠀⠀⠀⎥
⎢⠀⠀⠀⠀⠀⠀⠀⠀⠀⠀⠀⠀⠀⠀⠀⠀⠀⠀⠀⠀⠀⠀⠀⠀⠀⠀⠀⠀⠀⠀⠀⠀⠑⢄⠀⠀⠀⠀⠀⠀⎥
⎢⠀⠀⠀⠀⠀⠀⠀⠀⠀⠀⠀⠀⠀⠀⠀⠀⠀⠀⠀⠀⠀⠀⠀⠀⠀⠀⠀⠀⠀⠀⠀⠀⠀⠀⠑⢄⠀⠀⠀⠀⎥
⎢⠀⠀⠀⠀⠀⠀⠀⠀⠀⠀⠀⠀⠀⠀⠀⠀⠀⠀⠀⠀⠀⠀⠀⠀⠀⠀⠀⠀⠀⠀⠀⠀⠀⠀⠀⠀⠑⢄⠀⠀⎥
⎣⠀⠀⠀⠀⠀⠀⠀⠀⠀⠀⠀⠀⠀⠀⠀⠀⠀⠀⠀⠀⠀⠀⠀⠀⠀⠀⠀⠀⠀⠀⠀⠀⠀⠀⠀⠀⠀⠀⠑⢄⎦

System anti-symmetric operator:
160×160 SparseArrays.SparseMatrixCSC{Float64, Int64} with 0 stored entries:
⎡⠀⠀⠀⠀⠀⠀⠀⠀⠀⠀⠀⠀⠀⠀⠀⠀⠀⠀⠀⠀⠀⠀⠀⠀⠀⠀⠀⠀⠀⠀⠀⠀⠀⠀⠀⠀⠀⠀⠀⠀⎤
⎢⠀⠀⠀⠀⠀⠀⠀⠀⠀⠀⠀⠀⠀⠀⠀⠀⠀⠀⠀⠀⠀⠀⠀⠀⠀⠀⠀⠀⠀⠀⠀⠀⠀⠀⠀⠀⠀⠀⠀⠀⎥
⎢⠀⠀⠀⠀⠀⠀⠀⠀⠀⠀⠀⠀⠀⠀⠀⠀⠀⠀⠀⠀⠀⠀⠀⠀⠀⠀⠀⠀⠀⠀⠀⠀⠀⠀⠀⠀⠀⠀⠀⠀⎥
⎢⠀⠀⠀⠀⠀⠀⠀⠀⠀⠀⠀⠀⠀⠀⠀⠀⠀⠀⠀⠀⠀⠀⠀⠀⠀⠀⠀⠀⠀⠀⠀⠀⠀⠀⠀⠀⠀⠀⠀⠀⎥
⎢⠀⠀⠀⠀⠀⠀⠀⠀⠀⠀⠀⠀⠀⠀⠀⠀⠀⠀⠀⠀⠀⠀⠀⠀⠀⠀⠀⠀⠀⠀⠀⠀⠀⠀⠀⠀⠀⠀⠀⠀⎥
⎢⠀⠀⠀⠀⠀⠀⠀⠀⠀⠀⠀⠀⠀⠀⠀⠀⠀⠀⠀⠀⠀⠀⠀⠀⠀⠀⠀⠀⠀⠀⠀⠀⠀⠀⠀⠀⠀⠀⠀⠀⎥
⎢⠀⠀⠀⠀⠀⠀⠀⠀⠀⠀⠀⠀⠀⠀⠀⠀⠀⠀⠀⠀⠀⠀⠀⠀⠀⠀⠀⠀⠀⠀⠀⠀⠀⠀⠀⠀⠀⠀⠀⠀⎥
⎢⠀⠀⠀⠀⠀⠀⠀⠀⠀⠀⠀⠀⠀⠀⠀⠀⠀⠀⠀⠀⠀⠀⠀⠀⠀⠀⠀⠀⠀⠀⠀⠀⠀⠀⠀⠀⠀⠀⠀⠀⎥
⎢⠀⠀⠀⠀⠀⠀⠀⠀⠀⠀⠀⠀⠀⠀⠀⠀⠀⠀⠀⠀⠀⠀⠀⠀⠀⠀⠀⠀⠀⠀⠀⠀⠀⠀⠀⠀⠀⠀⠀⠀⎥
⎢⠀⠀⠀⠀⠀⠀⠀⠀⠀⠀⠀⠀⠀⠀⠀⠀⠀⠀⠀⠀⠀⠀⠀⠀⠀⠀⠀⠀⠀⠀⠀⠀⠀⠀⠀⠀⠀⠀⠀⠀⎥
⎢⠀⠀⠀⠀⠀⠀⠀⠀⠀⠀⠀⠀⠀⠀⠀⠀⠀⠀⠀⠀⠀⠀⠀⠀⠀⠀⠀⠀⠀⠀⠀⠀⠀⠀⠀⠀⠀⠀⠀⠀⎥
⎢⠀⠀⠀⠀⠀⠀⠀⠀⠀⠀⠀⠀⠀⠀⠀⠀⠀⠀⠀⠀⠀⠀⠀⠀⠀⠀⠀⠀⠀⠀⠀⠀⠀⠀⠀⠀⠀⠀⠀⠀⎥
⎢⠀⠀⠀⠀⠀⠀⠀⠀⠀⠀⠀⠀⠀⠀⠀⠀⠀⠀⠀⠀⠀⠀⠀⠀⠀⠀⠀⠀⠀⠀⠀⠀⠀⠀⠀⠀⠀⠀⠀⠀⎥
⎢⠀⠀⠀⠀⠀⠀⠀⠀⠀⠀⠀⠀⠀⠀⠀⠀⠀⠀⠀⠀⠀⠀⠀⠀⠀⠀⠀⠀⠀⠀⠀⠀⠀⠀⠀⠀⠀⠀⠀⠀⎥
⎢⠀⠀⠀⠀⠀⠀⠀⠀⠀⠀⠀⠀⠀⠀⠀⠀⠀⠀⠀⠀⠀⠀⠀⠀⠀⠀⠀⠀⠀⠀⠀⠀⠀⠀⠀⠀⠀⠀⠀⠀⎥
⎢⠀⠀⠀⠀⠀⠀⠀⠀⠀⠀⠀⠀⠀⠀⠀⠀⠀⠀⠀⠀⠀⠀⠀⠀⠀⠀⠀⠀⠀⠀⠀⠀⠀⠀⠀⠀⠀⠀⠀⠀⎥
⎢⠀⠀⠀⠀⠀⠀⠀⠀⠀⠀⠀⠀⠀⠀⠀⠀⠀⠀⠀⠀⠀⠀⠀⠀⠀⠀⠀⠀⠀⠀⠀⠀⠀⠀⠀⠀⠀⠀⠀⠀⎥
⎢⠀⠀⠀⠀⠀⠀⠀⠀⠀⠀⠀⠀⠀⠀⠀⠀⠀⠀⠀⠀⠀⠀⠀⠀⠀⠀⠀⠀⠀⠀⠀⠀⠀⠀⠀⠀⠀⠀⠀⠀⎥
⎢⠀⠀⠀⠀⠀⠀⠀⠀⠀⠀⠀⠀⠀⠀⠀⠀⠀⠀⠀⠀⠀⠀⠀⠀⠀⠀⠀⠀⠀⠀⠀⠀⠀⠀⠀⠀⠀⠀⠀⠀⎥
⎣⠀⠀⠀⠀⠀⠀⠀⠀⠀⠀⠀⠀⠀⠀⠀⠀⠀⠀⠀⠀⠀⠀⠀⠀⠀⠀⠀⠀⠀⠀⠀⠀⠀⠀⠀⠀⠀⠀⠀⠀⎦

Control symmetric operators:
160×160 SparseArrays.SparseMatrixCSC{Float64, Int64} with 240 stored entries:
⎡⠛⣤⠀⠀⠀⠀⠀⠀⠀⠀⠀⠀⠀⠀⠀⠀⠀⠀⠀⠀⠀⠀⠀⠀⠀⠀⠀⠀⠀⠀⠀⠀⠀⠀⠀⠀⠀⠀⠀⠀⎤
⎢⠀⠀⠛⣤⠀⠀⠀⠀⠀⠀⠀⠀⠀⠀⠀⠀⠀⠀⠀⠀⠀⠀⠀⠀⠀⠀⠀⠀⠀⠀⠀⠀⠀⠀⠀⠀⠀⠀⠀⠀⎥
⎢⠀⠀⠀⠀⠛⣤⠀⠀⠀⠀⠀⠀⠀⠀⠀⠀⠀⠀⠀⠀⠀⠀⠀⠀⠀⠀⠀⠀⠀⠀⠀⠀⠀⠀⠀⠀⠀⠀⠀⠀⎥
⎢⠀⠀⠀⠀⠀⠀⠛⣤⠀⠀⠀⠀⠀⠀⠀⠀⠀⠀⠀⠀⠀⠀⠀⠀⠀⠀⠀⠀⠀⠀⠀⠀⠀⠀⠀⠀⠀⠀⠀⠀⎥
⎢⠀⠀⠀⠀⠀⠀⠀⠀⠛⣤⠀⠀⠀⠀⠀⠀⠀⠀⠀⠀⠀⠀⠀⠀⠀⠀⠀⠀⠀⠀⠀⠀⠀⠀⠀⠀⠀⠀⠀⠀⎥
⎢⠀⠀⠀⠀⠀⠀⠀⠀⠀⠀⠛⣤⠀⠀⠀⠀⠀⠀⠀⠀⠀⠀⠀⠀⠀⠀⠀⠀⠀⠀⠀⠀⠀⠀⠀⠀⠀⠀⠀⠀⎥
⎢⠀⠀⠀⠀⠀⠀⠀⠀⠀⠀⠀⠀⠛⣤⠀⠀⠀⠀⠀⠀⠀⠀⠀⠀⠀⠀⠀⠀⠀⠀⠀⠀⠀⠀⠀⠀⠀⠀⠀⠀⎥
⎢⠀⠀⠀⠀⠀⠀⠀⠀⠀⠀⠀⠀⠀⠀⠛⣤⠀⠀⠀⠀⠀⠀⠀⠀⠀⠀⠀⠀⠀⠀⠀⠀⠀⠀⠀⠀⠀⠀⠀⠀⎥
⎢⠀⠀⠀⠀⠀⠀⠀⠀⠀⠀⠀⠀⠀⠀⠀⠀⠛⣤⠀⠀⠀⠀⠀⠀⠀⠀⠀⠀⠀⠀⠀⠀⠀⠀⠀⠀⠀⠀⠀⠀⎥
⎢⠀⠀⠀⠀⠀⠀⠀⠀⠀⠀⠀⠀⠀⠀⠀⠀⠀⠀⠛⣤⠀⠀⠀⠀⠀⠀⠀⠀⠀⠀⠀⠀⠀⠀⠀⠀⠀⠀⠀⠀⎥
⎢⠀⠀⠀⠀⠀⠀⠀⠀⠀⠀⠀⠀⠀⠀⠀⠀⠀⠀⠀⠀⠛⣤⠀⠀⠀⠀⠀⠀⠀⠀⠀⠀⠀⠀⠀⠀⠀⠀⠀⠀⎥
⎢⠀⠀⠀⠀⠀⠀⠀⠀⠀⠀⠀⠀⠀⠀⠀⠀⠀⠀⠀⠀⠀⠀⠛⣤⠀⠀⠀⠀⠀⠀⠀⠀⠀⠀⠀⠀⠀⠀⠀⠀⎥
⎢⠀⠀⠀⠀⠀⠀⠀⠀⠀⠀⠀⠀⠀⠀⠀⠀⠀⠀⠀⠀⠀⠀⠀⠀⠛⣤⠀⠀⠀⠀⠀⠀⠀⠀⠀⠀⠀⠀⠀⠀⎥
⎢⠀⠀⠀⠀⠀⠀⠀⠀⠀⠀⠀⠀⠀⠀⠀⠀⠀⠀⠀⠀⠀⠀⠀⠀⠀⠀⠛⣤⠀⠀⠀⠀⠀⠀⠀⠀⠀⠀⠀⠀⎥
⎢⠀⠀⠀⠀⠀⠀⠀⠀⠀⠀⠀⠀⠀⠀⠀⠀⠀⠀⠀⠀⠀⠀⠀⠀⠀⠀⠀⠀⠛⣤⠀⠀⠀⠀⠀⠀⠀⠀⠀⠀⎥
⎢⠀⠀⠀⠀⠀⠀⠀⠀⠀⠀⠀⠀⠀⠀⠀⠀⠀⠀⠀⠀⠀⠀⠀⠀⠀⠀⠀⠀⠀⠀⠛⣤⠀⠀⠀⠀⠀⠀⠀⠀⎥
⎢⠀⠀⠀⠀⠀⠀⠀⠀⠀⠀⠀⠀⠀⠀⠀⠀⠀⠀⠀⠀⠀⠀⠀⠀⠀⠀⠀⠀⠀⠀⠀⠀⠛⣤⠀⠀⠀⠀⠀⠀⎥
⎢⠀⠀⠀⠀⠀⠀⠀⠀⠀⠀⠀⠀⠀⠀⠀⠀⠀⠀⠀⠀⠀⠀⠀⠀⠀⠀⠀⠀⠀⠀⠀⠀⠀⠀⠛⣤⠀⠀⠀⠀⎥
⎢⠀⠀⠀⠀⠀⠀⠀⠀⠀⠀⠀⠀⠀⠀⠀⠀⠀⠀⠀⠀⠀⠀⠀⠀⠀⠀⠀⠀⠀⠀⠀⠀⠀⠀⠀⠀⠛⣤⠀⠀⎥
⎣⠀⠀⠀⠀⠀⠀⠀⠀⠀⠀⠀⠀⠀⠀⠀⠀⠀⠀⠀⠀⠀⠀⠀⠀⠀⠀⠀⠀⠀⠀⠀⠀⠀⠀⠀⠀⠀⠀⠛⣤⎦

160×160 SparseArrays.SparseMatrixCSC{Float64, Int64} with 240 stored entries:
⎡⢄⠑⢄⠀⠀⠀⠀⠀⠀⠀⠀⠀⠀⠀⠀⠀⠀⠀⠀⠀⠀⠀⠀⠀⠀⠀⠀⠀⠀⠀⠀⠀⠀⠀⠀⠀⠀⠀⠀⠀⎤
⎢⠀⠑⢄⠑⠀⠀⠀⠀⠀⠀⠀⠀⠀⠀⠀⠀⠀⠀⠀⠀⠀⠀⠀⠀⠀⠀⠀⠀⠀⠀⠀⠀⠀⠀⠀⠀⠀⠀⠀⠀⎥
⎢⠀⠀⠀⠀⢄⠑⢄⠀⠀⠀⠀⠀⠀⠀⠀⠀⠀⠀⠀⠀⠀⠀⠀⠀⠀⠀⠀⠀⠀⠀⠀⠀⠀⠀⠀⠀⠀⠀⠀⠀⎥
⎢⠀⠀⠀⠀⠀⠑⢄⠑⠀⠀⠀⠀⠀⠀⠀⠀⠀⠀⠀⠀⠀⠀⠀⠀⠀⠀⠀⠀⠀⠀⠀⠀⠀⠀⠀⠀⠀⠀⠀⠀⎥
⎢⠀⠀⠀⠀⠀⠀⠀⠀⢄⠑⢄⠀⠀⠀⠀⠀⠀⠀⠀⠀⠀⠀⠀⠀⠀⠀⠀⠀⠀⠀⠀⠀⠀⠀⠀⠀⠀⠀⠀⠀⎥
⎢⠀⠀⠀⠀⠀⠀⠀⠀⠀⠑⢄⠑⠀⠀⠀⠀⠀⠀⠀⠀⠀⠀⠀⠀⠀⠀⠀⠀⠀⠀⠀⠀⠀⠀⠀⠀⠀⠀⠀⠀⎥
⎢⠀⠀⠀⠀⠀⠀⠀⠀⠀⠀⠀⠀⢄⠑⢄⠀⠀⠀⠀⠀⠀⠀⠀⠀⠀⠀⠀⠀⠀⠀⠀⠀⠀⠀⠀⠀⠀⠀⠀⠀⎥
⎢⠀⠀⠀⠀⠀⠀⠀⠀⠀⠀⠀⠀⠀⠑⢄⠑⠀⠀⠀⠀⠀⠀⠀⠀⠀⠀⠀⠀⠀⠀⠀⠀⠀⠀⠀⠀⠀⠀⠀⠀⎥
⎢⠀⠀⠀⠀⠀⠀⠀⠀⠀⠀⠀⠀⠀⠀⠀⠀⢄⠑⢄⠀⠀⠀⠀⠀⠀⠀⠀⠀⠀⠀⠀⠀⠀⠀⠀⠀⠀⠀⠀⠀⎥
⎢⠀⠀⠀⠀⠀⠀⠀⠀⠀⠀⠀⠀⠀⠀⠀⠀⠀⠑⢄⠑⠀⠀⠀⠀⠀⠀⠀⠀⠀⠀⠀⠀⠀⠀⠀⠀⠀⠀⠀⠀⎥
⎢⠀⠀⠀⠀⠀⠀⠀⠀⠀⠀⠀⠀⠀⠀⠀⠀⠀⠀⠀⠀⢄⠑⢄⠀⠀⠀⠀⠀⠀⠀⠀⠀⠀⠀⠀⠀⠀⠀⠀⠀⎥
⎢⠀⠀⠀⠀⠀⠀⠀⠀⠀⠀⠀⠀⠀⠀⠀⠀⠀⠀⠀⠀⠀⠑⢄⠑⠀⠀⠀⠀⠀⠀⠀⠀⠀⠀⠀⠀⠀⠀⠀⠀⎥
⎢⠀⠀⠀⠀⠀⠀⠀⠀⠀⠀⠀⠀⠀⠀⠀⠀⠀⠀⠀⠀⠀⠀⠀⠀⢄⠑⢄⠀⠀⠀⠀⠀⠀⠀⠀⠀⠀⠀⠀⠀⎥
⎢⠀⠀⠀⠀⠀⠀⠀⠀⠀⠀⠀⠀⠀⠀⠀⠀⠀⠀⠀⠀⠀⠀⠀⠀⠀⠑⢄⠑⠀⠀⠀⠀⠀⠀⠀⠀⠀⠀⠀⠀⎥
⎢⠀⠀⠀⠀⠀⠀⠀⠀⠀⠀⠀⠀⠀⠀⠀⠀⠀⠀⠀⠀⠀⠀⠀⠀⠀⠀⠀⠀⢄⠑⢄⠀⠀⠀⠀⠀⠀⠀⠀⠀⎥
⎢⠀⠀⠀⠀⠀⠀⠀⠀⠀⠀⠀⠀⠀⠀⠀⠀⠀⠀⠀⠀⠀⠀⠀⠀⠀⠀⠀⠀⠀⠑⢄⠑⠀⠀⠀⠀⠀⠀⠀⠀⎥
⎢⠀⠀⠀⠀⠀⠀⠀⠀⠀⠀⠀⠀⠀⠀⠀⠀⠀⠀⠀⠀⠀⠀⠀⠀⠀⠀⠀⠀⠀⠀⠀⠀⢄⠑⢄⠀⠀⠀⠀⠀⎥
⎢⠀⠀⠀⠀⠀⠀⠀⠀⠀⠀⠀⠀⠀⠀⠀⠀⠀⠀⠀⠀⠀⠀⠀⠀⠀⠀⠀⠀⠀⠀⠀⠀⠀⠑⢄⠑⠀⠀⠀⠀⎥
⎢⠀⠀⠀⠀⠀⠀⠀⠀⠀⠀⠀⠀⠀⠀⠀⠀⠀⠀⠀⠀⠀⠀⠀⠀⠀⠀⠀⠀⠀⠀⠀⠀⠀⠀⠀⠀⢄⠑⢄⠀⎥
⎣⠀⠀⠀⠀⠀⠀⠀⠀⠀⠀⠀⠀⠀⠀⠀⠀⠀⠀⠀⠀⠀⠀⠀⠀⠀⠀⠀⠀⠀⠀⠀⠀⠀⠀⠀⠀⠀⠑⢄⠑⎦

160×160 SparseArrays.SparseMatrixCSC{Float64, Int64} with 288 stored entries:
⎡⠀⠀⠀⠀⠑⢄⠀⠀⠀⠀⠀⠀⠀⠀⠀⠀⠀⠀⠀⠀⠀⠀⠀⠀⠀⠀⠀⠀⠀⠀⠀⠀⠀⠀⠀⠀⠀⠀⠀⠀⎤
⎢⠀⠀⠀⠀⠀⠀⠑⢄⠀⠀⠀⠀⠀⠀⠀⠀⠀⠀⠀⠀⠀⠀⠀⠀⠀⠀⠀⠀⠀⠀⠀⠀⠀⠀⠀⠀⠀⠀⠀⠀⎥
⎢⠑⢄⠀⠀⠀⠀⠀⠀⠑⢄⠀⠀⠀⠀⠀⠀⠀⠀⠀⠀⠀⠀⠀⠀⠀⠀⠀⠀⠀⠀⠀⠀⠀⠀⠀⠀⠀⠀⠀⠀⎥
⎢⠀⠀⠑⢄⠀⠀⠀⠀⠀⠀⠑⢄⠀⠀⠀⠀⠀⠀⠀⠀⠀⠀⠀⠀⠀⠀⠀⠀⠀⠀⠀⠀⠀⠀⠀⠀⠀⠀⠀⠀⎥
⎢⠀⠀⠀⠀⠑⢄⠀⠀⠀⠀⠀⠀⠑⢄⠀⠀⠀⠀⠀⠀⠀⠀⠀⠀⠀⠀⠀⠀⠀⠀⠀⠀⠀⠀⠀⠀⠀⠀⠀⠀⎥
⎢⠀⠀⠀⠀⠀⠀⠑⢄⠀⠀⠀⠀⠀⠀⠑⢄⠀⠀⠀⠀⠀⠀⠀⠀⠀⠀⠀⠀⠀⠀⠀⠀⠀⠀⠀⠀⠀⠀⠀⠀⎥
⎢⠀⠀⠀⠀⠀⠀⠀⠀⠑⢄⠀⠀⠀⠀⠀⠀⠑⢄⠀⠀⠀⠀⠀⠀⠀⠀⠀⠀⠀⠀⠀⠀⠀⠀⠀⠀⠀⠀⠀⠀⎥
⎢⠀⠀⠀⠀⠀⠀⠀⠀⠀⠀⠑⢄⠀⠀⠀⠀⠀⠀⠑⢄⠀⠀⠀⠀⠀⠀⠀⠀⠀⠀⠀⠀⠀⠀⠀⠀⠀⠀⠀⠀⎥
⎢⠀⠀⠀⠀⠀⠀⠀⠀⠀⠀⠀⠀⠑⢄⠀⠀⠀⠀⠀⠀⠑⢄⠀⠀⠀⠀⠀⠀⠀⠀⠀⠀⠀⠀⠀⠀⠀⠀⠀⠀⎥
⎢⠀⠀⠀⠀⠀⠀⠀⠀⠀⠀⠀⠀⠀⠀⠑⢄⠀⠀⠀⠀⠀⠀⠑⢄⠀⠀⠀⠀⠀⠀⠀⠀⠀⠀⠀⠀⠀⠀⠀⠀⎥
⎢⠀⠀⠀⠀⠀⠀⠀⠀⠀⠀⠀⠀⠀⠀⠀⠀⠑⢄⠀⠀⠀⠀⠀⠀⠑⢄⠀⠀⠀⠀⠀⠀⠀⠀⠀⠀⠀⠀⠀⠀⎥
⎢⠀⠀⠀⠀⠀⠀⠀⠀⠀⠀⠀⠀⠀⠀⠀⠀⠀⠀⠑⢄⠀⠀⠀⠀⠀⠀⠑⢄⠀⠀⠀⠀⠀⠀⠀⠀⠀⠀⠀⠀⎥
⎢⠀⠀⠀⠀⠀⠀⠀⠀⠀⠀⠀⠀⠀⠀⠀⠀⠀⠀⠀⠀⠑⢄⠀⠀⠀⠀⠀⠀⠑⢄⠀⠀⠀⠀⠀⠀⠀⠀⠀⠀⎥
⎢⠀⠀⠀⠀⠀⠀⠀⠀⠀⠀⠀⠀⠀⠀⠀⠀⠀⠀⠀⠀⠀⠀⠑⢄⠀⠀⠀⠀⠀⠀⠑⢄⠀⠀⠀⠀⠀⠀⠀⠀⎥
⎢⠀⠀⠀⠀⠀⠀⠀⠀⠀⠀⠀⠀⠀⠀⠀⠀⠀⠀⠀⠀⠀⠀⠀⠀⠑⢄⠀⠀⠀⠀⠀⠀⠑⢄⠀⠀⠀⠀⠀⠀⎥
⎢⠀⠀⠀⠀⠀⠀⠀⠀⠀⠀⠀⠀⠀⠀⠀⠀⠀⠀⠀⠀⠀⠀⠀⠀⠀⠀⠑⢄⠀⠀⠀⠀⠀⠀⠑⢄⠀⠀⠀⠀⎥
⎢⠀⠀⠀⠀⠀⠀⠀⠀⠀⠀⠀⠀⠀⠀⠀⠀⠀⠀⠀⠀⠀⠀⠀⠀⠀⠀⠀⠀⠑⢄⠀⠀⠀⠀⠀⠀⠑⢄⠀⠀⎥
⎢⠀⠀⠀⠀⠀⠀⠀⠀⠀⠀⠀⠀⠀⠀⠀⠀⠀⠀⠀⠀⠀⠀⠀⠀⠀⠀⠀⠀⠀⠀⠑⢄⠀⠀⠀⠀⠀⠀⠑⢄⎥
⎢⠀⠀⠀⠀⠀⠀⠀⠀⠀⠀⠀⠀⠀⠀⠀⠀⠀⠀⠀⠀⠀⠀⠀⠀⠀⠀⠀⠀⠀⠀⠀⠀⠑⢄⠀⠀⠀⠀⠀⠀⎥
⎣⠀⠀⠀⠀⠀⠀⠀⠀⠀⠀⠀⠀⠀⠀⠀⠀⠀⠀⠀⠀⠀⠀⠀⠀⠀⠀⠀⠀⠀⠀⠀⠀⠀⠀⠑⢄⠀⠀⠀⠀⎦



Control anti-symmetric operators:
160×160 SparseArrays.SparseMatrixCSC{Float64, Int64} with 240 stored entries:
⎡⠛⣤⠀⠀⠀⠀⠀⠀⠀⠀⠀⠀⠀⠀⠀⠀⠀⠀⠀⠀⠀⠀⠀⠀⠀⠀⠀⠀⠀⠀⠀⠀⠀⠀⠀⠀⠀⠀⠀⠀⎤
⎢⠀⠀⠛⣤⠀⠀⠀⠀⠀⠀⠀⠀⠀⠀⠀⠀⠀⠀⠀⠀⠀⠀⠀⠀⠀⠀⠀⠀⠀⠀⠀⠀⠀⠀⠀⠀⠀⠀⠀⠀⎥
⎢⠀⠀⠀⠀⠛⣤⠀⠀⠀⠀⠀⠀⠀⠀⠀⠀⠀⠀⠀⠀⠀⠀⠀⠀⠀⠀⠀⠀⠀⠀⠀⠀⠀⠀⠀⠀⠀⠀⠀⠀⎥
⎢⠀⠀⠀⠀⠀⠀⠛⣤⠀⠀⠀⠀⠀⠀⠀⠀⠀⠀⠀⠀⠀⠀⠀⠀⠀⠀⠀⠀⠀⠀⠀⠀⠀⠀⠀⠀⠀⠀⠀⠀⎥
⎢⠀⠀⠀⠀⠀⠀⠀⠀⠛⣤⠀⠀⠀⠀⠀⠀⠀⠀⠀⠀⠀⠀⠀⠀⠀⠀⠀⠀⠀⠀⠀⠀⠀⠀⠀⠀⠀⠀⠀⠀⎥
⎢⠀⠀⠀⠀⠀⠀⠀⠀⠀⠀⠛⣤⠀⠀⠀⠀⠀⠀⠀⠀⠀⠀⠀⠀⠀⠀⠀⠀⠀⠀⠀⠀⠀⠀⠀⠀⠀⠀⠀⠀⎥
⎢⠀⠀⠀⠀⠀⠀⠀⠀⠀⠀⠀⠀⠛⣤⠀⠀⠀⠀⠀⠀⠀⠀⠀⠀⠀⠀⠀⠀⠀⠀⠀⠀⠀⠀⠀⠀⠀⠀⠀⠀⎥
⎢⠀⠀⠀⠀⠀⠀⠀⠀⠀⠀⠀⠀⠀⠀⠛⣤⠀⠀⠀⠀⠀⠀⠀⠀⠀⠀⠀⠀⠀⠀⠀⠀⠀⠀⠀⠀⠀⠀⠀⠀⎥
⎢⠀⠀⠀⠀⠀⠀⠀⠀⠀⠀⠀⠀⠀⠀⠀⠀⠛⣤⠀⠀⠀⠀⠀⠀⠀⠀⠀⠀⠀⠀⠀⠀⠀⠀⠀⠀⠀⠀⠀⠀⎥
⎢⠀⠀⠀⠀⠀⠀⠀⠀⠀⠀⠀⠀⠀⠀⠀⠀⠀⠀⠛⣤⠀⠀⠀⠀⠀⠀⠀⠀⠀⠀⠀⠀⠀⠀⠀⠀⠀⠀⠀⠀⎥
⎢⠀⠀⠀⠀⠀⠀⠀⠀⠀⠀⠀⠀⠀⠀⠀⠀⠀⠀⠀⠀⠛⣤⠀⠀⠀⠀⠀⠀⠀⠀⠀⠀⠀⠀⠀⠀⠀⠀⠀⠀⎥
⎢⠀⠀⠀⠀⠀⠀⠀⠀⠀⠀⠀⠀⠀⠀⠀⠀⠀⠀⠀⠀⠀⠀⠛⣤⠀⠀⠀⠀⠀⠀⠀⠀⠀⠀⠀⠀⠀⠀⠀⠀⎥
⎢⠀⠀⠀⠀⠀⠀⠀⠀⠀⠀⠀⠀⠀⠀⠀⠀⠀⠀⠀⠀⠀⠀⠀⠀⠛⣤⠀⠀⠀⠀⠀⠀⠀⠀⠀⠀⠀⠀⠀⠀⎥
⎢⠀⠀⠀⠀⠀⠀⠀⠀⠀⠀⠀⠀⠀⠀⠀⠀⠀⠀⠀⠀⠀⠀⠀⠀⠀⠀⠛⣤⠀⠀⠀⠀⠀⠀⠀⠀⠀⠀⠀⠀⎥
⎢⠀⠀⠀⠀⠀⠀⠀⠀⠀⠀⠀⠀⠀⠀⠀⠀⠀⠀⠀⠀⠀⠀⠀⠀⠀⠀⠀⠀⠛⣤⠀⠀⠀⠀⠀⠀⠀⠀⠀⠀⎥
⎢⠀⠀⠀⠀⠀⠀⠀⠀⠀⠀⠀⠀⠀⠀⠀⠀⠀⠀⠀⠀⠀⠀⠀⠀⠀⠀⠀⠀⠀⠀⠛⣤⠀⠀⠀⠀⠀⠀⠀⠀⎥
⎢⠀⠀⠀⠀⠀⠀⠀⠀⠀⠀⠀⠀⠀⠀⠀⠀⠀⠀⠀⠀⠀⠀⠀⠀⠀⠀⠀⠀⠀⠀⠀⠀⠛⣤⠀⠀⠀⠀⠀⠀⎥
⎢⠀⠀⠀⠀⠀⠀⠀⠀⠀⠀⠀⠀⠀⠀⠀⠀⠀⠀⠀⠀⠀⠀⠀⠀⠀⠀⠀⠀⠀⠀⠀⠀⠀⠀⠛⣤⠀⠀⠀⠀⎥
⎢⠀⠀⠀⠀⠀⠀⠀⠀⠀⠀⠀⠀⠀⠀⠀⠀⠀⠀⠀⠀⠀⠀⠀⠀⠀⠀⠀⠀⠀⠀⠀⠀⠀⠀⠀⠀⠛⣤⠀⠀⎥
⎣⠀⠀⠀⠀⠀⠀⠀⠀⠀⠀⠀⠀⠀⠀⠀⠀⠀⠀⠀⠀⠀⠀⠀⠀⠀⠀⠀⠀⠀⠀⠀⠀⠀⠀⠀⠀⠀⠀⠛⣤⎦

160×160 SparseArrays.SparseMatrixCSC{Float64, Int64} with 240 stored entries:
⎡⢄⠑⢄⠀⠀⠀⠀⠀⠀⠀⠀⠀⠀⠀⠀⠀⠀⠀⠀⠀⠀⠀⠀⠀⠀⠀⠀⠀⠀⠀⠀⠀⠀⠀⠀⠀⠀⠀⠀⠀⎤
⎢⠀⠑⢄⠑⠀⠀⠀⠀⠀⠀⠀⠀⠀⠀⠀⠀⠀⠀⠀⠀⠀⠀⠀⠀⠀⠀⠀⠀⠀⠀⠀⠀⠀⠀⠀⠀⠀⠀⠀⠀⎥
⎢⠀⠀⠀⠀⢄⠑⢄⠀⠀⠀⠀⠀⠀⠀⠀⠀⠀⠀⠀⠀⠀⠀⠀⠀⠀⠀⠀⠀⠀⠀⠀⠀⠀⠀⠀⠀⠀⠀⠀⠀⎥
⎢⠀⠀⠀⠀⠀⠑⢄⠑⠀⠀⠀⠀⠀⠀⠀⠀⠀⠀⠀⠀⠀⠀⠀⠀⠀⠀⠀⠀⠀⠀⠀⠀⠀⠀⠀⠀⠀⠀⠀⠀⎥
⎢⠀⠀⠀⠀⠀⠀⠀⠀⢄⠑⢄⠀⠀⠀⠀⠀⠀⠀⠀⠀⠀⠀⠀⠀⠀⠀⠀⠀⠀⠀⠀⠀⠀⠀⠀⠀⠀⠀⠀⠀⎥
⎢⠀⠀⠀⠀⠀⠀⠀⠀⠀⠑⢄⠑⠀⠀⠀⠀⠀⠀⠀⠀⠀⠀⠀⠀⠀⠀⠀⠀⠀⠀⠀⠀⠀⠀⠀⠀⠀⠀⠀⠀⎥
⎢⠀⠀⠀⠀⠀⠀⠀⠀⠀⠀⠀⠀⢄⠑⢄⠀⠀⠀⠀⠀⠀⠀⠀⠀⠀⠀⠀⠀⠀⠀⠀⠀⠀⠀⠀⠀⠀⠀⠀⠀⎥
⎢⠀⠀⠀⠀⠀⠀⠀⠀⠀⠀⠀⠀⠀⠑⢄⠑⠀⠀⠀⠀⠀⠀⠀⠀⠀⠀⠀⠀⠀⠀⠀⠀⠀⠀⠀⠀⠀⠀⠀⠀⎥
⎢⠀⠀⠀⠀⠀⠀⠀⠀⠀⠀⠀⠀⠀⠀⠀⠀⢄⠑⢄⠀⠀⠀⠀⠀⠀⠀⠀⠀⠀⠀⠀⠀⠀⠀⠀⠀⠀⠀⠀⠀⎥
⎢⠀⠀⠀⠀⠀⠀⠀⠀⠀⠀⠀⠀⠀⠀⠀⠀⠀⠑⢄⠑⠀⠀⠀⠀⠀⠀⠀⠀⠀⠀⠀⠀⠀⠀⠀⠀⠀⠀⠀⠀⎥
⎢⠀⠀⠀⠀⠀⠀⠀⠀⠀⠀⠀⠀⠀⠀⠀⠀⠀⠀⠀⠀⢄⠑⢄⠀⠀⠀⠀⠀⠀⠀⠀⠀⠀⠀⠀⠀⠀⠀⠀⠀⎥
⎢⠀⠀⠀⠀⠀⠀⠀⠀⠀⠀⠀⠀⠀⠀⠀⠀⠀⠀⠀⠀⠀⠑⢄⠑⠀⠀⠀⠀⠀⠀⠀⠀⠀⠀⠀⠀⠀⠀⠀⠀⎥
⎢⠀⠀⠀⠀⠀⠀⠀⠀⠀⠀⠀⠀⠀⠀⠀⠀⠀⠀⠀⠀⠀⠀⠀⠀⢄⠑⢄⠀⠀⠀⠀⠀⠀⠀⠀⠀⠀⠀⠀⠀⎥
⎢⠀⠀⠀⠀⠀⠀⠀⠀⠀⠀⠀⠀⠀⠀⠀⠀⠀⠀⠀⠀⠀⠀⠀⠀⠀⠑⢄⠑⠀⠀⠀⠀⠀⠀⠀⠀⠀⠀⠀⠀⎥
⎢⠀⠀⠀⠀⠀⠀⠀⠀⠀⠀⠀⠀⠀⠀⠀⠀⠀⠀⠀⠀⠀⠀⠀⠀⠀⠀⠀⠀⢄⠑⢄⠀⠀⠀⠀⠀⠀⠀⠀⠀⎥
⎢⠀⠀⠀⠀⠀⠀⠀⠀⠀⠀⠀⠀⠀⠀⠀⠀⠀⠀⠀⠀⠀⠀⠀⠀⠀⠀⠀⠀⠀⠑⢄⠑⠀⠀⠀⠀⠀⠀⠀⠀⎥
⎢⠀⠀⠀⠀⠀⠀⠀⠀⠀⠀⠀⠀⠀⠀⠀⠀⠀⠀⠀⠀⠀⠀⠀⠀⠀⠀⠀⠀⠀⠀⠀⠀⢄⠑⢄⠀⠀⠀⠀⠀⎥
⎢⠀⠀⠀⠀⠀⠀⠀⠀⠀⠀⠀⠀⠀⠀⠀⠀⠀⠀⠀⠀⠀⠀⠀⠀⠀⠀⠀⠀⠀⠀⠀⠀⠀⠑⢄⠑⠀⠀⠀⠀⎥
⎢⠀⠀⠀⠀⠀⠀⠀⠀⠀⠀⠀⠀⠀⠀⠀⠀⠀⠀⠀⠀⠀⠀⠀⠀⠀⠀⠀⠀⠀⠀⠀⠀⠀⠀⠀⠀⢄⠑⢄⠀⎥
⎣⠀⠀⠀⠀⠀⠀⠀⠀⠀⠀⠀⠀⠀⠀⠀⠀⠀⠀⠀⠀⠀⠀⠀⠀⠀⠀⠀⠀⠀⠀⠀⠀⠀⠀⠀⠀⠀⠑⢄⠑⎦

160×160 SparseArrays.SparseMatrixCSC{Float64, Int64} with 288 stored entries:
⎡⠀⠀⠀⠀⠑⢄⠀⠀⠀⠀⠀⠀⠀⠀⠀⠀⠀⠀⠀⠀⠀⠀⠀⠀⠀⠀⠀⠀⠀⠀⠀⠀⠀⠀⠀⠀⠀⠀⠀⠀⎤
⎢⠀⠀⠀⠀⠀⠀⠑⢄⠀⠀⠀⠀⠀⠀⠀⠀⠀⠀⠀⠀⠀⠀⠀⠀⠀⠀⠀⠀⠀⠀⠀⠀⠀⠀⠀⠀⠀⠀⠀⠀⎥
⎢⠑⢄⠀⠀⠀⠀⠀⠀⠑⢄⠀⠀⠀⠀⠀⠀⠀⠀⠀⠀⠀⠀⠀⠀⠀⠀⠀⠀⠀⠀⠀⠀⠀⠀⠀⠀⠀⠀⠀⠀⎥
⎢⠀⠀⠑⢄⠀⠀⠀⠀⠀⠀⠑⢄⠀⠀⠀⠀⠀⠀⠀⠀⠀⠀⠀⠀⠀⠀⠀⠀⠀⠀⠀⠀⠀⠀⠀⠀⠀⠀⠀⠀⎥
⎢⠀⠀⠀⠀⠑⢄⠀⠀⠀⠀⠀⠀⠑⢄⠀⠀⠀⠀⠀⠀⠀⠀⠀⠀⠀⠀⠀⠀⠀⠀⠀⠀⠀⠀⠀⠀⠀⠀⠀⠀⎥
⎢⠀⠀⠀⠀⠀⠀⠑⢄⠀⠀⠀⠀⠀⠀⠑⢄⠀⠀⠀⠀⠀⠀⠀⠀⠀⠀⠀⠀⠀⠀⠀⠀⠀⠀⠀⠀⠀⠀⠀⠀⎥
⎢⠀⠀⠀⠀⠀⠀⠀⠀⠑⢄⠀⠀⠀⠀⠀⠀⠑⢄⠀⠀⠀⠀⠀⠀⠀⠀⠀⠀⠀⠀⠀⠀⠀⠀⠀⠀⠀⠀⠀⠀⎥
⎢⠀⠀⠀⠀⠀⠀⠀⠀⠀⠀⠑⢄⠀⠀⠀⠀⠀⠀⠑⢄⠀⠀⠀⠀⠀⠀⠀⠀⠀⠀⠀⠀⠀⠀⠀⠀⠀⠀⠀⠀⎥
⎢⠀⠀⠀⠀⠀⠀⠀⠀⠀⠀⠀⠀⠑⢄⠀⠀⠀⠀⠀⠀⠑⢄⠀⠀⠀⠀⠀⠀⠀⠀⠀⠀⠀⠀⠀⠀⠀⠀⠀⠀⎥
⎢⠀⠀⠀⠀⠀⠀⠀⠀⠀⠀⠀⠀⠀⠀⠑⢄⠀⠀⠀⠀⠀⠀⠑⢄⠀⠀⠀⠀⠀⠀⠀⠀⠀⠀⠀⠀⠀⠀⠀⠀⎥
⎢⠀⠀⠀⠀⠀⠀⠀⠀⠀⠀⠀⠀⠀⠀⠀⠀⠑⢄⠀⠀⠀⠀⠀⠀⠑⢄⠀⠀⠀⠀⠀⠀⠀⠀⠀⠀⠀⠀⠀⠀⎥
⎢⠀⠀⠀⠀⠀⠀⠀⠀⠀⠀⠀⠀⠀⠀⠀⠀⠀⠀⠑⢄⠀⠀⠀⠀⠀⠀⠑⢄⠀⠀⠀⠀⠀⠀⠀⠀⠀⠀⠀⠀⎥
⎢⠀⠀⠀⠀⠀⠀⠀⠀⠀⠀⠀⠀⠀⠀⠀⠀⠀⠀⠀⠀⠑⢄⠀⠀⠀⠀⠀⠀⠑⢄⠀⠀⠀⠀⠀⠀⠀⠀⠀⠀⎥
⎢⠀⠀⠀⠀⠀⠀⠀⠀⠀⠀⠀⠀⠀⠀⠀⠀⠀⠀⠀⠀⠀⠀⠑⢄⠀⠀⠀⠀⠀⠀⠑⢄⠀⠀⠀⠀⠀⠀⠀⠀⎥
⎢⠀⠀⠀⠀⠀⠀⠀⠀⠀⠀⠀⠀⠀⠀⠀⠀⠀⠀⠀⠀⠀⠀⠀⠀⠑⢄⠀⠀⠀⠀⠀⠀⠑⢄⠀⠀⠀⠀⠀⠀⎥
⎢⠀⠀⠀⠀⠀⠀⠀⠀⠀⠀⠀⠀⠀⠀⠀⠀⠀⠀⠀⠀⠀⠀⠀⠀⠀⠀⠑⢄⠀⠀⠀⠀⠀⠀⠑⢄⠀⠀⠀⠀⎥
⎢⠀⠀⠀⠀⠀⠀⠀⠀⠀⠀⠀⠀⠀⠀⠀⠀⠀⠀⠀⠀⠀⠀⠀⠀⠀⠀⠀⠀⠑⢄⠀⠀⠀⠀⠀⠀⠑⢄⠀⠀⎥
⎢⠀⠀⠀⠀⠀⠀⠀⠀⠀⠀⠀⠀⠀⠀⠀⠀⠀⠀⠀⠀⠀⠀⠀⠀⠀⠀⠀⠀⠀⠀⠑⢄⠀⠀⠀⠀⠀⠀⠑⢄⎥
⎢⠀⠀⠀⠀⠀⠀⠀⠀⠀⠀⠀⠀⠀⠀⠀⠀⠀⠀⠀⠀⠀⠀⠀⠀⠀⠀⠀⠀⠀⠀⠀⠀⠑⢄⠀⠀⠀⠀⠀⠀⎥
⎣⠀⠀⠀⠀⠀⠀⠀⠀⠀⠀⠀⠀⠀⠀⠀⠀⠀⠀⠀⠀⠀⠀⠀⠀⠀⠀⠀⠀⠀⠀⠀⠀⠀⠀⠑⢄⠀⠀⠀⠀⎦



Guard supspace projector:
320×320 SparseArrays.SparseMatrixCSC{Float64, Int64} with 312 stored entries:
⎡⠑⢄⠀⠀⠀⠀⠀⠀⠀⠀⠀⠀⠀⠀⠀⠀⠀⠀⠀⠀⠀⠀⠀⠀⠀⠀⠀⠀⠀⠀⠀⠀⠀⠀⠀⠀⠀⠀⠀⠀⎤
⎢⠀⠀⠑⢄⠀⠀⠀⠀⠀⠀⠀⠀⠀⠀⠀⠀⠀⠀⠀⠀⠀⠀⠀⠀⠀⠀⠀⠀⠀⠀⠀⠀⠀⠀⠀⠀⠀⠀⠀⠀⎥
⎢⠀⠀⠀⠀⠑⢄⠀⠀⠀⠀⠀⠀⠀⠀⠀⠀⠀⠀⠀⠀⠀⠀⠀⠀⠀⠀⠀⠀⠀⠀⠀⠀⠀⠀⠀⠀⠀⠀⠀⠀⎥
⎢⠀⠀⠀⠀⠀⠀⠑⢄⠀⠀⠀⠀⠀⠀⠀⠀⠀⠀⠀⠀⠀⠀⠀⠀⠀⠀⠀⠀⠀⠀⠀⠀⠀⠀⠀⠀⠀⠀⠀⠀⎥
⎢⠀⠀⠀⠀⠀⠀⠀⠀⠑⢄⠀⠀⠀⠀⠀⠀⠀⠀⠀⠀⠀⠀⠀⠀⠀⠀⠀⠀⠀⠀⠀⠀⠀⠀⠀⠀⠀⠀⠀⠀⎥
⎢⠀⠀⠀⠀⠀⠀⠀⠀⠀⠀⠑⢄⠀⠀⠀⠀⠀⠀⠀⠀⠀⠀⠀⠀⠀⠀⠀⠀⠀⠀⠀⠀⠀⠀⠀⠀⠀⠀⠀⠀⎥
⎢⠀⠀⠀⠀⠀⠀⠀⠀⠀⠀⠀⠀⠑⢄⠀⠀⠀⠀⠀⠀⠀⠀⠀⠀⠀⠀⠀⠀⠀⠀⠀⠀⠀⠀⠀⠀⠀⠀⠀⠀⎥
⎢⠀⠀⠀⠀⠀⠀⠀⠀⠀⠀⠀⠀⠀⠀⠑⢄⠀⠀⠀⠀⠀⠀⠀⠀⠀⠀⠀⠀⠀⠀⠀⠀⠀⠀⠀⠀⠀⠀⠀⠀⎥
⎢⠀⠀⠀⠀⠀⠀⠀⠀⠀⠀⠀⠀⠀⠀⠀⠀⠑⢄⠀⠀⠀⠀⠀⠀⠀⠀⠀⠀⠀⠀⠀⠀⠀⠀⠀⠀⠀⠀⠀⠀⎥
⎢⠀⠀⠀⠀⠀⠀⠀⠀⠀⠀⠀⠀⠀⠀⠀⠀⠀⠀⠑⢄⠀⠀⠀⠀⠀⠀⠀⠀⠀⠀⠀⠀⠀⠀⠀⠀⠀⠀⠀⠀⎥
⎢⠀⠀⠀⠀⠀⠀⠀⠀⠀⠀⠀⠀⠀⠀⠀⠀⠀⠀⠀⠀⠑⢄⠀⠀⠀⠀⠀⠀⠀⠀⠀⠀⠀⠀⠀⠀⠀⠀⠀⠀⎥
⎢⠀⠀⠀⠀⠀⠀⠀⠀⠀⠀⠀⠀⠀⠀⠀⠀⠀⠀⠀⠀⠀⠀⠑⢄⠀⠀⠀⠀⠀⠀⠀⠀⠀⠀⠀⠀⠀⠀⠀⠀⎥
⎢⠀⠀⠀⠀⠀⠀⠀⠀⠀⠀⠀⠀⠀⠀⠀⠀⠀⠀⠀⠀⠀⠀⠀⠀⠑⢄⠀⠀⠀⠀⠀⠀⠀⠀⠀⠀⠀⠀⠀⠀⎥
⎢⠀⠀⠀⠀⠀⠀⠀⠀⠀⠀⠀⠀⠀⠀⠀⠀⠀⠀⠀⠀⠀⠀⠀⠀⠀⠀⠑⢄⠀⠀⠀⠀⠀⠀⠀⠀⠀⠀⠀⠀⎥
⎢⠀⠀⠀⠀⠀⠀⠀⠀⠀⠀⠀⠀⠀⠀⠀⠀⠀⠀⠀⠀⠀⠀⠀⠀⠀⠀⠀⠀⠑⢄⠀⠀⠀⠀⠀⠀⠀⠀⠀⠀⎥
⎢⠀⠀⠀⠀⠀⠀⠀⠀⠀⠀⠀⠀⠀⠀⠀⠀⠀⠀⠀⠀⠀⠀⠀⠀⠀⠀⠀⠀⠀⠀⠑⢄⠀⠀⠀⠀⠀⠀⠀⠀⎥
⎢⠀⠀⠀⠀⠀⠀⠀⠀⠀⠀⠀⠀⠀⠀⠀⠀⠀⠀⠀⠀⠀⠀⠀⠀⠀⠀⠀⠀⠀⠀⠀⠀⠑⢄⠀⠀⠀⠀⠀⠀⎥
⎢⠀⠀⠀⠀⠀⠀⠀⠀⠀⠀⠀⠀⠀⠀⠀⠀⠀⠀⠀⠀⠀⠀⠀⠀⠀⠀⠀⠀⠀⠀⠀⠀⠀⠀⠑⢄⠀⠀⠀⠀⎥
⎢⠀⠀⠀⠀⠀⠀⠀⠀⠀⠀⠀⠀⠀⠀⠀⠀⠀⠀⠀⠀⠀⠀⠀⠀⠀⠀⠀⠀⠀⠀⠀⠀⠀⠀⠀⠀⠑⢄⠀⠀⎥
⎣⠀⠀⠀⠀⠀⠀⠀⠀⠀⠀⠀⠀⠀⠀⠀⠀⠀⠀⠀⠀⠀⠀⠀⠀⠀⠀⠀⠀⠀⠀⠀⠀⠀⠀⠀⠀⠀⠀⠑⢄⎦

Real part of initial state(s):
160×4 Matrix{Float64}:
 1.0  0.0  0.0  0.0
 0.0  1.0  0.0  0.0
 0.0  0.0  0.0  0.0
 0.0  0.0  0.0  0.0
 0.0  0.0  1.0  0.0
 0.0  0.0  0.0  1.0
 0.0  0.0  0.0  0.0
 0.0  0.0  0.0  0.0
 0.0  0.0  0.0  0.0
 0.0  0.0  0.0  0.0
 0.0  0.0  0.0  0.0
 0.0  0.0  0.0  0.0
 0.0  0.0  0.0  0.0
 0.0  0.0  0.0  0.0
 0.0  0.0  0.0  0.0
 0.0  0.0  0.0  0.0
 0.0  0.0  0.0  0.0
 0.0  0.0  0.0  0.0
 0.0  0.0  0.0  0.0
 0.0  0.0  0.0  0.0
 0.0  0.0  0.0  0.0
 0.0  0.0  0.0  0.0
 0.0  0.0  0.0  0.0
 0.0  0.0  0.0  0.0
 0.0  0.0  0.0  0.0
 0.0  0.0  0.0  0.0
 0.0  0.0  0.0  0.0
 0.0  0.0  0.0  0.0
 0.0  0.0  0.0  0.0
 0.0  0.0  0.0  0.0
 0.0  0.0  0.0  0.0
 0.0  0.0  0.0  0.0
 0.0  0.0  0.0  0.0
 0.0  0.0  0.0  0.0
 0.0  0.0  0.0  0.0
 0.0  0.0  0.0  0.0
 0.0  0.0  0.0  0.0
 0.0  0.0  0.0  0.0
 0.0  0.0  0.0  0.0
 0.0  0.0  0.0  0.0
 0.0  0.0  0.0  0.0
 0.0  0.0  0.0  0.0
 0.0  0.0  0.0  0.0
 0.0  0.0  0.0  0.0
 0.0  0.0  0.0  0.0
 0.0  0.0  0.0  0.0
 0.0  0.0  0.0  0.0
 0.0  0.0  0.0  0.0
 0.0  0.0  0.0  0.0
 0.0  0.0  0.0  0.0
 0.0  0.0  0.0  0.0
 0.0  0.0  0.0  0.0
 0.0  0.0  0.0  0.0
 0.0  0.0  0.0  0.0
 0.0  0.0  0.0  0.0
 0.0  0.0  0.0  0.0
 0.0  0.0  0.0  0.0
 0.0  0.0  0.0  0.0
 0.0  0.0  0.0  0.0
 0.0  0.0  0.0  0.0
 0.0  0.0  0.0  0.0
 0.0  0.0  0.0  0.0
 0.0  0.0  0.0  0.0
 0.0  0.0  0.0  0.0
 0.0  0.0  0.0  0.0
 0.0  0.0  0.0  0.0
 0.0  0.0  0.0  0.0
 0.0  0.0  0.0  0.0
 0.0  0.0  0.0  0.0
 0.0  0.0  0.0  0.0
 0.0  0.0  0.0  0.0
 0.0  0.0  0.0  0.0
 0.0  0.0  0.0  0.0
 0.0  0.0  0.0  0.0
 0.0  0.0  0.0  0.0
 0.0  0.0  0.0  0.0
 0.0  0.0  0.0  0.0
 0.0  0.0  0.0  0.0
 0.0  0.0  0.0  0.0
 0.0  0.0  0.0  0.0
 0.0  0.0  0.0  0.0
 0.0  0.0  0.0  0.0
 0.0  0.0  0.0  0.0
 0.0  0.0  0.0  0.0
 0.0  0.0  0.0  0.0
 0.0  0.0  0.0  0.0
 0.0  0.0  0.0  0.0
 0.0  0.0  0.0  0.0
 0.0  0.0  0.0  0.0
 0.0  0.0  0.0  0.0
 0.0  0.0  0.0  0.0
 0.0  0.0  0.0  0.0
 0.0  0.0  0.0  0.0
 0.0  0.0  0.0  0.0
 0.0  0.0  0.0  0.0
 0.0  0.0  0.0  0.0
 0.0  0.0  0.0  0.0
 0.0  0.0  0.0  0.0
 0.0  0.0  0.0  0.0
 0.0  0.0  0.0  0.0
 0.0  0.0  0.0  0.0
 0.0  0.0  0.0  0.0
 0.0  0.0  0.0  0.0
 0.0  0.0  0.0  0.0
 0.0  0.0  0.0  0.0
 0.0  0.0  0.0  0.0
 0.0  0.0  0.0  0.0
 0.0  0.0  0.0  0.0
 0.0  0.0  0.0  0.0
 0.0  0.0  0.0  0.0
 0.0  0.0  0.0  0.0
 0.0  0.0  0.0  0.0
 0.0  0.0  0.0  0.0
 0.0  0.0  0.0  0.0
 0.0  0.0  0.0  0.0
 0.0  0.0  0.0  0.0
 0.0  0.0  0.0  0.0
 0.0  0.0  0.0  0.0
 0.0  0.0  0.0  0.0
 0.0  0.0  0.0  0.0
 0.0  0.0  0.0  0.0
 0.0  0.0  0.0  0.0
 0.0  0.0  0.0  0.0
 0.0  0.0  0.0  0.0
 0.0  0.0  0.0  0.0
 0.0  0.0  0.0  0.0
 0.0  0.0  0.0  0.0
 0.0  0.0  0.0  0.0
 0.0  0.0  0.0  0.0
 0.0  0.0  0.0  0.0
 0.0  0.0  0.0  0.0
 0.0  0.0  0.0  0.0
 0.0  0.0  0.0  0.0
 0.0  0.0  0.0  0.0
 0.0  0.0  0.0  0.0
 0.0  0.0  0.0  0.0
 0.0  0.0  0.0  0.0
 0.0  0.0  0.0  0.0
 0.0  0.0  0.0  0.0
 0.0  0.0  0.0  0.0
 0.0  0.0  0.0  0.0
 0.0  0.0  0.0  0.0
 0.0  0.0  0.0  0.0
 0.0  0.0  0.0  0.0
 0.0  0.0  0.0  0.0
 0.0  0.0  0.0  0.0
 0.0  0.0  0.0  0.0
 0.0  0.0  0.0  0.0
 0.0  0.0  0.0  0.0
 0.0  0.0  0.0  0.0
 0.0  0.0  0.0  0.0
 0.0  0.0  0.0  0.0
 0.0  0.0  0.0  0.0
 0.0  0.0  0.0  0.0
 0.0  0.0  0.0  0.0
 0.0  0.0  0.0  0.0
 0.0  0.0  0.0  0.0
 0.0  0.0  0.0  0.0
 0.0  0.0  0.0  0.0
 0.0  0.0  0.0  0.0

Imaginary part of initial state(s):
160×4 Matrix{Float64}:
 0.0  0.0  0.0  0.0
 0.0  0.0  0.0  0.0
 0.0  0.0  0.0  0.0
 0.0  0.0  0.0  0.0
 0.0  0.0  0.0  0.0
 0.0  0.0  0.0  0.0
 0.0  0.0  0.0  0.0
 0.0  0.0  0.0  0.0
 0.0  0.0  0.0  0.0
 0.0  0.0  0.0  0.0
 0.0  0.0  0.0  0.0
 0.0  0.0  0.0  0.0
 0.0  0.0  0.0  0.0
 0.0  0.0  0.0  0.0
 0.0  0.0  0.0  0.0
 0.0  0.0  0.0  0.0
 0.0  0.0  0.0  0.0
 0.0  0.0  0.0  0.0
 0.0  0.0  0.0  0.0
 0.0  0.0  0.0  0.0
 0.0  0.0  0.0  0.0
 0.0  0.0  0.0  0.0
 0.0  0.0  0.0  0.0
 0.0  0.0  0.0  0.0
 0.0  0.0  0.0  0.0
 0.0  0.0  0.0  0.0
 0.0  0.0  0.0  0.0
 0.0  0.0  0.0  0.0
 0.0  0.0  0.0  0.0
 0.0  0.0  0.0  0.0
 0.0  0.0  0.0  0.0
 0.0  0.0  0.0  0.0
 0.0  0.0  0.0  0.0
 0.0  0.0  0.0  0.0
 0.0  0.0  0.0  0.0
 0.0  0.0  0.0  0.0
 0.0  0.0  0.0  0.0
 0.0  0.0  0.0  0.0
 0.0  0.0  0.0  0.0
 0.0  0.0  0.0  0.0
 0.0  0.0  0.0  0.0
 0.0  0.0  0.0  0.0
 0.0  0.0  0.0  0.0
 0.0  0.0  0.0  0.0
 0.0  0.0  0.0  0.0
 0.0  0.0  0.0  0.0
 0.0  0.0  0.0  0.0
 0.0  0.0  0.0  0.0
 0.0  0.0  0.0  0.0
 0.0  0.0  0.0  0.0
 0.0  0.0  0.0  0.0
 0.0  0.0  0.0  0.0
 0.0  0.0  0.0  0.0
 0.0  0.0  0.0  0.0
 0.0  0.0  0.0  0.0
 0.0  0.0  0.0  0.0
 0.0  0.0  0.0  0.0
 0.0  0.0  0.0  0.0
 0.0  0.0  0.0  0.0
 0.0  0.0  0.0  0.0
 0.0  0.0  0.0  0.0
 0.0  0.0  0.0  0.0
 0.0  0.0  0.0  0.0
 0.0  0.0  0.0  0.0
 0.0  0.0  0.0  0.0
 0.0  0.0  0.0  0.0
 0.0  0.0  0.0  0.0
 0.0  0.0  0.0  0.0
 0.0  0.0  0.0  0.0
 0.0  0.0  0.0  0.0
 0.0  0.0  0.0  0.0
 0.0  0.0  0.0  0.0
 0.0  0.0  0.0  0.0
 0.0  0.0  0.0  0.0
 0.0  0.0  0.0  0.0
 0.0  0.0  0.0  0.0
 0.0  0.0  0.0  0.0
 0.0  0.0  0.0  0.0
 0.0  0.0  0.0  0.0
 0.0  0.0  0.0  0.0
 0.0  0.0  0.0  0.0
 0.0  0.0  0.0  0.0
 0.0  0.0  0.0  0.0
 0.0  0.0  0.0  0.0
 0.0  0.0  0.0  0.0
 0.0  0.0  0.0  0.0
 0.0  0.0  0.0  0.0
 0.0  0.0  0.0  0.0
 0.0  0.0  0.0  0.0
 0.0  0.0  0.0  0.0
 0.0  0.0  0.0  0.0
 0.0  0.0  0.0  0.0
 0.0  0.0  0.0  0.0
 0.0  0.0  0.0  0.0
 0.0  0.0  0.0  0.0
 0.0  0.0  0.0  0.0
 0.0  0.0  0.0  0.0
 0.0  0.0  0.0  0.0
 0.0  0.0  0.0  0.0
 0.0  0.0  0.0  0.0
 0.0  0.0  0.0  0.0
 0.0  0.0  0.0  0.0
 0.0  0.0  0.0  0.0
 0.0  0.0  0.0  0.0
 0.0  0.0  0.0  0.0
 0.0  0.0  0.0  0.0
 0.0  0.0  0.0  0.0
 0.0  0.0  0.0  0.0
 0.0  0.0  0.0  0.0
 0.0  0.0  0.0  0.0
 0.0  0.0  0.0  0.0
 0.0  0.0  0.0  0.0
 0.0  0.0  0.0  0.0
 0.0  0.0  0.0  0.0
 0.0  0.0  0.0  0.0
 0.0  0.0  0.0  0.0
 0.0  0.0  0.0  0.0
 0.0  0.0  0.0  0.0
 0.0  0.0  0.0  0.0
 0.0  0.0  0.0  0.0
 0.0  0.0  0.0  0.0
 0.0  0.0  0.0  0.0
 0.0  0.0  0.0  0.0
 0.0  0.0  0.0  0.0
 0.0  0.0  0.0  0.0
 0.0  0.0  0.0  0.0
 0.0  0.0  0.0  0.0
 0.0  0.0  0.0  0.0
 0.0  0.0  0.0  0.0
 0.0  0.0  0.0  0.0
 0.0  0.0  0.0  0.0
 0.0  0.0  0.0  0.0
 0.0  0.0  0.0  0.0
 0.0  0.0  0.0  0.0
 0.0  0.0  0.0  0.0
 0.0  0.0  0.0  0.0
 0.0  0.0  0.0  0.0
 0.0  0.0  0.0  0.0
 0.0  0.0  0.0  0.0
 0.0  0.0  0.0  0.0
 0.0  0.0  0.0  0.0
 0.0  0.0  0.0  0.0
 0.0  0.0  0.0  0.0
 0.0  0.0  0.0  0.0
 0.0  0.0  0.0  0.0
 0.0  0.0  0.0  0.0
 0.0  0.0  0.0  0.0
 0.0  0.0  0.0  0.0
 0.0  0.0  0.0  0.0
 0.0  0.0  0.0  0.0
 0.0  0.0  0.0  0.0
 0.0  0.0  0.0  0.0
 0.0  0.0  0.0  0.0
 0.0  0.0  0.0  0.0
 0.0  0.0  0.0  0.0
 0.0  0.0  0.0  0.0
 0.0  0.0  0.0  0.0
 0.0  0.0  0.0  0.0
 0.0  0.0  0.0  0.0
 0.0  0.0  0.0  0.0

Final time: 550.0
Number of timesteps: 34356
Number of initial condtions: 4
Number of essential levels: 4
Total number of levels: 160
Number of control Hamiltonians: 3
Size of real-valued system: 320
GMRES abstol: 1.0e-15
GMRES reltol: 1.0e-15
Preconditioner type: DiagonalHamiltonianPreconditioner


******************************************************************************
This program contains Ipopt, a library for large-scale nonlinear optimization.
 Ipopt is released as open source code under the Eclipse Public License (EPL).
         For more information visit https://github.com/coin-or/Ipopt
******************************************************************************

This is Ipopt version 3.14.19, running with linear solver MUMPS 5.8.1.

Number of nonzeros in equality constraint Jacobian...:        0
Number of nonzeros in inequality constraint Jacobian.:        0
Number of nonzeros in Lagrangian Hessian.............:        0

Total number of variables............................:      288
                     variables with only lower bounds:        0
                variables with lower and upper bounds:      288
                     variables with only upper bounds:        0
Total number of equality constraints.................:        0
Total number of inequality constraints...............:        0
        inequality constraints with only lower bounds:        0
   inequality constraints with lower and upper bounds:        0
        inequality constraints with only upper bounds:        0

iter    objective    inf_pr   inf_du lg(mu)  ||d||  lg(rg) alpha_du alpha_pr  ls
   0  9.9743793e-01 0.00e+00 1.04e+00   0.0 0.00e+00    -  0.00e+00 0.00e+00   0
   1  9.2304230e-01 0.00e+00 4.01e+00  -1.6 2.78e-02    -  9.91e-01 2.50e-01f  3
   2  9.0172019e-01 0.00e+00 6.62e+00  -2.6 7.64e-03    -  1.00e+00 1.25e-01f  4
   3  8.6038351e-01 0.00e+00 8.99e+00  -3.2 5.85e-03    -  1.00e+00 2.50e-01f  3
   4  7.4182220e-01 0.00e+00 5.37e+00  -4.4 1.13e-03    -  1.00e+00 1.00e+00f  1
   5  6.7440703e-01 0.00e+00 9.58e+00  -5.6 3.00e-03    -  1.00e+00 5.00e-01f  2
   6  6.1854245e-01 0.00e+00 6.86e+00  -7.0 1.16e-03    -  1.00e+00 1.00e+00f  1
   7  5.7023984e-01 0.00e+00 3.09e+00  -8.3 1.05e-03    -  1.00e+00 1.00e+00f  1
   8  5.3444441e-01 0.00e+00 3.00e+00  -9.8 6.09e-04    -  1.00e+00 1.00e+00f  1
   9  5.3045680e-01 0.00e+00 4.40e+00 -11.0 1.86e-03    -  1.00e+00 1.00e+00f  1
iter    objective    inf_pr   inf_du lg(mu)  ||d||  lg(rg) alpha_du alpha_pr  ls
  10  5.1444742e-01 0.00e+00 3.61e+00 -11.0 1.08e-03    -  1.00e+00 1.00e+00f  1
  11  4.9933666e-01 0.00e+00 3.19e+00 -11.0 6.42e-04    -  1.00e+00 1.00e+00f  1
  12  4.8506176e-01 0.00e+00 1.93e+00 -11.0 4.40e-04    -  1.00e+00 1.00e+00f  1
  13  4.7800460e-01 0.00e+00 1.48e+00 -11.0 5.73e-04    -  1.00e+00 1.00e+00f  1
  14  4.6696090e-01 0.00e+00 2.60e+00 -11.0 1.55e-03    -  1.00e+00 1.00e+00f  1
  15  4.5949555e-01 0.00e+00 6.27e+00 -11.0 6.16e-03    -  1.00e+00 5.00e-01f  2
  16  4.5079380e-01 0.00e+00 6.37e+00 -11.0 6.84e-03    -  1.00e+00 5.00e-01f  2
  17  4.3106569e-01 0.00e+00 7.66e+00 -11.0 3.54e-03    -  1.00e+00 5.00e-01f  2
  18  3.7115059e-01 0.00e+00 7.19e+00 -11.0 1.64e-03    -  1.00e+00 1.00e+00f  1
  19  3.3521414e-01 0.00e+00 6.37e+00 -11.0 2.81e-03    -  1.00e+00 1.00e+00f  1
iter    objective    inf_pr   inf_du lg(mu)  ||d||  lg(rg) alpha_du alpha_pr  ls
  20  2.8586723e-01 0.00e+00 4.91e+00 -11.0 2.14e-03    -  1.00e+00 5.00e-01f  2
  21  2.6559149e-01 0.00e+00 7.31e+00 -11.0 3.96e-03    -  1.00e+00 5.00e-01f  2
  22  2.5226592e-01 0.00e+00 8.70e+00 -11.0 3.27e-03    -  1.00e+00 1.00e+00f  1
  23  1.9576314e-01 0.00e+00 9.24e+00 -11.0 2.50e-03    -  1.00e+00 5.00e-01f  2
  24  1.4853933e-01 0.00e+00 5.36e+00 -11.0 2.02e-03    -  1.00e+00 5.00e-01f  2
  25  1.2022561e-01 0.00e+00 3.28e+00 -11.0 6.24e-04    -  1.00e+00 1.00e+00f  1
  26  9.3029480e-02 0.00e+00 2.86e+00 -11.0 9.68e-04    -  1.00e+00 1.00e+00f  1
  27  7.7432137e-02 0.00e+00 2.76e+00 -11.0 4.41e-03    -  1.00e+00 2.50e-01f  3
  28  7.2310268e-02 0.00e+00 2.77e+00 -11.0 2.39e-03    -  1.00e+00 2.50e-01f  3
  29  6.6215300e-02 0.00e+00 1.70e+00 -11.0 4.31e-04    -  1.00e+00 1.00e+00f  1
iter    objective    inf_pr   inf_du lg(mu)  ||d||  lg(rg) alpha_du alpha_pr  ls
  30  6.3223445e-02 0.00e+00 2.13e+00 -11.0 7.29e-04    -  1.00e+00 1.00e+00f  1
  31  6.1870585e-02 0.00e+00 4.61e+00 -11.0 5.12e-04    -  1.00e+00 1.00e+00f  1
  32  5.4055976e-02 0.00e+00 2.17e+00 -11.0 3.51e-04    -  1.00e+00 1.00e+00f  1
  33  5.0744376e-02 0.00e+00 1.09e+00 -11.0 2.74e-04    -  1.00e+00 1.00e+00f  1
  34  4.7489185e-02 0.00e+00 1.09e+00 -11.0 3.75e-04    -  1.00e+00 1.00e+00f  1
  35  4.4679619e-02 0.00e+00 2.82e+00 -11.0 2.16e-03    -  1.00e+00 5.00e-01f  2
  36  4.1495209e-02 0.00e+00 3.05e+00 -11.0 3.47e-03    -  1.00e+00 2.50e-01f  3
  37  3.7145906e-02 0.00e+00 3.12e+00 -11.0 2.99e-03    -  1.00e+00 5.00e-01f  2
  38  3.5531410e-02 0.00e+00 4.35e+00 -11.0 1.87e-03    -  1.00e+00 5.00e-01f  2
  39  2.9743091e-02 0.00e+00 2.14e+00 -11.0 4.93e-04    -  1.00e+00 1.00e+00f  1
iter    objective    inf_pr   inf_du lg(mu)  ||d||  lg(rg) alpha_du alpha_pr  ls
  40  2.7178886e-02 0.00e+00 1.30e+00 -11.0 2.96e-04    -  1.00e+00 1.00e+00f  1
  41  2.5094105e-02 0.00e+00 5.63e-01 -11.0 2.52e-04    -  1.00e+00 1.00e+00f  1
  42  2.3604392e-02 0.00e+00 8.58e-01 -11.0 4.99e-04    -  1.00e+00 1.00e+00f  1
  43  2.1923242e-02 0.00e+00 1.16e+00 -11.0 3.13e-03    -  1.00e+00 2.50e-01f  3
  44  2.0476257e-02 0.00e+00 1.48e+00 -11.0 3.85e-03    -  1.00e+00 2.50e-01f  3
  45  1.8965721e-02 0.00e+00 1.23e+00 -11.0 3.51e-03    -  1.00e+00 5.00e-01f  2
  46  1.8076550e-02 0.00e+00 2.11e+00 -11.0 4.52e-03    -  1.00e+00 2.50e-01f  3
  47  1.5944114e-02 0.00e+00 1.58e+00 -11.0 1.81e-03    -  1.00e+00 5.00e-01f  2
  48  1.2763444e-02 0.00e+00 9.67e-01 -11.0 6.54e-04    -  1.00e+00 1.00e+00f  1
  49  1.1238545e-02 0.00e+00 5.18e-01 -11.0 5.30e-04    -  1.00e+00 1.00e+00f  1
iter    objective    inf_pr   inf_du lg(mu)  ||d||  lg(rg) alpha_du alpha_pr  ls
  50  1.0453223e-02 0.00e+00 4.22e-01 -11.0 1.10e-03    -  1.00e+00 5.00e-01f  2
  51  9.8613905e-03 0.00e+00 6.51e-01 -11.0 2.11e-03    -  1.00e+00 2.50e-01f  3
  52  9.0828584e-03 0.00e+00 1.40e+00 -11.0 3.75e-03    -  1.00e+00 2.50e-01f  3
  53  8.1400406e-03 0.00e+00 8.91e-01 -11.0 5.08e-03    -  1.00e+00 1.25e-01f  4
  54  7.6349237e-03 0.00e+00 6.83e-01 -11.0 3.30e-03    -  1.00e+00 1.25e-01f  4
  55  7.0728311e-03 0.00e+00 5.68e-01 -11.0 7.39e-04    -  1.00e+00 5.00e-01f  2
  56  6.6932032e-03 0.00e+00 5.83e-01 -11.0 7.87e-04    -  1.00e+00 5.00e-01f  2
  57  6.3345543e-03 0.00e+00 4.29e-01 -11.0 4.71e-04    -  1.00e+00 5.00e-01f  2
  58  6.3211460e-03 0.00e+00 5.73e-01 -11.0 3.58e-04    -  1.00e+00 1.00e+00f  1
  59  5.9666000e-03 0.00e+00 2.76e-01 -11.0 3.90e-04    -  1.00e+00 5.00e-01f  2
iter    objective    inf_pr   inf_du lg(mu)  ||d||  lg(rg) alpha_du alpha_pr  ls
  60  5.7567140e-03 0.00e+00 4.52e-01 -11.0 3.21e-04    -  1.00e+00 1.00e+00f  1
  61  5.6435063e-03 0.00e+00 4.08e-01 -11.0 2.14e-04    -  1.00e+00 5.00e-01f  2
  62  5.4564280e-03 0.00e+00 2.17e-01 -11.0 2.36e-04    -  1.00e+00 1.00e+00f  1
  63  5.3673496e-03 0.00e+00 2.73e-01 -11.0 1.02e-03    -  1.00e+00 2.50e-01f  3
  64  5.2468107e-03 0.00e+00 3.51e-01 -11.0 7.62e-04    -  1.00e+00 5.00e-01f  2
  65  4.8472681e-03 0.00e+00 4.67e-01 -11.0 3.37e-03    -  1.00e+00 2.50e-01f  3
  66  4.5359626e-03 0.00e+00 4.98e-01 -11.0 1.02e-02    -  1.00e+00 6.25e-02f  5
  67  4.4425417e-03 0.00e+00 7.16e-01 -11.0 8.32e-03    -  1.00e+00 1.25e-01f  4
  68  4.1823780e-03 0.00e+00 8.02e-01 -11.0 5.79e-03    -  1.00e+00 1.25e-01f  4
  69  3.9044574e-03 0.00e+00 7.09e-01 -11.0 4.50e-03    -  1.00e+00 1.25e-01f  4
iter    objective    inf_pr   inf_du lg(mu)  ||d||  lg(rg) alpha_du alpha_pr  ls
  70  3.6311035e-03 0.00e+00 3.86e-01 -11.0 1.44e-03    -  1.00e+00 2.50e-01f  3
  71  3.4442229e-03 0.00e+00 4.43e-01 -11.0 1.47e-03    -  1.00e+00 1.25e-01f  4
  72  3.2559988e-03 0.00e+00 3.92e-01 -11.0 7.72e-04    -  1.00e+00 5.00e-01f  2
  73  5.1570256e-03 0.00e+00 9.96e-01 -11.0 7.01e-04    -  1.00e+00 1.00e+00w  1
  74  4.2730276e-03 0.00e+00 1.31e+00 -11.0 5.16e-04    -  1.00e+00 1.00e+00w  1
  75  8.9916917e-03 0.00e+00 2.64e+00 -11.0 1.74e-03    -  1.00e+00 1.00e+00w  1
  76  3.0586327e-03 0.00e+00 2.89e-01 -11.0 2.21e-03    -  1.00e+00 2.50e-01f  2
  77  2.9738901e-03 0.00e+00 2.84e-01 -11.0 5.98e-04    -  1.00e+00 2.50e-01f  3
  78  2.7809949e-03 0.00e+00 2.35e-01 -11.0 1.69e-03    -  1.00e+00 2.50e-01f  3
  79  2.7318481e-03 0.00e+00 2.12e-01 -11.0 3.90e-03    -  1.00e+00 6.25e-02f  5
iter    objective    inf_pr   inf_du lg(mu)  ||d||  lg(rg) alpha_du alpha_pr  ls
  80  2.6923571e-03 0.00e+00 1.94e-01 -11.0 2.26e-03    -  1.00e+00 6.25e-02f  5
  81  2.6312884e-03 0.00e+00 2.69e-01 -11.0 1.99e-03    -  1.00e+00 1.25e-01f  4
  82  2.5549017e-03 0.00e+00 2.26e-01 -11.0 3.40e-03    -  1.00e+00 1.25e-01f  4
  83  2.4987352e-03 0.00e+00 3.57e-01 -11.0 2.11e-02    -  1.00e+00 3.12e-02f  6
  84  2.4844087e-03 0.00e+00 4.10e-01 -11.0 2.13e-02    -  1.00e+00 3.12e-02f  6
  85  2.4406634e-03 0.00e+00 3.60e-01 -11.0 7.90e-03    -  1.00e+00 3.12e-02f  6
  86  2.4018346e-03 0.00e+00 3.42e-01 -11.0 1.94e-03    -  1.00e+00 1.25e-01f  4
  87  2.3947796e-03 0.00e+00 4.26e-01 -11.0 1.21e-03    -  1.00e+00 2.50e-01f  3
  88  2.3169755e-03 0.00e+00 2.83e-01 -11.0 1.07e-03    -  1.00e+00 2.50e-01f  3
  89  2.2294995e-03 0.00e+00 3.35e-01 -11.0 1.10e-03    -  1.00e+00 1.25e-01f  4
iter    objective    inf_pr   inf_du lg(mu)  ||d||  lg(rg) alpha_du alpha_pr  ls
  90  2.1355874e-03 0.00e+00 1.82e-01 -11.0 8.41e-04    -  1.00e+00 2.50e-01f  3
  91  2.1069211e-03 0.00e+00 2.13e-01 -11.0 1.05e-03    -  1.00e+00 1.25e-01f  4
  92  2.0720549e-03 0.00e+00 2.14e-01 -11.0 7.90e-04    -  1.00e+00 1.25e-01f  4
  93  2.0402686e-03 0.00e+00 1.42e-01 -11.0 9.82e-04    -  1.00e+00 2.50e-01f  3
  94  2.0114779e-03 0.00e+00 9.59e-02 -11.0 1.73e-03    -  1.00e+00 6.25e-02f  5
  95  2.0102344e-03 0.00e+00 1.74e-01 -11.0 1.44e-03    -  1.00e+00 1.25e-01f  4
  96  4.8320924e-03 0.00e+00 1.18e+00 -11.0 1.94e-03    -  1.00e+00 1.00e+00w  1
  97  1.3119261e-02 0.00e+00 3.26e+00 -11.0 1.38e-03    -  1.00e+00 1.00e+00w  1
  98  1.6153416e-02 0.00e+00 2.44e+00 -11.0 3.63e-03    -  1.00e+00 1.00e+00w  1
  99  1.9583436e-03 0.00e+00 1.68e-01 -11.0 1.23e-02    -  1.00e+00 1.25e-01f  3
iter    objective    inf_pr   inf_du lg(mu)  ||d||  lg(rg) alpha_du alpha_pr  ls
 100  1.9318761e-03 0.00e+00 1.95e-01 -11.0 7.39e-04    -  1.00e+00 2.50e-01f  3
 101  1.8907165e-03 0.00e+00 2.22e-01 -11.0 8.61e-03    -  1.00e+00 6.25e-02f  5
 102  1.8637009e-03 0.00e+00 1.94e-01 -11.0 1.35e-02    -  1.00e+00 1.56e-02f  7
 103  1.8410937e-03 0.00e+00 2.06e-01 -11.0 2.33e-03    -  1.00e+00 3.12e-02f  6
 104  1.8184829e-03 0.00e+00 2.07e-01 -11.0 7.49e-04    -  1.00e+00 1.25e-01f  4
 105  1.7867949e-03 0.00e+00 1.77e-01 -11.0 1.04e-03    -  1.00e+00 2.50e-01f  3
 106  1.7710803e-03 0.00e+00 1.42e-01 -11.0 1.76e-03    -  1.00e+00 6.25e-02f  5
 107  1.7431274e-03 0.00e+00 1.96e-01 -11.0 5.87e-04    -  1.00e+00 2.50e-01f  3
 108  1.7255111e-03 0.00e+00 1.62e-01 -11.0 1.62e-03    -  1.00e+00 6.25e-02f  5
 109  4.1093919e-03 0.00e+00 9.15e-01 -11.0 2.58e-03    -  1.00e+00 1.00e+00w  1
iter    objective    inf_pr   inf_du lg(mu)  ||d||  lg(rg) alpha_du alpha_pr  ls
 110  1.2152674e-02 0.00e+00 2.42e+00 -11.0 1.70e-03    -  1.00e+00 1.00e+00w  1
 111  2.3565749e-02 0.00e+00 3.44e+00 -11.0 4.81e-03    -  1.00e+00 1.00e+00w  1
 112  1.6892941e-03 0.00e+00 1.10e-01 -11.0 9.42e-03    -  1.00e+00 1.25e-01f  3
 113  1.6841540e-03 0.00e+00 1.02e-01 -11.0 1.53e-03    -  1.00e+00 3.12e-02f  6
 114  1.6685823e-03 0.00e+00 1.29e-01 -11.0 8.49e-04    -  1.00e+00 2.50e-01f  3
 115  1.6520603e-03 0.00e+00 1.03e-01 -11.0 1.28e-02    -  1.00e+00 3.12e-02f  6
 116  1.6469620e-03 0.00e+00 8.88e-02 -11.0 3.26e-03    -  1.00e+00 1.56e-02f  7
 117  1.6399967e-03 0.00e+00 1.56e-01 -11.0 3.97e-04    -  1.00e+00 5.00e-01f  2
 118  1.5954491e-03 0.00e+00 1.66e-01 -11.0 3.55e-03    -  1.00e+00 6.25e-02f  5
 119  1.5913946e-03 0.00e+00 2.06e-01 -11.0 2.47e-03    -  1.00e+00 3.12e-02f  6
iter    objective    inf_pr   inf_du lg(mu)  ||d||  lg(rg) alpha_du alpha_pr  ls
 120  1.5872755e-03 0.00e+00 2.22e-01 -11.0 8.33e-04    -  1.00e+00 2.50e-01f  3
 121  1.5537570e-03 0.00e+00 2.11e-01 -11.0 2.14e-03    -  1.00e+00 1.25e-01f  4
 122  1.5446419e-03 0.00e+00 2.51e-01 -11.0 4.09e-03    -  1.00e+00 6.25e-02f  5
 123  1.5299664e-03 0.00e+00 1.44e-01 -11.0 2.61e-03    -  1.00e+00 6.25e-02f  5
 124  1.5107585e-03 0.00e+00 1.45e-01 -11.0 1.30e-03    -  1.00e+00 1.25e-01f  4
 125  1.4914295e-03 0.00e+00 1.70e-01 -11.0 1.29e-03    -  1.00e+00 2.50e-01f  3
 126  1.4809032e-03 0.00e+00 1.49e-01 -11.0 4.90e-03    -  1.00e+00 6.25e-02f  5
 127  1.4647888e-03 0.00e+00 1.72e-01 -11.0 2.98e-03    -  1.00e+00 6.25e-02f  5
 128  1.4618674e-03 0.00e+00 2.37e-01 -11.0 3.60e-03    -  1.00e+00 6.25e-02f  5
 129  1.4536342e-03 0.00e+00 2.41e-01 -11.0 5.69e-03    -  1.00e+00 1.56e-02f  7
iter    objective    inf_pr   inf_du lg(mu)  ||d||  lg(rg) alpha_du alpha_pr  ls
 130  1.4383952e-03 0.00e+00 2.08e-01 -11.0 6.93e-03    -  1.00e+00 6.25e-02f  5
 131  3.5632265e-01 0.00e+00 2.05e+01 -11.0 7.19e-03    -  1.00e+00 1.00e+00w  1
 132  1.8813677e-03 0.00e+00 6.75e-01 -11.0 6.94e-03    -  1.00e+00 1.00e+00w  1
 133  2.2524877e-01 0.00e+00 1.22e+01 -11.0 1.02e-02    -  1.00e+00 1.00e+00w  1
 134  1.4171388e-03 0.00e+00 2.14e-01 -11.0 1.75e-02    -  1.00e+00 1.56e-02f  6
 135  1.4052235e-03 0.00e+00 2.75e-01 -11.0 5.44e-04    -  1.00e+00 1.25e-01f  4
 136  1.3897517e-03 0.00e+00 2.07e-01 -11.0 2.31e-03    -  1.00e+00 6.25e-02f  5
 137  1.3675612e-03 0.00e+00 1.75e-01 -11.0 3.25e-03    -  1.00e+00 6.25e-02f  5
 138  1.3469420e-03 0.00e+00 1.55e-01 -11.0 3.77e-03    -  1.00e+00 6.25e-02f  5
 139  1.3422428e-03 0.00e+00 1.69e-01 -11.0 5.23e-03    -  1.00e+00 7.81e-03f  8
iter    objective    inf_pr   inf_du lg(mu)  ||d||  lg(rg) alpha_du alpha_pr  ls
 140  1.3342292e-03 0.00e+00 1.79e-01 -11.0 1.05e-03    -  1.00e+00 6.25e-02f  5
 141  1.3275841e-03 0.00e+00 1.42e-01 -11.0 1.64e-03    -  1.00e+00 1.25e-01f  4
 142  1.3195785e-03 0.00e+00 9.78e-02 -11.0 7.32e-03    -  1.00e+00 1.56e-02f  7
 143  1.3192015e-03 0.00e+00 1.13e-01 -11.0 3.23e-03    -  1.00e+00 3.12e-02f  6
 144  3.4212046e-03 0.00e+00 9.77e-01 -11.0 1.47e-03    -  1.00e+00 1.00e+00w  1
 145  3.5706612e-02 0.00e+00 4.30e+00 -11.0 4.60e-03    -  1.00e+00 1.00e+00w  1
 146  9.1056556e-02 0.00e+00 6.64e+00 -11.0 8.50e-03    -  1.00e+00 1.00e+00w  1
 147  1.3185253e-03 0.00e+00 1.11e-01 -11.0 6.08e-02    -  1.00e+00 1.25e-01f  3
 148  1.3170778e-03 0.00e+00 1.68e-01 -11.0 3.37e-03    -  1.00e+00 3.12e-02f  6
 149  1.3088945e-03 0.00e+00 1.31e-01 -11.0 1.04e-03    -  1.00e+00 1.25e-01f  4
iter    objective    inf_pr   inf_du lg(mu)  ||d||  lg(rg) alpha_du alpha_pr  ls
 150  1.2962429e-03 0.00e+00 1.43e-01 -11.0 2.84e-03    -  1.00e+00 6.25e-02f  5
 151  1.2831955e-03 0.00e+00 1.84e-01 -11.0 2.20e-03    -  1.00e+00 6.25e-02f  5
 152  1.2757143e-03 0.00e+00 1.88e-01 -11.0 9.12e-04    -  1.00e+00 6.25e-02f  5
 153  1.2721270e-03 0.00e+00 1.31e-01 -11.0 5.54e-04    -  1.00e+00 1.25e-01f  4
 154  1.2632748e-03 0.00e+00 1.43e-01 -11.0 5.73e-04    -  1.00e+00 2.50e-01f  3
 155  1.2476172e-03 0.00e+00 1.04e-01 -11.0 7.90e-04    -  1.00e+00 1.25e-01f  4
 156  1.2384454e-03 0.00e+00 9.05e-02 -11.0 1.17e-03    -  1.00e+00 6.25e-02f  5
 157  2.7465824e-03 0.00e+00 1.34e+00 -11.0 1.13e-03    -  1.00e+00 1.00e+00w  1
 158  2.2925222e-03 0.00e+00 1.13e+00 -11.0 1.61e-03    -  1.00e+00 1.00e+00w  1
 159  3.3116161e-01 0.00e+00 1.24e+01 -11.0 6.10e-03    -  1.00e+00 1.00e+00w  1
iter    objective    inf_pr   inf_du lg(mu)  ||d||  lg(rg) alpha_du alpha_pr  ls
 160  1.2323171e-03 0.00e+00 1.07e-01 -11.0 5.13e-03    -  1.00e+00 6.25e-02f  4
 161  1.2208821e-03 0.00e+00 6.78e-02 -11.0 3.01e-04    -  1.00e+00 5.00e-01f  2
 162  1.2092946e-03 0.00e+00 7.60e-02 -11.0 5.81e-03    -  1.00e+00 3.12e-02f  6
 163  1.2072388e-03 0.00e+00 1.28e-01 -11.0 2.95e-03    -  1.00e+00 3.12e-02f  6
 164  1.2044452e-03 0.00e+00 1.31e-01 -11.0 1.05e-03    -  1.00e+00 6.25e-02f  5
 165  1.1992017e-03 0.00e+00 1.36e-01 -11.0 8.25e-04    -  1.00e+00 6.25e-02f  5
 166  1.1963999e-03 0.00e+00 1.16e-01 -11.0 2.20e-03    -  1.00e+00 6.25e-02f  5
 167  1.1797262e-03 0.00e+00 1.83e-01 -11.0 9.83e-04    -  1.00e+00 1.25e-01f  4
 168  1.1680981e-03 0.00e+00 1.33e-01 -11.0 5.58e-03    -  1.00e+00 3.12e-02f  6
 169  1.1591331e-03 0.00e+00 1.57e-01 -11.0 3.08e-03    -  1.00e+00 3.12e-02f  6
iter    objective    inf_pr   inf_du lg(mu)  ||d||  lg(rg) alpha_du alpha_pr  ls
 170  2.1547525e-02 0.00e+00 3.14e+00 -11.0 3.48e-03    -  1.00e+00 1.00e+00w  1
 171  4.3838020e-03 0.00e+00 1.41e+00 -11.0 2.32e-03    -  1.00e+00 1.00e+00w  1
 172  5.9008539e-01 0.00e+00 1.29e+01 -11.0 5.29e-02    -  1.00e+00 4.63e-01w  1
 173  1.1561999e-03 0.00e+00 1.14e-01 -11.0 1.26e-02    -  1.00e+00 3.12e-02f  5
 174  1.1505550e-03 0.00e+00 1.28e-01 -11.0 5.04e-03    -  1.00e+00 1.56e-02f  7
 175  1.1431576e-03 0.00e+00 1.31e-01 -11.0 7.78e-04    -  1.00e+00 1.25e-01f  4
 176  1.1260769e-03 0.00e+00 9.80e-02 -11.0 4.53e-03    -  1.00e+00 3.12e-02f  6
 177  1.1065576e-03 0.00e+00 1.19e-01 -11.0 7.65e-03    -  1.00e+00 3.12e-02f  6
 178  1.0838149e-03 0.00e+00 9.64e-02 -11.0 1.25e-02    -  1.00e+00 1.56e-02f  7
 179  1.0705955e-03 0.00e+00 1.18e-01 -11.0 1.08e-02    -  1.00e+00 1.56e-02f  7
iter    objective    inf_pr   inf_du lg(mu)  ||d||  lg(rg) alpha_du alpha_pr  ls
 180  1.0633090e-03 0.00e+00 8.59e-02 -11.0 7.56e-03    -  1.00e+00 1.56e-02f  7
 181  1.0551567e-03 0.00e+00 1.13e-01 -11.0 2.42e-03    -  1.00e+00 6.25e-02f  5
 182  1.0478684e-03 0.00e+00 1.22e-01 -11.0 1.28e-02    -  1.00e+00 1.56e-02f  7
 183  4.9448027e-02 0.00e+00 8.00e+00 -11.0 4.99e-03    -  1.00e+00 1.00e+00w  1
 184  1.1709005e-03 0.00e+00 3.77e-01 -11.0 5.26e-03    -  1.00e+00 1.00e+00w  1
 185  3.1257875e-01 0.00e+00 1.36e+01 -11.0 1.17e-02    -  1.00e+00 1.00e+00w  1
 186  1.0419413e-03 0.00e+00 1.44e-01 -11.0 9.25e-03    -  1.00e+00 1.56e-02f  6
 187  1.0329984e-03 0.00e+00 1.40e-01 -11.0 2.02e-03    -  1.00e+00 6.25e-02f  5
 188  1.0234035e-03 0.00e+00 1.71e-01 -11.0 2.06e-02    -  1.00e+00 7.81e-03f  8
 189  1.0203813e-03 0.00e+00 1.39e-01 -11.0 7.08e-03    -  1.00e+00 1.56e-02f  7
iter    objective    inf_pr   inf_du lg(mu)  ||d||  lg(rg) alpha_du alpha_pr  ls
 190  1.0108556e-03 0.00e+00 1.82e-01 -11.0 1.92e-03    -  1.00e+00 6.25e-02f  5
 191  1.0094687e-03 0.00e+00 1.56e-01 -11.0 4.08e-03    -  1.00e+00 3.12e-02f  6
 192  9.9643628e-04 0.00e+00 1.27e-01 -11.0 3.31e-03    -  1.00e+00 6.25e-02f  5
 193  9.8575973e-04 0.00e+00 1.73e-01 -11.0 6.87e-03    -  1.00e+00 1.56e-02f  7
 194  9.8181461e-04 0.00e+00 1.72e-01 -11.0 1.77e-03    -  1.00e+00 6.25e-02f  5
 195  9.8114680e-04 0.00e+00 1.97e-01 -11.0 1.30e-03    -  1.00e+00 1.25e-01f  4
 196  1.5310701e-02 0.00e+00 4.12e+00 -11.0 3.85e-03    -  1.00e+00 1.00e+00w  1
 197  4.7875358e-03 0.00e+00 1.18e+00 -11.0 3.87e-03    -  1.00e+00 1.00e+00w  1
 198  9.9918549e-01 0.00e+00 5.48e-01 -11.0 4.39e-02    -  1.00e+00 1.00e+00w  1
 199  9.6454729e-04 0.00e+00 1.81e-01 -11.0 2.02e-01    -  1.00e+00 6.25e-02f  4
iter    objective    inf_pr   inf_du lg(mu)  ||d||  lg(rg) alpha_du alpha_pr  ls
 200  9.5409705e-04 0.00e+00 1.79e-01 -10.1 6.13e-01    -  1.00e+00 2.78e-04f  8
 201  9.5180109e-04 0.00e+00 2.07e-01 -11.0 1.45e-02    -  1.00e+00 7.81e-03f  8
 202  9.5046197e-04 0.00e+00 1.42e-01 -11.0 2.49e-03    -  1.00e+00 6.25e-02f  5
 203  9.3477846e-04 0.00e+00 1.82e-01 -11.0 2.38e-03    -  1.00e+00 6.25e-02f  5
 204  9.3219161e-04 0.00e+00 1.20e-01 -11.0 2.99e-03    -  1.00e+00 3.12e-02f  6
 205  9.3112987e-04 0.00e+00 1.45e-01 -11.0 5.46e-04    -  1.00e+00 2.50e-01f  3
 206  9.1179925e-04 0.00e+00 1.41e-01 -11.0 1.72e-03    -  1.00e+00 6.25e-02f  5
 207  9.0225213e-04 0.00e+00 1.39e-01 -11.0 4.01e-03    -  1.00e+00 3.12e-02f  6
 208  8.9072128e-04 0.00e+00 9.29e-02 -11.0 2.80e-03    -  1.00e+00 3.12e-02f  6
 209  8.7473676e-04 0.00e+00 8.53e-02 -11.0 1.40e-03    -  1.00e+00 6.25e-02f  5
iter    objective    inf_pr   inf_du lg(mu)  ||d||  lg(rg) alpha_du alpha_pr  ls
 210  8.6252808e-04 0.00e+00 6.31e-02 -11.0 7.13e-04    -  1.00e+00 1.25e-01f  4
 211  8.5329992e-04 0.00e+00 5.36e-02 -11.0 1.51e-03    -  1.00e+00 6.25e-02f  5
 212  8.4668887e-04 0.00e+00 6.62e-02 -11.0 1.61e-03    -  1.00e+00 6.25e-02f  5
 213  8.4633276e-04 0.00e+00 8.54e-02 -11.0 3.21e-03    -  1.00e+00 3.12e-02f  6
 214  8.4554134e-04 0.00e+00 8.67e-02 -11.0 1.83e-03    -  1.00e+00 6.25e-02f  5
 215  8.4223396e-04 0.00e+00 7.54e-02 -11.0 2.10e-03    -  1.00e+00 3.12e-02f  6
 216  8.4010007e-04 0.00e+00 8.93e-02 -11.0 5.81e-03    -  1.00e+00 3.12e-02f  6
 217  8.3879557e-04 0.00e+00 7.13e-02 -11.0 7.34e-03    -  1.00e+00 1.56e-02f  7
 218  1.3475835e-02 0.00e+00 2.92e+00 -11.0 2.34e-03    -  1.00e+00 1.00e+00w  1
 219  1.4806493e-03 0.00e+00 4.98e-01 -11.0 2.49e-03    -  1.00e+00 1.00e+00w  1
iter    objective    inf_pr   inf_du lg(mu)  ||d||  lg(rg) alpha_du alpha_pr  ls
 220  2.6920970e-01 0.00e+00 1.17e+01 -11.0 9.47e-03    -  1.00e+00 1.00e+00w  1
 221  8.3823514e-04 0.00e+00 9.51e-02 -11.0 1.36e-02    -  1.00e+00 3.12e-02f  5
 222  8.2742784e-04 0.00e+00 9.03e-02 -11.0 6.04e-04    -  1.00e+00 2.50e-01f  3
 223  8.2264843e-04 0.00e+00 1.07e-01 -11.0 3.74e-03    -  1.00e+00 1.56e-02f  7
 224  8.0753314e-04 0.00e+00 1.32e-01 -11.0 4.08e-03    -  1.00e+00 6.25e-02f  5
 225  8.0157182e-04 0.00e+00 9.60e-02 -11.0 3.52e-02    -  1.00e+00 4.59e-03f  8
 226  7.9948944e-04 0.00e+00 7.37e-02 -11.0 5.52e-03    -  1.00e+00 1.56e-02f  7
 227  7.9735880e-04 0.00e+00 8.74e-02 -11.0 2.01e-03    -  1.00e+00 3.12e-02f  6
 228  7.9474436e-04 0.00e+00 7.52e-02 -11.0 2.47e-03    -  1.00e+00 3.12e-02f  6
 229  7.9443551e-04 0.00e+00 9.31e-02 -11.0 4.90e-03    -  1.00e+00 1.56e-02f  7
iter    objective    inf_pr   inf_du lg(mu)  ||d||  lg(rg) alpha_du alpha_pr  ls
 230  7.9035602e-04 0.00e+00 8.97e-02 -11.0 8.94e-04    -  1.00e+00 3.12e-02f  6
 231  7.8591252e-04 0.00e+00 7.80e-02 -11.0 6.97e-04    -  1.00e+00 1.25e-01f  4
 232  7.8151927e-04 0.00e+00 7.02e-02 -11.0 2.33e-03    -  1.00e+00 6.25e-02f  5
 233  7.7943029e-04 0.00e+00 8.22e-02 -11.0 6.07e-03    -  1.00e+00 1.56e-02f  7
 234  7.7771509e-04 0.00e+00 6.49e-02 -11.0 6.60e-03    -  1.00e+00 3.12e-02f  6
 235  7.7665676e-04 0.00e+00 7.25e-02 -11.0 2.76e-03    -  1.00e+00 1.56e-02f  7
 236  7.7662240e-04 0.00e+00 9.77e-02 -11.0 5.83e-04    -  1.00e+00 2.50e-01f  3
 237  4.3244941e-03 0.00e+00 1.01e+00 -11.0 2.00e-03    -  1.00e+00 1.00e+00w  1
 238  6.0835242e-03 0.00e+00 2.11e+00 -11.0 3.02e-03    -  1.00e+00 1.00e+00w  1
 239  9.9715741e-01 0.00e+00 8.67e-01 -11.0 2.94e-02    -  1.00e+00 1.00e+00w  1
iter    objective    inf_pr   inf_du lg(mu)  ||d||  lg(rg) alpha_du alpha_pr  ls
 240  7.7046714e-04 0.00e+00 1.18e-01 -11.0 1.12e-01    -  1.00e+00 6.25e-02f  4
 241  7.6834968e-04 0.00e+00 1.07e-01 -11.0 3.24e-03    -  1.00e+00 1.56e-02f  7
 242  7.6724333e-04 0.00e+00 1.63e-01 -10.4 1.07e-01    -  1.00e+00 1.07e-04f 13
 243  7.5729655e-04 0.00e+00 3.18e-02 -10.5 5.42e-06    -  1.00e+00 1.00e+00f  1
 244  7.5585971e-04 0.00e+00 2.73e-02 -11.0 1.72e-06    -  1.00e+00 1.00e+00f  1
 245  7.5465839e-04 0.00e+00 1.14e-01 -11.0 1.20e-05    -  1.00e+00 1.00e+00f  1
 246  7.5261547e-04 0.00e+00 7.05e-02 -11.0 9.10e-06    -  1.00e+00 1.00e+00f  1
 247  7.5026815e-04 0.00e+00 3.97e-02 -11.0 6.05e-06    -  1.00e+00 1.00e+00f  1
 248  7.4930708e-04 0.00e+00 1.30e-02 -11.0 1.95e-06    -  1.00e+00 1.00e+00f  1
 249  7.4882123e-04 0.00e+00 1.28e-02 -11.0 2.29e-06    -  1.00e+00 1.00e+00f  1
iter    objective    inf_pr   inf_du lg(mu)  ||d||  lg(rg) alpha_du alpha_pr  ls
 250  7.4873683e-04 0.00e+00 6.25e-02 -11.0 4.98e-05    -  1.00e+00 2.50e-01f  3
 251  7.4764103e-04 0.00e+00 5.33e-02 -11.0 3.67e-05    -  1.00e+00 5.00e-01f  2
 252  7.4705517e-04 0.00e+00 5.14e-02 -11.0 5.90e-05    -  1.00e+00 2.50e-01f  3
 253  7.4590144e-04 0.00e+00 3.70e-02 -11.0 1.27e-05    -  1.00e+00 2.50e-01f  3
 254  7.4452299e-04 0.00e+00 1.62e-02 -11.0 9.82e-06    -  1.00e+00 1.00e+00f  1
 255  7.4438684e-04 0.00e+00 2.02e-02 -11.0 1.63e-05    -  1.00e+00 2.50e-01f  3
 256  7.4371855e-04 0.00e+00 7.25e-03 -11.0 5.54e-06    -  1.00e+00 1.00e+00f  1
 257  7.4317067e-04 0.00e+00 2.91e-02 -11.0 3.16e-05    -  1.00e+00 5.00e-01f  2
 258  7.4217191e-04 0.00e+00 3.60e-02 -11.0 1.83e-04    -  1.00e+00 2.50e-01f  3
 259  7.4171986e-04 0.00e+00 4.20e-02 -11.0 1.79e-04    -  1.00e+00 6.25e-02f  5
iter    objective    inf_pr   inf_du lg(mu)  ||d||  lg(rg) alpha_du alpha_pr  ls
 260  7.4013094e-04 0.00e+00 2.93e-02 -11.0 2.01e-05    -  1.00e+00 5.00e-01f  2
 261  7.3934043e-04 0.00e+00 3.45e-02 -11.0 2.23e-05    -  1.00e+00 5.00e-01f  2
 262  7.3813499e-04 0.00e+00 3.37e-02 -11.0 8.84e-06    -  1.00e+00 5.00e-01f  2
 263  7.3682637e-04 0.00e+00 2.00e-02 -11.0 1.61e-05    -  1.00e+00 1.00e+00f  1
 264  7.3652956e-04 0.00e+00 2.95e-02 -11.0 3.36e-05    -  1.00e+00 2.50e-01f  3
 265  7.3582096e-04 0.00e+00 2.58e-02 -11.0 4.78e-05    -  1.00e+00 5.00e-01f  2
 266  7.3464232e-04 0.00e+00 2.26e-02 -11.0 2.81e-04    -  1.00e+00 1.25e-01f  4
 267  7.3375423e-04 0.00e+00 2.92e-02 -11.0 2.98e-04    -  1.00e+00 1.25e-01f  4
 268  7.3287855e-04 0.00e+00 3.04e-02 -11.0 1.04e-04    -  1.00e+00 2.50e-01f  3
 269  7.2968043e-04 0.00e+00 2.62e-02 -11.0 1.93e-04    -  1.00e+00 2.50e-01f  3
iter    objective    inf_pr   inf_du lg(mu)  ||d||  lg(rg) alpha_du alpha_pr  ls
 270  7.2796692e-04 0.00e+00 4.47e-02 -11.0 5.06e-04    -  1.00e+00 1.25e-01f  4
 271  7.2492910e-04 0.00e+00 3.62e-02 -11.0 4.55e-04    -  1.00e+00 1.25e-01f  4
 272  7.2233600e-04 0.00e+00 4.89e-02 -11.0 3.07e-04    -  1.00e+00 1.25e-01f  4
 273  7.1928119e-04 0.00e+00 4.42e-02 -11.0 3.81e-04    -  1.00e+00 1.25e-01f  4
 274  1.2727611e-03 0.00e+00 6.77e-01 -11.0 5.78e-04    -  1.00e+00 1.00e+00w  1
 275  1.4645814e-03 0.00e+00 7.03e-01 -11.0 4.01e-04    -  1.00e+00 1.00e+00w  1
 276  2.4749051e-03 0.00e+00 9.90e-01 -11.0 1.01e-03    -  1.00e+00 1.00e+00w  1
 277  7.1715119e-04 0.00e+00 4.29e-02 -11.0 6.40e-04    -  1.00e+00 6.25e-02f  4
 278  7.0865993e-04 0.00e+00 1.59e-02 -11.0 1.38e-04    -  1.00e+00 1.00e+00f  1
 279  7.0735882e-04 0.00e+00 3.71e-02 -11.0 1.47e-03    -  1.00e+00 6.25e-02f  5
iter    objective    inf_pr   inf_du lg(mu)  ||d||  lg(rg) alpha_du alpha_pr  ls
 280  7.0402585e-04 0.00e+00 3.86e-02 -11.0 1.10e-03    -  1.00e+00 6.25e-02f  5
 281  6.9816850e-04 0.00e+00 5.13e-02 -11.0 3.89e-03    -  1.00e+00 6.25e-02f  5
 282  6.9726592e-04 0.00e+00 7.75e-02 -11.0 3.68e-03    -  1.00e+00 3.12e-02f  6
 283  6.9450577e-04 0.00e+00 1.61e-01 -11.0 1.07e-03    -  1.00e+00 2.50e-01f  3
 284  6.8977603e-04 0.00e+00 1.25e-01 -11.0 7.98e-03    -  1.00e+00 1.56e-02f  7
 285  6.8507594e-04 0.00e+00 1.17e-01 -11.0 7.39e-04    -  1.00e+00 1.25e-01f  4
 286  6.7724970e-04 0.00e+00 1.32e-01 -11.0 4.89e-04    -  1.00e+00 2.50e-01f  3
 287  6.6858385e-04 0.00e+00 8.17e-02 -11.0 2.97e-04    -  1.00e+00 2.50e-01f  3
 288  6.6307979e-04 0.00e+00 8.33e-02 -11.0 6.38e-05    -  1.00e+00 5.00e-01f  2
 289  6.5588623e-04 0.00e+00 3.16e-02 -11.0 7.23e-05    -  1.00e+00 1.00e+00f  1
iter    objective    inf_pr   inf_du lg(mu)  ||d||  lg(rg) alpha_du alpha_pr  ls
 290  6.5518744e-04 0.00e+00 3.45e-02 -11.0 1.88e-04    -  1.00e+00 5.00e-01f  2
 291  6.5291434e-04 0.00e+00 5.72e-02 -11.0 8.87e-04    -  1.00e+00 1.25e-01f  4
 292  6.4580294e-04 0.00e+00 6.57e-02 -11.0 3.16e-03    -  1.00e+00 1.25e-01f  4
 293  6.4419757e-04 0.00e+00 7.52e-02 -11.0 9.71e-03    -  1.00e+00 1.56e-02f  7
 294  6.4064127e-04 0.00e+00 4.99e-02 -11.0 1.26e-03    -  1.00e+00 1.25e-01f  4
 295  6.4041296e-04 0.00e+00 7.79e-02 -11.0 2.17e-03    -  1.00e+00 3.12e-02f  6
 296  6.3889611e-04 0.00e+00 7.09e-02 -11.0 1.07e-03    -  1.00e+00 2.50e-01f  3
 297  6.3743647e-04 0.00e+00 6.52e-02 -11.0 1.25e-03    -  1.00e+00 1.56e-02f  7
 298  6.2563915e-04 0.00e+00 7.50e-02 -11.0 8.23e-05    -  1.00e+00 5.00e-01f  2
 299  6.2509480e-04 0.00e+00 7.83e-02 -11.0 4.44e-04    -  1.00e+00 6.25e-02f  5
iter    objective    inf_pr   inf_du lg(mu)  ||d||  lg(rg) alpha_du alpha_pr  ls
 300  2.9485343e-03 0.00e+00 1.09e+00 -11.0 6.01e-04    -  1.00e+00 1.00e+00w  1
 301  7.1794147e-04 0.00e+00 2.49e-01 -11.0 7.89e-04    -  1.00e+00 1.00e+00w  1
 302  9.6572572e-02 0.00e+00 7.95e+00 -11.0 5.88e-03    -  1.00e+00 1.00e+00w  1
 303  6.2017759e-04 0.00e+00 5.11e-02 -11.0 1.06e-02    -  1.00e+00 6.25e-02f  4
 304  6.1974635e-04 0.00e+00 4.59e-02 -11.0 4.08e-04    -  1.00e+00 6.25e-02f  5
 305  6.1935508e-04 0.00e+00 5.05e-02 -11.0 6.53e-04    -  1.00e+00 1.56e-02f  7
 306  6.1774230e-04 0.00e+00 4.00e-02 -11.0 1.50e-04    -  1.00e+00 2.50e-01f  3
 307  6.1662520e-04 0.00e+00 5.42e-02 -11.0 4.19e-04    -  1.00e+00 6.25e-02f  5
 308  6.1497995e-04 0.00e+00 3.25e-02 -11.0 5.65e-04    -  1.00e+00 1.25e-01f  4
 309  6.1436358e-04 0.00e+00 2.21e-02 -11.0 6.52e-03    -  1.00e+00 3.91e-03f  9
iter    objective    inf_pr   inf_du lg(mu)  ||d||  lg(rg) alpha_du alpha_pr  ls
 310  6.1391104e-04 0.00e+00 2.68e-02 -11.0 3.21e-04    -  1.00e+00 6.25e-02f  5

Number of Iterations....: 310

                                   (scaled)                 (unscaled)
Objective...............:   6.1391104119308646e-04    6.1391104119308646e-04
Dual infeasibility......:   2.6794521581217610e-02    2.6794521581217610e-02
Constraint violation....:   0.0000000000000000e+00    0.0000000000000000e+00
Variable bound violation:   0.0000000000000000e+00    0.0000000000000000e+00
Complementarity.........:   1.0188462920550595e-11    1.0188462920550595e-11
Overall NLP error.......:   2.6794521581217610e-02    2.6794521581217610e-02


Number of objective function evaluations             = 1973
Number of objective gradient evaluations             = 311
Number of equality constraint evaluations            = 0
Number of inequality constraint evaluations          = 0
Number of equality constraint Jacobian evaluations   = 0
Number of inequality constraint Jacobian evaluations = 0
Number of Lagrangian Hessian evaluations             = 0
Total seconds in IPOPT                               = 21609.528

EXIT: Maximum wallclock time exceeded.
