Date              = Sat Nov  1 05:02:37 AM EDT 2025
Hostname          = skl-144
Working Directory = /mnt/ffs24/home/leespen1/Research/QuantumGateDesign.jl/cnot3_optimization

Number of Nodes Allocated      = 1
Number of Tasks Per Node       = 1
Number of CPUs Per Task        = 4
Memory per node                = 32768

You are in a SLURM environment. Using job array id to run script.
SLURM Job ID: 63419552
julia --project -e 'using Pkg; Pkg.instantiate()'
julia --project --threads=4 ./cnot3_optimization.jl 6 14 8 5409 --time 6 --D1 16 --rtol 1e-15 --atol 1e-15 --output_directory 63397133 --file_identifier targetError=1e-7 --cost_type GeneralizedInfidelity --levels_cavity 10
Running test with the following arguments:
levels_cavity        => 10
time                 => 6.0
maxiter              => 10000
cost_type            => GeneralizedInfidelity
rtol                 => 1.0e-15
output_directory     => 63397133
file_identifier      => targetError=1e-7
derivative_checker   => false
nsteps               => 5409
order                => 6
atol                 => 1.0e-15
degree               => 14
D1                   => 16
gate_duration        => 550.0
seed                 => 8

*** Constructing CNOT3 Problem ***
Number of time steps: 34356
Carrier frequencies:
	1st ctrl Hamiltonian [GHz]: [0.0, -0.2198, -0.2252]
	2nd ctrl Hamiltonian [GHz]: [0.0, -0.2198, -0.2252]
	3rd ctrl Hamiltonian [GHz]: [0.0, -0.002494, -0.0025244501443665262]
Using random initial pcof with maximum amplitude 0.0005
* Settings *
Frequencies:
	Alice = 4.10595 Bob = 4.81526 Storage = 7.8447
Anharmonic coefficients in the Hamiltonian:
	xa = 0.2198 xb = 0.2252 xs = 2.82986169244768e-5
Coupling coefficients in the Hamiltonian:
	xab = 1.0e-6 xas = 0.002494 xbs = 0.0025244501443665262
Essential states in each subsystem = [2, 2, 1]
Guard states in osc = [2, 2, 9]
Total number of states, Ntot = 160
Total number of guard states, Nguard = 156
Number of B-spline parameters per spline = 16
Total number of parameters = 288
Max parameter amplitudes: maxpar = [0.05, 0.1, 0.1]
Tikhonov coefficients: tik0 (L2) = 0.01
Tolerance in Linear Solver = 1.0e-15
Using a sparse representation of the Hamiltonian matrices
*** Finished Constructing CNOT3 Problem ***

Schrodinger Problem:
SchrodingerProb{SparseArrays.SparseMatrixCSC{Float64, Int64}, Matrix{Float64}, DiagonalHamiltonianPreconditioner}
Type of operators: SparseArrays.SparseMatrixCSC{Float64, Int64}
Type of states: Matrix{Float64} (gate design problem)

System symmetric operator:
160×160 SparseArrays.SparseMatrixCSC{Float64, Int64} with 156 stored entries:
⎡⠐⢄⠀⠀⠀⠀⠀⠀⠀⠀⠀⠀⠀⠀⠀⠀⠀⠀⠀⠀⠀⠀⠀⠀⠀⠀⠀⠀⠀⠀⠀⠀⠀⠀⠀⠀⠀⠀⠀⠀⎤
⎢⠀⠀⠑⢄⠀⠀⠀⠀⠀⠀⠀⠀⠀⠀⠀⠀⠀⠀⠀⠀⠀⠀⠀⠀⠀⠀⠀⠀⠀⠀⠀⠀⠀⠀⠀⠀⠀⠀⠀⠀⎥
⎢⠀⠀⠀⠀⠑⢄⠀⠀⠀⠀⠀⠀⠀⠀⠀⠀⠀⠀⠀⠀⠀⠀⠀⠀⠀⠀⠀⠀⠀⠀⠀⠀⠀⠀⠀⠀⠀⠀⠀⠀⎥
⎢⠀⠀⠀⠀⠀⠀⠑⢄⠀⠀⠀⠀⠀⠀⠀⠀⠀⠀⠀⠀⠀⠀⠀⠀⠀⠀⠀⠀⠀⠀⠀⠀⠀⠀⠀⠀⠀⠀⠀⠀⎥
⎢⠀⠀⠀⠀⠀⠀⠀⠀⠑⢄⠀⠀⠀⠀⠀⠀⠀⠀⠀⠀⠀⠀⠀⠀⠀⠀⠀⠀⠀⠀⠀⠀⠀⠀⠀⠀⠀⠀⠀⠀⎥
⎢⠀⠀⠀⠀⠀⠀⠀⠀⠀⠀⠑⢄⠀⠀⠀⠀⠀⠀⠀⠀⠀⠀⠀⠀⠀⠀⠀⠀⠀⠀⠀⠀⠀⠀⠀⠀⠀⠀⠀⠀⎥
⎢⠀⠀⠀⠀⠀⠀⠀⠀⠀⠀⠀⠀⠑⢄⠀⠀⠀⠀⠀⠀⠀⠀⠀⠀⠀⠀⠀⠀⠀⠀⠀⠀⠀⠀⠀⠀⠀⠀⠀⠀⎥
⎢⠀⠀⠀⠀⠀⠀⠀⠀⠀⠀⠀⠀⠀⠀⠑⢄⠀⠀⠀⠀⠀⠀⠀⠀⠀⠀⠀⠀⠀⠀⠀⠀⠀⠀⠀⠀⠀⠀⠀⠀⎥
⎢⠀⠀⠀⠀⠀⠀⠀⠀⠀⠀⠀⠀⠀⠀⠀⠀⠑⢄⠀⠀⠀⠀⠀⠀⠀⠀⠀⠀⠀⠀⠀⠀⠀⠀⠀⠀⠀⠀⠀⠀⎥
⎢⠀⠀⠀⠀⠀⠀⠀⠀⠀⠀⠀⠀⠀⠀⠀⠀⠀⠀⠑⢄⠀⠀⠀⠀⠀⠀⠀⠀⠀⠀⠀⠀⠀⠀⠀⠀⠀⠀⠀⠀⎥
⎢⠀⠀⠀⠀⠀⠀⠀⠀⠀⠀⠀⠀⠀⠀⠀⠀⠀⠀⠀⠀⠑⢄⠀⠀⠀⠀⠀⠀⠀⠀⠀⠀⠀⠀⠀⠀⠀⠀⠀⠀⎥
⎢⠀⠀⠀⠀⠀⠀⠀⠀⠀⠀⠀⠀⠀⠀⠀⠀⠀⠀⠀⠀⠀⠀⠑⢄⠀⠀⠀⠀⠀⠀⠀⠀⠀⠀⠀⠀⠀⠀⠀⠀⎥
⎢⠀⠀⠀⠀⠀⠀⠀⠀⠀⠀⠀⠀⠀⠀⠀⠀⠀⠀⠀⠀⠀⠀⠀⠀⠑⢄⠀⠀⠀⠀⠀⠀⠀⠀⠀⠀⠀⠀⠀⠀⎥
⎢⠀⠀⠀⠀⠀⠀⠀⠀⠀⠀⠀⠀⠀⠀⠀⠀⠀⠀⠀⠀⠀⠀⠀⠀⠀⠀⠑⢄⠀⠀⠀⠀⠀⠀⠀⠀⠀⠀⠀⠀⎥
⎢⠀⠀⠀⠀⠀⠀⠀⠀⠀⠀⠀⠀⠀⠀⠀⠀⠀⠀⠀⠀⠀⠀⠀⠀⠀⠀⠀⠀⠑⢄⠀⠀⠀⠀⠀⠀⠀⠀⠀⠀⎥
⎢⠀⠀⠀⠀⠀⠀⠀⠀⠀⠀⠀⠀⠀⠀⠀⠀⠀⠀⠀⠀⠀⠀⠀⠀⠀⠀⠀⠀⠀⠀⠑⢄⠀⠀⠀⠀⠀⠀⠀⠀⎥
⎢⠀⠀⠀⠀⠀⠀⠀⠀⠀⠀⠀⠀⠀⠀⠀⠀⠀⠀⠀⠀⠀⠀⠀⠀⠀⠀⠀⠀⠀⠀⠀⠀⠑⢄⠀⠀⠀⠀⠀⠀⎥
⎢⠀⠀⠀⠀⠀⠀⠀⠀⠀⠀⠀⠀⠀⠀⠀⠀⠀⠀⠀⠀⠀⠀⠀⠀⠀⠀⠀⠀⠀⠀⠀⠀⠀⠀⠑⢄⠀⠀⠀⠀⎥
⎢⠀⠀⠀⠀⠀⠀⠀⠀⠀⠀⠀⠀⠀⠀⠀⠀⠀⠀⠀⠀⠀⠀⠀⠀⠀⠀⠀⠀⠀⠀⠀⠀⠀⠀⠀⠀⠑⢄⠀⠀⎥
⎣⠀⠀⠀⠀⠀⠀⠀⠀⠀⠀⠀⠀⠀⠀⠀⠀⠀⠀⠀⠀⠀⠀⠀⠀⠀⠀⠀⠀⠀⠀⠀⠀⠀⠀⠀⠀⠀⠀⠑⢄⎦

System anti-symmetric operator:
160×160 SparseArrays.SparseMatrixCSC{Float64, Int64} with 0 stored entries:
⎡⠀⠀⠀⠀⠀⠀⠀⠀⠀⠀⠀⠀⠀⠀⠀⠀⠀⠀⠀⠀⠀⠀⠀⠀⠀⠀⠀⠀⠀⠀⠀⠀⠀⠀⠀⠀⠀⠀⠀⠀⎤
⎢⠀⠀⠀⠀⠀⠀⠀⠀⠀⠀⠀⠀⠀⠀⠀⠀⠀⠀⠀⠀⠀⠀⠀⠀⠀⠀⠀⠀⠀⠀⠀⠀⠀⠀⠀⠀⠀⠀⠀⠀⎥
⎢⠀⠀⠀⠀⠀⠀⠀⠀⠀⠀⠀⠀⠀⠀⠀⠀⠀⠀⠀⠀⠀⠀⠀⠀⠀⠀⠀⠀⠀⠀⠀⠀⠀⠀⠀⠀⠀⠀⠀⠀⎥
⎢⠀⠀⠀⠀⠀⠀⠀⠀⠀⠀⠀⠀⠀⠀⠀⠀⠀⠀⠀⠀⠀⠀⠀⠀⠀⠀⠀⠀⠀⠀⠀⠀⠀⠀⠀⠀⠀⠀⠀⠀⎥
⎢⠀⠀⠀⠀⠀⠀⠀⠀⠀⠀⠀⠀⠀⠀⠀⠀⠀⠀⠀⠀⠀⠀⠀⠀⠀⠀⠀⠀⠀⠀⠀⠀⠀⠀⠀⠀⠀⠀⠀⠀⎥
⎢⠀⠀⠀⠀⠀⠀⠀⠀⠀⠀⠀⠀⠀⠀⠀⠀⠀⠀⠀⠀⠀⠀⠀⠀⠀⠀⠀⠀⠀⠀⠀⠀⠀⠀⠀⠀⠀⠀⠀⠀⎥
⎢⠀⠀⠀⠀⠀⠀⠀⠀⠀⠀⠀⠀⠀⠀⠀⠀⠀⠀⠀⠀⠀⠀⠀⠀⠀⠀⠀⠀⠀⠀⠀⠀⠀⠀⠀⠀⠀⠀⠀⠀⎥
⎢⠀⠀⠀⠀⠀⠀⠀⠀⠀⠀⠀⠀⠀⠀⠀⠀⠀⠀⠀⠀⠀⠀⠀⠀⠀⠀⠀⠀⠀⠀⠀⠀⠀⠀⠀⠀⠀⠀⠀⠀⎥
⎢⠀⠀⠀⠀⠀⠀⠀⠀⠀⠀⠀⠀⠀⠀⠀⠀⠀⠀⠀⠀⠀⠀⠀⠀⠀⠀⠀⠀⠀⠀⠀⠀⠀⠀⠀⠀⠀⠀⠀⠀⎥
⎢⠀⠀⠀⠀⠀⠀⠀⠀⠀⠀⠀⠀⠀⠀⠀⠀⠀⠀⠀⠀⠀⠀⠀⠀⠀⠀⠀⠀⠀⠀⠀⠀⠀⠀⠀⠀⠀⠀⠀⠀⎥
⎢⠀⠀⠀⠀⠀⠀⠀⠀⠀⠀⠀⠀⠀⠀⠀⠀⠀⠀⠀⠀⠀⠀⠀⠀⠀⠀⠀⠀⠀⠀⠀⠀⠀⠀⠀⠀⠀⠀⠀⠀⎥
⎢⠀⠀⠀⠀⠀⠀⠀⠀⠀⠀⠀⠀⠀⠀⠀⠀⠀⠀⠀⠀⠀⠀⠀⠀⠀⠀⠀⠀⠀⠀⠀⠀⠀⠀⠀⠀⠀⠀⠀⠀⎥
⎢⠀⠀⠀⠀⠀⠀⠀⠀⠀⠀⠀⠀⠀⠀⠀⠀⠀⠀⠀⠀⠀⠀⠀⠀⠀⠀⠀⠀⠀⠀⠀⠀⠀⠀⠀⠀⠀⠀⠀⠀⎥
⎢⠀⠀⠀⠀⠀⠀⠀⠀⠀⠀⠀⠀⠀⠀⠀⠀⠀⠀⠀⠀⠀⠀⠀⠀⠀⠀⠀⠀⠀⠀⠀⠀⠀⠀⠀⠀⠀⠀⠀⠀⎥
⎢⠀⠀⠀⠀⠀⠀⠀⠀⠀⠀⠀⠀⠀⠀⠀⠀⠀⠀⠀⠀⠀⠀⠀⠀⠀⠀⠀⠀⠀⠀⠀⠀⠀⠀⠀⠀⠀⠀⠀⠀⎥
⎢⠀⠀⠀⠀⠀⠀⠀⠀⠀⠀⠀⠀⠀⠀⠀⠀⠀⠀⠀⠀⠀⠀⠀⠀⠀⠀⠀⠀⠀⠀⠀⠀⠀⠀⠀⠀⠀⠀⠀⠀⎥
⎢⠀⠀⠀⠀⠀⠀⠀⠀⠀⠀⠀⠀⠀⠀⠀⠀⠀⠀⠀⠀⠀⠀⠀⠀⠀⠀⠀⠀⠀⠀⠀⠀⠀⠀⠀⠀⠀⠀⠀⠀⎥
⎢⠀⠀⠀⠀⠀⠀⠀⠀⠀⠀⠀⠀⠀⠀⠀⠀⠀⠀⠀⠀⠀⠀⠀⠀⠀⠀⠀⠀⠀⠀⠀⠀⠀⠀⠀⠀⠀⠀⠀⠀⎥
⎢⠀⠀⠀⠀⠀⠀⠀⠀⠀⠀⠀⠀⠀⠀⠀⠀⠀⠀⠀⠀⠀⠀⠀⠀⠀⠀⠀⠀⠀⠀⠀⠀⠀⠀⠀⠀⠀⠀⠀⠀⎥
⎣⠀⠀⠀⠀⠀⠀⠀⠀⠀⠀⠀⠀⠀⠀⠀⠀⠀⠀⠀⠀⠀⠀⠀⠀⠀⠀⠀⠀⠀⠀⠀⠀⠀⠀⠀⠀⠀⠀⠀⠀⎦

Control symmetric operators:
160×160 SparseArrays.SparseMatrixCSC{Float64, Int64} with 240 stored entries:
⎡⠛⣤⠀⠀⠀⠀⠀⠀⠀⠀⠀⠀⠀⠀⠀⠀⠀⠀⠀⠀⠀⠀⠀⠀⠀⠀⠀⠀⠀⠀⠀⠀⠀⠀⠀⠀⠀⠀⠀⠀⎤
⎢⠀⠀⠛⣤⠀⠀⠀⠀⠀⠀⠀⠀⠀⠀⠀⠀⠀⠀⠀⠀⠀⠀⠀⠀⠀⠀⠀⠀⠀⠀⠀⠀⠀⠀⠀⠀⠀⠀⠀⠀⎥
⎢⠀⠀⠀⠀⠛⣤⠀⠀⠀⠀⠀⠀⠀⠀⠀⠀⠀⠀⠀⠀⠀⠀⠀⠀⠀⠀⠀⠀⠀⠀⠀⠀⠀⠀⠀⠀⠀⠀⠀⠀⎥
⎢⠀⠀⠀⠀⠀⠀⠛⣤⠀⠀⠀⠀⠀⠀⠀⠀⠀⠀⠀⠀⠀⠀⠀⠀⠀⠀⠀⠀⠀⠀⠀⠀⠀⠀⠀⠀⠀⠀⠀⠀⎥
⎢⠀⠀⠀⠀⠀⠀⠀⠀⠛⣤⠀⠀⠀⠀⠀⠀⠀⠀⠀⠀⠀⠀⠀⠀⠀⠀⠀⠀⠀⠀⠀⠀⠀⠀⠀⠀⠀⠀⠀⠀⎥
⎢⠀⠀⠀⠀⠀⠀⠀⠀⠀⠀⠛⣤⠀⠀⠀⠀⠀⠀⠀⠀⠀⠀⠀⠀⠀⠀⠀⠀⠀⠀⠀⠀⠀⠀⠀⠀⠀⠀⠀⠀⎥
⎢⠀⠀⠀⠀⠀⠀⠀⠀⠀⠀⠀⠀⠛⣤⠀⠀⠀⠀⠀⠀⠀⠀⠀⠀⠀⠀⠀⠀⠀⠀⠀⠀⠀⠀⠀⠀⠀⠀⠀⠀⎥
⎢⠀⠀⠀⠀⠀⠀⠀⠀⠀⠀⠀⠀⠀⠀⠛⣤⠀⠀⠀⠀⠀⠀⠀⠀⠀⠀⠀⠀⠀⠀⠀⠀⠀⠀⠀⠀⠀⠀⠀⠀⎥
⎢⠀⠀⠀⠀⠀⠀⠀⠀⠀⠀⠀⠀⠀⠀⠀⠀⠛⣤⠀⠀⠀⠀⠀⠀⠀⠀⠀⠀⠀⠀⠀⠀⠀⠀⠀⠀⠀⠀⠀⠀⎥
⎢⠀⠀⠀⠀⠀⠀⠀⠀⠀⠀⠀⠀⠀⠀⠀⠀⠀⠀⠛⣤⠀⠀⠀⠀⠀⠀⠀⠀⠀⠀⠀⠀⠀⠀⠀⠀⠀⠀⠀⠀⎥
⎢⠀⠀⠀⠀⠀⠀⠀⠀⠀⠀⠀⠀⠀⠀⠀⠀⠀⠀⠀⠀⠛⣤⠀⠀⠀⠀⠀⠀⠀⠀⠀⠀⠀⠀⠀⠀⠀⠀⠀⠀⎥
⎢⠀⠀⠀⠀⠀⠀⠀⠀⠀⠀⠀⠀⠀⠀⠀⠀⠀⠀⠀⠀⠀⠀⠛⣤⠀⠀⠀⠀⠀⠀⠀⠀⠀⠀⠀⠀⠀⠀⠀⠀⎥
⎢⠀⠀⠀⠀⠀⠀⠀⠀⠀⠀⠀⠀⠀⠀⠀⠀⠀⠀⠀⠀⠀⠀⠀⠀⠛⣤⠀⠀⠀⠀⠀⠀⠀⠀⠀⠀⠀⠀⠀⠀⎥
⎢⠀⠀⠀⠀⠀⠀⠀⠀⠀⠀⠀⠀⠀⠀⠀⠀⠀⠀⠀⠀⠀⠀⠀⠀⠀⠀⠛⣤⠀⠀⠀⠀⠀⠀⠀⠀⠀⠀⠀⠀⎥
⎢⠀⠀⠀⠀⠀⠀⠀⠀⠀⠀⠀⠀⠀⠀⠀⠀⠀⠀⠀⠀⠀⠀⠀⠀⠀⠀⠀⠀⠛⣤⠀⠀⠀⠀⠀⠀⠀⠀⠀⠀⎥
⎢⠀⠀⠀⠀⠀⠀⠀⠀⠀⠀⠀⠀⠀⠀⠀⠀⠀⠀⠀⠀⠀⠀⠀⠀⠀⠀⠀⠀⠀⠀⠛⣤⠀⠀⠀⠀⠀⠀⠀⠀⎥
⎢⠀⠀⠀⠀⠀⠀⠀⠀⠀⠀⠀⠀⠀⠀⠀⠀⠀⠀⠀⠀⠀⠀⠀⠀⠀⠀⠀⠀⠀⠀⠀⠀⠛⣤⠀⠀⠀⠀⠀⠀⎥
⎢⠀⠀⠀⠀⠀⠀⠀⠀⠀⠀⠀⠀⠀⠀⠀⠀⠀⠀⠀⠀⠀⠀⠀⠀⠀⠀⠀⠀⠀⠀⠀⠀⠀⠀⠛⣤⠀⠀⠀⠀⎥
⎢⠀⠀⠀⠀⠀⠀⠀⠀⠀⠀⠀⠀⠀⠀⠀⠀⠀⠀⠀⠀⠀⠀⠀⠀⠀⠀⠀⠀⠀⠀⠀⠀⠀⠀⠀⠀⠛⣤⠀⠀⎥
⎣⠀⠀⠀⠀⠀⠀⠀⠀⠀⠀⠀⠀⠀⠀⠀⠀⠀⠀⠀⠀⠀⠀⠀⠀⠀⠀⠀⠀⠀⠀⠀⠀⠀⠀⠀⠀⠀⠀⠛⣤⎦

160×160 SparseArrays.SparseMatrixCSC{Float64, Int64} with 240 stored entries:
⎡⢄⠑⢄⠀⠀⠀⠀⠀⠀⠀⠀⠀⠀⠀⠀⠀⠀⠀⠀⠀⠀⠀⠀⠀⠀⠀⠀⠀⠀⠀⠀⠀⠀⠀⠀⠀⠀⠀⠀⠀⎤
⎢⠀⠑⢄⠑⠀⠀⠀⠀⠀⠀⠀⠀⠀⠀⠀⠀⠀⠀⠀⠀⠀⠀⠀⠀⠀⠀⠀⠀⠀⠀⠀⠀⠀⠀⠀⠀⠀⠀⠀⠀⎥
⎢⠀⠀⠀⠀⢄⠑⢄⠀⠀⠀⠀⠀⠀⠀⠀⠀⠀⠀⠀⠀⠀⠀⠀⠀⠀⠀⠀⠀⠀⠀⠀⠀⠀⠀⠀⠀⠀⠀⠀⠀⎥
⎢⠀⠀⠀⠀⠀⠑⢄⠑⠀⠀⠀⠀⠀⠀⠀⠀⠀⠀⠀⠀⠀⠀⠀⠀⠀⠀⠀⠀⠀⠀⠀⠀⠀⠀⠀⠀⠀⠀⠀⠀⎥
⎢⠀⠀⠀⠀⠀⠀⠀⠀⢄⠑⢄⠀⠀⠀⠀⠀⠀⠀⠀⠀⠀⠀⠀⠀⠀⠀⠀⠀⠀⠀⠀⠀⠀⠀⠀⠀⠀⠀⠀⠀⎥
⎢⠀⠀⠀⠀⠀⠀⠀⠀⠀⠑⢄⠑⠀⠀⠀⠀⠀⠀⠀⠀⠀⠀⠀⠀⠀⠀⠀⠀⠀⠀⠀⠀⠀⠀⠀⠀⠀⠀⠀⠀⎥
⎢⠀⠀⠀⠀⠀⠀⠀⠀⠀⠀⠀⠀⢄⠑⢄⠀⠀⠀⠀⠀⠀⠀⠀⠀⠀⠀⠀⠀⠀⠀⠀⠀⠀⠀⠀⠀⠀⠀⠀⠀⎥
⎢⠀⠀⠀⠀⠀⠀⠀⠀⠀⠀⠀⠀⠀⠑⢄⠑⠀⠀⠀⠀⠀⠀⠀⠀⠀⠀⠀⠀⠀⠀⠀⠀⠀⠀⠀⠀⠀⠀⠀⠀⎥
⎢⠀⠀⠀⠀⠀⠀⠀⠀⠀⠀⠀⠀⠀⠀⠀⠀⢄⠑⢄⠀⠀⠀⠀⠀⠀⠀⠀⠀⠀⠀⠀⠀⠀⠀⠀⠀⠀⠀⠀⠀⎥
⎢⠀⠀⠀⠀⠀⠀⠀⠀⠀⠀⠀⠀⠀⠀⠀⠀⠀⠑⢄⠑⠀⠀⠀⠀⠀⠀⠀⠀⠀⠀⠀⠀⠀⠀⠀⠀⠀⠀⠀⠀⎥
⎢⠀⠀⠀⠀⠀⠀⠀⠀⠀⠀⠀⠀⠀⠀⠀⠀⠀⠀⠀⠀⢄⠑⢄⠀⠀⠀⠀⠀⠀⠀⠀⠀⠀⠀⠀⠀⠀⠀⠀⠀⎥
⎢⠀⠀⠀⠀⠀⠀⠀⠀⠀⠀⠀⠀⠀⠀⠀⠀⠀⠀⠀⠀⠀⠑⢄⠑⠀⠀⠀⠀⠀⠀⠀⠀⠀⠀⠀⠀⠀⠀⠀⠀⎥
⎢⠀⠀⠀⠀⠀⠀⠀⠀⠀⠀⠀⠀⠀⠀⠀⠀⠀⠀⠀⠀⠀⠀⠀⠀⢄⠑⢄⠀⠀⠀⠀⠀⠀⠀⠀⠀⠀⠀⠀⠀⎥
⎢⠀⠀⠀⠀⠀⠀⠀⠀⠀⠀⠀⠀⠀⠀⠀⠀⠀⠀⠀⠀⠀⠀⠀⠀⠀⠑⢄⠑⠀⠀⠀⠀⠀⠀⠀⠀⠀⠀⠀⠀⎥
⎢⠀⠀⠀⠀⠀⠀⠀⠀⠀⠀⠀⠀⠀⠀⠀⠀⠀⠀⠀⠀⠀⠀⠀⠀⠀⠀⠀⠀⢄⠑⢄⠀⠀⠀⠀⠀⠀⠀⠀⠀⎥
⎢⠀⠀⠀⠀⠀⠀⠀⠀⠀⠀⠀⠀⠀⠀⠀⠀⠀⠀⠀⠀⠀⠀⠀⠀⠀⠀⠀⠀⠀⠑⢄⠑⠀⠀⠀⠀⠀⠀⠀⠀⎥
⎢⠀⠀⠀⠀⠀⠀⠀⠀⠀⠀⠀⠀⠀⠀⠀⠀⠀⠀⠀⠀⠀⠀⠀⠀⠀⠀⠀⠀⠀⠀⠀⠀⢄⠑⢄⠀⠀⠀⠀⠀⎥
⎢⠀⠀⠀⠀⠀⠀⠀⠀⠀⠀⠀⠀⠀⠀⠀⠀⠀⠀⠀⠀⠀⠀⠀⠀⠀⠀⠀⠀⠀⠀⠀⠀⠀⠑⢄⠑⠀⠀⠀⠀⎥
⎢⠀⠀⠀⠀⠀⠀⠀⠀⠀⠀⠀⠀⠀⠀⠀⠀⠀⠀⠀⠀⠀⠀⠀⠀⠀⠀⠀⠀⠀⠀⠀⠀⠀⠀⠀⠀⢄⠑⢄⠀⎥
⎣⠀⠀⠀⠀⠀⠀⠀⠀⠀⠀⠀⠀⠀⠀⠀⠀⠀⠀⠀⠀⠀⠀⠀⠀⠀⠀⠀⠀⠀⠀⠀⠀⠀⠀⠀⠀⠀⠑⢄⠑⎦

160×160 SparseArrays.SparseMatrixCSC{Float64, Int64} with 288 stored entries:
⎡⠀⠀⠀⠀⠑⢄⠀⠀⠀⠀⠀⠀⠀⠀⠀⠀⠀⠀⠀⠀⠀⠀⠀⠀⠀⠀⠀⠀⠀⠀⠀⠀⠀⠀⠀⠀⠀⠀⠀⠀⎤
⎢⠀⠀⠀⠀⠀⠀⠑⢄⠀⠀⠀⠀⠀⠀⠀⠀⠀⠀⠀⠀⠀⠀⠀⠀⠀⠀⠀⠀⠀⠀⠀⠀⠀⠀⠀⠀⠀⠀⠀⠀⎥
⎢⠑⢄⠀⠀⠀⠀⠀⠀⠑⢄⠀⠀⠀⠀⠀⠀⠀⠀⠀⠀⠀⠀⠀⠀⠀⠀⠀⠀⠀⠀⠀⠀⠀⠀⠀⠀⠀⠀⠀⠀⎥
⎢⠀⠀⠑⢄⠀⠀⠀⠀⠀⠀⠑⢄⠀⠀⠀⠀⠀⠀⠀⠀⠀⠀⠀⠀⠀⠀⠀⠀⠀⠀⠀⠀⠀⠀⠀⠀⠀⠀⠀⠀⎥
⎢⠀⠀⠀⠀⠑⢄⠀⠀⠀⠀⠀⠀⠑⢄⠀⠀⠀⠀⠀⠀⠀⠀⠀⠀⠀⠀⠀⠀⠀⠀⠀⠀⠀⠀⠀⠀⠀⠀⠀⠀⎥
⎢⠀⠀⠀⠀⠀⠀⠑⢄⠀⠀⠀⠀⠀⠀⠑⢄⠀⠀⠀⠀⠀⠀⠀⠀⠀⠀⠀⠀⠀⠀⠀⠀⠀⠀⠀⠀⠀⠀⠀⠀⎥
⎢⠀⠀⠀⠀⠀⠀⠀⠀⠑⢄⠀⠀⠀⠀⠀⠀⠑⢄⠀⠀⠀⠀⠀⠀⠀⠀⠀⠀⠀⠀⠀⠀⠀⠀⠀⠀⠀⠀⠀⠀⎥
⎢⠀⠀⠀⠀⠀⠀⠀⠀⠀⠀⠑⢄⠀⠀⠀⠀⠀⠀⠑⢄⠀⠀⠀⠀⠀⠀⠀⠀⠀⠀⠀⠀⠀⠀⠀⠀⠀⠀⠀⠀⎥
⎢⠀⠀⠀⠀⠀⠀⠀⠀⠀⠀⠀⠀⠑⢄⠀⠀⠀⠀⠀⠀⠑⢄⠀⠀⠀⠀⠀⠀⠀⠀⠀⠀⠀⠀⠀⠀⠀⠀⠀⠀⎥
⎢⠀⠀⠀⠀⠀⠀⠀⠀⠀⠀⠀⠀⠀⠀⠑⢄⠀⠀⠀⠀⠀⠀⠑⢄⠀⠀⠀⠀⠀⠀⠀⠀⠀⠀⠀⠀⠀⠀⠀⠀⎥
⎢⠀⠀⠀⠀⠀⠀⠀⠀⠀⠀⠀⠀⠀⠀⠀⠀⠑⢄⠀⠀⠀⠀⠀⠀⠑⢄⠀⠀⠀⠀⠀⠀⠀⠀⠀⠀⠀⠀⠀⠀⎥
⎢⠀⠀⠀⠀⠀⠀⠀⠀⠀⠀⠀⠀⠀⠀⠀⠀⠀⠀⠑⢄⠀⠀⠀⠀⠀⠀⠑⢄⠀⠀⠀⠀⠀⠀⠀⠀⠀⠀⠀⠀⎥
⎢⠀⠀⠀⠀⠀⠀⠀⠀⠀⠀⠀⠀⠀⠀⠀⠀⠀⠀⠀⠀⠑⢄⠀⠀⠀⠀⠀⠀⠑⢄⠀⠀⠀⠀⠀⠀⠀⠀⠀⠀⎥
⎢⠀⠀⠀⠀⠀⠀⠀⠀⠀⠀⠀⠀⠀⠀⠀⠀⠀⠀⠀⠀⠀⠀⠑⢄⠀⠀⠀⠀⠀⠀⠑⢄⠀⠀⠀⠀⠀⠀⠀⠀⎥
⎢⠀⠀⠀⠀⠀⠀⠀⠀⠀⠀⠀⠀⠀⠀⠀⠀⠀⠀⠀⠀⠀⠀⠀⠀⠑⢄⠀⠀⠀⠀⠀⠀⠑⢄⠀⠀⠀⠀⠀⠀⎥
⎢⠀⠀⠀⠀⠀⠀⠀⠀⠀⠀⠀⠀⠀⠀⠀⠀⠀⠀⠀⠀⠀⠀⠀⠀⠀⠀⠑⢄⠀⠀⠀⠀⠀⠀⠑⢄⠀⠀⠀⠀⎥
⎢⠀⠀⠀⠀⠀⠀⠀⠀⠀⠀⠀⠀⠀⠀⠀⠀⠀⠀⠀⠀⠀⠀⠀⠀⠀⠀⠀⠀⠑⢄⠀⠀⠀⠀⠀⠀⠑⢄⠀⠀⎥
⎢⠀⠀⠀⠀⠀⠀⠀⠀⠀⠀⠀⠀⠀⠀⠀⠀⠀⠀⠀⠀⠀⠀⠀⠀⠀⠀⠀⠀⠀⠀⠑⢄⠀⠀⠀⠀⠀⠀⠑⢄⎥
⎢⠀⠀⠀⠀⠀⠀⠀⠀⠀⠀⠀⠀⠀⠀⠀⠀⠀⠀⠀⠀⠀⠀⠀⠀⠀⠀⠀⠀⠀⠀⠀⠀⠑⢄⠀⠀⠀⠀⠀⠀⎥
⎣⠀⠀⠀⠀⠀⠀⠀⠀⠀⠀⠀⠀⠀⠀⠀⠀⠀⠀⠀⠀⠀⠀⠀⠀⠀⠀⠀⠀⠀⠀⠀⠀⠀⠀⠑⢄⠀⠀⠀⠀⎦



Control anti-symmetric operators:
160×160 SparseArrays.SparseMatrixCSC{Float64, Int64} with 240 stored entries:
⎡⠛⣤⠀⠀⠀⠀⠀⠀⠀⠀⠀⠀⠀⠀⠀⠀⠀⠀⠀⠀⠀⠀⠀⠀⠀⠀⠀⠀⠀⠀⠀⠀⠀⠀⠀⠀⠀⠀⠀⠀⎤
⎢⠀⠀⠛⣤⠀⠀⠀⠀⠀⠀⠀⠀⠀⠀⠀⠀⠀⠀⠀⠀⠀⠀⠀⠀⠀⠀⠀⠀⠀⠀⠀⠀⠀⠀⠀⠀⠀⠀⠀⠀⎥
⎢⠀⠀⠀⠀⠛⣤⠀⠀⠀⠀⠀⠀⠀⠀⠀⠀⠀⠀⠀⠀⠀⠀⠀⠀⠀⠀⠀⠀⠀⠀⠀⠀⠀⠀⠀⠀⠀⠀⠀⠀⎥
⎢⠀⠀⠀⠀⠀⠀⠛⣤⠀⠀⠀⠀⠀⠀⠀⠀⠀⠀⠀⠀⠀⠀⠀⠀⠀⠀⠀⠀⠀⠀⠀⠀⠀⠀⠀⠀⠀⠀⠀⠀⎥
⎢⠀⠀⠀⠀⠀⠀⠀⠀⠛⣤⠀⠀⠀⠀⠀⠀⠀⠀⠀⠀⠀⠀⠀⠀⠀⠀⠀⠀⠀⠀⠀⠀⠀⠀⠀⠀⠀⠀⠀⠀⎥
⎢⠀⠀⠀⠀⠀⠀⠀⠀⠀⠀⠛⣤⠀⠀⠀⠀⠀⠀⠀⠀⠀⠀⠀⠀⠀⠀⠀⠀⠀⠀⠀⠀⠀⠀⠀⠀⠀⠀⠀⠀⎥
⎢⠀⠀⠀⠀⠀⠀⠀⠀⠀⠀⠀⠀⠛⣤⠀⠀⠀⠀⠀⠀⠀⠀⠀⠀⠀⠀⠀⠀⠀⠀⠀⠀⠀⠀⠀⠀⠀⠀⠀⠀⎥
⎢⠀⠀⠀⠀⠀⠀⠀⠀⠀⠀⠀⠀⠀⠀⠛⣤⠀⠀⠀⠀⠀⠀⠀⠀⠀⠀⠀⠀⠀⠀⠀⠀⠀⠀⠀⠀⠀⠀⠀⠀⎥
⎢⠀⠀⠀⠀⠀⠀⠀⠀⠀⠀⠀⠀⠀⠀⠀⠀⠛⣤⠀⠀⠀⠀⠀⠀⠀⠀⠀⠀⠀⠀⠀⠀⠀⠀⠀⠀⠀⠀⠀⠀⎥
⎢⠀⠀⠀⠀⠀⠀⠀⠀⠀⠀⠀⠀⠀⠀⠀⠀⠀⠀⠛⣤⠀⠀⠀⠀⠀⠀⠀⠀⠀⠀⠀⠀⠀⠀⠀⠀⠀⠀⠀⠀⎥
⎢⠀⠀⠀⠀⠀⠀⠀⠀⠀⠀⠀⠀⠀⠀⠀⠀⠀⠀⠀⠀⠛⣤⠀⠀⠀⠀⠀⠀⠀⠀⠀⠀⠀⠀⠀⠀⠀⠀⠀⠀⎥
⎢⠀⠀⠀⠀⠀⠀⠀⠀⠀⠀⠀⠀⠀⠀⠀⠀⠀⠀⠀⠀⠀⠀⠛⣤⠀⠀⠀⠀⠀⠀⠀⠀⠀⠀⠀⠀⠀⠀⠀⠀⎥
⎢⠀⠀⠀⠀⠀⠀⠀⠀⠀⠀⠀⠀⠀⠀⠀⠀⠀⠀⠀⠀⠀⠀⠀⠀⠛⣤⠀⠀⠀⠀⠀⠀⠀⠀⠀⠀⠀⠀⠀⠀⎥
⎢⠀⠀⠀⠀⠀⠀⠀⠀⠀⠀⠀⠀⠀⠀⠀⠀⠀⠀⠀⠀⠀⠀⠀⠀⠀⠀⠛⣤⠀⠀⠀⠀⠀⠀⠀⠀⠀⠀⠀⠀⎥
⎢⠀⠀⠀⠀⠀⠀⠀⠀⠀⠀⠀⠀⠀⠀⠀⠀⠀⠀⠀⠀⠀⠀⠀⠀⠀⠀⠀⠀⠛⣤⠀⠀⠀⠀⠀⠀⠀⠀⠀⠀⎥
⎢⠀⠀⠀⠀⠀⠀⠀⠀⠀⠀⠀⠀⠀⠀⠀⠀⠀⠀⠀⠀⠀⠀⠀⠀⠀⠀⠀⠀⠀⠀⠛⣤⠀⠀⠀⠀⠀⠀⠀⠀⎥
⎢⠀⠀⠀⠀⠀⠀⠀⠀⠀⠀⠀⠀⠀⠀⠀⠀⠀⠀⠀⠀⠀⠀⠀⠀⠀⠀⠀⠀⠀⠀⠀⠀⠛⣤⠀⠀⠀⠀⠀⠀⎥
⎢⠀⠀⠀⠀⠀⠀⠀⠀⠀⠀⠀⠀⠀⠀⠀⠀⠀⠀⠀⠀⠀⠀⠀⠀⠀⠀⠀⠀⠀⠀⠀⠀⠀⠀⠛⣤⠀⠀⠀⠀⎥
⎢⠀⠀⠀⠀⠀⠀⠀⠀⠀⠀⠀⠀⠀⠀⠀⠀⠀⠀⠀⠀⠀⠀⠀⠀⠀⠀⠀⠀⠀⠀⠀⠀⠀⠀⠀⠀⠛⣤⠀⠀⎥
⎣⠀⠀⠀⠀⠀⠀⠀⠀⠀⠀⠀⠀⠀⠀⠀⠀⠀⠀⠀⠀⠀⠀⠀⠀⠀⠀⠀⠀⠀⠀⠀⠀⠀⠀⠀⠀⠀⠀⠛⣤⎦

160×160 SparseArrays.SparseMatrixCSC{Float64, Int64} with 240 stored entries:
⎡⢄⠑⢄⠀⠀⠀⠀⠀⠀⠀⠀⠀⠀⠀⠀⠀⠀⠀⠀⠀⠀⠀⠀⠀⠀⠀⠀⠀⠀⠀⠀⠀⠀⠀⠀⠀⠀⠀⠀⠀⎤
⎢⠀⠑⢄⠑⠀⠀⠀⠀⠀⠀⠀⠀⠀⠀⠀⠀⠀⠀⠀⠀⠀⠀⠀⠀⠀⠀⠀⠀⠀⠀⠀⠀⠀⠀⠀⠀⠀⠀⠀⠀⎥
⎢⠀⠀⠀⠀⢄⠑⢄⠀⠀⠀⠀⠀⠀⠀⠀⠀⠀⠀⠀⠀⠀⠀⠀⠀⠀⠀⠀⠀⠀⠀⠀⠀⠀⠀⠀⠀⠀⠀⠀⠀⎥
⎢⠀⠀⠀⠀⠀⠑⢄⠑⠀⠀⠀⠀⠀⠀⠀⠀⠀⠀⠀⠀⠀⠀⠀⠀⠀⠀⠀⠀⠀⠀⠀⠀⠀⠀⠀⠀⠀⠀⠀⠀⎥
⎢⠀⠀⠀⠀⠀⠀⠀⠀⢄⠑⢄⠀⠀⠀⠀⠀⠀⠀⠀⠀⠀⠀⠀⠀⠀⠀⠀⠀⠀⠀⠀⠀⠀⠀⠀⠀⠀⠀⠀⠀⎥
⎢⠀⠀⠀⠀⠀⠀⠀⠀⠀⠑⢄⠑⠀⠀⠀⠀⠀⠀⠀⠀⠀⠀⠀⠀⠀⠀⠀⠀⠀⠀⠀⠀⠀⠀⠀⠀⠀⠀⠀⠀⎥
⎢⠀⠀⠀⠀⠀⠀⠀⠀⠀⠀⠀⠀⢄⠑⢄⠀⠀⠀⠀⠀⠀⠀⠀⠀⠀⠀⠀⠀⠀⠀⠀⠀⠀⠀⠀⠀⠀⠀⠀⠀⎥
⎢⠀⠀⠀⠀⠀⠀⠀⠀⠀⠀⠀⠀⠀⠑⢄⠑⠀⠀⠀⠀⠀⠀⠀⠀⠀⠀⠀⠀⠀⠀⠀⠀⠀⠀⠀⠀⠀⠀⠀⠀⎥
⎢⠀⠀⠀⠀⠀⠀⠀⠀⠀⠀⠀⠀⠀⠀⠀⠀⢄⠑⢄⠀⠀⠀⠀⠀⠀⠀⠀⠀⠀⠀⠀⠀⠀⠀⠀⠀⠀⠀⠀⠀⎥
⎢⠀⠀⠀⠀⠀⠀⠀⠀⠀⠀⠀⠀⠀⠀⠀⠀⠀⠑⢄⠑⠀⠀⠀⠀⠀⠀⠀⠀⠀⠀⠀⠀⠀⠀⠀⠀⠀⠀⠀⠀⎥
⎢⠀⠀⠀⠀⠀⠀⠀⠀⠀⠀⠀⠀⠀⠀⠀⠀⠀⠀⠀⠀⢄⠑⢄⠀⠀⠀⠀⠀⠀⠀⠀⠀⠀⠀⠀⠀⠀⠀⠀⠀⎥
⎢⠀⠀⠀⠀⠀⠀⠀⠀⠀⠀⠀⠀⠀⠀⠀⠀⠀⠀⠀⠀⠀⠑⢄⠑⠀⠀⠀⠀⠀⠀⠀⠀⠀⠀⠀⠀⠀⠀⠀⠀⎥
⎢⠀⠀⠀⠀⠀⠀⠀⠀⠀⠀⠀⠀⠀⠀⠀⠀⠀⠀⠀⠀⠀⠀⠀⠀⢄⠑⢄⠀⠀⠀⠀⠀⠀⠀⠀⠀⠀⠀⠀⠀⎥
⎢⠀⠀⠀⠀⠀⠀⠀⠀⠀⠀⠀⠀⠀⠀⠀⠀⠀⠀⠀⠀⠀⠀⠀⠀⠀⠑⢄⠑⠀⠀⠀⠀⠀⠀⠀⠀⠀⠀⠀⠀⎥
⎢⠀⠀⠀⠀⠀⠀⠀⠀⠀⠀⠀⠀⠀⠀⠀⠀⠀⠀⠀⠀⠀⠀⠀⠀⠀⠀⠀⠀⢄⠑⢄⠀⠀⠀⠀⠀⠀⠀⠀⠀⎥
⎢⠀⠀⠀⠀⠀⠀⠀⠀⠀⠀⠀⠀⠀⠀⠀⠀⠀⠀⠀⠀⠀⠀⠀⠀⠀⠀⠀⠀⠀⠑⢄⠑⠀⠀⠀⠀⠀⠀⠀⠀⎥
⎢⠀⠀⠀⠀⠀⠀⠀⠀⠀⠀⠀⠀⠀⠀⠀⠀⠀⠀⠀⠀⠀⠀⠀⠀⠀⠀⠀⠀⠀⠀⠀⠀⢄⠑⢄⠀⠀⠀⠀⠀⎥
⎢⠀⠀⠀⠀⠀⠀⠀⠀⠀⠀⠀⠀⠀⠀⠀⠀⠀⠀⠀⠀⠀⠀⠀⠀⠀⠀⠀⠀⠀⠀⠀⠀⠀⠑⢄⠑⠀⠀⠀⠀⎥
⎢⠀⠀⠀⠀⠀⠀⠀⠀⠀⠀⠀⠀⠀⠀⠀⠀⠀⠀⠀⠀⠀⠀⠀⠀⠀⠀⠀⠀⠀⠀⠀⠀⠀⠀⠀⠀⢄⠑⢄⠀⎥
⎣⠀⠀⠀⠀⠀⠀⠀⠀⠀⠀⠀⠀⠀⠀⠀⠀⠀⠀⠀⠀⠀⠀⠀⠀⠀⠀⠀⠀⠀⠀⠀⠀⠀⠀⠀⠀⠀⠑⢄⠑⎦

160×160 SparseArrays.SparseMatrixCSC{Float64, Int64} with 288 stored entries:
⎡⠀⠀⠀⠀⠑⢄⠀⠀⠀⠀⠀⠀⠀⠀⠀⠀⠀⠀⠀⠀⠀⠀⠀⠀⠀⠀⠀⠀⠀⠀⠀⠀⠀⠀⠀⠀⠀⠀⠀⠀⎤
⎢⠀⠀⠀⠀⠀⠀⠑⢄⠀⠀⠀⠀⠀⠀⠀⠀⠀⠀⠀⠀⠀⠀⠀⠀⠀⠀⠀⠀⠀⠀⠀⠀⠀⠀⠀⠀⠀⠀⠀⠀⎥
⎢⠑⢄⠀⠀⠀⠀⠀⠀⠑⢄⠀⠀⠀⠀⠀⠀⠀⠀⠀⠀⠀⠀⠀⠀⠀⠀⠀⠀⠀⠀⠀⠀⠀⠀⠀⠀⠀⠀⠀⠀⎥
⎢⠀⠀⠑⢄⠀⠀⠀⠀⠀⠀⠑⢄⠀⠀⠀⠀⠀⠀⠀⠀⠀⠀⠀⠀⠀⠀⠀⠀⠀⠀⠀⠀⠀⠀⠀⠀⠀⠀⠀⠀⎥
⎢⠀⠀⠀⠀⠑⢄⠀⠀⠀⠀⠀⠀⠑⢄⠀⠀⠀⠀⠀⠀⠀⠀⠀⠀⠀⠀⠀⠀⠀⠀⠀⠀⠀⠀⠀⠀⠀⠀⠀⠀⎥
⎢⠀⠀⠀⠀⠀⠀⠑⢄⠀⠀⠀⠀⠀⠀⠑⢄⠀⠀⠀⠀⠀⠀⠀⠀⠀⠀⠀⠀⠀⠀⠀⠀⠀⠀⠀⠀⠀⠀⠀⠀⎥
⎢⠀⠀⠀⠀⠀⠀⠀⠀⠑⢄⠀⠀⠀⠀⠀⠀⠑⢄⠀⠀⠀⠀⠀⠀⠀⠀⠀⠀⠀⠀⠀⠀⠀⠀⠀⠀⠀⠀⠀⠀⎥
⎢⠀⠀⠀⠀⠀⠀⠀⠀⠀⠀⠑⢄⠀⠀⠀⠀⠀⠀⠑⢄⠀⠀⠀⠀⠀⠀⠀⠀⠀⠀⠀⠀⠀⠀⠀⠀⠀⠀⠀⠀⎥
⎢⠀⠀⠀⠀⠀⠀⠀⠀⠀⠀⠀⠀⠑⢄⠀⠀⠀⠀⠀⠀⠑⢄⠀⠀⠀⠀⠀⠀⠀⠀⠀⠀⠀⠀⠀⠀⠀⠀⠀⠀⎥
⎢⠀⠀⠀⠀⠀⠀⠀⠀⠀⠀⠀⠀⠀⠀⠑⢄⠀⠀⠀⠀⠀⠀⠑⢄⠀⠀⠀⠀⠀⠀⠀⠀⠀⠀⠀⠀⠀⠀⠀⠀⎥
⎢⠀⠀⠀⠀⠀⠀⠀⠀⠀⠀⠀⠀⠀⠀⠀⠀⠑⢄⠀⠀⠀⠀⠀⠀⠑⢄⠀⠀⠀⠀⠀⠀⠀⠀⠀⠀⠀⠀⠀⠀⎥
⎢⠀⠀⠀⠀⠀⠀⠀⠀⠀⠀⠀⠀⠀⠀⠀⠀⠀⠀⠑⢄⠀⠀⠀⠀⠀⠀⠑⢄⠀⠀⠀⠀⠀⠀⠀⠀⠀⠀⠀⠀⎥
⎢⠀⠀⠀⠀⠀⠀⠀⠀⠀⠀⠀⠀⠀⠀⠀⠀⠀⠀⠀⠀⠑⢄⠀⠀⠀⠀⠀⠀⠑⢄⠀⠀⠀⠀⠀⠀⠀⠀⠀⠀⎥
⎢⠀⠀⠀⠀⠀⠀⠀⠀⠀⠀⠀⠀⠀⠀⠀⠀⠀⠀⠀⠀⠀⠀⠑⢄⠀⠀⠀⠀⠀⠀⠑⢄⠀⠀⠀⠀⠀⠀⠀⠀⎥
⎢⠀⠀⠀⠀⠀⠀⠀⠀⠀⠀⠀⠀⠀⠀⠀⠀⠀⠀⠀⠀⠀⠀⠀⠀⠑⢄⠀⠀⠀⠀⠀⠀⠑⢄⠀⠀⠀⠀⠀⠀⎥
⎢⠀⠀⠀⠀⠀⠀⠀⠀⠀⠀⠀⠀⠀⠀⠀⠀⠀⠀⠀⠀⠀⠀⠀⠀⠀⠀⠑⢄⠀⠀⠀⠀⠀⠀⠑⢄⠀⠀⠀⠀⎥
⎢⠀⠀⠀⠀⠀⠀⠀⠀⠀⠀⠀⠀⠀⠀⠀⠀⠀⠀⠀⠀⠀⠀⠀⠀⠀⠀⠀⠀⠑⢄⠀⠀⠀⠀⠀⠀⠑⢄⠀⠀⎥
⎢⠀⠀⠀⠀⠀⠀⠀⠀⠀⠀⠀⠀⠀⠀⠀⠀⠀⠀⠀⠀⠀⠀⠀⠀⠀⠀⠀⠀⠀⠀⠑⢄⠀⠀⠀⠀⠀⠀⠑⢄⎥
⎢⠀⠀⠀⠀⠀⠀⠀⠀⠀⠀⠀⠀⠀⠀⠀⠀⠀⠀⠀⠀⠀⠀⠀⠀⠀⠀⠀⠀⠀⠀⠀⠀⠑⢄⠀⠀⠀⠀⠀⠀⎥
⎣⠀⠀⠀⠀⠀⠀⠀⠀⠀⠀⠀⠀⠀⠀⠀⠀⠀⠀⠀⠀⠀⠀⠀⠀⠀⠀⠀⠀⠀⠀⠀⠀⠀⠀⠑⢄⠀⠀⠀⠀⎦



Guard supspace projector:
320×320 SparseArrays.SparseMatrixCSC{Float64, Int64} with 312 stored entries:
⎡⠑⢄⠀⠀⠀⠀⠀⠀⠀⠀⠀⠀⠀⠀⠀⠀⠀⠀⠀⠀⠀⠀⠀⠀⠀⠀⠀⠀⠀⠀⠀⠀⠀⠀⠀⠀⠀⠀⠀⠀⎤
⎢⠀⠀⠑⢄⠀⠀⠀⠀⠀⠀⠀⠀⠀⠀⠀⠀⠀⠀⠀⠀⠀⠀⠀⠀⠀⠀⠀⠀⠀⠀⠀⠀⠀⠀⠀⠀⠀⠀⠀⠀⎥
⎢⠀⠀⠀⠀⠑⢄⠀⠀⠀⠀⠀⠀⠀⠀⠀⠀⠀⠀⠀⠀⠀⠀⠀⠀⠀⠀⠀⠀⠀⠀⠀⠀⠀⠀⠀⠀⠀⠀⠀⠀⎥
⎢⠀⠀⠀⠀⠀⠀⠑⢄⠀⠀⠀⠀⠀⠀⠀⠀⠀⠀⠀⠀⠀⠀⠀⠀⠀⠀⠀⠀⠀⠀⠀⠀⠀⠀⠀⠀⠀⠀⠀⠀⎥
⎢⠀⠀⠀⠀⠀⠀⠀⠀⠑⢄⠀⠀⠀⠀⠀⠀⠀⠀⠀⠀⠀⠀⠀⠀⠀⠀⠀⠀⠀⠀⠀⠀⠀⠀⠀⠀⠀⠀⠀⠀⎥
⎢⠀⠀⠀⠀⠀⠀⠀⠀⠀⠀⠑⢄⠀⠀⠀⠀⠀⠀⠀⠀⠀⠀⠀⠀⠀⠀⠀⠀⠀⠀⠀⠀⠀⠀⠀⠀⠀⠀⠀⠀⎥
⎢⠀⠀⠀⠀⠀⠀⠀⠀⠀⠀⠀⠀⠑⢄⠀⠀⠀⠀⠀⠀⠀⠀⠀⠀⠀⠀⠀⠀⠀⠀⠀⠀⠀⠀⠀⠀⠀⠀⠀⠀⎥
⎢⠀⠀⠀⠀⠀⠀⠀⠀⠀⠀⠀⠀⠀⠀⠑⢄⠀⠀⠀⠀⠀⠀⠀⠀⠀⠀⠀⠀⠀⠀⠀⠀⠀⠀⠀⠀⠀⠀⠀⠀⎥
⎢⠀⠀⠀⠀⠀⠀⠀⠀⠀⠀⠀⠀⠀⠀⠀⠀⠑⢄⠀⠀⠀⠀⠀⠀⠀⠀⠀⠀⠀⠀⠀⠀⠀⠀⠀⠀⠀⠀⠀⠀⎥
⎢⠀⠀⠀⠀⠀⠀⠀⠀⠀⠀⠀⠀⠀⠀⠀⠀⠀⠀⠑⢄⠀⠀⠀⠀⠀⠀⠀⠀⠀⠀⠀⠀⠀⠀⠀⠀⠀⠀⠀⠀⎥
⎢⠀⠀⠀⠀⠀⠀⠀⠀⠀⠀⠀⠀⠀⠀⠀⠀⠀⠀⠀⠀⠑⢄⠀⠀⠀⠀⠀⠀⠀⠀⠀⠀⠀⠀⠀⠀⠀⠀⠀⠀⎥
⎢⠀⠀⠀⠀⠀⠀⠀⠀⠀⠀⠀⠀⠀⠀⠀⠀⠀⠀⠀⠀⠀⠀⠑⢄⠀⠀⠀⠀⠀⠀⠀⠀⠀⠀⠀⠀⠀⠀⠀⠀⎥
⎢⠀⠀⠀⠀⠀⠀⠀⠀⠀⠀⠀⠀⠀⠀⠀⠀⠀⠀⠀⠀⠀⠀⠀⠀⠑⢄⠀⠀⠀⠀⠀⠀⠀⠀⠀⠀⠀⠀⠀⠀⎥
⎢⠀⠀⠀⠀⠀⠀⠀⠀⠀⠀⠀⠀⠀⠀⠀⠀⠀⠀⠀⠀⠀⠀⠀⠀⠀⠀⠑⢄⠀⠀⠀⠀⠀⠀⠀⠀⠀⠀⠀⠀⎥
⎢⠀⠀⠀⠀⠀⠀⠀⠀⠀⠀⠀⠀⠀⠀⠀⠀⠀⠀⠀⠀⠀⠀⠀⠀⠀⠀⠀⠀⠑⢄⠀⠀⠀⠀⠀⠀⠀⠀⠀⠀⎥
⎢⠀⠀⠀⠀⠀⠀⠀⠀⠀⠀⠀⠀⠀⠀⠀⠀⠀⠀⠀⠀⠀⠀⠀⠀⠀⠀⠀⠀⠀⠀⠑⢄⠀⠀⠀⠀⠀⠀⠀⠀⎥
⎢⠀⠀⠀⠀⠀⠀⠀⠀⠀⠀⠀⠀⠀⠀⠀⠀⠀⠀⠀⠀⠀⠀⠀⠀⠀⠀⠀⠀⠀⠀⠀⠀⠑⢄⠀⠀⠀⠀⠀⠀⎥
⎢⠀⠀⠀⠀⠀⠀⠀⠀⠀⠀⠀⠀⠀⠀⠀⠀⠀⠀⠀⠀⠀⠀⠀⠀⠀⠀⠀⠀⠀⠀⠀⠀⠀⠀⠑⢄⠀⠀⠀⠀⎥
⎢⠀⠀⠀⠀⠀⠀⠀⠀⠀⠀⠀⠀⠀⠀⠀⠀⠀⠀⠀⠀⠀⠀⠀⠀⠀⠀⠀⠀⠀⠀⠀⠀⠀⠀⠀⠀⠑⢄⠀⠀⎥
⎣⠀⠀⠀⠀⠀⠀⠀⠀⠀⠀⠀⠀⠀⠀⠀⠀⠀⠀⠀⠀⠀⠀⠀⠀⠀⠀⠀⠀⠀⠀⠀⠀⠀⠀⠀⠀⠀⠀⠑⢄⎦

Real part of initial state(s):
160×4 Matrix{Float64}:
 1.0  0.0  0.0  0.0
 0.0  1.0  0.0  0.0
 0.0  0.0  0.0  0.0
 0.0  0.0  0.0  0.0
 0.0  0.0  1.0  0.0
 0.0  0.0  0.0  1.0
 0.0  0.0  0.0  0.0
 0.0  0.0  0.0  0.0
 0.0  0.0  0.0  0.0
 0.0  0.0  0.0  0.0
 0.0  0.0  0.0  0.0
 0.0  0.0  0.0  0.0
 0.0  0.0  0.0  0.0
 0.0  0.0  0.0  0.0
 0.0  0.0  0.0  0.0
 0.0  0.0  0.0  0.0
 0.0  0.0  0.0  0.0
 0.0  0.0  0.0  0.0
 0.0  0.0  0.0  0.0
 0.0  0.0  0.0  0.0
 0.0  0.0  0.0  0.0
 0.0  0.0  0.0  0.0
 0.0  0.0  0.0  0.0
 0.0  0.0  0.0  0.0
 0.0  0.0  0.0  0.0
 0.0  0.0  0.0  0.0
 0.0  0.0  0.0  0.0
 0.0  0.0  0.0  0.0
 0.0  0.0  0.0  0.0
 0.0  0.0  0.0  0.0
 0.0  0.0  0.0  0.0
 0.0  0.0  0.0  0.0
 0.0  0.0  0.0  0.0
 0.0  0.0  0.0  0.0
 0.0  0.0  0.0  0.0
 0.0  0.0  0.0  0.0
 0.0  0.0  0.0  0.0
 0.0  0.0  0.0  0.0
 0.0  0.0  0.0  0.0
 0.0  0.0  0.0  0.0
 0.0  0.0  0.0  0.0
 0.0  0.0  0.0  0.0
 0.0  0.0  0.0  0.0
 0.0  0.0  0.0  0.0
 0.0  0.0  0.0  0.0
 0.0  0.0  0.0  0.0
 0.0  0.0  0.0  0.0
 0.0  0.0  0.0  0.0
 0.0  0.0  0.0  0.0
 0.0  0.0  0.0  0.0
 0.0  0.0  0.0  0.0
 0.0  0.0  0.0  0.0
 0.0  0.0  0.0  0.0
 0.0  0.0  0.0  0.0
 0.0  0.0  0.0  0.0
 0.0  0.0  0.0  0.0
 0.0  0.0  0.0  0.0
 0.0  0.0  0.0  0.0
 0.0  0.0  0.0  0.0
 0.0  0.0  0.0  0.0
 0.0  0.0  0.0  0.0
 0.0  0.0  0.0  0.0
 0.0  0.0  0.0  0.0
 0.0  0.0  0.0  0.0
 0.0  0.0  0.0  0.0
 0.0  0.0  0.0  0.0
 0.0  0.0  0.0  0.0
 0.0  0.0  0.0  0.0
 0.0  0.0  0.0  0.0
 0.0  0.0  0.0  0.0
 0.0  0.0  0.0  0.0
 0.0  0.0  0.0  0.0
 0.0  0.0  0.0  0.0
 0.0  0.0  0.0  0.0
 0.0  0.0  0.0  0.0
 0.0  0.0  0.0  0.0
 0.0  0.0  0.0  0.0
 0.0  0.0  0.0  0.0
 0.0  0.0  0.0  0.0
 0.0  0.0  0.0  0.0
 0.0  0.0  0.0  0.0
 0.0  0.0  0.0  0.0
 0.0  0.0  0.0  0.0
 0.0  0.0  0.0  0.0
 0.0  0.0  0.0  0.0
 0.0  0.0  0.0  0.0
 0.0  0.0  0.0  0.0
 0.0  0.0  0.0  0.0
 0.0  0.0  0.0  0.0
 0.0  0.0  0.0  0.0
 0.0  0.0  0.0  0.0
 0.0  0.0  0.0  0.0
 0.0  0.0  0.0  0.0
 0.0  0.0  0.0  0.0
 0.0  0.0  0.0  0.0
 0.0  0.0  0.0  0.0
 0.0  0.0  0.0  0.0
 0.0  0.0  0.0  0.0
 0.0  0.0  0.0  0.0
 0.0  0.0  0.0  0.0
 0.0  0.0  0.0  0.0
 0.0  0.0  0.0  0.0
 0.0  0.0  0.0  0.0
 0.0  0.0  0.0  0.0
 0.0  0.0  0.0  0.0
 0.0  0.0  0.0  0.0
 0.0  0.0  0.0  0.0
 0.0  0.0  0.0  0.0
 0.0  0.0  0.0  0.0
 0.0  0.0  0.0  0.0
 0.0  0.0  0.0  0.0
 0.0  0.0  0.0  0.0
 0.0  0.0  0.0  0.0
 0.0  0.0  0.0  0.0
 0.0  0.0  0.0  0.0
 0.0  0.0  0.0  0.0
 0.0  0.0  0.0  0.0
 0.0  0.0  0.0  0.0
 0.0  0.0  0.0  0.0
 0.0  0.0  0.0  0.0
 0.0  0.0  0.0  0.0
 0.0  0.0  0.0  0.0
 0.0  0.0  0.0  0.0
 0.0  0.0  0.0  0.0
 0.0  0.0  0.0  0.0
 0.0  0.0  0.0  0.0
 0.0  0.0  0.0  0.0
 0.0  0.0  0.0  0.0
 0.0  0.0  0.0  0.0
 0.0  0.0  0.0  0.0
 0.0  0.0  0.0  0.0
 0.0  0.0  0.0  0.0
 0.0  0.0  0.0  0.0
 0.0  0.0  0.0  0.0
 0.0  0.0  0.0  0.0
 0.0  0.0  0.0  0.0
 0.0  0.0  0.0  0.0
 0.0  0.0  0.0  0.0
 0.0  0.0  0.0  0.0
 0.0  0.0  0.0  0.0
 0.0  0.0  0.0  0.0
 0.0  0.0  0.0  0.0
 0.0  0.0  0.0  0.0
 0.0  0.0  0.0  0.0
 0.0  0.0  0.0  0.0
 0.0  0.0  0.0  0.0
 0.0  0.0  0.0  0.0
 0.0  0.0  0.0  0.0
 0.0  0.0  0.0  0.0
 0.0  0.0  0.0  0.0
 0.0  0.0  0.0  0.0
 0.0  0.0  0.0  0.0
 0.0  0.0  0.0  0.0
 0.0  0.0  0.0  0.0
 0.0  0.0  0.0  0.0
 0.0  0.0  0.0  0.0
 0.0  0.0  0.0  0.0
 0.0  0.0  0.0  0.0
 0.0  0.0  0.0  0.0
 0.0  0.0  0.0  0.0

Imaginary part of initial state(s):
160×4 Matrix{Float64}:
 0.0  0.0  0.0  0.0
 0.0  0.0  0.0  0.0
 0.0  0.0  0.0  0.0
 0.0  0.0  0.0  0.0
 0.0  0.0  0.0  0.0
 0.0  0.0  0.0  0.0
 0.0  0.0  0.0  0.0
 0.0  0.0  0.0  0.0
 0.0  0.0  0.0  0.0
 0.0  0.0  0.0  0.0
 0.0  0.0  0.0  0.0
 0.0  0.0  0.0  0.0
 0.0  0.0  0.0  0.0
 0.0  0.0  0.0  0.0
 0.0  0.0  0.0  0.0
 0.0  0.0  0.0  0.0
 0.0  0.0  0.0  0.0
 0.0  0.0  0.0  0.0
 0.0  0.0  0.0  0.0
 0.0  0.0  0.0  0.0
 0.0  0.0  0.0  0.0
 0.0  0.0  0.0  0.0
 0.0  0.0  0.0  0.0
 0.0  0.0  0.0  0.0
 0.0  0.0  0.0  0.0
 0.0  0.0  0.0  0.0
 0.0  0.0  0.0  0.0
 0.0  0.0  0.0  0.0
 0.0  0.0  0.0  0.0
 0.0  0.0  0.0  0.0
 0.0  0.0  0.0  0.0
 0.0  0.0  0.0  0.0
 0.0  0.0  0.0  0.0
 0.0  0.0  0.0  0.0
 0.0  0.0  0.0  0.0
 0.0  0.0  0.0  0.0
 0.0  0.0  0.0  0.0
 0.0  0.0  0.0  0.0
 0.0  0.0  0.0  0.0
 0.0  0.0  0.0  0.0
 0.0  0.0  0.0  0.0
 0.0  0.0  0.0  0.0
 0.0  0.0  0.0  0.0
 0.0  0.0  0.0  0.0
 0.0  0.0  0.0  0.0
 0.0  0.0  0.0  0.0
 0.0  0.0  0.0  0.0
 0.0  0.0  0.0  0.0
 0.0  0.0  0.0  0.0
 0.0  0.0  0.0  0.0
 0.0  0.0  0.0  0.0
 0.0  0.0  0.0  0.0
 0.0  0.0  0.0  0.0
 0.0  0.0  0.0  0.0
 0.0  0.0  0.0  0.0
 0.0  0.0  0.0  0.0
 0.0  0.0  0.0  0.0
 0.0  0.0  0.0  0.0
 0.0  0.0  0.0  0.0
 0.0  0.0  0.0  0.0
 0.0  0.0  0.0  0.0
 0.0  0.0  0.0  0.0
 0.0  0.0  0.0  0.0
 0.0  0.0  0.0  0.0
 0.0  0.0  0.0  0.0
 0.0  0.0  0.0  0.0
 0.0  0.0  0.0  0.0
 0.0  0.0  0.0  0.0
 0.0  0.0  0.0  0.0
 0.0  0.0  0.0  0.0
 0.0  0.0  0.0  0.0
 0.0  0.0  0.0  0.0
 0.0  0.0  0.0  0.0
 0.0  0.0  0.0  0.0
 0.0  0.0  0.0  0.0
 0.0  0.0  0.0  0.0
 0.0  0.0  0.0  0.0
 0.0  0.0  0.0  0.0
 0.0  0.0  0.0  0.0
 0.0  0.0  0.0  0.0
 0.0  0.0  0.0  0.0
 0.0  0.0  0.0  0.0
 0.0  0.0  0.0  0.0
 0.0  0.0  0.0  0.0
 0.0  0.0  0.0  0.0
 0.0  0.0  0.0  0.0
 0.0  0.0  0.0  0.0
 0.0  0.0  0.0  0.0
 0.0  0.0  0.0  0.0
 0.0  0.0  0.0  0.0
 0.0  0.0  0.0  0.0
 0.0  0.0  0.0  0.0
 0.0  0.0  0.0  0.0
 0.0  0.0  0.0  0.0
 0.0  0.0  0.0  0.0
 0.0  0.0  0.0  0.0
 0.0  0.0  0.0  0.0
 0.0  0.0  0.0  0.0
 0.0  0.0  0.0  0.0
 0.0  0.0  0.0  0.0
 0.0  0.0  0.0  0.0
 0.0  0.0  0.0  0.0
 0.0  0.0  0.0  0.0
 0.0  0.0  0.0  0.0
 0.0  0.0  0.0  0.0
 0.0  0.0  0.0  0.0
 0.0  0.0  0.0  0.0
 0.0  0.0  0.0  0.0
 0.0  0.0  0.0  0.0
 0.0  0.0  0.0  0.0
 0.0  0.0  0.0  0.0
 0.0  0.0  0.0  0.0
 0.0  0.0  0.0  0.0
 0.0  0.0  0.0  0.0
 0.0  0.0  0.0  0.0
 0.0  0.0  0.0  0.0
 0.0  0.0  0.0  0.0
 0.0  0.0  0.0  0.0
 0.0  0.0  0.0  0.0
 0.0  0.0  0.0  0.0
 0.0  0.0  0.0  0.0
 0.0  0.0  0.0  0.0
 0.0  0.0  0.0  0.0
 0.0  0.0  0.0  0.0
 0.0  0.0  0.0  0.0
 0.0  0.0  0.0  0.0
 0.0  0.0  0.0  0.0
 0.0  0.0  0.0  0.0
 0.0  0.0  0.0  0.0
 0.0  0.0  0.0  0.0
 0.0  0.0  0.0  0.0
 0.0  0.0  0.0  0.0
 0.0  0.0  0.0  0.0
 0.0  0.0  0.0  0.0
 0.0  0.0  0.0  0.0
 0.0  0.0  0.0  0.0
 0.0  0.0  0.0  0.0
 0.0  0.0  0.0  0.0
 0.0  0.0  0.0  0.0
 0.0  0.0  0.0  0.0
 0.0  0.0  0.0  0.0
 0.0  0.0  0.0  0.0
 0.0  0.0  0.0  0.0
 0.0  0.0  0.0  0.0
 0.0  0.0  0.0  0.0
 0.0  0.0  0.0  0.0
 0.0  0.0  0.0  0.0
 0.0  0.0  0.0  0.0
 0.0  0.0  0.0  0.0
 0.0  0.0  0.0  0.0
 0.0  0.0  0.0  0.0
 0.0  0.0  0.0  0.0
 0.0  0.0  0.0  0.0
 0.0  0.0  0.0  0.0
 0.0  0.0  0.0  0.0
 0.0  0.0  0.0  0.0
 0.0  0.0  0.0  0.0
 0.0  0.0  0.0  0.0
 0.0  0.0  0.0  0.0
 0.0  0.0  0.0  0.0

Final time: 550.0
Number of timesteps: 34356
Number of initial condtions: 4
Number of essential levels: 4
Total number of levels: 160
Number of control Hamiltonians: 3
Size of real-valued system: 320
GMRES abstol: 1.0e-15
GMRES reltol: 1.0e-15
Preconditioner type: DiagonalHamiltonianPreconditioner


******************************************************************************
This program contains Ipopt, a library for large-scale nonlinear optimization.
 Ipopt is released as open source code under the Eclipse Public License (EPL).
         For more information visit https://github.com/coin-or/Ipopt
******************************************************************************

This is Ipopt version 3.14.19, running with linear solver MUMPS 5.8.1.

Number of nonzeros in equality constraint Jacobian...:        0
Number of nonzeros in inequality constraint Jacobian.:        0
Number of nonzeros in Lagrangian Hessian.............:        0

Total number of variables............................:      288
                     variables with only lower bounds:        0
                variables with lower and upper bounds:      288
                     variables with only upper bounds:        0
Total number of equality constraints.................:        0
Total number of inequality constraints...............:        0
        inequality constraints with only lower bounds:        0
   inequality constraints with lower and upper bounds:        0
        inequality constraints with only upper bounds:        0

iter    objective    inf_pr   inf_du lg(mu)  ||d||  lg(rg) alpha_du alpha_pr  ls
   0  9.9646426e-01 0.00e+00 7.39e-01   0.0 0.00e+00    -  0.00e+00 0.00e+00   0
   1  9.1301536e-01 0.00e+00 5.75e+00  -1.7 1.92e-02    -  9.93e-01 1.25e-01f  4
   2  9.0036984e-01 0.00e+00 5.04e+00  -3.1 1.50e-03    -  1.00e+00 1.00e+00f  1
   3  8.5066143e-01 0.00e+00 5.88e+00  -4.0 2.64e-03    -  1.00e+00 5.00e-01f  2
   4  7.5344605e-01 0.00e+00 5.10e+00  -5.4 9.75e-04    -  1.00e+00 1.00e+00f  1
   5  7.0720777e-01 0.00e+00 6.47e+00  -7.0 1.58e-03    -  1.00e+00 1.00e+00f  1
   6  6.9023997e-01 0.00e+00 1.17e+01  -8.4 1.72e-03    -  1.00e+00 1.00e+00f  1
   7  6.1126758e-01 0.00e+00 7.90e+00  -9.2 2.12e-03    -  1.00e+00 1.00e+00f  1
   8  5.0346487e-01 0.00e+00 6.37e+00 -10.6 9.17e-04    -  1.00e+00 1.00e+00f  1
   9  4.4645309e-01 0.00e+00 5.96e+00 -11.0 1.69e-03    -  1.00e+00 1.00e+00f  1
iter    objective    inf_pr   inf_du lg(mu)  ||d||  lg(rg) alpha_du alpha_pr  ls
  10  3.8708983e-01 0.00e+00 8.74e+00 -11.0 2.55e-03    -  1.00e+00 1.00e+00f  1
  11  3.2355372e-01 0.00e+00 7.26e+00 -11.0 2.44e-03    -  1.00e+00 5.00e-01f  2
  12  2.9658257e-01 0.00e+00 8.63e+00 -11.0 1.49e-03    -  1.00e+00 1.00e+00f  1
  13  2.3593811e-01 0.00e+00 4.11e+00 -11.0 8.07e-04    -  1.00e+00 1.00e+00f  1
  14  2.2232289e-01 0.00e+00 7.56e+00 -11.0 1.34e-03    -  1.00e+00 1.00e+00f  1
  15  1.8148978e-01 0.00e+00 3.13e+00 -11.0 5.01e-04    -  1.00e+00 1.00e+00f  1
  16  1.6434194e-01 0.00e+00 4.15e+00 -11.0 7.11e-04    -  1.00e+00 1.00e+00f  1
  17  1.4003353e-01 0.00e+00 2.57e+00 -11.0 8.02e-04    -  1.00e+00 1.00e+00f  1
  18  1.3721351e-01 0.00e+00 6.68e+00 -11.0 3.81e-03    -  1.00e+00 1.00e+00f  1
  19  1.1026462e-01 0.00e+00 5.26e+00 -11.0 3.98e-03    -  1.00e+00 2.50e-01f  3
iter    objective    inf_pr   inf_du lg(mu)  ||d||  lg(rg) alpha_du alpha_pr  ls
  20  9.4801463e-02 0.00e+00 6.98e+00 -11.0 1.88e-03    -  1.00e+00 5.00e-01f  2
  21  6.8826490e-02 0.00e+00 1.96e+00 -11.0 1.21e-03    -  1.00e+00 1.00e+00f  1
  22  6.7037775e-02 0.00e+00 2.82e+00 -11.0 3.07e-04    -  1.00e+00 1.00e+00f  1
  23  6.0428333e-02 0.00e+00 1.64e+00 -11.0 3.03e-04    -  1.00e+00 1.00e+00f  1
  24  5.6195280e-02 0.00e+00 2.20e+00 -11.0 6.41e-04    -  1.00e+00 1.00e+00f  1
  25  5.2651246e-02 0.00e+00 2.16e+00 -11.0 1.01e-03    -  1.00e+00 1.00e+00f  1
  26  4.7461205e-02 0.00e+00 2.35e+00 -11.0 1.89e-03    -  1.00e+00 2.50e-01f  3
  27  4.4656535e-02 0.00e+00 1.73e+00 -11.0 9.16e-04    -  1.00e+00 5.00e-01f  2
  28  4.3330845e-02 0.00e+00 2.42e+00 -11.0 4.15e-04    -  1.00e+00 1.00e+00f  1
  29  3.8814104e-02 0.00e+00 1.22e+00 -11.0 3.19e-04    -  1.00e+00 1.00e+00f  1
iter    objective    inf_pr   inf_du lg(mu)  ||d||  lg(rg) alpha_du alpha_pr  ls
  30  3.7051128e-02 0.00e+00 1.39e+00 -11.0 2.48e-04    -  1.00e+00 1.00e+00f  1
  31  3.4617613e-02 0.00e+00 9.15e-01 -11.0 4.48e-04    -  1.00e+00 1.00e+00f  1
  32  3.3154528e-02 0.00e+00 1.78e+00 -11.0 1.16e-03    -  1.00e+00 5.00e-01f  2
  33  3.2568042e-02 0.00e+00 1.49e+00 -11.0 9.24e-04    -  1.00e+00 5.00e-01f  2
  34  2.9636459e-02 0.00e+00 1.24e+00 -11.0 3.19e-04    -  1.00e+00 1.00e+00f  1
  35  2.8623587e-02 0.00e+00 7.84e-01 -11.0 3.16e-04    -  1.00e+00 1.00e+00f  1
  36  2.6942275e-02 0.00e+00 5.46e-01 -11.0 2.32e-04    -  1.00e+00 1.00e+00f  1
  37  2.6292727e-02 0.00e+00 1.40e+00 -11.0 3.99e-04    -  1.00e+00 1.00e+00f  1
  38  2.3649126e-02 0.00e+00 9.56e-01 -11.0 9.48e-04    -  1.00e+00 1.00e+00f  1
  39  2.1650083e-02 0.00e+00 1.22e+00 -11.0 5.82e-03    -  1.00e+00 1.25e-01f  4
iter    objective    inf_pr   inf_du lg(mu)  ||d||  lg(rg) alpha_du alpha_pr  ls
  40  2.0311204e-02 0.00e+00 1.37e+00 -11.0 2.17e-03    -  1.00e+00 2.50e-01f  3
  41  1.9699458e-02 0.00e+00 2.41e+00 -11.0 1.39e-03    -  1.00e+00 5.00e-01f  2
  42  1.7787371e-02 0.00e+00 1.98e+00 -11.0 1.12e-03    -  1.00e+00 5.00e-01f  2
  43  1.7589564e-02 0.00e+00 1.66e+00 -11.0 1.41e-03    -  1.00e+00 5.00e-01f  2
  44  1.6898025e-02 0.00e+00 1.56e+00 -11.0 5.07e-04    -  1.00e+00 1.00e+00f  1
  45  1.4964294e-02 0.00e+00 8.70e-01 -11.0 3.32e-04    -  1.00e+00 5.00e-01f  2
  46  1.3905490e-02 0.00e+00 5.10e-01 -11.0 7.72e-04    -  1.00e+00 1.00e+00f  1
  47  1.3571570e-02 0.00e+00 1.02e+00 -11.0 1.61e-03    -  1.00e+00 5.00e-01f  2
  48  1.2911443e-02 0.00e+00 1.39e+00 -11.0 1.37e-03    -  1.00e+00 5.00e-01f  2
  49  1.2494451e-02 0.00e+00 2.02e+00 -11.0 2.75e-03    -  1.00e+00 5.00e-01f  2
iter    objective    inf_pr   inf_du lg(mu)  ||d||  lg(rg) alpha_du alpha_pr  ls
  50  1.1264837e-02 0.00e+00 9.14e-01 -11.0 1.86e-03    -  1.00e+00 2.50e-01f  3
  51  9.5447197e-03 0.00e+00 7.84e-01 -11.0 6.99e-04    -  1.00e+00 1.00e+00f  1
  52  8.9587237e-03 0.00e+00 6.54e-01 -11.0 3.51e-04    -  1.00e+00 1.00e+00f  1
  53  8.1829019e-03 0.00e+00 3.01e-01 -11.0 5.77e-04    -  1.00e+00 1.00e+00f  1
  54  7.9701448e-03 0.00e+00 6.36e-01 -11.0 1.17e-03    -  1.00e+00 5.00e-01f  2
  55  7.7358000e-03 0.00e+00 6.24e-01 -11.0 9.38e-04    -  1.00e+00 2.50e-01f  3
  56  7.5352141e-03 0.00e+00 1.26e+00 -11.0 8.19e-04    -  1.00e+00 1.00e+00f  1
  57  6.7084099e-03 0.00e+00 8.67e-01 -11.0 5.62e-04    -  1.00e+00 5.00e-01f  2
  58  6.1296179e-03 0.00e+00 4.62e-01 -11.0 7.01e-04    -  1.00e+00 5.00e-01f  2
  59  5.6944096e-03 0.00e+00 3.81e-01 -11.0 6.60e-04    -  1.00e+00 5.00e-01f  2
iter    objective    inf_pr   inf_du lg(mu)  ||d||  lg(rg) alpha_du alpha_pr  ls
  60  5.5009132e-03 0.00e+00 3.99e-01 -11.0 8.63e-04    -  1.00e+00 5.00e-01f  2
  61  5.4700436e-03 0.00e+00 8.05e-01 -11.0 1.87e-03    -  1.00e+00 5.00e-01f  2
  62  5.3359062e-03 0.00e+00 8.68e-01 -11.0 4.29e-03    -  1.00e+00 6.25e-02f  5
  63  4.8366543e-03 0.00e+00 6.72e-01 -11.0 2.28e-03    -  1.00e+00 2.50e-01f  3
  64  4.6238667e-03 0.00e+00 6.99e-01 -11.0 9.18e-04    -  1.00e+00 2.50e-01f  3
  65  4.3332506e-03 0.00e+00 6.35e-01 -11.0 7.25e-04    -  1.00e+00 2.50e-01f  3
  66  4.0919558e-03 0.00e+00 3.45e-01 -11.0 3.70e-04    -  1.00e+00 1.00e+00f  1
  67  3.9866651e-03 0.00e+00 3.46e-01 -11.0 1.11e-03    -  1.00e+00 1.25e-01f  4
  68  3.7344521e-03 0.00e+00 3.84e-01 -11.0 3.13e-04    -  1.00e+00 1.00e+00f  1
  69  3.6997681e-03 0.00e+00 2.37e-01 -11.0 6.87e-04    -  1.00e+00 1.25e-01f  4
iter    objective    inf_pr   inf_du lg(mu)  ||d||  lg(rg) alpha_du alpha_pr  ls
  70  3.5635880e-03 0.00e+00 2.34e-01 -11.0 3.00e-04    -  1.00e+00 1.00e+00f  1
  71  3.5344415e-03 0.00e+00 1.65e-01 -11.0 3.67e-03    -  1.00e+00 3.12e-02f  6
  72  3.5073139e-03 0.00e+00 1.74e-01 -11.0 1.33e-03    -  1.00e+00 6.25e-02f  5
  73  3.3680448e-03 0.00e+00 2.49e-01 -11.0 5.43e-04    -  1.00e+00 5.00e-01f  2
  74  3.2877204e-03 0.00e+00 3.60e-01 -11.0 2.45e-03    -  1.00e+00 1.25e-01f  4
  75  3.1913582e-03 0.00e+00 2.97e-01 -11.0 3.82e-03    -  1.00e+00 6.25e-02f  5
  76  3.1272932e-03 0.00e+00 2.89e-01 -11.0 9.36e-04    -  1.00e+00 2.50e-01f  3
  77  3.0551940e-03 0.00e+00 3.30e-01 -11.0 1.56e-03    -  1.00e+00 1.25e-01f  4
  78  2.9984224e-03 0.00e+00 2.70e-01 -11.0 1.71e-03    -  1.00e+00 6.25e-02f  5
  79  2.8686772e-03 0.00e+00 1.66e-01 -11.0 4.66e-04    -  1.00e+00 5.00e-01f  2
iter    objective    inf_pr   inf_du lg(mu)  ||d||  lg(rg) alpha_du alpha_pr  ls
  80  2.8539752e-03 0.00e+00 2.75e-01 -11.0 5.15e-04    -  1.00e+00 2.50e-01f  3
  81  2.8298555e-03 0.00e+00 2.44e-01 -11.0 3.84e-04    -  1.00e+00 2.50e-01f  3
  82  2.8260327e-03 0.00e+00 3.30e-01 -11.0 4.28e-04    -  1.00e+00 2.50e-01f  3
  83  2.7547212e-03 0.00e+00 3.45e-01 -11.0 5.38e-04    -  1.00e+00 5.00e-01f  2
  84  2.7269968e-03 0.00e+00 2.90e-01 -11.0 5.34e-04    -  1.00e+00 1.25e-01f  4
  85  3.4587929e-03 0.00e+00 8.44e-01 -11.0 1.10e-03    -  1.00e+00 1.00e+00w  1
  86  1.0499994e-02 0.00e+00 1.78e+00 -11.0 1.88e-03    -  1.00e+00 1.00e+00w  1
  87  1.0070359e-02 0.00e+00 2.75e+00 -11.0 2.55e-03    -  1.00e+00 1.00e+00w  1
  88  2.6744854e-03 0.00e+00 1.14e-01 -11.0 1.12e-02    -  1.00e+00 2.50e-01f  2
  89  2.6678103e-03 0.00e+00 1.87e-01 -11.0 5.71e-04    -  1.00e+00 2.50e-01f  3
iter    objective    inf_pr   inf_du lg(mu)  ||d||  lg(rg) alpha_du alpha_pr  ls
  90  2.6517224e-03 0.00e+00 1.61e-01 -11.0 8.26e-04    -  1.00e+00 1.25e-01f  4
  91  2.6457976e-03 0.00e+00 3.08e-01 -11.0 5.08e-04    -  1.00e+00 5.00e-01f  2
  92  2.6371510e-03 0.00e+00 2.77e-01 -11.0 3.18e-03    -  1.00e+00 6.25e-02f  5
  93  2.6344714e-03 0.00e+00 4.35e-01 -11.0 4.68e-04    -  1.00e+00 2.50e-01f  3
  94  2.5738153e-03 0.00e+00 2.73e-01 -11.0 9.36e-04    -  1.00e+00 5.00e-01f  2
  95  2.5074172e-03 0.00e+00 4.46e-01 -11.0 1.81e-03    -  1.00e+00 1.25e-01f  4
  96  2.4602070e-03 0.00e+00 2.66e-01 -11.0 3.72e-04    -  1.00e+00 5.00e-01f  2
  97  2.3995137e-03 0.00e+00 1.81e-01 -11.0 1.64e-03    -  1.00e+00 1.25e-01f  4
  98  5.0767056e-03 0.00e+00 1.47e+00 -11.0 1.42e-03    -  1.00e+00 1.00e+00w  1
  99  4.6104264e-03 0.00e+00 7.93e-01 -11.0 1.11e-03    -  1.00e+00 1.00e+00w  1
iter    objective    inf_pr   inf_du lg(mu)  ||d||  lg(rg) alpha_du alpha_pr  ls
 100  2.7486695e-02 0.00e+00 3.37e+00 -11.0 2.99e-03    -  1.00e+00 1.00e+00w  1
 101  2.3642277e-03 0.00e+00 2.61e-01 -11.0 8.40e-03    -  1.00e+00 1.25e-01f  3
 102  2.3503803e-03 0.00e+00 3.68e-01 -11.0 7.49e-04    -  1.00e+00 1.25e-01f  4
 103  2.3343421e-03 0.00e+00 1.99e-01 -11.0 1.50e-03    -  1.00e+00 1.25e-01f  4
 104  2.3142675e-03 0.00e+00 2.94e-01 -11.0 1.69e-03    -  1.00e+00 1.25e-01f  4
 105  2.2938552e-03 0.00e+00 2.46e-01 -11.0 2.66e-03    -  1.00e+00 6.25e-02f  5
 106  2.2694779e-03 0.00e+00 2.23e-01 -11.0 1.10e-03    -  1.00e+00 1.25e-01f  4
 107  2.2637056e-03 0.00e+00 2.62e-01 -11.0 2.01e-03    -  1.00e+00 1.25e-01f  4
 108  2.2525695e-03 0.00e+00 2.08e-01 -11.0 1.65e-03    -  1.00e+00 1.25e-01f  4
 109  2.2365509e-03 0.00e+00 1.54e-01 -11.0 1.56e-03    -  1.00e+00 6.25e-02f  5
iter    objective    inf_pr   inf_du lg(mu)  ||d||  lg(rg) alpha_du alpha_pr  ls
 110  2.2025562e-03 0.00e+00 2.10e-01 -11.0 5.21e-04    -  1.00e+00 5.00e-01f  2
 111  5.9866264e-02 0.00e+00 7.22e+00 -11.0 3.41e-03    -  1.00e+00 1.00e+00w  1
 112  2.8010054e-03 0.00e+00 5.60e-01 -11.0 3.44e-03    -  1.00e+00 1.00e+00w  1
 113  1.4033607e-01 0.00e+00 7.77e+00 -11.0 5.29e-03    -  1.00e+00 1.00e+00w  1
 114  2.1744517e-03 0.00e+00 3.72e-01 -11.0 4.65e-03    -  1.00e+00 6.25e-02f  4
 115  2.1348699e-03 0.00e+00 2.39e-01 -11.0 1.07e-03    -  1.00e+00 2.50e-01f  3
 116  2.1173752e-03 0.00e+00 1.75e-01 -11.0 3.69e-03    -  1.00e+00 3.12e-02f  6
 117  2.0944701e-03 0.00e+00 1.68e-01 -11.0 1.68e-03    -  1.00e+00 1.25e-01f  4
 118  2.0822022e-03 0.00e+00 1.81e-01 -11.0 1.53e-03    -  1.00e+00 3.12e-02f  6
 119  2.0700154e-03 0.00e+00 1.66e-01 -11.0 3.49e-04    -  1.00e+00 5.00e-01f  2
iter    objective    inf_pr   inf_du lg(mu)  ||d||  lg(rg) alpha_du alpha_pr  ls
 120  2.0337569e-03 0.00e+00 1.53e-01 -11.0 7.60e-04    -  1.00e+00 2.50e-01f  3
 121  2.0310929e-03 0.00e+00 2.67e-01 -11.0 2.67e-03    -  1.00e+00 3.12e-02f  6
 122  2.0018417e-03 0.00e+00 1.39e-01 -11.0 2.98e-04    -  1.00e+00 2.50e-01f  3
 123  1.9899491e-03 0.00e+00 2.40e-01 -11.0 1.56e-03    -  1.00e+00 1.25e-01f  4
 124  5.8788643e-03 0.00e+00 1.78e+00 -11.0 1.10e-03    -  1.00e+00 1.00e+00w  1
 125  6.0072868e-03 0.00e+00 1.55e+00 -11.0 1.16e-03    -  1.00e+00 1.00e+00w  1
 126  1.0933132e-01 0.00e+00 6.51e+00 -11.0 4.47e-03    -  1.00e+00 1.00e+00w  1
 127  1.9777676e-03 0.00e+00 2.37e-01 -11.0 6.96e-03    -  1.00e+00 6.25e-02f  4
 128  1.9748159e-03 0.00e+00 2.29e-01 -11.0 6.15e-04    -  1.00e+00 2.50e-01f  3
 129  1.9434340e-03 0.00e+00 1.79e-01 -11.0 2.83e-03    -  1.00e+00 6.25e-02f  5
iter    objective    inf_pr   inf_du lg(mu)  ||d||  lg(rg) alpha_du alpha_pr  ls
 130  1.9343964e-03 0.00e+00 1.74e-01 -11.0 2.78e-03    -  1.00e+00 3.12e-02f  6
 131  1.9140751e-03 0.00e+00 1.71e-01 -11.0 9.23e-04    -  1.00e+00 1.25e-01f  4
 132  1.8973935e-03 0.00e+00 1.82e-01 -11.0 8.42e-04    -  1.00e+00 1.25e-01f  4
 133  1.8790334e-03 0.00e+00 1.73e-01 -11.0 1.82e-03    -  1.00e+00 3.12e-02f  6
 134  1.8624760e-03 0.00e+00 1.54e-01 -11.0 1.04e-03    -  1.00e+00 6.25e-02f  5
 135  1.8460144e-03 0.00e+00 1.19e-01 -11.0 1.55e-03    -  1.00e+00 6.25e-02f  5
 136  1.8327393e-03 0.00e+00 1.13e-01 -11.0 7.11e-04    -  1.00e+00 2.50e-01f  3
 137  1.8324696e-03 0.00e+00 1.51e-01 -11.0 3.53e-03    -  1.00e+00 6.25e-02f  5
 138  1.8182487e-03 0.00e+00 1.58e-01 -11.0 1.95e-03    -  1.00e+00 6.25e-02f  5
 139  1.8006478e-03 0.00e+00 1.51e-01 -11.0 2.14e-03    -  1.00e+00 6.25e-02f  5
iter    objective    inf_pr   inf_du lg(mu)  ||d||  lg(rg) alpha_du alpha_pr  ls
 140  1.7937200e-03 0.00e+00 2.09e-01 -11.0 2.76e-03    -  1.00e+00 6.25e-02f  5
 141  1.7812598e-03 0.00e+00 3.20e-01 -11.0 1.58e-03    -  1.00e+00 1.25e-01f  4
 142  1.7598653e-03 0.00e+00 2.29e-01 -11.0 3.22e-03    -  1.00e+00 3.12e-02f  6
 143  1.7523827e-03 0.00e+00 1.48e-01 -11.0 8.63e-04    -  1.00e+00 6.25e-02f  5
 144  2.4271302e-03 0.00e+00 6.66e-01 -11.0 5.54e-04    -  1.00e+00 1.00e+00w  1
 145  4.9143535e-03 0.00e+00 1.10e+00 -11.0 6.19e-04    -  1.00e+00 1.00e+00w  1
 146  6.4178347e-03 0.00e+00 1.40e+00 -11.0 1.08e-03    -  1.00e+00 1.00e+00w  1
 147  1.7445356e-03 0.00e+00 1.69e-01 -11.0 4.25e-03    -  1.00e+00 2.50e-01f  2
 148  1.7401667e-03 0.00e+00 1.53e-01 -11.0 2.81e-04    -  1.00e+00 5.00e-01f  2
 149  1.7012117e-03 0.00e+00 1.00e-01 -11.0 1.91e-03    -  1.00e+00 6.25e-02f  5
iter    objective    inf_pr   inf_du lg(mu)  ||d||  lg(rg) alpha_du alpha_pr  ls
 150  1.6990252e-03 0.00e+00 1.38e-01 -11.0 5.37e-04    -  1.00e+00 6.25e-02f  5
 151  1.6782120e-03 0.00e+00 1.02e-01 -11.0 1.67e-04    -  1.00e+00 1.00e+00f  1
 152  1.6752399e-03 0.00e+00 1.31e-01 -11.0 1.67e-03    -  1.00e+00 6.25e-02f  5
 153  1.6712095e-03 0.00e+00 1.03e-01 -11.0 7.30e-04    -  1.00e+00 1.25e-01f  4
 154  1.6678921e-03 0.00e+00 9.58e-02 -11.0 7.18e-04    -  1.00e+00 6.25e-02f  5
 155  1.6412007e-03 0.00e+00 1.13e-01 -11.0 1.83e-04    -  1.00e+00 5.00e-01f  2
 156  1.6354517e-03 0.00e+00 6.24e-02 -11.0 8.16e-04    -  1.00e+00 6.25e-02f  5
 157  1.6344556e-03 0.00e+00 6.57e-02 -11.0 6.85e-04    -  1.00e+00 6.25e-02f  5
 158  1.6238757e-03 0.00e+00 7.42e-02 -11.0 1.98e-04    -  1.00e+00 5.00e-01f  2
 159  1.6178855e-03 0.00e+00 5.33e-02 -11.0 1.64e-03    -  1.00e+00 3.12e-02f  6
iter    objective    inf_pr   inf_du lg(mu)  ||d||  lg(rg) alpha_du alpha_pr  ls
 160  1.6154198e-03 0.00e+00 6.32e-02 -11.0 5.09e-04    -  1.00e+00 6.25e-02f  5
 161  1.6094461e-03 0.00e+00 6.50e-02 -11.0 5.64e-04    -  1.00e+00 1.25e-01f  4
 162  4.2400186e-03 0.00e+00 1.19e+00 -11.0 1.96e-03    -  1.00e+00 1.00e+00w  1
 163  9.8832809e-03 0.00e+00 2.33e+00 -11.0 1.98e-03    -  1.00e+00 1.00e+00w  1
 164  5.8100591e-01 0.00e+00 3.74e+01 -11.0 1.37e-02    -  1.00e+00 1.00e+00w  1
 165  1.6035585e-03 0.00e+00 1.03e-01 -11.0 1.41e-02    -  1.00e+00 1.25e-01f  3
 166  1.5987548e-03 0.00e+00 6.63e-02 -11.0 8.15e-04    -  1.00e+00 6.25e-02f  5
 167  1.5858437e-03 0.00e+00 1.09e-01 -11.0 2.33e-04    -  1.00e+00 5.00e-01f  2
 168  1.5855975e-03 0.00e+00 1.40e-01 -11.0 1.85e-03    -  1.00e+00 6.25e-02f  5
 169  1.5818333e-03 0.00e+00 1.52e-01 -11.0 6.61e-04    -  1.00e+00 6.25e-02f  5
iter    objective    inf_pr   inf_du lg(mu)  ||d||  lg(rg) alpha_du alpha_pr  ls
 170  1.5774473e-03 0.00e+00 1.49e-01 -11.0 3.66e-04    -  1.00e+00 1.25e-01f  4
 171  1.5739202e-03 0.00e+00 8.12e-02 -11.0 3.08e-04    -  1.00e+00 1.25e-01f  4
 172  1.5657100e-03 0.00e+00 7.93e-02 -11.0 4.74e-04    -  1.00e+00 1.25e-01f  4
 173  1.5634330e-03 0.00e+00 1.04e-01 -11.0 6.35e-04    -  1.00e+00 1.25e-01f  4
 174  1.5613051e-03 0.00e+00 8.00e-02 -11.0 2.75e-03    -  1.00e+00 7.81e-03f  8
 175  1.8321592e-03 0.00e+00 3.91e-01 -11.0 5.94e-04    -  1.00e+00 1.00e+00w  1
 176  2.0177744e-02 0.00e+00 3.31e+00 -11.0 1.62e-03    -  1.00e+00 1.00e+00w  1
 177  3.0500332e-03 0.00e+00 8.51e-01 -11.0 1.59e-03    -  1.00e+00 1.00e+00w  1
 178  1.5578319e-03 0.00e+00 1.15e-01 -11.0 7.91e-03    -  1.00e+00 1.25e-01f  3
 179  1.5536258e-03 0.00e+00 7.89e-02 -11.0 5.95e-04    -  1.00e+00 1.25e-01f  4
iter    objective    inf_pr   inf_du lg(mu)  ||d||  lg(rg) alpha_du alpha_pr  ls
 180  1.5516332e-03 0.00e+00 7.33e-02 -11.0 3.63e-03    -  1.00e+00 1.56e-02f  7
 181  1.5487693e-03 0.00e+00 7.29e-02 -11.0 1.40e-03    -  1.00e+00 3.12e-02f  6
 182  1.5447643e-03 0.00e+00 1.08e-01 -11.0 1.16e-03    -  1.00e+00 1.25e-01f  4
 183  1.5396324e-03 0.00e+00 1.34e-01 -11.0 2.74e-03    -  1.00e+00 3.12e-02f  6
 184  1.5296242e-03 0.00e+00 2.11e-01 -11.0 2.52e-03    -  1.00e+00 6.25e-02f  5
 185  1.5224122e-03 0.00e+00 2.03e-01 -11.0 1.44e-02    -  1.00e+00 7.81e-03f  8
 186  1.5211799e-03 0.00e+00 2.18e-01 -11.0 4.95e-03    -  1.00e+00 1.56e-02f  7
 187  1.5154760e-03 0.00e+00 2.45e-01 -11.0 1.33e-03    -  1.00e+00 6.25e-02f  5
 188  5.0047923e-03 0.00e+00 1.02e+00 -11.0 2.71e-03    -  1.00e+00 1.00e+00w  1
 189  5.7783575e-02 0.00e+00 4.60e+00 -11.0 4.07e-03    -  1.00e+00 1.00e+00w  1
iter    objective    inf_pr   inf_du lg(mu)  ||d||  lg(rg) alpha_du alpha_pr  ls
 190  1.9440262e-01 0.00e+00 1.34e+01 -11.0 8.77e-03    -  1.00e+00 1.00e+00w  1
 191  1.5074738e-03 0.00e+00 1.94e-01 -11.0 6.49e-02    -  1.00e+00 1.25e-01f  3
 192  1.4986351e-03 0.00e+00 1.80e-01 -11.0 4.51e-04    -  1.00e+00 1.25e-01f  4
 193  1.4879230e-03 0.00e+00 1.22e-01 -11.0 6.85e-04    -  1.00e+00 5.00e-01f  2
 194  1.4753257e-03 0.00e+00 1.04e-01 -11.0 5.46e-03    -  1.00e+00 1.56e-02f  7
 195  1.4694032e-03 0.00e+00 1.45e-01 -11.0 8.34e-04    -  1.00e+00 6.25e-02f  5
 196  1.4642137e-03 0.00e+00 1.01e-01 -11.0 8.45e-04    -  1.00e+00 1.25e-01f  4
 197  1.4492831e-03 0.00e+00 1.46e-01 -11.0 1.25e-03    -  1.00e+00 1.25e-01f  4
 198  1.4384909e-03 0.00e+00 8.24e-02 -11.0 2.81e-03    -  1.00e+00 3.12e-02f  6
 199  1.4248212e-03 0.00e+00 9.88e-02 -11.0 4.55e-03    -  1.00e+00 3.12e-02f  6
iter    objective    inf_pr   inf_du lg(mu)  ||d||  lg(rg) alpha_du alpha_pr  ls
 200  1.4212620e-03 0.00e+00 7.48e-02 -11.0 1.86e-03    -  1.00e+00 3.12e-02f  6
 201  1.4274120e-03 0.00e+00 1.42e-01 -11.0 3.50e-04    -  1.00e+00 1.00e+00w  1
 202  2.4351802e-01 0.00e+00 1.39e+01 -11.0 1.20e-02    -  1.00e+00 1.00e+00w  1
 203  2.5003016e-03 0.00e+00 5.17e-01 -11.0 1.22e-02    -  1.00e+00 1.00e+00w  1
 204  1.4115416e-03 0.00e+00 9.71e-02 -11.0 1.20e-02    -  1.00e+00 5.00e-01f  1
 205  1.4057616e-03 0.00e+00 1.03e-01 -11.0 2.04e-04    -  1.00e+00 5.00e-01f  2
 206  1.3996775e-03 0.00e+00 6.30e-02 -11.0 7.89e-04    -  1.00e+00 6.25e-02f  5
 207  1.3949932e-03 0.00e+00 1.09e-01 -11.0 1.03e-03    -  1.00e+00 6.25e-02f  5
 208  1.3911530e-03 0.00e+00 9.05e-02 -11.0 1.96e-03    -  1.00e+00 3.12e-02f  6
 209  1.3894008e-03 0.00e+00 8.27e-02 -11.0 1.57e-03    -  1.00e+00 1.56e-02f  7
iter    objective    inf_pr   inf_du lg(mu)  ||d||  lg(rg) alpha_du alpha_pr  ls
 210  1.3852683e-03 0.00e+00 8.26e-02 -11.0 3.60e-04    -  1.00e+00 1.25e-01f  4
 211  1.3837330e-03 0.00e+00 9.63e-02 -11.0 1.28e-03    -  1.00e+00 1.25e-01f  4
 212  1.3791924e-03 0.00e+00 7.85e-02 -11.0 2.59e-03    -  1.00e+00 3.12e-02f  6
 213  1.3748640e-03 0.00e+00 1.17e-01 -11.0 1.14e-03    -  1.00e+00 3.12e-02f  6
 214  1.3713455e-03 0.00e+00 9.35e-02 -11.0 2.01e-03    -  1.00e+00 3.12e-02f  6
 215  3.6898180e-03 0.00e+00 1.14e+00 -11.0 1.60e-03    -  1.00e+00 1.00e+00w  1
 216  1.8200699e-02 0.00e+00 2.45e+00 -11.0 3.04e-03    -  1.00e+00 1.00e+00w  1
 217  2.6223070e-01 0.00e+00 1.52e+01 -11.0 1.02e-02    -  1.00e+00 1.00e+00w  1
 218  1.3645818e-03 0.00e+00 1.26e-01 -11.0 2.39e-02    -  1.00e+00 6.25e-02f  4
 219  1.3546448e-03 0.00e+00 8.72e-02 -11.0 1.87e-04    -  1.00e+00 2.50e-01f  3
iter    objective    inf_pr   inf_du lg(mu)  ||d||  lg(rg) alpha_du alpha_pr  ls
 220  1.3480012e-03 0.00e+00 1.31e-01 -11.0 7.80e-04    -  1.00e+00 2.50e-01f  3
 221  1.3438367e-03 0.00e+00 9.16e-02 -11.0 6.24e-03    -  1.00e+00 1.56e-02f  7
 222  1.3399768e-03 0.00e+00 8.17e-02 -11.0 1.82e-03    -  1.00e+00 3.12e-02f  6
 223  1.3361692e-03 0.00e+00 7.91e-02 -11.0 1.51e-03    -  1.00e+00 6.25e-02f  5
 224  1.3332388e-03 0.00e+00 1.09e-01 -11.0 7.45e-03    -  1.00e+00 3.12e-02f  6
 225  1.3233998e-03 0.00e+00 1.32e-01 -11.0 1.13e-02    -  1.00e+00 1.56e-02f  7
 226  1.3154099e-03 0.00e+00 9.50e-02 -11.0 1.76e-02    -  1.00e+00 7.81e-03f  8
 227  1.3147772e-03 0.00e+00 1.46e-01 -11.0 7.30e-03    -  1.00e+00 1.56e-02f  7
 228  1.3093637e-03 0.00e+00 1.41e-01 -11.0 3.08e-03    -  1.00e+00 3.12e-02f  6
 229  1.3021055e-03 0.00e+00 1.21e-01 -11.0 1.29e-03    -  1.00e+00 6.25e-02f  5
iter    objective    inf_pr   inf_du lg(mu)  ||d||  lg(rg) alpha_du alpha_pr  ls
 230  1.3016613e-03 0.00e+00 1.91e-01 -11.0 2.30e-03    -  1.00e+00 1.25e-01f  4
 231  1.2888018e-03 0.00e+00 1.92e-01 -11.0 6.42e-03    -  1.00e+00 1.56e-02f  7
 232  1.2803901e-03 0.00e+00 1.26e-01 -11.0 3.70e-03    -  1.00e+00 3.12e-02f  6
 233  1.2687204e-03 0.00e+00 8.27e-02 -11.0 8.61e-03    -  1.00e+00 1.56e-02f  7
 234  1.2607562e-03 0.00e+00 1.02e-01 -11.0 2.36e-03    -  1.00e+00 3.12e-02f  6
 235  1.2554613e-03 0.00e+00 9.12e-02 -11.0 2.41e-03    -  1.00e+00 3.12e-02f  6
 236  1.2499433e-03 0.00e+00 8.13e-02 -11.0 1.81e-03    -  1.00e+00 6.25e-02f  5
 237  1.2465103e-03 0.00e+00 8.64e-02 -11.0 5.43e-03    -  1.00e+00 3.12e-02f  6
 238  3.6911893e-02 0.00e+00 5.79e+00 -11.0 3.88e-03    -  1.00e+00 1.00e+00w  1
 239  8.3186033e-03 0.00e+00 2.53e+00 -11.0 3.51e-03    -  1.00e+00 1.00e+00w  1
iter    objective    inf_pr   inf_du lg(mu)  ||d||  lg(rg) alpha_du alpha_pr  ls
 240  1.0475183e+00 0.00e+00 4.42e-01 -11.0 5.15e-02    -  7.80e-01 1.00e+00w  1
 241  1.2462305e-03 0.00e+00 1.02e-01 -11.0 1.48e-01    -  1.00e+00 3.12e-02f  5
 242  1.2368900e-03 0.00e+00 8.16e-02 -11.0 2.36e-02    -  1.00e+00 3.91e-03f  9
 243  1.2316726e-03 0.00e+00 1.20e-01 -11.0 2.50e-03    -  1.00e+00 6.25e-02f  5
 244  1.2256655e-03 0.00e+00 1.22e-01 -11.0 3.45e-03    -  1.00e+00 3.12e-02f  6
 245  1.2210943e-03 0.00e+00 1.17e-01 -11.0 1.76e-03    -  1.00e+00 3.12e-02f  6
 246  1.2148173e-03 0.00e+00 9.25e-02 -11.0 1.43e-03    -  1.00e+00 6.25e-02f  5
 247  1.2111653e-03 0.00e+00 9.11e-02 -11.0 2.57e-03    -  1.00e+00 3.12e-02f  6
 248  1.2078314e-03 0.00e+00 1.04e-01 -11.0 3.35e-03    -  1.00e+00 3.12e-02f  6
 249  1.2045348e-03 0.00e+00 1.20e-01 -11.0 1.77e-03    -  1.00e+00 3.12e-02f  6
iter    objective    inf_pr   inf_du lg(mu)  ||d||  lg(rg) alpha_du alpha_pr  ls
 250  1.1944369e-03 0.00e+00 8.71e-02 -11.0 1.79e-03    -  1.00e+00 1.25e-01f  4
 251  3.4249229e-02 0.00e+00 5.32e+00 -11.0 5.32e-03    -  1.00e+00 1.00e+00w  1
 252  2.3317426e-03 0.00e+00 7.49e-01 -11.0 4.70e-03    -  1.00e+00 1.00e+00w  1
 253  8.8592819e-01 0.00e+00 8.73e+00 -11.0 1.65e-02    -  1.00e+00 1.00e+00w  1
 254  1.1916943e-03 0.00e+00 1.15e-01 -11.0 2.73e-02    -  1.00e+00 1.56e-02f  6
 255  1.1869164e-03 0.00e+00 1.18e-01 -11.0 2.92e-03    -  1.00e+00 6.25e-02f  5
 256  1.1837820e-03 0.00e+00 9.31e-02 -11.0 7.42e-03    -  1.00e+00 1.56e-02f  7
 257  1.1812622e-03 0.00e+00 9.03e-02 -11.0 1.96e-03    -  1.00e+00 3.12e-02f  6
 258  1.1783930e-03 0.00e+00 7.46e-02 -11.0 1.25e-03    -  1.00e+00 6.25e-02f  5
 259  1.1751737e-03 0.00e+00 8.98e-02 -11.0 1.87e-03    -  1.00e+00 3.12e-02f  6
iter    objective    inf_pr   inf_du lg(mu)  ||d||  lg(rg) alpha_du alpha_pr  ls
 260  1.1690494e-03 0.00e+00 9.60e-02 -11.0 1.15e-03    -  1.00e+00 1.25e-01f  4
 261  1.1679396e-03 0.00e+00 1.07e-01 -11.0 7.11e-03    -  1.00e+00 1.56e-02f  7
 262  1.1670591e-03 0.00e+00 1.28e-01 -11.0 3.84e-03    -  1.00e+00 3.12e-02f  6
 263  1.1638438e-03 0.00e+00 1.73e-01 -11.0 1.26e-03    -  1.00e+00 1.25e-01f  4
 264  2.4576229e-02 0.00e+00 2.76e+00 -11.0 3.69e-03    -  1.00e+00 1.00e+00w  1
 265  6.5805996e-03 0.00e+00 1.98e+00 -11.0 2.91e-03    -  1.00e+00 1.00e+00w  1
 266  1.0117198e+00 0.00e+00 1.59e+00 -11.0 4.49e-02    -  4.93e-01 1.00e+00w  1
 267  1.1589614e-03 0.00e+00 1.57e-01 -11.0 2.41e+00    -  1.00e+00 1.56e-02f  6
 268  1.1572445e-03 0.00e+00 1.43e-01  -9.0 8.78e+00    -  1.68e-02 5.28e-06f 10
 269  1.1518487e-03 0.00e+00 1.19e-01 -11.0 8.22e-04    -  1.00e+00 6.25e-02f  5
iter    objective    inf_pr   inf_du lg(mu)  ||d||  lg(rg) alpha_du alpha_pr  ls
 270  1.1445314e-03 0.00e+00 1.37e-01 -11.0 1.54e-03    -  1.00e+00 1.25e-01f  4
 271  1.1327935e-03 0.00e+00 1.33e-01 -11.0 1.01e-02    -  1.00e+00 3.12e-02f  6
 272  1.1282515e-03 0.00e+00 1.30e-01 -11.0 1.46e-02    -  1.00e+00 7.81e-03f  8
 273  1.1216077e-03 0.00e+00 1.45e-01 -11.0 2.12e-03    -  1.00e+00 6.25e-02f  5
 274  1.1147611e-03 0.00e+00 1.23e-01 -11.0 1.06e-02    -  1.00e+00 1.56e-02f  7
 275  1.1125615e-03 0.00e+00 1.06e-01 -11.0 1.38e-02    -  1.00e+00 7.81e-03f  8
 276  1.1059535e-03 0.00e+00 7.77e-02 -11.0 2.18e-03    -  1.00e+00 6.25e-02f  5
 277  1.1014670e-03 0.00e+00 9.10e-02 -11.0 5.75e-03    -  1.00e+00 1.56e-02f  7
 278  1.0972256e-03 0.00e+00 1.02e-01 -11.0 1.19e-02    -  1.00e+00 1.56e-02f  7
 279  3.3996544e-01 0.00e+00 1.28e+01 -11.0 1.69e-02    -  1.00e+00 1.00e+00w  1
iter    objective    inf_pr   inf_du lg(mu)  ||d||  lg(rg) alpha_du alpha_pr  ls
 280  4.1189969e-02 0.00e+00 3.33e+00 -11.0 8.96e-03    -  1.00e+00 1.00e+00w  1
 281  9.9832692e-01 0.00e+00 5.57e-01 -11.0 3.13e-01    -  6.06e-02 1.78e-01w  1
 282  1.0948016e-03 0.00e+00 1.30e-01 -11.0 1.41e-01    -  1.00e+00 1.56e-02f  6
 283  1.0888613e-03 0.00e+00 1.20e-01 -10.3 2.44e-01    -  1.00e+00 1.69e-04f 10
 284  1.0827371e-03 0.00e+00 9.54e-02 -11.0 4.36e-03    -  1.00e+00 6.25e-02f  5
 285  1.0768130e-03 0.00e+00 1.20e-01 -11.0 5.36e-02    -  1.00e+00 3.43e-03f  8
 286  1.0742968e-03 0.00e+00 1.26e-01 -11.0 9.80e-03    -  1.00e+00 1.56e-02f  7
 287  1.0726704e-03 0.00e+00 1.23e-01 -11.0 3.20e-03    -  1.00e+00 3.12e-02f  6
 288  1.0668935e-03 0.00e+00 1.52e-01 -11.0 3.31e-03    -  1.00e+00 6.25e-02f  5
 289  1.0627332e-03 0.00e+00 1.32e-01 -11.0 6.39e-03    -  1.00e+00 6.25e-02f  5
iter    objective    inf_pr   inf_du lg(mu)  ||d||  lg(rg) alpha_du alpha_pr  ls
 290  1.0531117e-03 0.00e+00 1.35e-01 -10.7 5.57e-02    -  1.00e+00 9.21e-03f  6
 291  1.0458609e-03 0.00e+00 1.33e-01 -11.0 4.09e-02    -  1.00e+00 6.72e-03f  7
 292  1.0441004e-03 0.00e+00 2.17e-01 -11.0 1.10e-02    -  1.00e+00 1.56e-02f  7
 293  1.0420878e-03 0.00e+00 1.61e-01 -11.0 1.41e-02    -  1.00e+00 3.12e-02f  6
 294  1.0265753e-03 0.00e+00 1.87e-01 -11.0 8.73e-03    -  1.00e+00 1.56e-02f  7
 295  1.0216927e-03 0.00e+00 1.92e-01 -11.0 2.50e-03    -  1.00e+00 6.25e-02f  5
 296  1.0168748e-03 0.00e+00 1.87e-01 -11.0 1.86e-03    -  1.00e+00 1.25e-01f  4
 297  1.0009054e-03 0.00e+00 1.86e-01 -11.0 3.24e-03    -  1.00e+00 3.12e-02f  6
 298  9.8665061e-04 0.00e+00 1.93e-01 -11.0 2.87e-03    -  1.00e+00 6.25e-02f  5
 299  9.6823720e-04 0.00e+00 1.60e-01 -11.0 3.25e-03    -  1.00e+00 3.12e-02f  6
iter    objective    inf_pr   inf_du lg(mu)  ||d||  lg(rg) alpha_du alpha_pr  ls
 300  9.5919167e-04 0.00e+00 1.52e-01 -11.0 1.77e-03    -  1.00e+00 6.25e-02f  5
 301  4.3855030e-03 0.00e+00 1.21e+00 -11.0 1.72e-03    -  1.00e+00 1.00e+00w  1
 302  8.8519278e-03 0.00e+00 2.63e+00 -11.0 2.40e-03    -  1.00e+00 1.00e+00w  1
 303  2.3042269e-01 0.00e+00 1.36e+01 -11.0 2.25e-02    -  8.66e-01 1.00e+00w  1
 304  9.5393038e-04 0.00e+00 1.74e-01 -11.0 1.14e-01    -  1.00e+00 1.25e-01f  3
 305  9.4493155e-04 0.00e+00 1.54e-01 -11.0 4.10e-03    -  1.00e+00 1.56e-02f  7
 306  9.3959346e-04 0.00e+00 1.38e-01 -11.0 1.29e-03    -  1.00e+00 1.25e-01f  4
 307  9.2509431e-04 0.00e+00 9.62e-02 -11.0 2.79e-03    -  1.00e+00 6.25e-02f  5
 308  9.1081708e-04 0.00e+00 7.85e-02 -11.0 4.02e-03    -  1.00e+00 3.12e-02f  6
 309  9.0268500e-04 0.00e+00 6.87e-02 -11.0 6.02e-03    -  1.00e+00 3.12e-02f  6
iter    objective    inf_pr   inf_du lg(mu)  ||d||  lg(rg) alpha_du alpha_pr  ls
 310  8.9457317e-04 0.00e+00 7.40e-02 -11.0 2.18e-02    -  1.00e+00 7.81e-03f  8
 311  8.9180502e-04 0.00e+00 1.09e-01 -11.0 6.04e-03    -  1.00e+00 1.56e-02f  7
 312  8.8841820e-04 0.00e+00 7.73e-02 -11.0 3.25e-03    -  1.00e+00 1.56e-02f  7
 313  8.8422944e-04 0.00e+00 9.47e-02 -11.0 4.24e-03    -  1.00e+00 3.12e-02f  6
 314  8.7931369e-04 0.00e+00 7.83e-02 -11.0 1.93e-02    -  1.00e+00 1.20e-02f  7
 315  8.7186811e-04 0.00e+00 8.52e-02 -11.0 6.44e-03    -  1.00e+00 1.56e-02f  7
 316  8.6763917e-04 0.00e+00 6.15e-02 -11.0 3.55e-03    -  1.00e+00 6.25e-02f  5
 317  8.6714809e-04 0.00e+00 6.75e-02 -11.0 4.93e-03    -  1.00e+00 1.56e-02f  7
 318  8.6318435e-04 0.00e+00 8.22e-02 -11.0 1.31e-03    -  1.00e+00 2.50e-01f  3
 319  8.5995910e-04 0.00e+00 1.18e-01 -11.0 4.90e-02    -  1.00e+00 5.22e-03f  7
iter    objective    inf_pr   inf_du lg(mu)  ||d||  lg(rg) alpha_du alpha_pr  ls
 320  8.5031574e-04 0.00e+00 8.53e-02 -11.0 1.73e-02    -  1.00e+00 1.28e-02f  7
 321  8.4547860e-04 0.00e+00 1.28e-01 -11.0 6.24e-03    -  1.00e+00 7.81e-03f  8
 322  8.4185095e-04 0.00e+00 1.04e-01 -11.0 5.32e-03    -  1.00e+00 3.12e-02f  6
 323  8.3701390e-04 0.00e+00 1.05e-01 -11.0 1.32e-02    -  1.00e+00 7.81e-03f  8
 324  8.3305649e-04 0.00e+00 9.75e-02 -11.0 4.48e-03    -  1.00e+00 3.12e-02f  6
 325  8.3264529e-04 0.00e+00 1.30e-01 -11.0 8.09e-03    -  1.00e+00 3.91e-03f  9
 326  8.2884562e-04 0.00e+00 9.63e-02 -11.0 1.17e-03    -  1.00e+00 6.25e-02f  5
 327  8.2656815e-04 0.00e+00 8.30e-02 -11.0 5.03e-03    -  1.00e+00 3.12e-02f  6
 328  8.1924444e-04 0.00e+00 6.93e-02 -11.0 3.38e-03    -  1.00e+00 6.25e-02f  5
 329  8.1830351e-04 0.00e+00 8.11e-02 -11.0 1.01e-02    -  1.00e+00 1.56e-02f  7
iter    objective    inf_pr   inf_du lg(mu)  ||d||  lg(rg) alpha_du alpha_pr  ls
 330  8.1497105e-04 0.00e+00 7.36e-02 -11.0 3.31e-03    -  1.00e+00 3.12e-02f  6
 331  8.0919770e-04 0.00e+00 8.29e-02 -11.0 1.18e-03    -  1.00e+00 1.25e-01f  4
 332  8.0276524e-04 0.00e+00 9.90e-02 -11.0 4.35e-03    -  1.00e+00 3.12e-02f  6
 333  7.9735744e-04 0.00e+00 1.05e-01 -11.0 8.20e-03    -  1.00e+00 6.25e-02f  5
 334  8.7684433e-01 0.00e+00 5.53e+00 -11.0 2.70e-02    -  1.00e+00 1.00e+00w  1
 335  9.0082008e-01 0.00e+00 5.31e+00 -11.0 6.32e+00    -  6.76e-03 2.23e-03w  1
 336  9.7860571e-01 0.00e+00 1.68e+00 -11.0 1.20e+00    -  2.46e-02 1.84e-02w  1
 337  7.9420823e-04 0.00e+00 1.25e-01 -11.0 4.89e-01    -  1.00e+00 3.91e-03f  8
 338  7.9159449e-04 0.00e+00 9.44e-02  -9.6 2.76e-01    -  1.00e+00 1.93e-04f 11
 339  7.8736479e-04 0.00e+00 9.50e-02 -11.0 1.45e-03    -  1.00e+00 6.25e-02f  5
iter    objective    inf_pr   inf_du lg(mu)  ||d||  lg(rg) alpha_du alpha_pr  ls
 340  7.8602555e-04 0.00e+00 7.65e-02 -11.0 8.23e-03    -  1.00e+00 1.56e-02f  7
 341  7.8225395e-04 0.00e+00 7.02e-02 -11.0 1.47e-02    -  1.00e+00 7.81e-03f  8
 342  7.8035065e-04 0.00e+00 7.44e-02 -11.0 4.28e-03    -  1.00e+00 1.56e-02f  7
 343  7.7805088e-04 0.00e+00 8.14e-02 -11.0 3.68e-03    -  1.00e+00 3.12e-02f  6
 344  7.7709349e-04 0.00e+00 8.42e-02 -11.0 1.05e-02    -  1.00e+00 1.56e-02f  7
 345  7.7676860e-04 0.00e+00 7.53e-02 -11.0 5.69e-03    -  1.00e+00 1.56e-02f  7
 346  7.7575520e-04 0.00e+00 8.29e-02 -11.0 3.29e-03    -  1.00e+00 6.25e-02f  5
 347  7.7221723e-04 0.00e+00 9.02e-02 -11.0 4.54e-03    -  1.00e+00 1.56e-02f  7
 348  7.7086812e-04 0.00e+00 8.56e-02 -11.0 8.09e-04    -  1.00e+00 3.12e-02f  6
 349  7.6334367e-04 0.00e+00 1.03e-01 -11.0 3.76e-04    -  1.00e+00 2.50e-01f  3
iter    objective    inf_pr   inf_du lg(mu)  ||d||  lg(rg) alpha_du alpha_pr  ls
 350  7.6014303e-04 0.00e+00 4.91e-02 -11.0 3.93e-03    -  1.00e+00 3.12e-02f  6
 351  7.5839235e-04 0.00e+00 8.21e-02 -11.0 2.07e-03    -  1.00e+00 6.25e-02f  5
 352  7.9629165e-03 0.00e+00 1.57e+00 -11.0 2.98e-03    -  1.00e+00 1.00e+00w  1
 353  9.1205912e-03 0.00e+00 2.66e+00 -11.0 4.94e-03    -  1.00e+00 1.00e+00w  1
 354  1.0280617e+00 0.00e+00 3.68e-01 -11.0 1.01e-01    -  3.73e-01 5.76e-01w  1
 355  7.5714836e-04 0.00e+00 5.36e-02 -11.0 4.28e-01    -  1.00e+00 3.12e-02f  5
 356  7.5708842e-04 0.00e+00 7.23e-02 -10.7 7.19e-02    -  1.00e+00 2.38e-04f 12
 357  7.5405772e-04 0.00e+00 6.38e-02 -10.8 4.78e-04    -  1.00e+00 2.50e-01f  3
 358  7.5364372e-04 0.00e+00 8.68e-02 -11.0 4.11e-03    -  1.00e+00 1.56e-02f  7
 359  7.4955520e-04 0.00e+00 6.84e-02 -11.0 1.00e-03    -  1.00e+00 1.25e-01f  4
iter    objective    inf_pr   inf_du lg(mu)  ||d||  lg(rg) alpha_du alpha_pr  ls
 360  7.4868822e-04 0.00e+00 4.71e-02 -11.0 3.83e-03    -  1.00e+00 3.12e-02f  6
 361  7.4809614e-04 0.00e+00 7.27e-02 -11.0 2.06e-03    -  1.00e+00 3.12e-02f  6
 362  7.4657856e-04 0.00e+00 6.50e-02 -11.0 3.41e-03    -  1.00e+00 3.12e-02f  6
 363  7.4532617e-04 0.00e+00 8.29e-02 -11.0 1.07e-02    -  1.00e+00 7.81e-03f  8
 364  7.4356600e-04 0.00e+00 7.02e-02 -11.0 4.24e-03    -  1.00e+00 3.12e-02f  6
 365  7.4151130e-04 0.00e+00 7.29e-02 -11.0 1.42e-02    -  1.00e+00 7.75e-03f  8
 366  7.4095914e-04 0.00e+00 6.90e-02 -11.0 1.14e-02    -  1.00e+00 7.81e-03f  8
 367  7.3848941e-04 0.00e+00 7.51e-02 -11.0 3.24e-03    -  1.00e+00 3.12e-02f  6
 368  3.7260250e-02 0.00e+00 5.01e+00 -11.0 4.33e-03    -  1.00e+00 1.00e+00w  1
 369  1.3109961e-03 0.00e+00 5.68e-01 -11.0 3.40e-03    -  1.00e+00 1.00e+00w  1
iter    objective    inf_pr   inf_du lg(mu)  ||d||  lg(rg) alpha_du alpha_pr  ls
 370  2.5655522e-01 0.00e+00 1.09e+01 -11.0 1.75e-02    -  8.21e-01 1.00e+00w  1
 371  7.3539060e-04 0.00e+00 5.79e-02 -11.0 4.45e-02    -  1.00e+00 1.56e-02f  6
 372  7.3385009e-04 0.00e+00 6.94e-02 -11.0 1.19e-03    -  1.00e+00 3.12e-02f  6
 373  7.3092302e-04 0.00e+00 5.22e-02 -11.0 7.05e-04    -  1.00e+00 6.25e-02f  5
 374  7.2681510e-04 0.00e+00 4.20e-02 -11.0 1.25e-03    -  1.00e+00 6.25e-02f  5
 375  7.2467119e-04 0.00e+00 6.16e-02 -11.0 2.93e-03    -  1.00e+00 1.56e-02f  7
 376  7.2308506e-04 0.00e+00 4.06e-02 -11.0 9.38e-04    -  1.00e+00 3.12e-02f  6
 377  7.2159808e-04 0.00e+00 5.14e-02 -11.0 1.45e-03    -  1.00e+00 1.25e-01f  4
 378  7.2040954e-04 0.00e+00 4.30e-02 -11.0 1.27e-02    -  1.00e+00 7.81e-03f  8
 379  7.1930239e-04 0.00e+00 4.19e-02 -11.0 8.52e-03    -  1.00e+00 7.81e-03f  8
iter    objective    inf_pr   inf_du lg(mu)  ||d||  lg(rg) alpha_du alpha_pr  ls
 380  7.1838518e-04 0.00e+00 4.32e-02 -11.0 8.79e-04    -  1.00e+00 3.12e-02f  6
 381  7.1572110e-04 0.00e+00 5.24e-02 -11.0 1.14e-03    -  1.00e+00 6.25e-02f  5
 382  7.1301290e-04 0.00e+00 3.00e-02 -11.0 3.45e-03    -  1.00e+00 1.56e-02f  7
 383  7.1122076e-04 0.00e+00 3.54e-02 -11.0 8.88e-04    -  1.00e+00 6.25e-02f  5
 384  7.1003000e-04 0.00e+00 4.18e-02 -11.0 3.78e-03    -  1.00e+00 1.56e-02f  7
 385  1.1443521e-03 0.00e+00 3.22e-01 -11.0 1.11e-03    -  1.00e+00 1.00e+00w  1
 386  2.3060911e-02 0.00e+00 4.51e+00 -11.0 5.87e-03    -  1.00e+00 1.00e+00w  1
 387  6.5747844e-02 0.00e+00 6.22e+00 -11.0 1.48e-02    -  1.00e+00 1.00e+00w  1
 388  7.0822811e-04 0.00e+00 3.42e-02 -11.0 1.83e-01    -  1.00e+00 6.25e-02f  4
 389  7.0730834e-04 0.00e+00 3.54e-02 -11.0 2.05e-03    -  1.00e+00 1.56e-02f  7
iter    objective    inf_pr   inf_du lg(mu)  ||d||  lg(rg) alpha_du alpha_pr  ls
 390  7.0496972e-04 0.00e+00 5.58e-02 -11.0 4.35e-03    -  1.00e+00 3.12e-02f  6
 391  7.0432239e-04 0.00e+00 5.55e-02 -11.0 3.93e-03    -  1.00e+00 1.56e-02f  7
 392  7.0358674e-04 0.00e+00 7.59e-02 -11.0 1.72e-03    -  1.00e+00 6.25e-02f  5
 393  7.0165941e-04 0.00e+00 7.94e-02 -11.0 4.06e-03    -  1.00e+00 1.56e-02f  7
 394  7.0058182e-04 0.00e+00 7.03e-02 -11.0 6.29e-03    -  1.00e+00 1.56e-02f  7
 395  6.9991859e-04 0.00e+00 3.94e-02 -11.0 4.32e-03    -  1.00e+00 1.56e-02f  7
 396  6.9906412e-04 0.00e+00 6.65e-02 -11.0 4.15e-03    -  1.00e+00 1.56e-02f  7
 397  6.9867461e-04 0.00e+00 7.08e-02 -11.0 5.93e-03    -  1.00e+00 1.56e-02f  7
 398  3.8382336e-02 0.00e+00 5.72e+00 -11.0 9.26e-03    -  1.00e+00 1.00e+00w  1
 399  1.2261234e-02 0.00e+00 2.72e+00 -11.0 6.51e-03    -  1.00e+00 1.00e+00w  1
iter    objective    inf_pr   inf_du lg(mu)  ||d||  lg(rg) alpha_du alpha_pr  ls
 400  9.4649700e-01 0.00e+00 4.79e+00 -11.0 2.66e-01    -  4.82e-02 1.96e-01w  1
 401  6.9700205e-04 0.00e+00 5.80e-02 -11.0 1.32e+00    -  1.00e+00 7.81e-03f  7
 402  6.9668878e-04 0.00e+00 5.18e-02 -10.5 1.51e-01    -  1.00e+00 1.92e-04f 10
 403  6.9592835e-04 0.00e+00 6.66e-02 -10.6 2.95e-03    -  1.00e+00 7.81e-03f  8

Number of Iterations....: 403

                                   (scaled)                 (unscaled)
Objective...............:   6.9592834578175583e-04    6.9592834578175583e-04
Dual infeasibility......:   6.6633184946571875e-02    6.6633184946571875e-02
Constraint violation....:   0.0000000000000000e+00    0.0000000000000000e+00
Variable bound violation:   0.0000000000000000e+00    0.0000000000000000e+00
Complementarity.........:   4.8621386816287931e-11    4.8621386816287931e-11
Overall NLP error.......:   6.6633184946571875e-02    6.6633184946571875e-02


Number of objective function evaluations             = 2798
Number of objective gradient evaluations             = 404
Number of equality constraint evaluations            = 0
Number of inequality constraint evaluations          = 0
Number of equality constraint Jacobian evaluations   = 0
Number of inequality constraint Jacobian evaluations = 0
Number of Lagrangian Hessian evaluations             = 0
Total seconds in IPOPT                               = 21653.200

EXIT: Maximum wallclock time exceeded.
