Date              = Sat Nov  1 04:34:25 AM EDT 2025
Hostname          = skl-143
Working Directory = /mnt/ffs24/home/leespen1/Research/QuantumGateDesign.jl/cnot3_optimization

Number of Nodes Allocated      = 1
Number of Tasks Per Node       = 1
Number of CPUs Per Task        = 4
Memory per node                = 32768

You are in a SLURM environment. Using job array id to run script.
SLURM Job ID: 63419415
julia --project -e 'using Pkg; Pkg.instantiate()'
julia --project --threads=4 ./cnot3_optimization.jl 6 14 7 5409 --time 6 --D1 16 --rtol 1e-15 --atol 1e-15 --output_directory 63397133 --file_identifier targetError=1e-7 --cost_type GeneralizedInfidelity --levels_cavity 10
Running test with the following arguments:
levels_cavity        => 10
time                 => 6.0
maxiter              => 10000
cost_type            => GeneralizedInfidelity
rtol                 => 1.0e-15
output_directory     => 63397133
file_identifier      => targetError=1e-7
derivative_checker   => false
nsteps               => 5409
order                => 6
atol                 => 1.0e-15
degree               => 14
D1                   => 16
gate_duration        => 550.0
seed                 => 7

*** Constructing CNOT3 Problem ***
Number of time steps: 34356
Carrier frequencies:
	1st ctrl Hamiltonian [GHz]: [0.0, -0.2198, -0.2252]
	2nd ctrl Hamiltonian [GHz]: [0.0, -0.2198, -0.2252]
	3rd ctrl Hamiltonian [GHz]: [0.0, -0.002494, -0.0025244501443665262]
Using random initial pcof with maximum amplitude 0.0005
* Settings *
Frequencies:
	Alice = 4.10595 Bob = 4.81526 Storage = 7.8447
Anharmonic coefficients in the Hamiltonian:
	xa = 0.2198 xb = 0.2252 xs = 2.82986169244768e-5
Coupling coefficients in the Hamiltonian:
	xab = 1.0e-6 xas = 0.002494 xbs = 0.0025244501443665262
Essential states in each subsystem = [2, 2, 1]
Guard states in osc = [2, 2, 9]
Total number of states, Ntot = 160
Total number of guard states, Nguard = 156
Number of B-spline parameters per spline = 16
Total number of parameters = 288
Max parameter amplitudes: maxpar = [0.05, 0.1, 0.1]
Tikhonov coefficients: tik0 (L2) = 0.01
Tolerance in Linear Solver = 1.0e-15
Using a sparse representation of the Hamiltonian matrices
*** Finished Constructing CNOT3 Problem ***

Schrodinger Problem:
SchrodingerProb{SparseArrays.SparseMatrixCSC{Float64, Int64}, Matrix{Float64}, DiagonalHamiltonianPreconditioner}
Type of operators: SparseArrays.SparseMatrixCSC{Float64, Int64}
Type of states: Matrix{Float64} (gate design problem)

System symmetric operator:
160×160 SparseArrays.SparseMatrixCSC{Float64, Int64} with 156 stored entries:
⎡⠐⢄⠀⠀⠀⠀⠀⠀⠀⠀⠀⠀⠀⠀⠀⠀⠀⠀⠀⠀⠀⠀⠀⠀⠀⠀⠀⠀⠀⠀⠀⠀⠀⠀⠀⠀⠀⠀⠀⠀⎤
⎢⠀⠀⠑⢄⠀⠀⠀⠀⠀⠀⠀⠀⠀⠀⠀⠀⠀⠀⠀⠀⠀⠀⠀⠀⠀⠀⠀⠀⠀⠀⠀⠀⠀⠀⠀⠀⠀⠀⠀⠀⎥
⎢⠀⠀⠀⠀⠑⢄⠀⠀⠀⠀⠀⠀⠀⠀⠀⠀⠀⠀⠀⠀⠀⠀⠀⠀⠀⠀⠀⠀⠀⠀⠀⠀⠀⠀⠀⠀⠀⠀⠀⠀⎥
⎢⠀⠀⠀⠀⠀⠀⠑⢄⠀⠀⠀⠀⠀⠀⠀⠀⠀⠀⠀⠀⠀⠀⠀⠀⠀⠀⠀⠀⠀⠀⠀⠀⠀⠀⠀⠀⠀⠀⠀⠀⎥
⎢⠀⠀⠀⠀⠀⠀⠀⠀⠑⢄⠀⠀⠀⠀⠀⠀⠀⠀⠀⠀⠀⠀⠀⠀⠀⠀⠀⠀⠀⠀⠀⠀⠀⠀⠀⠀⠀⠀⠀⠀⎥
⎢⠀⠀⠀⠀⠀⠀⠀⠀⠀⠀⠑⢄⠀⠀⠀⠀⠀⠀⠀⠀⠀⠀⠀⠀⠀⠀⠀⠀⠀⠀⠀⠀⠀⠀⠀⠀⠀⠀⠀⠀⎥
⎢⠀⠀⠀⠀⠀⠀⠀⠀⠀⠀⠀⠀⠑⢄⠀⠀⠀⠀⠀⠀⠀⠀⠀⠀⠀⠀⠀⠀⠀⠀⠀⠀⠀⠀⠀⠀⠀⠀⠀⠀⎥
⎢⠀⠀⠀⠀⠀⠀⠀⠀⠀⠀⠀⠀⠀⠀⠑⢄⠀⠀⠀⠀⠀⠀⠀⠀⠀⠀⠀⠀⠀⠀⠀⠀⠀⠀⠀⠀⠀⠀⠀⠀⎥
⎢⠀⠀⠀⠀⠀⠀⠀⠀⠀⠀⠀⠀⠀⠀⠀⠀⠑⢄⠀⠀⠀⠀⠀⠀⠀⠀⠀⠀⠀⠀⠀⠀⠀⠀⠀⠀⠀⠀⠀⠀⎥
⎢⠀⠀⠀⠀⠀⠀⠀⠀⠀⠀⠀⠀⠀⠀⠀⠀⠀⠀⠑⢄⠀⠀⠀⠀⠀⠀⠀⠀⠀⠀⠀⠀⠀⠀⠀⠀⠀⠀⠀⠀⎥
⎢⠀⠀⠀⠀⠀⠀⠀⠀⠀⠀⠀⠀⠀⠀⠀⠀⠀⠀⠀⠀⠑⢄⠀⠀⠀⠀⠀⠀⠀⠀⠀⠀⠀⠀⠀⠀⠀⠀⠀⠀⎥
⎢⠀⠀⠀⠀⠀⠀⠀⠀⠀⠀⠀⠀⠀⠀⠀⠀⠀⠀⠀⠀⠀⠀⠑⢄⠀⠀⠀⠀⠀⠀⠀⠀⠀⠀⠀⠀⠀⠀⠀⠀⎥
⎢⠀⠀⠀⠀⠀⠀⠀⠀⠀⠀⠀⠀⠀⠀⠀⠀⠀⠀⠀⠀⠀⠀⠀⠀⠑⢄⠀⠀⠀⠀⠀⠀⠀⠀⠀⠀⠀⠀⠀⠀⎥
⎢⠀⠀⠀⠀⠀⠀⠀⠀⠀⠀⠀⠀⠀⠀⠀⠀⠀⠀⠀⠀⠀⠀⠀⠀⠀⠀⠑⢄⠀⠀⠀⠀⠀⠀⠀⠀⠀⠀⠀⠀⎥
⎢⠀⠀⠀⠀⠀⠀⠀⠀⠀⠀⠀⠀⠀⠀⠀⠀⠀⠀⠀⠀⠀⠀⠀⠀⠀⠀⠀⠀⠑⢄⠀⠀⠀⠀⠀⠀⠀⠀⠀⠀⎥
⎢⠀⠀⠀⠀⠀⠀⠀⠀⠀⠀⠀⠀⠀⠀⠀⠀⠀⠀⠀⠀⠀⠀⠀⠀⠀⠀⠀⠀⠀⠀⠑⢄⠀⠀⠀⠀⠀⠀⠀⠀⎥
⎢⠀⠀⠀⠀⠀⠀⠀⠀⠀⠀⠀⠀⠀⠀⠀⠀⠀⠀⠀⠀⠀⠀⠀⠀⠀⠀⠀⠀⠀⠀⠀⠀⠑⢄⠀⠀⠀⠀⠀⠀⎥
⎢⠀⠀⠀⠀⠀⠀⠀⠀⠀⠀⠀⠀⠀⠀⠀⠀⠀⠀⠀⠀⠀⠀⠀⠀⠀⠀⠀⠀⠀⠀⠀⠀⠀⠀⠑⢄⠀⠀⠀⠀⎥
⎢⠀⠀⠀⠀⠀⠀⠀⠀⠀⠀⠀⠀⠀⠀⠀⠀⠀⠀⠀⠀⠀⠀⠀⠀⠀⠀⠀⠀⠀⠀⠀⠀⠀⠀⠀⠀⠑⢄⠀⠀⎥
⎣⠀⠀⠀⠀⠀⠀⠀⠀⠀⠀⠀⠀⠀⠀⠀⠀⠀⠀⠀⠀⠀⠀⠀⠀⠀⠀⠀⠀⠀⠀⠀⠀⠀⠀⠀⠀⠀⠀⠑⢄⎦

System anti-symmetric operator:
160×160 SparseArrays.SparseMatrixCSC{Float64, Int64} with 0 stored entries:
⎡⠀⠀⠀⠀⠀⠀⠀⠀⠀⠀⠀⠀⠀⠀⠀⠀⠀⠀⠀⠀⠀⠀⠀⠀⠀⠀⠀⠀⠀⠀⠀⠀⠀⠀⠀⠀⠀⠀⠀⠀⎤
⎢⠀⠀⠀⠀⠀⠀⠀⠀⠀⠀⠀⠀⠀⠀⠀⠀⠀⠀⠀⠀⠀⠀⠀⠀⠀⠀⠀⠀⠀⠀⠀⠀⠀⠀⠀⠀⠀⠀⠀⠀⎥
⎢⠀⠀⠀⠀⠀⠀⠀⠀⠀⠀⠀⠀⠀⠀⠀⠀⠀⠀⠀⠀⠀⠀⠀⠀⠀⠀⠀⠀⠀⠀⠀⠀⠀⠀⠀⠀⠀⠀⠀⠀⎥
⎢⠀⠀⠀⠀⠀⠀⠀⠀⠀⠀⠀⠀⠀⠀⠀⠀⠀⠀⠀⠀⠀⠀⠀⠀⠀⠀⠀⠀⠀⠀⠀⠀⠀⠀⠀⠀⠀⠀⠀⠀⎥
⎢⠀⠀⠀⠀⠀⠀⠀⠀⠀⠀⠀⠀⠀⠀⠀⠀⠀⠀⠀⠀⠀⠀⠀⠀⠀⠀⠀⠀⠀⠀⠀⠀⠀⠀⠀⠀⠀⠀⠀⠀⎥
⎢⠀⠀⠀⠀⠀⠀⠀⠀⠀⠀⠀⠀⠀⠀⠀⠀⠀⠀⠀⠀⠀⠀⠀⠀⠀⠀⠀⠀⠀⠀⠀⠀⠀⠀⠀⠀⠀⠀⠀⠀⎥
⎢⠀⠀⠀⠀⠀⠀⠀⠀⠀⠀⠀⠀⠀⠀⠀⠀⠀⠀⠀⠀⠀⠀⠀⠀⠀⠀⠀⠀⠀⠀⠀⠀⠀⠀⠀⠀⠀⠀⠀⠀⎥
⎢⠀⠀⠀⠀⠀⠀⠀⠀⠀⠀⠀⠀⠀⠀⠀⠀⠀⠀⠀⠀⠀⠀⠀⠀⠀⠀⠀⠀⠀⠀⠀⠀⠀⠀⠀⠀⠀⠀⠀⠀⎥
⎢⠀⠀⠀⠀⠀⠀⠀⠀⠀⠀⠀⠀⠀⠀⠀⠀⠀⠀⠀⠀⠀⠀⠀⠀⠀⠀⠀⠀⠀⠀⠀⠀⠀⠀⠀⠀⠀⠀⠀⠀⎥
⎢⠀⠀⠀⠀⠀⠀⠀⠀⠀⠀⠀⠀⠀⠀⠀⠀⠀⠀⠀⠀⠀⠀⠀⠀⠀⠀⠀⠀⠀⠀⠀⠀⠀⠀⠀⠀⠀⠀⠀⠀⎥
⎢⠀⠀⠀⠀⠀⠀⠀⠀⠀⠀⠀⠀⠀⠀⠀⠀⠀⠀⠀⠀⠀⠀⠀⠀⠀⠀⠀⠀⠀⠀⠀⠀⠀⠀⠀⠀⠀⠀⠀⠀⎥
⎢⠀⠀⠀⠀⠀⠀⠀⠀⠀⠀⠀⠀⠀⠀⠀⠀⠀⠀⠀⠀⠀⠀⠀⠀⠀⠀⠀⠀⠀⠀⠀⠀⠀⠀⠀⠀⠀⠀⠀⠀⎥
⎢⠀⠀⠀⠀⠀⠀⠀⠀⠀⠀⠀⠀⠀⠀⠀⠀⠀⠀⠀⠀⠀⠀⠀⠀⠀⠀⠀⠀⠀⠀⠀⠀⠀⠀⠀⠀⠀⠀⠀⠀⎥
⎢⠀⠀⠀⠀⠀⠀⠀⠀⠀⠀⠀⠀⠀⠀⠀⠀⠀⠀⠀⠀⠀⠀⠀⠀⠀⠀⠀⠀⠀⠀⠀⠀⠀⠀⠀⠀⠀⠀⠀⠀⎥
⎢⠀⠀⠀⠀⠀⠀⠀⠀⠀⠀⠀⠀⠀⠀⠀⠀⠀⠀⠀⠀⠀⠀⠀⠀⠀⠀⠀⠀⠀⠀⠀⠀⠀⠀⠀⠀⠀⠀⠀⠀⎥
⎢⠀⠀⠀⠀⠀⠀⠀⠀⠀⠀⠀⠀⠀⠀⠀⠀⠀⠀⠀⠀⠀⠀⠀⠀⠀⠀⠀⠀⠀⠀⠀⠀⠀⠀⠀⠀⠀⠀⠀⠀⎥
⎢⠀⠀⠀⠀⠀⠀⠀⠀⠀⠀⠀⠀⠀⠀⠀⠀⠀⠀⠀⠀⠀⠀⠀⠀⠀⠀⠀⠀⠀⠀⠀⠀⠀⠀⠀⠀⠀⠀⠀⠀⎥
⎢⠀⠀⠀⠀⠀⠀⠀⠀⠀⠀⠀⠀⠀⠀⠀⠀⠀⠀⠀⠀⠀⠀⠀⠀⠀⠀⠀⠀⠀⠀⠀⠀⠀⠀⠀⠀⠀⠀⠀⠀⎥
⎢⠀⠀⠀⠀⠀⠀⠀⠀⠀⠀⠀⠀⠀⠀⠀⠀⠀⠀⠀⠀⠀⠀⠀⠀⠀⠀⠀⠀⠀⠀⠀⠀⠀⠀⠀⠀⠀⠀⠀⠀⎥
⎣⠀⠀⠀⠀⠀⠀⠀⠀⠀⠀⠀⠀⠀⠀⠀⠀⠀⠀⠀⠀⠀⠀⠀⠀⠀⠀⠀⠀⠀⠀⠀⠀⠀⠀⠀⠀⠀⠀⠀⠀⎦

Control symmetric operators:
160×160 SparseArrays.SparseMatrixCSC{Float64, Int64} with 240 stored entries:
⎡⠛⣤⠀⠀⠀⠀⠀⠀⠀⠀⠀⠀⠀⠀⠀⠀⠀⠀⠀⠀⠀⠀⠀⠀⠀⠀⠀⠀⠀⠀⠀⠀⠀⠀⠀⠀⠀⠀⠀⠀⎤
⎢⠀⠀⠛⣤⠀⠀⠀⠀⠀⠀⠀⠀⠀⠀⠀⠀⠀⠀⠀⠀⠀⠀⠀⠀⠀⠀⠀⠀⠀⠀⠀⠀⠀⠀⠀⠀⠀⠀⠀⠀⎥
⎢⠀⠀⠀⠀⠛⣤⠀⠀⠀⠀⠀⠀⠀⠀⠀⠀⠀⠀⠀⠀⠀⠀⠀⠀⠀⠀⠀⠀⠀⠀⠀⠀⠀⠀⠀⠀⠀⠀⠀⠀⎥
⎢⠀⠀⠀⠀⠀⠀⠛⣤⠀⠀⠀⠀⠀⠀⠀⠀⠀⠀⠀⠀⠀⠀⠀⠀⠀⠀⠀⠀⠀⠀⠀⠀⠀⠀⠀⠀⠀⠀⠀⠀⎥
⎢⠀⠀⠀⠀⠀⠀⠀⠀⠛⣤⠀⠀⠀⠀⠀⠀⠀⠀⠀⠀⠀⠀⠀⠀⠀⠀⠀⠀⠀⠀⠀⠀⠀⠀⠀⠀⠀⠀⠀⠀⎥
⎢⠀⠀⠀⠀⠀⠀⠀⠀⠀⠀⠛⣤⠀⠀⠀⠀⠀⠀⠀⠀⠀⠀⠀⠀⠀⠀⠀⠀⠀⠀⠀⠀⠀⠀⠀⠀⠀⠀⠀⠀⎥
⎢⠀⠀⠀⠀⠀⠀⠀⠀⠀⠀⠀⠀⠛⣤⠀⠀⠀⠀⠀⠀⠀⠀⠀⠀⠀⠀⠀⠀⠀⠀⠀⠀⠀⠀⠀⠀⠀⠀⠀⠀⎥
⎢⠀⠀⠀⠀⠀⠀⠀⠀⠀⠀⠀⠀⠀⠀⠛⣤⠀⠀⠀⠀⠀⠀⠀⠀⠀⠀⠀⠀⠀⠀⠀⠀⠀⠀⠀⠀⠀⠀⠀⠀⎥
⎢⠀⠀⠀⠀⠀⠀⠀⠀⠀⠀⠀⠀⠀⠀⠀⠀⠛⣤⠀⠀⠀⠀⠀⠀⠀⠀⠀⠀⠀⠀⠀⠀⠀⠀⠀⠀⠀⠀⠀⠀⎥
⎢⠀⠀⠀⠀⠀⠀⠀⠀⠀⠀⠀⠀⠀⠀⠀⠀⠀⠀⠛⣤⠀⠀⠀⠀⠀⠀⠀⠀⠀⠀⠀⠀⠀⠀⠀⠀⠀⠀⠀⠀⎥
⎢⠀⠀⠀⠀⠀⠀⠀⠀⠀⠀⠀⠀⠀⠀⠀⠀⠀⠀⠀⠀⠛⣤⠀⠀⠀⠀⠀⠀⠀⠀⠀⠀⠀⠀⠀⠀⠀⠀⠀⠀⎥
⎢⠀⠀⠀⠀⠀⠀⠀⠀⠀⠀⠀⠀⠀⠀⠀⠀⠀⠀⠀⠀⠀⠀⠛⣤⠀⠀⠀⠀⠀⠀⠀⠀⠀⠀⠀⠀⠀⠀⠀⠀⎥
⎢⠀⠀⠀⠀⠀⠀⠀⠀⠀⠀⠀⠀⠀⠀⠀⠀⠀⠀⠀⠀⠀⠀⠀⠀⠛⣤⠀⠀⠀⠀⠀⠀⠀⠀⠀⠀⠀⠀⠀⠀⎥
⎢⠀⠀⠀⠀⠀⠀⠀⠀⠀⠀⠀⠀⠀⠀⠀⠀⠀⠀⠀⠀⠀⠀⠀⠀⠀⠀⠛⣤⠀⠀⠀⠀⠀⠀⠀⠀⠀⠀⠀⠀⎥
⎢⠀⠀⠀⠀⠀⠀⠀⠀⠀⠀⠀⠀⠀⠀⠀⠀⠀⠀⠀⠀⠀⠀⠀⠀⠀⠀⠀⠀⠛⣤⠀⠀⠀⠀⠀⠀⠀⠀⠀⠀⎥
⎢⠀⠀⠀⠀⠀⠀⠀⠀⠀⠀⠀⠀⠀⠀⠀⠀⠀⠀⠀⠀⠀⠀⠀⠀⠀⠀⠀⠀⠀⠀⠛⣤⠀⠀⠀⠀⠀⠀⠀⠀⎥
⎢⠀⠀⠀⠀⠀⠀⠀⠀⠀⠀⠀⠀⠀⠀⠀⠀⠀⠀⠀⠀⠀⠀⠀⠀⠀⠀⠀⠀⠀⠀⠀⠀⠛⣤⠀⠀⠀⠀⠀⠀⎥
⎢⠀⠀⠀⠀⠀⠀⠀⠀⠀⠀⠀⠀⠀⠀⠀⠀⠀⠀⠀⠀⠀⠀⠀⠀⠀⠀⠀⠀⠀⠀⠀⠀⠀⠀⠛⣤⠀⠀⠀⠀⎥
⎢⠀⠀⠀⠀⠀⠀⠀⠀⠀⠀⠀⠀⠀⠀⠀⠀⠀⠀⠀⠀⠀⠀⠀⠀⠀⠀⠀⠀⠀⠀⠀⠀⠀⠀⠀⠀⠛⣤⠀⠀⎥
⎣⠀⠀⠀⠀⠀⠀⠀⠀⠀⠀⠀⠀⠀⠀⠀⠀⠀⠀⠀⠀⠀⠀⠀⠀⠀⠀⠀⠀⠀⠀⠀⠀⠀⠀⠀⠀⠀⠀⠛⣤⎦

160×160 SparseArrays.SparseMatrixCSC{Float64, Int64} with 240 stored entries:
⎡⢄⠑⢄⠀⠀⠀⠀⠀⠀⠀⠀⠀⠀⠀⠀⠀⠀⠀⠀⠀⠀⠀⠀⠀⠀⠀⠀⠀⠀⠀⠀⠀⠀⠀⠀⠀⠀⠀⠀⠀⎤
⎢⠀⠑⢄⠑⠀⠀⠀⠀⠀⠀⠀⠀⠀⠀⠀⠀⠀⠀⠀⠀⠀⠀⠀⠀⠀⠀⠀⠀⠀⠀⠀⠀⠀⠀⠀⠀⠀⠀⠀⠀⎥
⎢⠀⠀⠀⠀⢄⠑⢄⠀⠀⠀⠀⠀⠀⠀⠀⠀⠀⠀⠀⠀⠀⠀⠀⠀⠀⠀⠀⠀⠀⠀⠀⠀⠀⠀⠀⠀⠀⠀⠀⠀⎥
⎢⠀⠀⠀⠀⠀⠑⢄⠑⠀⠀⠀⠀⠀⠀⠀⠀⠀⠀⠀⠀⠀⠀⠀⠀⠀⠀⠀⠀⠀⠀⠀⠀⠀⠀⠀⠀⠀⠀⠀⠀⎥
⎢⠀⠀⠀⠀⠀⠀⠀⠀⢄⠑⢄⠀⠀⠀⠀⠀⠀⠀⠀⠀⠀⠀⠀⠀⠀⠀⠀⠀⠀⠀⠀⠀⠀⠀⠀⠀⠀⠀⠀⠀⎥
⎢⠀⠀⠀⠀⠀⠀⠀⠀⠀⠑⢄⠑⠀⠀⠀⠀⠀⠀⠀⠀⠀⠀⠀⠀⠀⠀⠀⠀⠀⠀⠀⠀⠀⠀⠀⠀⠀⠀⠀⠀⎥
⎢⠀⠀⠀⠀⠀⠀⠀⠀⠀⠀⠀⠀⢄⠑⢄⠀⠀⠀⠀⠀⠀⠀⠀⠀⠀⠀⠀⠀⠀⠀⠀⠀⠀⠀⠀⠀⠀⠀⠀⠀⎥
⎢⠀⠀⠀⠀⠀⠀⠀⠀⠀⠀⠀⠀⠀⠑⢄⠑⠀⠀⠀⠀⠀⠀⠀⠀⠀⠀⠀⠀⠀⠀⠀⠀⠀⠀⠀⠀⠀⠀⠀⠀⎥
⎢⠀⠀⠀⠀⠀⠀⠀⠀⠀⠀⠀⠀⠀⠀⠀⠀⢄⠑⢄⠀⠀⠀⠀⠀⠀⠀⠀⠀⠀⠀⠀⠀⠀⠀⠀⠀⠀⠀⠀⠀⎥
⎢⠀⠀⠀⠀⠀⠀⠀⠀⠀⠀⠀⠀⠀⠀⠀⠀⠀⠑⢄⠑⠀⠀⠀⠀⠀⠀⠀⠀⠀⠀⠀⠀⠀⠀⠀⠀⠀⠀⠀⠀⎥
⎢⠀⠀⠀⠀⠀⠀⠀⠀⠀⠀⠀⠀⠀⠀⠀⠀⠀⠀⠀⠀⢄⠑⢄⠀⠀⠀⠀⠀⠀⠀⠀⠀⠀⠀⠀⠀⠀⠀⠀⠀⎥
⎢⠀⠀⠀⠀⠀⠀⠀⠀⠀⠀⠀⠀⠀⠀⠀⠀⠀⠀⠀⠀⠀⠑⢄⠑⠀⠀⠀⠀⠀⠀⠀⠀⠀⠀⠀⠀⠀⠀⠀⠀⎥
⎢⠀⠀⠀⠀⠀⠀⠀⠀⠀⠀⠀⠀⠀⠀⠀⠀⠀⠀⠀⠀⠀⠀⠀⠀⢄⠑⢄⠀⠀⠀⠀⠀⠀⠀⠀⠀⠀⠀⠀⠀⎥
⎢⠀⠀⠀⠀⠀⠀⠀⠀⠀⠀⠀⠀⠀⠀⠀⠀⠀⠀⠀⠀⠀⠀⠀⠀⠀⠑⢄⠑⠀⠀⠀⠀⠀⠀⠀⠀⠀⠀⠀⠀⎥
⎢⠀⠀⠀⠀⠀⠀⠀⠀⠀⠀⠀⠀⠀⠀⠀⠀⠀⠀⠀⠀⠀⠀⠀⠀⠀⠀⠀⠀⢄⠑⢄⠀⠀⠀⠀⠀⠀⠀⠀⠀⎥
⎢⠀⠀⠀⠀⠀⠀⠀⠀⠀⠀⠀⠀⠀⠀⠀⠀⠀⠀⠀⠀⠀⠀⠀⠀⠀⠀⠀⠀⠀⠑⢄⠑⠀⠀⠀⠀⠀⠀⠀⠀⎥
⎢⠀⠀⠀⠀⠀⠀⠀⠀⠀⠀⠀⠀⠀⠀⠀⠀⠀⠀⠀⠀⠀⠀⠀⠀⠀⠀⠀⠀⠀⠀⠀⠀⢄⠑⢄⠀⠀⠀⠀⠀⎥
⎢⠀⠀⠀⠀⠀⠀⠀⠀⠀⠀⠀⠀⠀⠀⠀⠀⠀⠀⠀⠀⠀⠀⠀⠀⠀⠀⠀⠀⠀⠀⠀⠀⠀⠑⢄⠑⠀⠀⠀⠀⎥
⎢⠀⠀⠀⠀⠀⠀⠀⠀⠀⠀⠀⠀⠀⠀⠀⠀⠀⠀⠀⠀⠀⠀⠀⠀⠀⠀⠀⠀⠀⠀⠀⠀⠀⠀⠀⠀⢄⠑⢄⠀⎥
⎣⠀⠀⠀⠀⠀⠀⠀⠀⠀⠀⠀⠀⠀⠀⠀⠀⠀⠀⠀⠀⠀⠀⠀⠀⠀⠀⠀⠀⠀⠀⠀⠀⠀⠀⠀⠀⠀⠑⢄⠑⎦

160×160 SparseArrays.SparseMatrixCSC{Float64, Int64} with 288 stored entries:
⎡⠀⠀⠀⠀⠑⢄⠀⠀⠀⠀⠀⠀⠀⠀⠀⠀⠀⠀⠀⠀⠀⠀⠀⠀⠀⠀⠀⠀⠀⠀⠀⠀⠀⠀⠀⠀⠀⠀⠀⠀⎤
⎢⠀⠀⠀⠀⠀⠀⠑⢄⠀⠀⠀⠀⠀⠀⠀⠀⠀⠀⠀⠀⠀⠀⠀⠀⠀⠀⠀⠀⠀⠀⠀⠀⠀⠀⠀⠀⠀⠀⠀⠀⎥
⎢⠑⢄⠀⠀⠀⠀⠀⠀⠑⢄⠀⠀⠀⠀⠀⠀⠀⠀⠀⠀⠀⠀⠀⠀⠀⠀⠀⠀⠀⠀⠀⠀⠀⠀⠀⠀⠀⠀⠀⠀⎥
⎢⠀⠀⠑⢄⠀⠀⠀⠀⠀⠀⠑⢄⠀⠀⠀⠀⠀⠀⠀⠀⠀⠀⠀⠀⠀⠀⠀⠀⠀⠀⠀⠀⠀⠀⠀⠀⠀⠀⠀⠀⎥
⎢⠀⠀⠀⠀⠑⢄⠀⠀⠀⠀⠀⠀⠑⢄⠀⠀⠀⠀⠀⠀⠀⠀⠀⠀⠀⠀⠀⠀⠀⠀⠀⠀⠀⠀⠀⠀⠀⠀⠀⠀⎥
⎢⠀⠀⠀⠀⠀⠀⠑⢄⠀⠀⠀⠀⠀⠀⠑⢄⠀⠀⠀⠀⠀⠀⠀⠀⠀⠀⠀⠀⠀⠀⠀⠀⠀⠀⠀⠀⠀⠀⠀⠀⎥
⎢⠀⠀⠀⠀⠀⠀⠀⠀⠑⢄⠀⠀⠀⠀⠀⠀⠑⢄⠀⠀⠀⠀⠀⠀⠀⠀⠀⠀⠀⠀⠀⠀⠀⠀⠀⠀⠀⠀⠀⠀⎥
⎢⠀⠀⠀⠀⠀⠀⠀⠀⠀⠀⠑⢄⠀⠀⠀⠀⠀⠀⠑⢄⠀⠀⠀⠀⠀⠀⠀⠀⠀⠀⠀⠀⠀⠀⠀⠀⠀⠀⠀⠀⎥
⎢⠀⠀⠀⠀⠀⠀⠀⠀⠀⠀⠀⠀⠑⢄⠀⠀⠀⠀⠀⠀⠑⢄⠀⠀⠀⠀⠀⠀⠀⠀⠀⠀⠀⠀⠀⠀⠀⠀⠀⠀⎥
⎢⠀⠀⠀⠀⠀⠀⠀⠀⠀⠀⠀⠀⠀⠀⠑⢄⠀⠀⠀⠀⠀⠀⠑⢄⠀⠀⠀⠀⠀⠀⠀⠀⠀⠀⠀⠀⠀⠀⠀⠀⎥
⎢⠀⠀⠀⠀⠀⠀⠀⠀⠀⠀⠀⠀⠀⠀⠀⠀⠑⢄⠀⠀⠀⠀⠀⠀⠑⢄⠀⠀⠀⠀⠀⠀⠀⠀⠀⠀⠀⠀⠀⠀⎥
⎢⠀⠀⠀⠀⠀⠀⠀⠀⠀⠀⠀⠀⠀⠀⠀⠀⠀⠀⠑⢄⠀⠀⠀⠀⠀⠀⠑⢄⠀⠀⠀⠀⠀⠀⠀⠀⠀⠀⠀⠀⎥
⎢⠀⠀⠀⠀⠀⠀⠀⠀⠀⠀⠀⠀⠀⠀⠀⠀⠀⠀⠀⠀⠑⢄⠀⠀⠀⠀⠀⠀⠑⢄⠀⠀⠀⠀⠀⠀⠀⠀⠀⠀⎥
⎢⠀⠀⠀⠀⠀⠀⠀⠀⠀⠀⠀⠀⠀⠀⠀⠀⠀⠀⠀⠀⠀⠀⠑⢄⠀⠀⠀⠀⠀⠀⠑⢄⠀⠀⠀⠀⠀⠀⠀⠀⎥
⎢⠀⠀⠀⠀⠀⠀⠀⠀⠀⠀⠀⠀⠀⠀⠀⠀⠀⠀⠀⠀⠀⠀⠀⠀⠑⢄⠀⠀⠀⠀⠀⠀⠑⢄⠀⠀⠀⠀⠀⠀⎥
⎢⠀⠀⠀⠀⠀⠀⠀⠀⠀⠀⠀⠀⠀⠀⠀⠀⠀⠀⠀⠀⠀⠀⠀⠀⠀⠀⠑⢄⠀⠀⠀⠀⠀⠀⠑⢄⠀⠀⠀⠀⎥
⎢⠀⠀⠀⠀⠀⠀⠀⠀⠀⠀⠀⠀⠀⠀⠀⠀⠀⠀⠀⠀⠀⠀⠀⠀⠀⠀⠀⠀⠑⢄⠀⠀⠀⠀⠀⠀⠑⢄⠀⠀⎥
⎢⠀⠀⠀⠀⠀⠀⠀⠀⠀⠀⠀⠀⠀⠀⠀⠀⠀⠀⠀⠀⠀⠀⠀⠀⠀⠀⠀⠀⠀⠀⠑⢄⠀⠀⠀⠀⠀⠀⠑⢄⎥
⎢⠀⠀⠀⠀⠀⠀⠀⠀⠀⠀⠀⠀⠀⠀⠀⠀⠀⠀⠀⠀⠀⠀⠀⠀⠀⠀⠀⠀⠀⠀⠀⠀⠑⢄⠀⠀⠀⠀⠀⠀⎥
⎣⠀⠀⠀⠀⠀⠀⠀⠀⠀⠀⠀⠀⠀⠀⠀⠀⠀⠀⠀⠀⠀⠀⠀⠀⠀⠀⠀⠀⠀⠀⠀⠀⠀⠀⠑⢄⠀⠀⠀⠀⎦



Control anti-symmetric operators:
160×160 SparseArrays.SparseMatrixCSC{Float64, Int64} with 240 stored entries:
⎡⠛⣤⠀⠀⠀⠀⠀⠀⠀⠀⠀⠀⠀⠀⠀⠀⠀⠀⠀⠀⠀⠀⠀⠀⠀⠀⠀⠀⠀⠀⠀⠀⠀⠀⠀⠀⠀⠀⠀⠀⎤
⎢⠀⠀⠛⣤⠀⠀⠀⠀⠀⠀⠀⠀⠀⠀⠀⠀⠀⠀⠀⠀⠀⠀⠀⠀⠀⠀⠀⠀⠀⠀⠀⠀⠀⠀⠀⠀⠀⠀⠀⠀⎥
⎢⠀⠀⠀⠀⠛⣤⠀⠀⠀⠀⠀⠀⠀⠀⠀⠀⠀⠀⠀⠀⠀⠀⠀⠀⠀⠀⠀⠀⠀⠀⠀⠀⠀⠀⠀⠀⠀⠀⠀⠀⎥
⎢⠀⠀⠀⠀⠀⠀⠛⣤⠀⠀⠀⠀⠀⠀⠀⠀⠀⠀⠀⠀⠀⠀⠀⠀⠀⠀⠀⠀⠀⠀⠀⠀⠀⠀⠀⠀⠀⠀⠀⠀⎥
⎢⠀⠀⠀⠀⠀⠀⠀⠀⠛⣤⠀⠀⠀⠀⠀⠀⠀⠀⠀⠀⠀⠀⠀⠀⠀⠀⠀⠀⠀⠀⠀⠀⠀⠀⠀⠀⠀⠀⠀⠀⎥
⎢⠀⠀⠀⠀⠀⠀⠀⠀⠀⠀⠛⣤⠀⠀⠀⠀⠀⠀⠀⠀⠀⠀⠀⠀⠀⠀⠀⠀⠀⠀⠀⠀⠀⠀⠀⠀⠀⠀⠀⠀⎥
⎢⠀⠀⠀⠀⠀⠀⠀⠀⠀⠀⠀⠀⠛⣤⠀⠀⠀⠀⠀⠀⠀⠀⠀⠀⠀⠀⠀⠀⠀⠀⠀⠀⠀⠀⠀⠀⠀⠀⠀⠀⎥
⎢⠀⠀⠀⠀⠀⠀⠀⠀⠀⠀⠀⠀⠀⠀⠛⣤⠀⠀⠀⠀⠀⠀⠀⠀⠀⠀⠀⠀⠀⠀⠀⠀⠀⠀⠀⠀⠀⠀⠀⠀⎥
⎢⠀⠀⠀⠀⠀⠀⠀⠀⠀⠀⠀⠀⠀⠀⠀⠀⠛⣤⠀⠀⠀⠀⠀⠀⠀⠀⠀⠀⠀⠀⠀⠀⠀⠀⠀⠀⠀⠀⠀⠀⎥
⎢⠀⠀⠀⠀⠀⠀⠀⠀⠀⠀⠀⠀⠀⠀⠀⠀⠀⠀⠛⣤⠀⠀⠀⠀⠀⠀⠀⠀⠀⠀⠀⠀⠀⠀⠀⠀⠀⠀⠀⠀⎥
⎢⠀⠀⠀⠀⠀⠀⠀⠀⠀⠀⠀⠀⠀⠀⠀⠀⠀⠀⠀⠀⠛⣤⠀⠀⠀⠀⠀⠀⠀⠀⠀⠀⠀⠀⠀⠀⠀⠀⠀⠀⎥
⎢⠀⠀⠀⠀⠀⠀⠀⠀⠀⠀⠀⠀⠀⠀⠀⠀⠀⠀⠀⠀⠀⠀⠛⣤⠀⠀⠀⠀⠀⠀⠀⠀⠀⠀⠀⠀⠀⠀⠀⠀⎥
⎢⠀⠀⠀⠀⠀⠀⠀⠀⠀⠀⠀⠀⠀⠀⠀⠀⠀⠀⠀⠀⠀⠀⠀⠀⠛⣤⠀⠀⠀⠀⠀⠀⠀⠀⠀⠀⠀⠀⠀⠀⎥
⎢⠀⠀⠀⠀⠀⠀⠀⠀⠀⠀⠀⠀⠀⠀⠀⠀⠀⠀⠀⠀⠀⠀⠀⠀⠀⠀⠛⣤⠀⠀⠀⠀⠀⠀⠀⠀⠀⠀⠀⠀⎥
⎢⠀⠀⠀⠀⠀⠀⠀⠀⠀⠀⠀⠀⠀⠀⠀⠀⠀⠀⠀⠀⠀⠀⠀⠀⠀⠀⠀⠀⠛⣤⠀⠀⠀⠀⠀⠀⠀⠀⠀⠀⎥
⎢⠀⠀⠀⠀⠀⠀⠀⠀⠀⠀⠀⠀⠀⠀⠀⠀⠀⠀⠀⠀⠀⠀⠀⠀⠀⠀⠀⠀⠀⠀⠛⣤⠀⠀⠀⠀⠀⠀⠀⠀⎥
⎢⠀⠀⠀⠀⠀⠀⠀⠀⠀⠀⠀⠀⠀⠀⠀⠀⠀⠀⠀⠀⠀⠀⠀⠀⠀⠀⠀⠀⠀⠀⠀⠀⠛⣤⠀⠀⠀⠀⠀⠀⎥
⎢⠀⠀⠀⠀⠀⠀⠀⠀⠀⠀⠀⠀⠀⠀⠀⠀⠀⠀⠀⠀⠀⠀⠀⠀⠀⠀⠀⠀⠀⠀⠀⠀⠀⠀⠛⣤⠀⠀⠀⠀⎥
⎢⠀⠀⠀⠀⠀⠀⠀⠀⠀⠀⠀⠀⠀⠀⠀⠀⠀⠀⠀⠀⠀⠀⠀⠀⠀⠀⠀⠀⠀⠀⠀⠀⠀⠀⠀⠀⠛⣤⠀⠀⎥
⎣⠀⠀⠀⠀⠀⠀⠀⠀⠀⠀⠀⠀⠀⠀⠀⠀⠀⠀⠀⠀⠀⠀⠀⠀⠀⠀⠀⠀⠀⠀⠀⠀⠀⠀⠀⠀⠀⠀⠛⣤⎦

160×160 SparseArrays.SparseMatrixCSC{Float64, Int64} with 240 stored entries:
⎡⢄⠑⢄⠀⠀⠀⠀⠀⠀⠀⠀⠀⠀⠀⠀⠀⠀⠀⠀⠀⠀⠀⠀⠀⠀⠀⠀⠀⠀⠀⠀⠀⠀⠀⠀⠀⠀⠀⠀⠀⎤
⎢⠀⠑⢄⠑⠀⠀⠀⠀⠀⠀⠀⠀⠀⠀⠀⠀⠀⠀⠀⠀⠀⠀⠀⠀⠀⠀⠀⠀⠀⠀⠀⠀⠀⠀⠀⠀⠀⠀⠀⠀⎥
⎢⠀⠀⠀⠀⢄⠑⢄⠀⠀⠀⠀⠀⠀⠀⠀⠀⠀⠀⠀⠀⠀⠀⠀⠀⠀⠀⠀⠀⠀⠀⠀⠀⠀⠀⠀⠀⠀⠀⠀⠀⎥
⎢⠀⠀⠀⠀⠀⠑⢄⠑⠀⠀⠀⠀⠀⠀⠀⠀⠀⠀⠀⠀⠀⠀⠀⠀⠀⠀⠀⠀⠀⠀⠀⠀⠀⠀⠀⠀⠀⠀⠀⠀⎥
⎢⠀⠀⠀⠀⠀⠀⠀⠀⢄⠑⢄⠀⠀⠀⠀⠀⠀⠀⠀⠀⠀⠀⠀⠀⠀⠀⠀⠀⠀⠀⠀⠀⠀⠀⠀⠀⠀⠀⠀⠀⎥
⎢⠀⠀⠀⠀⠀⠀⠀⠀⠀⠑⢄⠑⠀⠀⠀⠀⠀⠀⠀⠀⠀⠀⠀⠀⠀⠀⠀⠀⠀⠀⠀⠀⠀⠀⠀⠀⠀⠀⠀⠀⎥
⎢⠀⠀⠀⠀⠀⠀⠀⠀⠀⠀⠀⠀⢄⠑⢄⠀⠀⠀⠀⠀⠀⠀⠀⠀⠀⠀⠀⠀⠀⠀⠀⠀⠀⠀⠀⠀⠀⠀⠀⠀⎥
⎢⠀⠀⠀⠀⠀⠀⠀⠀⠀⠀⠀⠀⠀⠑⢄⠑⠀⠀⠀⠀⠀⠀⠀⠀⠀⠀⠀⠀⠀⠀⠀⠀⠀⠀⠀⠀⠀⠀⠀⠀⎥
⎢⠀⠀⠀⠀⠀⠀⠀⠀⠀⠀⠀⠀⠀⠀⠀⠀⢄⠑⢄⠀⠀⠀⠀⠀⠀⠀⠀⠀⠀⠀⠀⠀⠀⠀⠀⠀⠀⠀⠀⠀⎥
⎢⠀⠀⠀⠀⠀⠀⠀⠀⠀⠀⠀⠀⠀⠀⠀⠀⠀⠑⢄⠑⠀⠀⠀⠀⠀⠀⠀⠀⠀⠀⠀⠀⠀⠀⠀⠀⠀⠀⠀⠀⎥
⎢⠀⠀⠀⠀⠀⠀⠀⠀⠀⠀⠀⠀⠀⠀⠀⠀⠀⠀⠀⠀⢄⠑⢄⠀⠀⠀⠀⠀⠀⠀⠀⠀⠀⠀⠀⠀⠀⠀⠀⠀⎥
⎢⠀⠀⠀⠀⠀⠀⠀⠀⠀⠀⠀⠀⠀⠀⠀⠀⠀⠀⠀⠀⠀⠑⢄⠑⠀⠀⠀⠀⠀⠀⠀⠀⠀⠀⠀⠀⠀⠀⠀⠀⎥
⎢⠀⠀⠀⠀⠀⠀⠀⠀⠀⠀⠀⠀⠀⠀⠀⠀⠀⠀⠀⠀⠀⠀⠀⠀⢄⠑⢄⠀⠀⠀⠀⠀⠀⠀⠀⠀⠀⠀⠀⠀⎥
⎢⠀⠀⠀⠀⠀⠀⠀⠀⠀⠀⠀⠀⠀⠀⠀⠀⠀⠀⠀⠀⠀⠀⠀⠀⠀⠑⢄⠑⠀⠀⠀⠀⠀⠀⠀⠀⠀⠀⠀⠀⎥
⎢⠀⠀⠀⠀⠀⠀⠀⠀⠀⠀⠀⠀⠀⠀⠀⠀⠀⠀⠀⠀⠀⠀⠀⠀⠀⠀⠀⠀⢄⠑⢄⠀⠀⠀⠀⠀⠀⠀⠀⠀⎥
⎢⠀⠀⠀⠀⠀⠀⠀⠀⠀⠀⠀⠀⠀⠀⠀⠀⠀⠀⠀⠀⠀⠀⠀⠀⠀⠀⠀⠀⠀⠑⢄⠑⠀⠀⠀⠀⠀⠀⠀⠀⎥
⎢⠀⠀⠀⠀⠀⠀⠀⠀⠀⠀⠀⠀⠀⠀⠀⠀⠀⠀⠀⠀⠀⠀⠀⠀⠀⠀⠀⠀⠀⠀⠀⠀⢄⠑⢄⠀⠀⠀⠀⠀⎥
⎢⠀⠀⠀⠀⠀⠀⠀⠀⠀⠀⠀⠀⠀⠀⠀⠀⠀⠀⠀⠀⠀⠀⠀⠀⠀⠀⠀⠀⠀⠀⠀⠀⠀⠑⢄⠑⠀⠀⠀⠀⎥
⎢⠀⠀⠀⠀⠀⠀⠀⠀⠀⠀⠀⠀⠀⠀⠀⠀⠀⠀⠀⠀⠀⠀⠀⠀⠀⠀⠀⠀⠀⠀⠀⠀⠀⠀⠀⠀⢄⠑⢄⠀⎥
⎣⠀⠀⠀⠀⠀⠀⠀⠀⠀⠀⠀⠀⠀⠀⠀⠀⠀⠀⠀⠀⠀⠀⠀⠀⠀⠀⠀⠀⠀⠀⠀⠀⠀⠀⠀⠀⠀⠑⢄⠑⎦

160×160 SparseArrays.SparseMatrixCSC{Float64, Int64} with 288 stored entries:
⎡⠀⠀⠀⠀⠑⢄⠀⠀⠀⠀⠀⠀⠀⠀⠀⠀⠀⠀⠀⠀⠀⠀⠀⠀⠀⠀⠀⠀⠀⠀⠀⠀⠀⠀⠀⠀⠀⠀⠀⠀⎤
⎢⠀⠀⠀⠀⠀⠀⠑⢄⠀⠀⠀⠀⠀⠀⠀⠀⠀⠀⠀⠀⠀⠀⠀⠀⠀⠀⠀⠀⠀⠀⠀⠀⠀⠀⠀⠀⠀⠀⠀⠀⎥
⎢⠑⢄⠀⠀⠀⠀⠀⠀⠑⢄⠀⠀⠀⠀⠀⠀⠀⠀⠀⠀⠀⠀⠀⠀⠀⠀⠀⠀⠀⠀⠀⠀⠀⠀⠀⠀⠀⠀⠀⠀⎥
⎢⠀⠀⠑⢄⠀⠀⠀⠀⠀⠀⠑⢄⠀⠀⠀⠀⠀⠀⠀⠀⠀⠀⠀⠀⠀⠀⠀⠀⠀⠀⠀⠀⠀⠀⠀⠀⠀⠀⠀⠀⎥
⎢⠀⠀⠀⠀⠑⢄⠀⠀⠀⠀⠀⠀⠑⢄⠀⠀⠀⠀⠀⠀⠀⠀⠀⠀⠀⠀⠀⠀⠀⠀⠀⠀⠀⠀⠀⠀⠀⠀⠀⠀⎥
⎢⠀⠀⠀⠀⠀⠀⠑⢄⠀⠀⠀⠀⠀⠀⠑⢄⠀⠀⠀⠀⠀⠀⠀⠀⠀⠀⠀⠀⠀⠀⠀⠀⠀⠀⠀⠀⠀⠀⠀⠀⎥
⎢⠀⠀⠀⠀⠀⠀⠀⠀⠑⢄⠀⠀⠀⠀⠀⠀⠑⢄⠀⠀⠀⠀⠀⠀⠀⠀⠀⠀⠀⠀⠀⠀⠀⠀⠀⠀⠀⠀⠀⠀⎥
⎢⠀⠀⠀⠀⠀⠀⠀⠀⠀⠀⠑⢄⠀⠀⠀⠀⠀⠀⠑⢄⠀⠀⠀⠀⠀⠀⠀⠀⠀⠀⠀⠀⠀⠀⠀⠀⠀⠀⠀⠀⎥
⎢⠀⠀⠀⠀⠀⠀⠀⠀⠀⠀⠀⠀⠑⢄⠀⠀⠀⠀⠀⠀⠑⢄⠀⠀⠀⠀⠀⠀⠀⠀⠀⠀⠀⠀⠀⠀⠀⠀⠀⠀⎥
⎢⠀⠀⠀⠀⠀⠀⠀⠀⠀⠀⠀⠀⠀⠀⠑⢄⠀⠀⠀⠀⠀⠀⠑⢄⠀⠀⠀⠀⠀⠀⠀⠀⠀⠀⠀⠀⠀⠀⠀⠀⎥
⎢⠀⠀⠀⠀⠀⠀⠀⠀⠀⠀⠀⠀⠀⠀⠀⠀⠑⢄⠀⠀⠀⠀⠀⠀⠑⢄⠀⠀⠀⠀⠀⠀⠀⠀⠀⠀⠀⠀⠀⠀⎥
⎢⠀⠀⠀⠀⠀⠀⠀⠀⠀⠀⠀⠀⠀⠀⠀⠀⠀⠀⠑⢄⠀⠀⠀⠀⠀⠀⠑⢄⠀⠀⠀⠀⠀⠀⠀⠀⠀⠀⠀⠀⎥
⎢⠀⠀⠀⠀⠀⠀⠀⠀⠀⠀⠀⠀⠀⠀⠀⠀⠀⠀⠀⠀⠑⢄⠀⠀⠀⠀⠀⠀⠑⢄⠀⠀⠀⠀⠀⠀⠀⠀⠀⠀⎥
⎢⠀⠀⠀⠀⠀⠀⠀⠀⠀⠀⠀⠀⠀⠀⠀⠀⠀⠀⠀⠀⠀⠀⠑⢄⠀⠀⠀⠀⠀⠀⠑⢄⠀⠀⠀⠀⠀⠀⠀⠀⎥
⎢⠀⠀⠀⠀⠀⠀⠀⠀⠀⠀⠀⠀⠀⠀⠀⠀⠀⠀⠀⠀⠀⠀⠀⠀⠑⢄⠀⠀⠀⠀⠀⠀⠑⢄⠀⠀⠀⠀⠀⠀⎥
⎢⠀⠀⠀⠀⠀⠀⠀⠀⠀⠀⠀⠀⠀⠀⠀⠀⠀⠀⠀⠀⠀⠀⠀⠀⠀⠀⠑⢄⠀⠀⠀⠀⠀⠀⠑⢄⠀⠀⠀⠀⎥
⎢⠀⠀⠀⠀⠀⠀⠀⠀⠀⠀⠀⠀⠀⠀⠀⠀⠀⠀⠀⠀⠀⠀⠀⠀⠀⠀⠀⠀⠑⢄⠀⠀⠀⠀⠀⠀⠑⢄⠀⠀⎥
⎢⠀⠀⠀⠀⠀⠀⠀⠀⠀⠀⠀⠀⠀⠀⠀⠀⠀⠀⠀⠀⠀⠀⠀⠀⠀⠀⠀⠀⠀⠀⠑⢄⠀⠀⠀⠀⠀⠀⠑⢄⎥
⎢⠀⠀⠀⠀⠀⠀⠀⠀⠀⠀⠀⠀⠀⠀⠀⠀⠀⠀⠀⠀⠀⠀⠀⠀⠀⠀⠀⠀⠀⠀⠀⠀⠑⢄⠀⠀⠀⠀⠀⠀⎥
⎣⠀⠀⠀⠀⠀⠀⠀⠀⠀⠀⠀⠀⠀⠀⠀⠀⠀⠀⠀⠀⠀⠀⠀⠀⠀⠀⠀⠀⠀⠀⠀⠀⠀⠀⠑⢄⠀⠀⠀⠀⎦



Guard supspace projector:
320×320 SparseArrays.SparseMatrixCSC{Float64, Int64} with 312 stored entries:
⎡⠑⢄⠀⠀⠀⠀⠀⠀⠀⠀⠀⠀⠀⠀⠀⠀⠀⠀⠀⠀⠀⠀⠀⠀⠀⠀⠀⠀⠀⠀⠀⠀⠀⠀⠀⠀⠀⠀⠀⠀⎤
⎢⠀⠀⠑⢄⠀⠀⠀⠀⠀⠀⠀⠀⠀⠀⠀⠀⠀⠀⠀⠀⠀⠀⠀⠀⠀⠀⠀⠀⠀⠀⠀⠀⠀⠀⠀⠀⠀⠀⠀⠀⎥
⎢⠀⠀⠀⠀⠑⢄⠀⠀⠀⠀⠀⠀⠀⠀⠀⠀⠀⠀⠀⠀⠀⠀⠀⠀⠀⠀⠀⠀⠀⠀⠀⠀⠀⠀⠀⠀⠀⠀⠀⠀⎥
⎢⠀⠀⠀⠀⠀⠀⠑⢄⠀⠀⠀⠀⠀⠀⠀⠀⠀⠀⠀⠀⠀⠀⠀⠀⠀⠀⠀⠀⠀⠀⠀⠀⠀⠀⠀⠀⠀⠀⠀⠀⎥
⎢⠀⠀⠀⠀⠀⠀⠀⠀⠑⢄⠀⠀⠀⠀⠀⠀⠀⠀⠀⠀⠀⠀⠀⠀⠀⠀⠀⠀⠀⠀⠀⠀⠀⠀⠀⠀⠀⠀⠀⠀⎥
⎢⠀⠀⠀⠀⠀⠀⠀⠀⠀⠀⠑⢄⠀⠀⠀⠀⠀⠀⠀⠀⠀⠀⠀⠀⠀⠀⠀⠀⠀⠀⠀⠀⠀⠀⠀⠀⠀⠀⠀⠀⎥
⎢⠀⠀⠀⠀⠀⠀⠀⠀⠀⠀⠀⠀⠑⢄⠀⠀⠀⠀⠀⠀⠀⠀⠀⠀⠀⠀⠀⠀⠀⠀⠀⠀⠀⠀⠀⠀⠀⠀⠀⠀⎥
⎢⠀⠀⠀⠀⠀⠀⠀⠀⠀⠀⠀⠀⠀⠀⠑⢄⠀⠀⠀⠀⠀⠀⠀⠀⠀⠀⠀⠀⠀⠀⠀⠀⠀⠀⠀⠀⠀⠀⠀⠀⎥
⎢⠀⠀⠀⠀⠀⠀⠀⠀⠀⠀⠀⠀⠀⠀⠀⠀⠑⢄⠀⠀⠀⠀⠀⠀⠀⠀⠀⠀⠀⠀⠀⠀⠀⠀⠀⠀⠀⠀⠀⠀⎥
⎢⠀⠀⠀⠀⠀⠀⠀⠀⠀⠀⠀⠀⠀⠀⠀⠀⠀⠀⠑⢄⠀⠀⠀⠀⠀⠀⠀⠀⠀⠀⠀⠀⠀⠀⠀⠀⠀⠀⠀⠀⎥
⎢⠀⠀⠀⠀⠀⠀⠀⠀⠀⠀⠀⠀⠀⠀⠀⠀⠀⠀⠀⠀⠑⢄⠀⠀⠀⠀⠀⠀⠀⠀⠀⠀⠀⠀⠀⠀⠀⠀⠀⠀⎥
⎢⠀⠀⠀⠀⠀⠀⠀⠀⠀⠀⠀⠀⠀⠀⠀⠀⠀⠀⠀⠀⠀⠀⠑⢄⠀⠀⠀⠀⠀⠀⠀⠀⠀⠀⠀⠀⠀⠀⠀⠀⎥
⎢⠀⠀⠀⠀⠀⠀⠀⠀⠀⠀⠀⠀⠀⠀⠀⠀⠀⠀⠀⠀⠀⠀⠀⠀⠑⢄⠀⠀⠀⠀⠀⠀⠀⠀⠀⠀⠀⠀⠀⠀⎥
⎢⠀⠀⠀⠀⠀⠀⠀⠀⠀⠀⠀⠀⠀⠀⠀⠀⠀⠀⠀⠀⠀⠀⠀⠀⠀⠀⠑⢄⠀⠀⠀⠀⠀⠀⠀⠀⠀⠀⠀⠀⎥
⎢⠀⠀⠀⠀⠀⠀⠀⠀⠀⠀⠀⠀⠀⠀⠀⠀⠀⠀⠀⠀⠀⠀⠀⠀⠀⠀⠀⠀⠑⢄⠀⠀⠀⠀⠀⠀⠀⠀⠀⠀⎥
⎢⠀⠀⠀⠀⠀⠀⠀⠀⠀⠀⠀⠀⠀⠀⠀⠀⠀⠀⠀⠀⠀⠀⠀⠀⠀⠀⠀⠀⠀⠀⠑⢄⠀⠀⠀⠀⠀⠀⠀⠀⎥
⎢⠀⠀⠀⠀⠀⠀⠀⠀⠀⠀⠀⠀⠀⠀⠀⠀⠀⠀⠀⠀⠀⠀⠀⠀⠀⠀⠀⠀⠀⠀⠀⠀⠑⢄⠀⠀⠀⠀⠀⠀⎥
⎢⠀⠀⠀⠀⠀⠀⠀⠀⠀⠀⠀⠀⠀⠀⠀⠀⠀⠀⠀⠀⠀⠀⠀⠀⠀⠀⠀⠀⠀⠀⠀⠀⠀⠀⠑⢄⠀⠀⠀⠀⎥
⎢⠀⠀⠀⠀⠀⠀⠀⠀⠀⠀⠀⠀⠀⠀⠀⠀⠀⠀⠀⠀⠀⠀⠀⠀⠀⠀⠀⠀⠀⠀⠀⠀⠀⠀⠀⠀⠑⢄⠀⠀⎥
⎣⠀⠀⠀⠀⠀⠀⠀⠀⠀⠀⠀⠀⠀⠀⠀⠀⠀⠀⠀⠀⠀⠀⠀⠀⠀⠀⠀⠀⠀⠀⠀⠀⠀⠀⠀⠀⠀⠀⠑⢄⎦

Real part of initial state(s):
160×4 Matrix{Float64}:
 1.0  0.0  0.0  0.0
 0.0  1.0  0.0  0.0
 0.0  0.0  0.0  0.0
 0.0  0.0  0.0  0.0
 0.0  0.0  1.0  0.0
 0.0  0.0  0.0  1.0
 0.0  0.0  0.0  0.0
 0.0  0.0  0.0  0.0
 0.0  0.0  0.0  0.0
 0.0  0.0  0.0  0.0
 0.0  0.0  0.0  0.0
 0.0  0.0  0.0  0.0
 0.0  0.0  0.0  0.0
 0.0  0.0  0.0  0.0
 0.0  0.0  0.0  0.0
 0.0  0.0  0.0  0.0
 0.0  0.0  0.0  0.0
 0.0  0.0  0.0  0.0
 0.0  0.0  0.0  0.0
 0.0  0.0  0.0  0.0
 0.0  0.0  0.0  0.0
 0.0  0.0  0.0  0.0
 0.0  0.0  0.0  0.0
 0.0  0.0  0.0  0.0
 0.0  0.0  0.0  0.0
 0.0  0.0  0.0  0.0
 0.0  0.0  0.0  0.0
 0.0  0.0  0.0  0.0
 0.0  0.0  0.0  0.0
 0.0  0.0  0.0  0.0
 0.0  0.0  0.0  0.0
 0.0  0.0  0.0  0.0
 0.0  0.0  0.0  0.0
 0.0  0.0  0.0  0.0
 0.0  0.0  0.0  0.0
 0.0  0.0  0.0  0.0
 0.0  0.0  0.0  0.0
 0.0  0.0  0.0  0.0
 0.0  0.0  0.0  0.0
 0.0  0.0  0.0  0.0
 0.0  0.0  0.0  0.0
 0.0  0.0  0.0  0.0
 0.0  0.0  0.0  0.0
 0.0  0.0  0.0  0.0
 0.0  0.0  0.0  0.0
 0.0  0.0  0.0  0.0
 0.0  0.0  0.0  0.0
 0.0  0.0  0.0  0.0
 0.0  0.0  0.0  0.0
 0.0  0.0  0.0  0.0
 0.0  0.0  0.0  0.0
 0.0  0.0  0.0  0.0
 0.0  0.0  0.0  0.0
 0.0  0.0  0.0  0.0
 0.0  0.0  0.0  0.0
 0.0  0.0  0.0  0.0
 0.0  0.0  0.0  0.0
 0.0  0.0  0.0  0.0
 0.0  0.0  0.0  0.0
 0.0  0.0  0.0  0.0
 0.0  0.0  0.0  0.0
 0.0  0.0  0.0  0.0
 0.0  0.0  0.0  0.0
 0.0  0.0  0.0  0.0
 0.0  0.0  0.0  0.0
 0.0  0.0  0.0  0.0
 0.0  0.0  0.0  0.0
 0.0  0.0  0.0  0.0
 0.0  0.0  0.0  0.0
 0.0  0.0  0.0  0.0
 0.0  0.0  0.0  0.0
 0.0  0.0  0.0  0.0
 0.0  0.0  0.0  0.0
 0.0  0.0  0.0  0.0
 0.0  0.0  0.0  0.0
 0.0  0.0  0.0  0.0
 0.0  0.0  0.0  0.0
 0.0  0.0  0.0  0.0
 0.0  0.0  0.0  0.0
 0.0  0.0  0.0  0.0
 0.0  0.0  0.0  0.0
 0.0  0.0  0.0  0.0
 0.0  0.0  0.0  0.0
 0.0  0.0  0.0  0.0
 0.0  0.0  0.0  0.0
 0.0  0.0  0.0  0.0
 0.0  0.0  0.0  0.0
 0.0  0.0  0.0  0.0
 0.0  0.0  0.0  0.0
 0.0  0.0  0.0  0.0
 0.0  0.0  0.0  0.0
 0.0  0.0  0.0  0.0
 0.0  0.0  0.0  0.0
 0.0  0.0  0.0  0.0
 0.0  0.0  0.0  0.0
 0.0  0.0  0.0  0.0
 0.0  0.0  0.0  0.0
 0.0  0.0  0.0  0.0
 0.0  0.0  0.0  0.0
 0.0  0.0  0.0  0.0
 0.0  0.0  0.0  0.0
 0.0  0.0  0.0  0.0
 0.0  0.0  0.0  0.0
 0.0  0.0  0.0  0.0
 0.0  0.0  0.0  0.0
 0.0  0.0  0.0  0.0
 0.0  0.0  0.0  0.0
 0.0  0.0  0.0  0.0
 0.0  0.0  0.0  0.0
 0.0  0.0  0.0  0.0
 0.0  0.0  0.0  0.0
 0.0  0.0  0.0  0.0
 0.0  0.0  0.0  0.0
 0.0  0.0  0.0  0.0
 0.0  0.0  0.0  0.0
 0.0  0.0  0.0  0.0
 0.0  0.0  0.0  0.0
 0.0  0.0  0.0  0.0
 0.0  0.0  0.0  0.0
 0.0  0.0  0.0  0.0
 0.0  0.0  0.0  0.0
 0.0  0.0  0.0  0.0
 0.0  0.0  0.0  0.0
 0.0  0.0  0.0  0.0
 0.0  0.0  0.0  0.0
 0.0  0.0  0.0  0.0
 0.0  0.0  0.0  0.0
 0.0  0.0  0.0  0.0
 0.0  0.0  0.0  0.0
 0.0  0.0  0.0  0.0
 0.0  0.0  0.0  0.0
 0.0  0.0  0.0  0.0
 0.0  0.0  0.0  0.0
 0.0  0.0  0.0  0.0
 0.0  0.0  0.0  0.0
 0.0  0.0  0.0  0.0
 0.0  0.0  0.0  0.0
 0.0  0.0  0.0  0.0
 0.0  0.0  0.0  0.0
 0.0  0.0  0.0  0.0
 0.0  0.0  0.0  0.0
 0.0  0.0  0.0  0.0
 0.0  0.0  0.0  0.0
 0.0  0.0  0.0  0.0
 0.0  0.0  0.0  0.0
 0.0  0.0  0.0  0.0
 0.0  0.0  0.0  0.0
 0.0  0.0  0.0  0.0
 0.0  0.0  0.0  0.0
 0.0  0.0  0.0  0.0
 0.0  0.0  0.0  0.0
 0.0  0.0  0.0  0.0
 0.0  0.0  0.0  0.0
 0.0  0.0  0.0  0.0
 0.0  0.0  0.0  0.0
 0.0  0.0  0.0  0.0
 0.0  0.0  0.0  0.0
 0.0  0.0  0.0  0.0
 0.0  0.0  0.0  0.0
 0.0  0.0  0.0  0.0

Imaginary part of initial state(s):
160×4 Matrix{Float64}:
 0.0  0.0  0.0  0.0
 0.0  0.0  0.0  0.0
 0.0  0.0  0.0  0.0
 0.0  0.0  0.0  0.0
 0.0  0.0  0.0  0.0
 0.0  0.0  0.0  0.0
 0.0  0.0  0.0  0.0
 0.0  0.0  0.0  0.0
 0.0  0.0  0.0  0.0
 0.0  0.0  0.0  0.0
 0.0  0.0  0.0  0.0
 0.0  0.0  0.0  0.0
 0.0  0.0  0.0  0.0
 0.0  0.0  0.0  0.0
 0.0  0.0  0.0  0.0
 0.0  0.0  0.0  0.0
 0.0  0.0  0.0  0.0
 0.0  0.0  0.0  0.0
 0.0  0.0  0.0  0.0
 0.0  0.0  0.0  0.0
 0.0  0.0  0.0  0.0
 0.0  0.0  0.0  0.0
 0.0  0.0  0.0  0.0
 0.0  0.0  0.0  0.0
 0.0  0.0  0.0  0.0
 0.0  0.0  0.0  0.0
 0.0  0.0  0.0  0.0
 0.0  0.0  0.0  0.0
 0.0  0.0  0.0  0.0
 0.0  0.0  0.0  0.0
 0.0  0.0  0.0  0.0
 0.0  0.0  0.0  0.0
 0.0  0.0  0.0  0.0
 0.0  0.0  0.0  0.0
 0.0  0.0  0.0  0.0
 0.0  0.0  0.0  0.0
 0.0  0.0  0.0  0.0
 0.0  0.0  0.0  0.0
 0.0  0.0  0.0  0.0
 0.0  0.0  0.0  0.0
 0.0  0.0  0.0  0.0
 0.0  0.0  0.0  0.0
 0.0  0.0  0.0  0.0
 0.0  0.0  0.0  0.0
 0.0  0.0  0.0  0.0
 0.0  0.0  0.0  0.0
 0.0  0.0  0.0  0.0
 0.0  0.0  0.0  0.0
 0.0  0.0  0.0  0.0
 0.0  0.0  0.0  0.0
 0.0  0.0  0.0  0.0
 0.0  0.0  0.0  0.0
 0.0  0.0  0.0  0.0
 0.0  0.0  0.0  0.0
 0.0  0.0  0.0  0.0
 0.0  0.0  0.0  0.0
 0.0  0.0  0.0  0.0
 0.0  0.0  0.0  0.0
 0.0  0.0  0.0  0.0
 0.0  0.0  0.0  0.0
 0.0  0.0  0.0  0.0
 0.0  0.0  0.0  0.0
 0.0  0.0  0.0  0.0
 0.0  0.0  0.0  0.0
 0.0  0.0  0.0  0.0
 0.0  0.0  0.0  0.0
 0.0  0.0  0.0  0.0
 0.0  0.0  0.0  0.0
 0.0  0.0  0.0  0.0
 0.0  0.0  0.0  0.0
 0.0  0.0  0.0  0.0
 0.0  0.0  0.0  0.0
 0.0  0.0  0.0  0.0
 0.0  0.0  0.0  0.0
 0.0  0.0  0.0  0.0
 0.0  0.0  0.0  0.0
 0.0  0.0  0.0  0.0
 0.0  0.0  0.0  0.0
 0.0  0.0  0.0  0.0
 0.0  0.0  0.0  0.0
 0.0  0.0  0.0  0.0
 0.0  0.0  0.0  0.0
 0.0  0.0  0.0  0.0
 0.0  0.0  0.0  0.0
 0.0  0.0  0.0  0.0
 0.0  0.0  0.0  0.0
 0.0  0.0  0.0  0.0
 0.0  0.0  0.0  0.0
 0.0  0.0  0.0  0.0
 0.0  0.0  0.0  0.0
 0.0  0.0  0.0  0.0
 0.0  0.0  0.0  0.0
 0.0  0.0  0.0  0.0
 0.0  0.0  0.0  0.0
 0.0  0.0  0.0  0.0
 0.0  0.0  0.0  0.0
 0.0  0.0  0.0  0.0
 0.0  0.0  0.0  0.0
 0.0  0.0  0.0  0.0
 0.0  0.0  0.0  0.0
 0.0  0.0  0.0  0.0
 0.0  0.0  0.0  0.0
 0.0  0.0  0.0  0.0
 0.0  0.0  0.0  0.0
 0.0  0.0  0.0  0.0
 0.0  0.0  0.0  0.0
 0.0  0.0  0.0  0.0
 0.0  0.0  0.0  0.0
 0.0  0.0  0.0  0.0
 0.0  0.0  0.0  0.0
 0.0  0.0  0.0  0.0
 0.0  0.0  0.0  0.0
 0.0  0.0  0.0  0.0
 0.0  0.0  0.0  0.0
 0.0  0.0  0.0  0.0
 0.0  0.0  0.0  0.0
 0.0  0.0  0.0  0.0
 0.0  0.0  0.0  0.0
 0.0  0.0  0.0  0.0
 0.0  0.0  0.0  0.0
 0.0  0.0  0.0  0.0
 0.0  0.0  0.0  0.0
 0.0  0.0  0.0  0.0
 0.0  0.0  0.0  0.0
 0.0  0.0  0.0  0.0
 0.0  0.0  0.0  0.0
 0.0  0.0  0.0  0.0
 0.0  0.0  0.0  0.0
 0.0  0.0  0.0  0.0
 0.0  0.0  0.0  0.0
 0.0  0.0  0.0  0.0
 0.0  0.0  0.0  0.0
 0.0  0.0  0.0  0.0
 0.0  0.0  0.0  0.0
 0.0  0.0  0.0  0.0
 0.0  0.0  0.0  0.0
 0.0  0.0  0.0  0.0
 0.0  0.0  0.0  0.0
 0.0  0.0  0.0  0.0
 0.0  0.0  0.0  0.0
 0.0  0.0  0.0  0.0
 0.0  0.0  0.0  0.0
 0.0  0.0  0.0  0.0
 0.0  0.0  0.0  0.0
 0.0  0.0  0.0  0.0
 0.0  0.0  0.0  0.0
 0.0  0.0  0.0  0.0
 0.0  0.0  0.0  0.0
 0.0  0.0  0.0  0.0
 0.0  0.0  0.0  0.0
 0.0  0.0  0.0  0.0
 0.0  0.0  0.0  0.0
 0.0  0.0  0.0  0.0
 0.0  0.0  0.0  0.0
 0.0  0.0  0.0  0.0
 0.0  0.0  0.0  0.0
 0.0  0.0  0.0  0.0
 0.0  0.0  0.0  0.0
 0.0  0.0  0.0  0.0
 0.0  0.0  0.0  0.0

Final time: 550.0
Number of timesteps: 34356
Number of initial condtions: 4
Number of essential levels: 4
Total number of levels: 160
Number of control Hamiltonians: 3
Size of real-valued system: 320
GMRES abstol: 1.0e-15
GMRES reltol: 1.0e-15
Preconditioner type: DiagonalHamiltonianPreconditioner


******************************************************************************
This program contains Ipopt, a library for large-scale nonlinear optimization.
 Ipopt is released as open source code under the Eclipse Public License (EPL).
         For more information visit https://github.com/coin-or/Ipopt
******************************************************************************

This is Ipopt version 3.14.19, running with linear solver MUMPS 5.8.1.

Number of nonzeros in equality constraint Jacobian...:        0
Number of nonzeros in inequality constraint Jacobian.:        0
Number of nonzeros in Lagrangian Hessian.............:        0

Total number of variables............................:      288
                     variables with only lower bounds:        0
                variables with lower and upper bounds:      288
                     variables with only upper bounds:        0
Total number of equality constraints.................:        0
Total number of inequality constraints...............:        0
        inequality constraints with only lower bounds:        0
   inequality constraints with lower and upper bounds:        0
        inequality constraints with only upper bounds:        0

iter    objective    inf_pr   inf_du lg(mu)  ||d||  lg(rg) alpha_du alpha_pr  ls
   0  9.4950729e-01 0.00e+00 3.83e+00   0.0 0.00e+00    -  0.00e+00 0.00e+00   0
   1  8.3740738e-01 0.00e+00 8.94e+00  -0.9 9.87e-02    -  1.00e+00 1.65e-02f  6
   2  6.8779609e-01 0.00e+00 7.20e+00  -2.4 9.79e-04    -  1.00e+00 1.00e+00f  1
   3  6.1604055e-01 0.00e+00 6.10e+00  -3.5 5.25e-03    -  1.00e+00 2.50e-01f  3
   4  5.5403111e-01 0.00e+00 3.99e+00  -4.8 7.12e-04    -  1.00e+00 1.00e+00f  1
   5  5.3089320e-01 0.00e+00 2.74e+00  -6.3 1.20e-03    -  1.00e+00 5.00e-01f  2
   6  5.1768882e-01 0.00e+00 2.27e+00  -7.8 8.60e-04    -  1.00e+00 5.00e-01f  2
   7  5.0689738e-01 0.00e+00 1.48e+00  -9.5 2.63e-04    -  1.00e+00 1.00e+00f  1
   8  4.9651563e-01 0.00e+00 1.63e+00 -11.0 3.63e-04    -  1.00e+00 1.00e+00f  1
   9  4.7511237e-01 0.00e+00 4.14e+00 -11.0 3.19e-03    -  1.00e+00 5.00e-01f  2
iter    objective    inf_pr   inf_du lg(mu)  ||d||  lg(rg) alpha_du alpha_pr  ls
  10  4.7359647e-01 0.00e+00 7.02e+00 -11.0 5.24e-03    -  1.00e+00 2.50e-01f  3
  11  4.5254999e-01 0.00e+00 7.24e+00 -11.0 2.49e-03    -  1.00e+00 5.00e-01f  2
  12  3.7194655e-01 0.00e+00 8.60e+00 -11.0 2.39e-03    -  1.00e+00 1.00e+00f  1
  13  3.3395101e-01 0.00e+00 8.29e+00 -11.0 6.16e-03    -  1.00e+00 2.50e-01f  3
  14  3.0252506e-01 0.00e+00 9.62e+00 -11.0 4.58e-03    -  1.00e+00 2.50e-01f  3
  15  2.8301288e-01 0.00e+00 1.21e+01 -11.0 1.61e-03    -  1.00e+00 1.00e+00f  1
  16  2.2527179e-01 0.00e+00 6.64e+00 -11.0 6.07e-04    -  1.00e+00 1.00e+00f  1
  17  1.9002687e-01 0.00e+00 4.20e+00 -11.0 6.19e-04    -  1.00e+00 1.00e+00f  1
  18  1.8691876e-01 0.00e+00 6.77e+00 -11.0 9.88e-04    -  1.00e+00 1.00e+00f  1
  19  1.6088187e-01 0.00e+00 6.84e+00 -11.0 1.01e-03    -  1.00e+00 1.00e+00f  1
iter    objective    inf_pr   inf_du lg(mu)  ||d||  lg(rg) alpha_du alpha_pr  ls
  20  1.2679815e-01 0.00e+00 4.93e+00 -11.0 5.47e-04    -  1.00e+00 1.00e+00f  1
  21  1.0552589e-01 0.00e+00 3.88e+00 -11.0 6.67e-04    -  1.00e+00 1.00e+00f  1
  22  9.3530642e-02 0.00e+00 4.15e+00 -11.0 9.65e-04    -  1.00e+00 5.00e-01f  2
  23  7.9987638e-02 0.00e+00 3.75e+00 -11.0 7.84e-04    -  1.00e+00 1.00e+00f  1
  24  7.8228843e-02 0.00e+00 4.99e+00 -11.0 1.49e-03    -  1.00e+00 1.00e+00f  1
  25  7.0841473e-02 0.00e+00 4.63e+00 -11.0 7.13e-04    -  1.00e+00 5.00e-01f  2
  26  6.0427642e-02 0.00e+00 3.38e+00 -11.0 6.18e-04    -  1.00e+00 1.00e+00f  1
  27  5.4633781e-02 0.00e+00 1.09e+00 -11.0 2.51e-04    -  1.00e+00 1.00e+00f  1
  28  5.2988699e-02 0.00e+00 9.35e-01 -11.0 2.39e-04    -  1.00e+00 1.00e+00f  1
  29  4.9691292e-02 0.00e+00 1.54e+00 -11.0 5.32e-04    -  1.00e+00 1.00e+00f  1
iter    objective    inf_pr   inf_du lg(mu)  ||d||  lg(rg) alpha_du alpha_pr  ls
  30  4.9587911e-02 0.00e+00 3.12e+00 -11.0 2.89e-03    -  1.00e+00 5.00e-01f  2
  31  4.5056582e-02 0.00e+00 2.92e+00 -11.0 2.41e-03    -  1.00e+00 5.00e-01f  2
  32  4.0593265e-02 0.00e+00 3.22e+00 -11.0 2.25e-03    -  1.00e+00 5.00e-01f  2
  33  3.4626922e-02 0.00e+00 1.81e+00 -11.0 1.38e-03    -  1.00e+00 2.50e-01f  3
  34  2.9049178e-02 0.00e+00 1.60e+00 -11.0 3.89e-04    -  1.00e+00 1.00e+00f  1
  35  2.6800838e-02 0.00e+00 9.10e-01 -11.0 6.30e-04    -  1.00e+00 1.00e+00f  1
  36  2.5309230e-02 0.00e+00 1.06e+00 -11.0 1.64e-03    -  1.00e+00 5.00e-01f  2
  37  2.5018401e-02 0.00e+00 3.07e+00 -11.0 2.60e-03    -  1.00e+00 5.00e-01f  2
  38  2.3878695e-02 0.00e+00 2.97e+00 -11.0 3.17e-03    -  1.00e+00 2.50e-01f  3
  39  2.0814721e-02 0.00e+00 1.59e+00 -11.0 8.67e-04    -  1.00e+00 5.00e-01f  2
iter    objective    inf_pr   inf_du lg(mu)  ||d||  lg(rg) alpha_du alpha_pr  ls
  40  1.8365177e-02 0.00e+00 7.38e-01 -11.0 6.95e-04    -  1.00e+00 5.00e-01f  2
  41  1.7144531e-02 0.00e+00 7.34e-01 -11.0 3.57e-04    -  1.00e+00 1.00e+00f  1
  42  1.5657655e-02 0.00e+00 9.22e-01 -11.0 1.90e-03    -  1.00e+00 5.00e-01f  2
  43  1.3836974e-02 0.00e+00 1.09e+00 -11.0 6.26e-03    -  1.00e+00 2.50e-01f  3
  44  1.2550937e-02 0.00e+00 2.08e+00 -11.0 1.42e-02    -  1.00e+00 1.25e-01f  4
  45  1.1642961e-02 0.00e+00 1.77e+00 -11.0 9.06e-03    -  1.00e+00 2.50e-01f  3
  46  1.1571003e-02 0.00e+00 2.51e+00 -11.0 8.74e-03    -  1.00e+00 2.50e-01f  3
  47  1.0522475e-02 0.00e+00 1.85e+00 -11.0 1.05e-03    -  1.00e+00 5.00e-01f  2
  48  7.8173535e-03 0.00e+00 1.63e+00 -11.0 8.52e-04    -  1.00e+00 1.00e+00f  1
  49  6.0925586e-03 0.00e+00 6.20e-01 -11.0 5.03e-04    -  1.00e+00 5.00e-01f  2
iter    objective    inf_pr   inf_du lg(mu)  ||d||  lg(rg) alpha_du alpha_pr  ls
  50  5.4233716e-03 0.00e+00 3.03e-01 -11.0 5.70e-04    -  1.00e+00 1.00e+00f  1
  51  5.2704880e-03 0.00e+00 6.21e-01 -11.0 9.91e-04    -  1.00e+00 5.00e-01f  2
  52  4.8494011e-03 0.00e+00 8.42e-01 -11.0 2.23e-03    -  1.00e+00 5.00e-01f  2
  53  4.5127856e-03 0.00e+00 6.89e-01 -11.0 4.13e-03    -  1.00e+00 2.50e-01f  3
  54  3.9946584e-03 0.00e+00 6.38e-01 -11.0 1.63e-03    -  1.00e+00 5.00e-01f  2
  55  3.4854753e-03 0.00e+00 3.55e-01 -11.0 3.43e-04    -  1.00e+00 5.00e-01f  2
  56  3.1695277e-03 0.00e+00 4.46e-01 -11.0 2.14e-04    -  1.00e+00 1.00e+00f  1
  57  3.0363443e-03 0.00e+00 4.18e-01 -11.0 2.46e-04    -  1.00e+00 1.00e+00f  1
  58  2.8303174e-03 0.00e+00 4.53e-01 -11.0 3.12e-04    -  1.00e+00 1.00e+00f  1
  59  2.7491335e-03 0.00e+00 3.59e-01 -11.0 5.11e-04    -  1.00e+00 2.50e-01f  3
iter    objective    inf_pr   inf_du lg(mu)  ||d||  lg(rg) alpha_du alpha_pr  ls
  60  2.5484722e-03 0.00e+00 3.22e-01 -11.0 1.77e-04    -  1.00e+00 1.00e+00f  1
  61  2.3911554e-03 0.00e+00 5.70e-01 -11.0 3.35e-04    -  1.00e+00 1.00e+00f  1
  62  2.2396997e-03 0.00e+00 3.81e-01 -11.0 4.15e-04    -  1.00e+00 5.00e-01f  2
  63  2.1548073e-03 0.00e+00 4.68e-01 -11.0 4.21e-04    -  1.00e+00 5.00e-01f  2
  64  1.9310323e-03 0.00e+00 2.51e-01 -11.0 6.72e-04    -  1.00e+00 5.00e-01f  2
  65  1.8289800e-03 0.00e+00 1.79e-01 -11.0 3.66e-04    -  1.00e+00 2.50e-01f  3
  66  1.7349126e-03 0.00e+00 1.13e-01 -11.0 1.81e-04    -  1.00e+00 1.00e+00f  1
  67  1.6938036e-03 0.00e+00 1.88e-01 -11.0 8.80e-04    -  1.00e+00 1.25e-01f  4
  68  1.6485889e-03 0.00e+00 3.21e-01 -11.0 4.41e-04    -  1.00e+00 5.00e-01f  2
  69  1.6050258e-03 0.00e+00 2.40e-01 -11.0 1.56e-03    -  1.00e+00 1.25e-01f  4
iter    objective    inf_pr   inf_du lg(mu)  ||d||  lg(rg) alpha_du alpha_pr  ls
  70  1.5287967e-03 0.00e+00 2.94e-01 -11.0 2.23e-03    -  1.00e+00 1.25e-01f  4
  71  1.4754296e-03 0.00e+00 2.23e-01 -11.0 2.51e-03    -  1.00e+00 1.25e-01f  4
  72  1.4686639e-03 0.00e+00 3.01e-01 -11.0 8.77e-04    -  1.00e+00 2.50e-01f  3
  73  1.4221054e-03 0.00e+00 3.06e-01 -11.0 6.28e-04    -  1.00e+00 2.50e-01f  3
  74  1.4009452e-03 0.00e+00 1.72e-01 -11.0 3.86e-03    -  1.00e+00 6.25e-02f  5
  75  1.3686890e-03 0.00e+00 2.01e-01 -11.0 5.17e-04    -  1.00e+00 2.50e-01f  3
  76  1.3176971e-03 0.00e+00 1.02e-01 -11.0 4.90e-04    -  1.00e+00 2.50e-01f  3
  77  1.2869735e-03 0.00e+00 9.90e-02 -11.0 1.65e-04    -  1.00e+00 1.00e+00f  1
  78  1.2751657e-03 0.00e+00 1.23e-01 -11.0 1.27e-03    -  1.00e+00 1.25e-01f  4
  79  1.2555943e-03 0.00e+00 1.15e-01 -11.0 8.55e-04    -  1.00e+00 1.25e-01f  4
iter    objective    inf_pr   inf_du lg(mu)  ||d||  lg(rg) alpha_du alpha_pr  ls
  80  1.2438485e-03 0.00e+00 1.49e-01 -11.0 2.05e-03    -  1.00e+00 3.12e-02f  6
  81  1.2209574e-03 0.00e+00 1.20e-01 -11.0 5.07e-04    -  1.00e+00 2.50e-01f  3
  82  1.1907568e-03 0.00e+00 1.55e-01 -11.0 1.06e-03    -  1.00e+00 2.50e-01f  3
  83  1.1724378e-03 0.00e+00 1.60e-01 -11.0 3.93e-03    -  1.00e+00 6.25e-02f  5
  84  1.1609970e-03 0.00e+00 2.00e-01 -11.0 2.81e-03    -  1.00e+00 6.25e-02f  5
  85  1.1544623e-03 0.00e+00 2.76e-01 -11.0 2.33e-03    -  1.00e+00 6.25e-02f  5
  86  1.1426721e-03 0.00e+00 2.56e-01 -11.0 1.36e-03    -  1.00e+00 6.25e-02f  5
  87  1.1070800e-03 0.00e+00 1.80e-01 -11.0 8.33e-04    -  1.00e+00 2.50e-01f  3
  88  4.9647116e-03 0.00e+00 1.25e+00 -11.0 2.60e-03    -  1.00e+00 1.00e+00w  1
  89  5.3124249e-02 0.00e+00 5.62e+00 -11.0 2.98e-03    -  1.00e+00 1.00e+00w  1
iter    objective    inf_pr   inf_du lg(mu)  ||d||  lg(rg) alpha_du alpha_pr  ls
  90  3.3462436e-02 0.00e+00 5.11e+00 -11.0 6.31e-03    -  1.00e+00 1.00e+00w  1
  91  1.0748419e-03 0.00e+00 2.27e-01 -11.0 6.02e-02    -  1.00e+00 1.25e-01f  3
  92  1.0533244e-03 0.00e+00 2.01e-01 -11.0 6.10e-04    -  1.00e+00 1.25e-01f  4
  93  1.0309077e-03 0.00e+00 1.88e-01 -11.0 1.26e-03    -  1.00e+00 2.50e-01f  3
  94  1.0294187e-03 0.00e+00 2.13e-01 -11.0 2.87e-03    -  1.00e+00 6.25e-02f  5
  95  1.0051904e-03 0.00e+00 2.31e-01 -11.0 7.60e-04    -  1.00e+00 2.50e-01f  3
  96  9.7616202e-04 0.00e+00 1.74e-01 -11.0 2.60e-03    -  1.00e+00 6.25e-02f  5
  97  9.6305117e-04 0.00e+00 1.84e-01 -11.0 1.93e-03    -  1.00e+00 3.12e-02f  6
  98  9.4939504e-04 0.00e+00 1.68e-01 -11.0 1.29e-03    -  1.00e+00 2.50e-01f  3
  99  9.3762509e-04 0.00e+00 2.72e-01 -11.0 2.97e-03    -  1.00e+00 6.25e-02f  5
iter    objective    inf_pr   inf_du lg(mu)  ||d||  lg(rg) alpha_du alpha_pr  ls
 100  9.2911164e-04 0.00e+00 2.72e-01 -11.0 2.18e-03    -  1.00e+00 3.12e-02f  6
 101  3.2748361e-03 0.00e+00 1.31e+00 -11.0 1.04e-03    -  1.00e+00 1.00e+00w  1
 102  2.3140551e-03 0.00e+00 1.01e+00 -11.0 1.76e-03    -  1.00e+00 1.00e+00w  1
 103  9.7933698e-01 0.00e+00 5.18e+00 -11.0 1.60e-02    -  1.00e+00 1.00e+00w  1
 104  9.2109674e-04 0.00e+00 2.55e-01 -11.0 6.55e-02    -  1.00e+00 6.25e-02f  4
 105  9.1395912e-04 0.00e+00 1.81e-01 -11.0 1.89e-03    -  1.00e+00 3.12e-02f  6
 106  8.9164381e-04 0.00e+00 1.20e-01 -11.0 3.96e-04    -  1.00e+00 2.50e-01f  3
 107  8.7130982e-04 0.00e+00 1.33e-01 -11.0 1.64e-03    -  1.00e+00 6.25e-02f  5
 108  8.6497944e-04 0.00e+00 8.80e-02 -11.0 9.89e-04    -  1.00e+00 6.25e-02f  5
 109  8.5765004e-04 0.00e+00 9.83e-02 -11.0 7.50e-04    -  1.00e+00 1.25e-01f  4
iter    objective    inf_pr   inf_du lg(mu)  ||d||  lg(rg) alpha_du alpha_pr  ls
 110  8.5459854e-04 0.00e+00 9.65e-02 -11.0 1.73e-03    -  1.00e+00 6.25e-02f  5
 111  8.5185740e-04 0.00e+00 9.19e-02 -11.0 1.99e-03    -  1.00e+00 3.12e-02f  6
 112  8.4873024e-04 0.00e+00 9.05e-02 -11.0 1.75e-03    -  1.00e+00 6.25e-02f  5
 113  8.4688622e-04 0.00e+00 1.07e-01 -11.0 8.97e-04    -  1.00e+00 1.25e-01f  4
 114  3.4149823e-02 0.00e+00 5.21e+00 -11.0 6.41e-03    -  1.00e+00 1.00e+00w  1
 115  2.5237477e-02 0.00e+00 5.03e+00 -11.0 4.88e-03    -  1.00e+00 1.00e+00w  1
 116  9.9661238e-01 0.00e+00 9.11e-01 -11.0 1.96e-01    -  2.28e-01 2.83e-01w  1
 117  8.4376257e-04 0.00e+00 1.11e-01 -11.0 7.47e-01    -  1.00e+00 3.12e-02f  5
 118  8.4279937e-04 0.00e+00 1.23e-01 -11.0 3.66e-02    -  1.00e+00 4.87e-03f  8
 119  8.3546534e-04 0.00e+00 1.38e-01 -11.0 2.12e-03    -  1.00e+00 3.12e-02f  6
iter    objective    inf_pr   inf_du lg(mu)  ||d||  lg(rg) alpha_du alpha_pr  ls
 120  8.2762241e-04 0.00e+00 1.57e-01 -11.0 1.02e-03    -  1.00e+00 1.25e-01f  4
 121  8.2272476e-04 0.00e+00 1.28e-01 -11.0 3.72e-03    -  1.00e+00 1.56e-02f  7
 122  8.2080064e-04 0.00e+00 1.26e-01 -11.0 7.35e-04    -  1.00e+00 2.50e-01f  3
 123  8.0780557e-04 0.00e+00 8.85e-02 -11.0 1.05e-03    -  1.00e+00 6.25e-02f  5
 124  8.0235223e-04 0.00e+00 1.05e-01 -11.0 1.26e-03    -  1.00e+00 3.12e-02f  6
 125  7.9543658e-04 0.00e+00 1.06e-01 -11.0 5.19e-04    -  1.00e+00 2.50e-01f  3
 126  7.9327367e-04 0.00e+00 1.02e-01 -11.0 1.40e-03    -  1.00e+00 6.25e-02f  5
 127  5.4570829e-03 0.00e+00 1.84e+00 -11.0 1.35e-03    -  1.00e+00 1.00e+00w  1
 128  4.3923423e-03 0.00e+00 1.56e+00 -11.0 1.95e-03    -  1.00e+00 1.00e+00w  1
 129  9.0376183e-01 0.00e+00 6.43e+00 -11.0 1.59e-02    -  1.00e+00 1.00e+00w  1
iter    objective    inf_pr   inf_du lg(mu)  ||d||  lg(rg) alpha_du alpha_pr  ls
 130  7.9100739e-04 0.00e+00 8.97e-02 -11.0 4.09e-01    -  1.00e+00 3.12e-02f  5
 131  7.9039911e-04 0.00e+00 9.84e-02 -11.0 4.48e-03    -  1.00e+00 3.91e-03f  9
 132  7.8872819e-04 0.00e+00 9.67e-02 -11.0 1.69e-03    -  1.00e+00 3.12e-02f  6
 133  7.8596238e-04 0.00e+00 9.94e-02 -11.0 6.25e-04    -  1.00e+00 1.25e-01f  4
 134  7.7885742e-04 0.00e+00 8.34e-02 -11.0 1.73e-03    -  1.00e+00 3.12e-02f  6
 135  7.7341401e-04 0.00e+00 6.70e-02 -11.0 2.38e-03    -  1.00e+00 3.12e-02f  6
 136  7.6891777e-04 0.00e+00 7.67e-02 -11.0 1.34e-03    -  1.00e+00 6.25e-02f  5
 137  7.6404471e-04 0.00e+00 8.45e-02 -11.0 3.03e-03    -  1.00e+00 6.25e-02f  5
 138  7.5940297e-04 0.00e+00 9.96e-02 -11.0 1.82e-02    -  1.00e+00 7.81e-03f  8
 139  7.5936497e-04 0.00e+00 1.03e-01 -11.0 4.35e-03    -  1.00e+00 3.12e-02f  6
iter    objective    inf_pr   inf_du lg(mu)  ||d||  lg(rg) alpha_du alpha_pr  ls
 140  4.3646724e-03 0.00e+00 1.45e+00 -11.0 9.84e-04    -  1.00e+00 1.00e+00w  1
 141  1.0658190e-03 0.00e+00 5.28e-01 -11.0 8.02e-04    -  1.00e+00 1.00e+00w  1
 142  2.5431375e-01 0.00e+00 1.26e+01 -11.0 4.66e-03    -  1.00e+00 1.00e+00w  1
 143  7.5701583e-04 0.00e+00 1.15e-01 -11.0 4.97e-03    -  1.00e+00 3.12e-02f  5
 144  7.3791897e-04 0.00e+00 1.02e-01 -11.0 1.54e-04    -  1.00e+00 1.00e+00f  1
 145  7.3515811e-04 0.00e+00 1.09e-01 -11.0 1.55e-03    -  1.00e+00 3.12e-02f  6
 146  7.2876924e-04 0.00e+00 1.17e-01 -11.0 1.13e-03    -  1.00e+00 6.25e-02f  5
 147  7.2616148e-04 0.00e+00 1.17e-01 -11.0 2.21e-03    -  1.00e+00 6.25e-02f  5
 148  7.1981042e-04 0.00e+00 1.20e-01 -11.0 3.08e-03    -  1.00e+00 6.25e-02f  5
 149  7.1336352e-04 0.00e+00 1.17e-01 -11.0 1.01e-02    -  1.00e+00 1.56e-02f  7
iter    objective    inf_pr   inf_du lg(mu)  ||d||  lg(rg) alpha_du alpha_pr  ls
 150  7.0902844e-04 0.00e+00 9.55e-02 -11.0 9.17e-03    -  1.00e+00 1.56e-02f  7
 151  7.0287750e-04 0.00e+00 6.66e-02 -11.0 3.38e-03    -  1.00e+00 3.12e-02f  6
 152  7.0198132e-04 0.00e+00 1.03e-01 -11.0 3.76e-03    -  1.00e+00 1.56e-02f  7
 153  6.9857461e-04 0.00e+00 1.51e-01 -11.0 8.92e-04    -  1.00e+00 5.00e-01f  2
 154  6.8817759e-04 0.00e+00 1.47e-01 -11.0 2.36e-02    -  1.00e+00 7.05e-03f  8
 155  3.1478984e-01 0.00e+00 1.55e+01 -11.0 1.41e-02    -  1.00e+00 1.00e+00w  1
 156  8.9374258e-03 0.00e+00 2.25e+00 -11.0 1.39e-02    -  1.00e+00 1.00e+00w  1
 157  1.0430489e+00 0.00e+00 5.10e-01 -11.0 9.75e-02    -  5.37e-01 4.77e-01w  1
 158  6.7099561e-04 0.00e+00 1.47e-01 -11.0 6.84e-02    -  1.00e+00 1.56e-02f  6
 159  6.6443231e-04 0.00e+00 1.27e-01 -11.0 1.93e-02    -  1.00e+00 3.91e-03f  9
iter    objective    inf_pr   inf_du lg(mu)  ||d||  lg(rg) alpha_du alpha_pr  ls
 160  6.6026738e-04 0.00e+00 1.28e-01 -11.0 1.79e-03    -  1.00e+00 3.12e-02f  6
 161  6.5985055e-04 0.00e+00 1.38e-01 -11.0 1.44e-03    -  1.00e+00 1.25e-01f  4
 162  6.5464395e-04 0.00e+00 1.41e-01 -11.0 2.20e-03    -  1.00e+00 3.12e-02f  6
 163  6.4324866e-04 0.00e+00 1.49e-01 -11.0 1.30e-03    -  1.00e+00 1.25e-01f  4
 164  6.2333891e-04 0.00e+00 1.48e-01 -11.0 4.86e-03    -  1.00e+00 6.25e-02f  5
 165  6.1520981e-04 0.00e+00 1.09e-01 -11.0 3.62e-03    -  1.00e+00 3.12e-02f  6
 166  6.0899064e-04 0.00e+00 1.22e-01 -11.0 2.80e-03    -  1.00e+00 3.12e-02f  6
 167  6.0454204e-04 0.00e+00 1.09e-01 -11.0 7.83e-04    -  1.00e+00 6.25e-02f  5
 168  5.9640373e-04 0.00e+00 8.29e-02 -11.0 1.19e-03    -  1.00e+00 1.25e-01f  4
 169  5.9043671e-04 0.00e+00 6.54e-02 -11.0 1.22e-03    -  1.00e+00 6.25e-02f  5
iter    objective    inf_pr   inf_du lg(mu)  ||d||  lg(rg) alpha_du alpha_pr  ls
 170  5.8920117e-04 0.00e+00 1.16e-01 -11.0 1.41e-03    -  1.00e+00 1.25e-01f  4
 171  8.9572352e-03 0.00e+00 2.72e+00 -11.0 2.93e-03    -  1.00e+00 1.00e+00w  1
 172  2.5401446e-02 0.00e+00 3.52e+00 -11.0 4.64e-03    -  1.00e+00 1.00e+00w  1
 173  1.0050928e+00 0.00e+00 9.08e-01 -11.0 7.86e-02    -  4.65e-01 6.06e-01w  1
 174  5.8143539e-04 0.00e+00 1.18e-01 -11.0 5.32e-01    -  1.00e+00 3.12e-02f  5
 175  5.8009533e-04 0.00e+00 1.25e-01 -10.7 6.54e-02    -  1.00e+00 3.44e-04f 12
 176  5.7877800e-04 0.00e+00 1.10e-01 -11.0 5.38e-04    -  1.00e+00 3.12e-02f  6
 177  5.7444250e-04 0.00e+00 8.81e-02 -11.0 5.12e-04    -  1.00e+00 1.25e-01f  4
 178  5.6965138e-04 0.00e+00 6.17e-02 -11.0 1.80e-03    -  1.00e+00 6.25e-02f  5
 179  5.6220310e-04 0.00e+00 7.20e-02 -11.0 1.31e-03    -  1.00e+00 6.25e-02f  5
iter    objective    inf_pr   inf_du lg(mu)  ||d||  lg(rg) alpha_du alpha_pr  ls
 180  5.5740060e-04 0.00e+00 7.96e-02 -11.0 7.60e-04    -  1.00e+00 6.25e-02f  5
 181  5.5473065e-04 0.00e+00 7.10e-02 -11.0 1.14e-03    -  1.00e+00 6.25e-02f  5
 182  5.5319923e-04 0.00e+00 6.72e-02 -11.0 1.84e-03    -  1.00e+00 1.56e-02f  7
 183  5.4887711e-04 0.00e+00 9.31e-02 -11.0 1.00e-03    -  1.00e+00 1.25e-01f  4
 184  5.4608233e-04 0.00e+00 7.02e-02 -11.0 9.94e-03    -  1.00e+00 7.81e-03f  8
 185  5.4363285e-04 0.00e+00 8.62e-02 -11.0 5.72e-03    -  1.00e+00 1.56e-02f  7
 186  7.2056388e-02 0.00e+00 1.07e+01 -11.0 6.04e-03    -  1.00e+00 1.00e+00w  1
 187  1.2785747e-03 0.00e+00 6.65e-01 -11.0 5.08e-03    -  1.00e+00 1.00e+00w  1
 188  1.0152190e+00 0.00e+00 8.56e-01 -11.0 3.78e-02    -  6.30e-01 1.00e+00w  1
 189  5.4335819e-04 0.00e+00 1.12e-01 -11.0 1.24e+00    -  1.00e+00 1.56e-02f  6
iter    objective    inf_pr   inf_du lg(mu)  ||d||  lg(rg) alpha_du alpha_pr  ls
 190  5.4256062e-04 0.00e+00 1.05e-01 -11.0 5.73e-01    -  4.37e-02 6.64e-05f 11
 191  5.4231564e-04 0.00e+00 8.87e-02 -11.0 2.82e-03    -  1.00e+00 3.12e-02f  6
 192  5.4016216e-04 0.00e+00 1.04e-01 -11.0 1.09e-03    -  1.00e+00 6.25e-02f  5
 193  5.2876407e-04 0.00e+00 1.12e-01 -11.0 1.76e-03    -  1.00e+00 1.25e-01f  4
 194  5.2606505e-04 0.00e+00 1.30e-01 -11.0 6.76e-03    -  1.00e+00 3.12e-02f  6
 195  5.2407824e-04 0.00e+00 1.42e-01 -11.0 3.22e-03    -  1.00e+00 3.12e-02f  6
 196  5.1882326e-04 0.00e+00 1.11e-01 -11.0 3.44e-03    -  1.00e+00 3.12e-02f  6
 197  5.1450918e-04 0.00e+00 1.18e-01 -11.0 2.70e-03    -  1.00e+00 3.12e-02f  6
 198  5.1260686e-04 0.00e+00 8.97e-02 -11.0 1.69e-03    -  1.00e+00 1.25e-01f  4
 199  1.9797446e-02 0.00e+00 4.65e+00 -11.0 2.93e-03    -  1.00e+00 1.00e+00w  1
iter    objective    inf_pr   inf_du lg(mu)  ||d||  lg(rg) alpha_du alpha_pr  ls
 200  1.4585656e-03 0.00e+00 5.73e-01 -11.0 2.33e-03    -  1.00e+00 1.00e+00w  1
 201  9.6697521e-01 0.00e+00 2.76e+00 -11.0 3.41e-02    -  1.00e+00 1.00e+00w  1
 202  5.1014584e-04 0.00e+00 1.18e-01 -11.0 9.76e-01    -  1.00e+00 1.56e-02f  6
 203  5.0847048e-04 0.00e+00 1.08e-01 -11.0 5.59e-02    -  1.00e+00 1.30e-03f  9
 204  5.0435679e-04 0.00e+00 9.14e-02 -11.0 2.82e-03    -  1.00e+00 3.12e-02f  6
 205  4.9710214e-04 0.00e+00 8.95e-02 -11.0 4.09e-03    -  1.00e+00 6.25e-02f  5
 206  4.9440123e-04 0.00e+00 9.36e-02 -11.0 6.26e-03    -  1.00e+00 7.81e-03f  8
 207  4.9090483e-04 0.00e+00 1.16e-01 -11.0 2.33e-03    -  1.00e+00 6.25e-02f  5
 208  4.8975494e-04 0.00e+00 1.62e-01 -11.0 1.37e-02    -  1.00e+00 1.56e-02f  7
 209  4.8423400e-04 0.00e+00 1.70e-01 -11.0 8.47e-03    -  1.00e+00 1.56e-02f  7
iter    objective    inf_pr   inf_du lg(mu)  ||d||  lg(rg) alpha_du alpha_pr  ls
 210  4.8237673e-04 0.00e+00 1.75e-01 -11.0 4.15e-03    -  1.00e+00 1.56e-02f  7
 211  4.7937002e-04 0.00e+00 1.85e-01 -11.0 2.18e-03    -  1.00e+00 6.25e-02f  5
 212  4.7157588e-04 0.00e+00 1.65e-01 -11.0 3.10e-03    -  1.00e+00 3.12e-02f  6
 213  4.6524507e-04 0.00e+00 1.23e-01 -11.0 4.16e-03    -  1.00e+00 3.12e-02f  6
 214  4.6072219e-04 0.00e+00 1.03e-01 -11.0 5.23e-03    -  1.00e+00 3.12e-02f  6
 215  7.1280874e-02 0.00e+00 9.40e+00 -11.0 7.96e-03    -  1.00e+00 1.00e+00w  1
 216  7.7215246e-03 0.00e+00 2.30e+00 -11.0 6.18e-03    -  1.00e+00 1.00e+00w  1
 217  9.9635822e-01 0.00e+00 9.05e-01 -11.0 9.64e-02    -  1.70e-01 5.24e-01w  1
 218  4.5713905e-04 0.00e+00 1.37e-01 -11.0 2.26e+00    -  1.00e+00 3.12e-02f  5
 219  4.5118631e-04 0.00e+00 1.13e-01 -10.6 9.26e-02    -  1.00e+00 5.62e-04f 11
iter    objective    inf_pr   inf_du lg(mu)  ||d||  lg(rg) alpha_du alpha_pr  ls
 220  4.4326341e-04 0.00e+00 9.44e-02 -11.0 9.43e-04    -  1.00e+00 2.50e-01f  3
 221  4.3937205e-04 0.00e+00 1.46e-01 -11.0 5.00e-03    -  1.00e+00 3.12e-02f  6
 222  4.3212309e-04 0.00e+00 8.63e-02 -11.0 1.05e-02    -  1.00e+00 1.56e-02f  7
 223  4.2471057e-04 0.00e+00 1.23e-01 -11.0 3.53e-03    -  1.00e+00 3.12e-02f  6
 224  4.1946427e-04 0.00e+00 1.05e-01 -11.0 1.43e-03    -  1.00e+00 6.25e-02f  5
 225  4.1534962e-04 0.00e+00 1.21e-01 -11.0 9.46e-04    -  1.00e+00 1.25e-01f  4
 226  4.1414168e-04 0.00e+00 1.25e-01 -11.0 1.03e-03    -  1.00e+00 3.12e-02f  6
 227  4.1265779e-04 0.00e+00 7.96e-02 -11.0 2.36e-04    -  1.00e+00 2.50e-01f  3
 228  4.1086241e-04 0.00e+00 8.13e-02 -11.0 1.36e-03    -  1.00e+00 6.25e-02f  5
 229  4.0833266e-04 0.00e+00 5.66e-02 -11.0 8.00e-04    -  1.00e+00 3.12e-02f  6
iter    objective    inf_pr   inf_du lg(mu)  ||d||  lg(rg) alpha_du alpha_pr  ls
 230  9.9115092e-04 0.00e+00 4.52e-01 -11.0 7.95e-04    -  1.00e+00 1.00e+00w  1
 231  8.9412298e-04 0.00e+00 4.90e-01 -11.0 6.82e-04    -  1.00e+00 1.00e+00w  1
 232  2.9369271e-01 0.00e+00 1.84e+01 -11.0 1.16e-02    -  1.00e+00 1.00e+00w  1
 233  4.0756102e-04 0.00e+00 5.66e-02 -11.0 1.44e-02    -  1.00e+00 1.25e-01f  3
 234  4.0693189e-04 0.00e+00 8.69e-02 -11.0 1.53e-03    -  1.00e+00 6.25e-02f  5
 235  4.0489850e-04 0.00e+00 7.86e-02 -11.0 2.19e-03    -  1.00e+00 3.12e-02f  6
 236  4.0159873e-04 0.00e+00 5.54e-02 -11.0 5.00e-03    -  1.00e+00 1.56e-02f  7
 237  3.9908946e-04 0.00e+00 8.13e-02 -11.0 4.98e-03    -  1.00e+00 1.56e-02f  7
 238  3.9641967e-04 0.00e+00 6.74e-02 -11.0 5.04e-03    -  1.00e+00 1.56e-02f  7
 239  3.9482207e-04 0.00e+00 4.35e-02 -11.0 1.87e-03    -  1.00e+00 3.12e-02f  6
iter    objective    inf_pr   inf_du lg(mu)  ||d||  lg(rg) alpha_du alpha_pr  ls
 240  3.9295162e-04 0.00e+00 6.28e-02 -11.0 1.27e-03    -  1.00e+00 6.25e-02f  5
 241  3.9226507e-04 0.00e+00 5.80e-02 -11.0 5.09e-03    -  1.00e+00 1.56e-02f  7
 242  3.8929524e-04 0.00e+00 6.74e-02 -11.0 1.11e-03    -  1.00e+00 6.25e-02f  5
 243  3.8896359e-04 0.00e+00 5.60e-02 -11.0 1.25e-03    -  1.00e+00 3.12e-02f  6
 244  3.8836455e-04 0.00e+00 4.25e-02 -11.0 1.43e-03    -  1.00e+00 6.25e-02f  5
 245  8.8408411e-03 0.00e+00 2.24e+00 -11.0 8.80e-03    -  1.00e+00 1.00e+00w  1
 246  8.2689653e-03 0.00e+00 2.11e+00 -11.0 3.24e-03    -  1.00e+00 1.00e+00w  1
 247  9.6255662e-01 0.00e+00 3.08e+00 -11.0 1.24e-01    -  8.38e-02 7.25e-01w  1
 248  3.8758102e-04 0.00e+00 5.38e-02 -11.0 1.67e+00    -  1.00e+00 3.12e-02f  5
 249  3.8752867e-04 0.00e+00 4.95e-02  -9.0 1.80e+00    -  1.97e-02 4.53e-05f 11
iter    objective    inf_pr   inf_du lg(mu)  ||d||  lg(rg) alpha_du alpha_pr  ls
 250  3.8660637e-04 0.00e+00 4.98e-02 -10.6 2.67e-03    -  1.00e+00 1.56e-02f  7
 251  3.8583666e-04 0.00e+00 6.51e-02 -11.0 3.79e-03    -  1.00e+00 3.12e-02f  6
 252  3.8477425e-04 0.00e+00 7.49e-02 -11.0 7.95e-03    -  1.00e+00 3.12e-02f  6
 253  3.8322003e-04 0.00e+00 6.90e-02 -11.0 1.93e-02    -  1.00e+00 6.14e-03f  8
 254  3.8104536e-04 0.00e+00 7.89e-02 -11.0 2.22e-03    -  1.00e+00 3.12e-02f  6
 255  3.7886616e-04 0.00e+00 7.61e-02 -11.0 1.69e-03    -  1.00e+00 6.25e-02f  5
 256  3.7839804e-04 0.00e+00 6.12e-02 -11.0 1.32e-03    -  1.00e+00 6.25e-02f  5
 257  3.7607263e-04 0.00e+00 4.97e-02 -11.0 1.86e-03    -  1.00e+00 6.25e-02f  5
 258  3.7365983e-04 0.00e+00 6.46e-02 -11.0 7.72e-03    -  1.00e+00 7.81e-03f  8
 259  3.7236958e-04 0.00e+00 6.12e-02 -11.0 2.50e-03    -  1.00e+00 1.56e-02f  7
iter    objective    inf_pr   inf_du lg(mu)  ||d||  lg(rg) alpha_du alpha_pr  ls
 260  3.7146396e-04 0.00e+00 5.04e-02 -11.0 1.47e-03    -  1.00e+00 3.12e-02f  6
 261  3.6979729e-04 0.00e+00 4.84e-02 -11.0 1.35e-03    -  1.00e+00 3.12e-02f  6
 262  3.6802915e-04 0.00e+00 5.80e-02 -11.0 1.86e-03    -  1.00e+00 3.12e-02f  6
 263  3.6753337e-04 0.00e+00 5.78e-02 -11.0 3.15e-03    -  1.00e+00 3.12e-02f  6
 264  3.6595455e-04 0.00e+00 7.31e-02 -11.0 4.56e-03    -  1.00e+00 3.12e-02f  6
 265  2.4090974e-02 0.00e+00 5.17e+00 -11.0 5.54e-03    -  1.00e+00 1.00e+00w  1
 266  6.5128408e-04 0.00e+00 3.06e-01 -11.0 5.14e-03    -  1.00e+00 1.00e+00w  1
 267  9.8697667e-01 0.00e+00 1.79e+00 -11.0 7.16e-02    -  2.43e-01 6.25e-01w  1
 268  3.6529930e-04 0.00e+00 6.10e-02 -11.0 2.28e+00    -  1.00e+00 7.81e-03f  7
 269  3.6525845e-04 0.00e+00 6.38e-02  -9.8 8.61e-01    -  1.00e+00 1.88e-05f 11
iter    objective    inf_pr   inf_du lg(mu)  ||d||  lg(rg) alpha_du alpha_pr  ls
 270  3.6463485e-04 0.00e+00 6.42e-02  -9.9 2.98e-03    -  1.00e+00 1.56e-02f  7
 271  3.6426443e-04 0.00e+00 5.72e-02 -11.0 1.33e-03    -  1.00e+00 1.56e-02f  7
 272  3.6311110e-04 0.00e+00 6.32e-02 -11.0 3.57e-04    -  1.00e+00 6.25e-02f  5
 273  3.6244264e-04 0.00e+00 4.50e-02 -11.0 1.17e-03    -  1.00e+00 6.25e-02f  5
 274  3.6230271e-04 0.00e+00 4.35e-02 -11.0 9.99e-04    -  1.00e+00 6.25e-02f  5
 275  3.6207662e-04 0.00e+00 4.75e-02 -11.0 7.27e-04    -  1.00e+00 6.25e-02f  5
 276  3.6140709e-04 0.00e+00 4.69e-02 -11.0 5.90e-04    -  1.00e+00 1.25e-01f  4
 277  3.6038511e-04 0.00e+00 3.89e-02 -11.0 1.44e-03    -  1.00e+00 3.12e-02f  6
 278  3.5864390e-04 0.00e+00 3.52e-02 -11.0 1.09e-03    -  1.00e+00 3.12e-02f  6
 279  3.5791675e-04 0.00e+00 4.70e-02 -11.0 6.18e-04    -  1.00e+00 6.25e-02f  5
iter    objective    inf_pr   inf_du lg(mu)  ||d||  lg(rg) alpha_du alpha_pr  ls
 280  3.5727536e-04 0.00e+00 3.72e-02 -11.0 1.91e-03    -  1.00e+00 1.56e-02f  7
 281  1.8416195e-03 0.00e+00 1.18e+00 -11.0 1.85e-03    -  1.00e+00 1.00e+00w  1
 282  2.0395166e-03 0.00e+00 8.12e-01 -11.0 1.10e-03    -  1.00e+00 1.00e+00w  1
 283  3.6695704e-01 0.00e+00 1.33e+01 -11.0 1.07e-02    -  1.00e+00 1.00e+00w  1
 284  3.5634111e-04 0.00e+00 4.67e-02 -11.0 1.81e-02    -  1.00e+00 3.12e-02f  5
 285  3.5441674e-04 0.00e+00 4.01e-02 -11.0 8.89e-04    -  1.00e+00 2.50e-01f  3
 286  3.5413195e-04 0.00e+00 5.07e-02 -11.0 3.41e-03    -  1.00e+00 7.81e-03f  8
 287  3.5393369e-04 0.00e+00 4.35e-02 -11.0 6.23e-04    -  1.00e+00 6.25e-02f  5
 288  3.5286626e-04 0.00e+00 3.83e-02 -11.0 5.17e-04    -  1.00e+00 1.25e-01f  4
 289  3.5233527e-04 0.00e+00 2.82e-02 -11.0 1.50e-03    -  1.00e+00 1.56e-02f  7
iter    objective    inf_pr   inf_du lg(mu)  ||d||  lg(rg) alpha_du alpha_pr  ls
 290  3.5192993e-04 0.00e+00 3.65e-02 -11.0 1.31e-03    -  1.00e+00 3.12e-02f  6
 291  3.5165127e-04 0.00e+00 3.34e-02 -11.0 2.26e-03    -  1.00e+00 1.56e-02f  7
 292  3.5127558e-04 0.00e+00 2.88e-02 -11.0 6.09e-04    -  1.00e+00 3.12e-02f  6
 293  3.5089317e-04 0.00e+00 3.73e-02 -11.0 5.09e-04    -  1.00e+00 6.25e-02f  5
 294  8.8916498e-04 0.00e+00 4.59e-01 -11.0 5.79e-04    -  1.00e+00 1.00e+00w  1
 295  1.6561192e-03 0.00e+00 8.22e-01 -11.0 1.00e-03    -  1.00e+00 1.00e+00w  1
 296  7.6927339e-01 0.00e+00 1.31e+01 -11.0 1.28e-02    -  1.00e+00 1.00e+00w  1
 297  3.5034325e-04 0.00e+00 3.67e-02 -11.0 1.20e-02    -  1.00e+00 6.25e-02f  4
 298  3.4978504e-04 0.00e+00 4.44e-02 -11.0 4.21e-04    -  1.00e+00 6.25e-02f  5
 299  3.4923461e-04 0.00e+00 4.62e-02 -11.0 2.86e-04    -  1.00e+00 2.50e-01f  3
iter    objective    inf_pr   inf_du lg(mu)  ||d||  lg(rg) alpha_du alpha_pr  ls
 300  3.4837394e-04 0.00e+00 4.28e-02 -11.0 4.54e-03    -  1.00e+00 3.12e-02f  6
 301  3.4705433e-04 0.00e+00 4.86e-02 -11.0 2.54e-02    -  1.00e+00 4.24e-03f  8
 302  3.4678656e-04 0.00e+00 5.62e-02 -11.0 2.77e-02    -  1.00e+00 3.86e-03f  8
 303  3.4640699e-04 0.00e+00 5.22e-02 -11.0 6.96e-03    -  1.00e+00 7.81e-03f  8
 304  3.4618598e-04 0.00e+00 6.13e-02 -11.0 8.89e-03    -  1.00e+00 7.81e-03f  8
 305  3.4598741e-04 0.00e+00 6.25e-02 -11.0 2.80e-03    -  1.00e+00 7.81e-03f  8
 306  3.4557584e-04 0.00e+00 7.10e-02 -11.0 1.40e-03    -  1.00e+00 3.12e-02f  6
 307  3.4483770e-04 0.00e+00 7.20e-02 -11.0 2.06e-03    -  1.00e+00 1.56e-02f  7
 308  3.4399023e-04 0.00e+00 5.44e-02 -11.0 2.30e-03    -  1.00e+00 3.12e-02f  6
 309  3.4327440e-04 0.00e+00 5.34e-02 -11.0 8.64e-03    -  1.00e+00 1.56e-02f  7
iter    objective    inf_pr   inf_du lg(mu)  ||d||  lg(rg) alpha_du alpha_pr  ls
 310  3.4189247e-04 0.00e+00 4.01e-02 -11.0 1.88e-02    -  1.00e+00 5.46e-03f  8
 311  3.4159031e-04 0.00e+00 6.95e-02 -11.0 9.41e-03    -  1.00e+00 1.56e-02f  7
 312  3.4039523e-04 0.00e+00 3.73e-02 -11.0 1.25e-02    -  1.00e+00 7.81e-03f  8
 313  3.3955309e-04 0.00e+00 4.14e-02 -11.0 9.98e-03    -  1.00e+00 7.81e-03f  8
 314  3.3929552e-04 0.00e+00 4.58e-02 -11.0 4.10e-03    -  1.00e+00 7.81e-03f  8
 315  3.3868778e-04 0.00e+00 5.47e-02 -11.0 1.41e-03    -  1.00e+00 3.12e-02f  6
 316  3.3849490e-04 0.00e+00 7.45e-02 -11.0 1.10e-03    -  1.00e+00 1.25e-01f  4
 317  3.3722334e-04 0.00e+00 7.08e-02 -11.0 3.23e-03    -  1.00e+00 1.56e-02f  7
 318  3.3623729e-04 0.00e+00 6.37e-02 -11.0 1.02e-03    -  1.00e+00 3.12e-02f  6
 319  3.3550012e-04 0.00e+00 6.75e-02 -11.0 5.25e-04    -  1.00e+00 6.25e-02f  5

Number of Iterations....: 319

                                   (scaled)                 (unscaled)
Objective...............:   3.3550011813758974e-04    3.3550011813758974e-04
Dual infeasibility......:   6.7451555769712179e-02    6.7451555769712179e-02
Constraint violation....:   0.0000000000000000e+00    0.0000000000000000e+00
Variable bound violation:   0.0000000000000000e+00    0.0000000000000000e+00
Complementarity.........:   1.0094515828929816e-11    1.0094515828929816e-11
Overall NLP error.......:   6.7451555769712179e-02    6.7451555769712179e-02


Number of objective function evaluations             = 2257
Number of objective gradient evaluations             = 320
Number of equality constraint evaluations            = 0
Number of inequality constraint evaluations          = 0
Number of equality constraint Jacobian evaluations   = 0
Number of inequality constraint Jacobian evaluations = 0
Number of Lagrangian Hessian evaluations             = 0
Total seconds in IPOPT                               = 21607.554

EXIT: Maximum wallclock time exceeded.
