Date              = Sat Nov  1 12:31:09 AM EDT 2025
Hostname          = skl-143
Working Directory = /mnt/ffs24/home/leespen1/Research/QuantumGateDesign.jl/cnot3_optimization

Number of Nodes Allocated      = 1
Number of Tasks Per Node       = 1
Number of CPUs Per Task        = 4
Memory per node                = 32768

You are in a SLURM environment. Using job array id to run script.
SLURM Job ID: 63417402
julia --project -e 'using Pkg; Pkg.instantiate()'
julia --project --threads=4 ./cnot3_optimization.jl 6 14 4 5409 --time 6 --D1 16 --rtol 1e-15 --atol 1e-15 --output_directory 63397133 --file_identifier targetError=1e-7 --cost_type GeneralizedInfidelity --levels_cavity 10
Running test with the following arguments:
levels_cavity        => 10
time                 => 6.0
maxiter              => 10000
cost_type            => GeneralizedInfidelity
rtol                 => 1.0e-15
output_directory     => 63397133
file_identifier      => targetError=1e-7
derivative_checker   => false
nsteps               => 5409
order                => 6
atol                 => 1.0e-15
degree               => 14
D1                   => 16
gate_duration        => 550.0
seed                 => 4

*** Constructing CNOT3 Problem ***
Number of time steps: 34356
Carrier frequencies:
	1st ctrl Hamiltonian [GHz]: [0.0, -0.2198, -0.2252]
	2nd ctrl Hamiltonian [GHz]: [0.0, -0.2198, -0.2252]
	3rd ctrl Hamiltonian [GHz]: [0.0, -0.002494, -0.0025244501443665262]
Using random initial pcof with maximum amplitude 0.0005
* Settings *
Frequencies:
	Alice = 4.10595 Bob = 4.81526 Storage = 7.8447
Anharmonic coefficients in the Hamiltonian:
	xa = 0.2198 xb = 0.2252 xs = 2.82986169244768e-5
Coupling coefficients in the Hamiltonian:
	xab = 1.0e-6 xas = 0.002494 xbs = 0.0025244501443665262
Essential states in each subsystem = [2, 2, 1]
Guard states in osc = [2, 2, 9]
Total number of states, Ntot = 160
Total number of guard states, Nguard = 156
Number of B-spline parameters per spline = 16
Total number of parameters = 288
Max parameter amplitudes: maxpar = [0.05, 0.1, 0.1]
Tikhonov coefficients: tik0 (L2) = 0.01
Tolerance in Linear Solver = 1.0e-15
Using a sparse representation of the Hamiltonian matrices
*** Finished Constructing CNOT3 Problem ***

Schrodinger Problem:
SchrodingerProb{SparseArrays.SparseMatrixCSC{Float64, Int64}, Matrix{Float64}, DiagonalHamiltonianPreconditioner}
Type of operators: SparseArrays.SparseMatrixCSC{Float64, Int64}
Type of states: Matrix{Float64} (gate design problem)

System symmetric operator:
160×160 SparseArrays.SparseMatrixCSC{Float64, Int64} with 156 stored entries:
⎡⠐⢄⠀⠀⠀⠀⠀⠀⠀⠀⠀⠀⠀⠀⠀⠀⠀⠀⠀⠀⠀⠀⠀⠀⠀⠀⠀⠀⠀⠀⠀⠀⠀⠀⠀⠀⠀⠀⠀⠀⎤
⎢⠀⠀⠑⢄⠀⠀⠀⠀⠀⠀⠀⠀⠀⠀⠀⠀⠀⠀⠀⠀⠀⠀⠀⠀⠀⠀⠀⠀⠀⠀⠀⠀⠀⠀⠀⠀⠀⠀⠀⠀⎥
⎢⠀⠀⠀⠀⠑⢄⠀⠀⠀⠀⠀⠀⠀⠀⠀⠀⠀⠀⠀⠀⠀⠀⠀⠀⠀⠀⠀⠀⠀⠀⠀⠀⠀⠀⠀⠀⠀⠀⠀⠀⎥
⎢⠀⠀⠀⠀⠀⠀⠑⢄⠀⠀⠀⠀⠀⠀⠀⠀⠀⠀⠀⠀⠀⠀⠀⠀⠀⠀⠀⠀⠀⠀⠀⠀⠀⠀⠀⠀⠀⠀⠀⠀⎥
⎢⠀⠀⠀⠀⠀⠀⠀⠀⠑⢄⠀⠀⠀⠀⠀⠀⠀⠀⠀⠀⠀⠀⠀⠀⠀⠀⠀⠀⠀⠀⠀⠀⠀⠀⠀⠀⠀⠀⠀⠀⎥
⎢⠀⠀⠀⠀⠀⠀⠀⠀⠀⠀⠑⢄⠀⠀⠀⠀⠀⠀⠀⠀⠀⠀⠀⠀⠀⠀⠀⠀⠀⠀⠀⠀⠀⠀⠀⠀⠀⠀⠀⠀⎥
⎢⠀⠀⠀⠀⠀⠀⠀⠀⠀⠀⠀⠀⠑⢄⠀⠀⠀⠀⠀⠀⠀⠀⠀⠀⠀⠀⠀⠀⠀⠀⠀⠀⠀⠀⠀⠀⠀⠀⠀⠀⎥
⎢⠀⠀⠀⠀⠀⠀⠀⠀⠀⠀⠀⠀⠀⠀⠑⢄⠀⠀⠀⠀⠀⠀⠀⠀⠀⠀⠀⠀⠀⠀⠀⠀⠀⠀⠀⠀⠀⠀⠀⠀⎥
⎢⠀⠀⠀⠀⠀⠀⠀⠀⠀⠀⠀⠀⠀⠀⠀⠀⠑⢄⠀⠀⠀⠀⠀⠀⠀⠀⠀⠀⠀⠀⠀⠀⠀⠀⠀⠀⠀⠀⠀⠀⎥
⎢⠀⠀⠀⠀⠀⠀⠀⠀⠀⠀⠀⠀⠀⠀⠀⠀⠀⠀⠑⢄⠀⠀⠀⠀⠀⠀⠀⠀⠀⠀⠀⠀⠀⠀⠀⠀⠀⠀⠀⠀⎥
⎢⠀⠀⠀⠀⠀⠀⠀⠀⠀⠀⠀⠀⠀⠀⠀⠀⠀⠀⠀⠀⠑⢄⠀⠀⠀⠀⠀⠀⠀⠀⠀⠀⠀⠀⠀⠀⠀⠀⠀⠀⎥
⎢⠀⠀⠀⠀⠀⠀⠀⠀⠀⠀⠀⠀⠀⠀⠀⠀⠀⠀⠀⠀⠀⠀⠑⢄⠀⠀⠀⠀⠀⠀⠀⠀⠀⠀⠀⠀⠀⠀⠀⠀⎥
⎢⠀⠀⠀⠀⠀⠀⠀⠀⠀⠀⠀⠀⠀⠀⠀⠀⠀⠀⠀⠀⠀⠀⠀⠀⠑⢄⠀⠀⠀⠀⠀⠀⠀⠀⠀⠀⠀⠀⠀⠀⎥
⎢⠀⠀⠀⠀⠀⠀⠀⠀⠀⠀⠀⠀⠀⠀⠀⠀⠀⠀⠀⠀⠀⠀⠀⠀⠀⠀⠑⢄⠀⠀⠀⠀⠀⠀⠀⠀⠀⠀⠀⠀⎥
⎢⠀⠀⠀⠀⠀⠀⠀⠀⠀⠀⠀⠀⠀⠀⠀⠀⠀⠀⠀⠀⠀⠀⠀⠀⠀⠀⠀⠀⠑⢄⠀⠀⠀⠀⠀⠀⠀⠀⠀⠀⎥
⎢⠀⠀⠀⠀⠀⠀⠀⠀⠀⠀⠀⠀⠀⠀⠀⠀⠀⠀⠀⠀⠀⠀⠀⠀⠀⠀⠀⠀⠀⠀⠑⢄⠀⠀⠀⠀⠀⠀⠀⠀⎥
⎢⠀⠀⠀⠀⠀⠀⠀⠀⠀⠀⠀⠀⠀⠀⠀⠀⠀⠀⠀⠀⠀⠀⠀⠀⠀⠀⠀⠀⠀⠀⠀⠀⠑⢄⠀⠀⠀⠀⠀⠀⎥
⎢⠀⠀⠀⠀⠀⠀⠀⠀⠀⠀⠀⠀⠀⠀⠀⠀⠀⠀⠀⠀⠀⠀⠀⠀⠀⠀⠀⠀⠀⠀⠀⠀⠀⠀⠑⢄⠀⠀⠀⠀⎥
⎢⠀⠀⠀⠀⠀⠀⠀⠀⠀⠀⠀⠀⠀⠀⠀⠀⠀⠀⠀⠀⠀⠀⠀⠀⠀⠀⠀⠀⠀⠀⠀⠀⠀⠀⠀⠀⠑⢄⠀⠀⎥
⎣⠀⠀⠀⠀⠀⠀⠀⠀⠀⠀⠀⠀⠀⠀⠀⠀⠀⠀⠀⠀⠀⠀⠀⠀⠀⠀⠀⠀⠀⠀⠀⠀⠀⠀⠀⠀⠀⠀⠑⢄⎦

System anti-symmetric operator:
160×160 SparseArrays.SparseMatrixCSC{Float64, Int64} with 0 stored entries:
⎡⠀⠀⠀⠀⠀⠀⠀⠀⠀⠀⠀⠀⠀⠀⠀⠀⠀⠀⠀⠀⠀⠀⠀⠀⠀⠀⠀⠀⠀⠀⠀⠀⠀⠀⠀⠀⠀⠀⠀⠀⎤
⎢⠀⠀⠀⠀⠀⠀⠀⠀⠀⠀⠀⠀⠀⠀⠀⠀⠀⠀⠀⠀⠀⠀⠀⠀⠀⠀⠀⠀⠀⠀⠀⠀⠀⠀⠀⠀⠀⠀⠀⠀⎥
⎢⠀⠀⠀⠀⠀⠀⠀⠀⠀⠀⠀⠀⠀⠀⠀⠀⠀⠀⠀⠀⠀⠀⠀⠀⠀⠀⠀⠀⠀⠀⠀⠀⠀⠀⠀⠀⠀⠀⠀⠀⎥
⎢⠀⠀⠀⠀⠀⠀⠀⠀⠀⠀⠀⠀⠀⠀⠀⠀⠀⠀⠀⠀⠀⠀⠀⠀⠀⠀⠀⠀⠀⠀⠀⠀⠀⠀⠀⠀⠀⠀⠀⠀⎥
⎢⠀⠀⠀⠀⠀⠀⠀⠀⠀⠀⠀⠀⠀⠀⠀⠀⠀⠀⠀⠀⠀⠀⠀⠀⠀⠀⠀⠀⠀⠀⠀⠀⠀⠀⠀⠀⠀⠀⠀⠀⎥
⎢⠀⠀⠀⠀⠀⠀⠀⠀⠀⠀⠀⠀⠀⠀⠀⠀⠀⠀⠀⠀⠀⠀⠀⠀⠀⠀⠀⠀⠀⠀⠀⠀⠀⠀⠀⠀⠀⠀⠀⠀⎥
⎢⠀⠀⠀⠀⠀⠀⠀⠀⠀⠀⠀⠀⠀⠀⠀⠀⠀⠀⠀⠀⠀⠀⠀⠀⠀⠀⠀⠀⠀⠀⠀⠀⠀⠀⠀⠀⠀⠀⠀⠀⎥
⎢⠀⠀⠀⠀⠀⠀⠀⠀⠀⠀⠀⠀⠀⠀⠀⠀⠀⠀⠀⠀⠀⠀⠀⠀⠀⠀⠀⠀⠀⠀⠀⠀⠀⠀⠀⠀⠀⠀⠀⠀⎥
⎢⠀⠀⠀⠀⠀⠀⠀⠀⠀⠀⠀⠀⠀⠀⠀⠀⠀⠀⠀⠀⠀⠀⠀⠀⠀⠀⠀⠀⠀⠀⠀⠀⠀⠀⠀⠀⠀⠀⠀⠀⎥
⎢⠀⠀⠀⠀⠀⠀⠀⠀⠀⠀⠀⠀⠀⠀⠀⠀⠀⠀⠀⠀⠀⠀⠀⠀⠀⠀⠀⠀⠀⠀⠀⠀⠀⠀⠀⠀⠀⠀⠀⠀⎥
⎢⠀⠀⠀⠀⠀⠀⠀⠀⠀⠀⠀⠀⠀⠀⠀⠀⠀⠀⠀⠀⠀⠀⠀⠀⠀⠀⠀⠀⠀⠀⠀⠀⠀⠀⠀⠀⠀⠀⠀⠀⎥
⎢⠀⠀⠀⠀⠀⠀⠀⠀⠀⠀⠀⠀⠀⠀⠀⠀⠀⠀⠀⠀⠀⠀⠀⠀⠀⠀⠀⠀⠀⠀⠀⠀⠀⠀⠀⠀⠀⠀⠀⠀⎥
⎢⠀⠀⠀⠀⠀⠀⠀⠀⠀⠀⠀⠀⠀⠀⠀⠀⠀⠀⠀⠀⠀⠀⠀⠀⠀⠀⠀⠀⠀⠀⠀⠀⠀⠀⠀⠀⠀⠀⠀⠀⎥
⎢⠀⠀⠀⠀⠀⠀⠀⠀⠀⠀⠀⠀⠀⠀⠀⠀⠀⠀⠀⠀⠀⠀⠀⠀⠀⠀⠀⠀⠀⠀⠀⠀⠀⠀⠀⠀⠀⠀⠀⠀⎥
⎢⠀⠀⠀⠀⠀⠀⠀⠀⠀⠀⠀⠀⠀⠀⠀⠀⠀⠀⠀⠀⠀⠀⠀⠀⠀⠀⠀⠀⠀⠀⠀⠀⠀⠀⠀⠀⠀⠀⠀⠀⎥
⎢⠀⠀⠀⠀⠀⠀⠀⠀⠀⠀⠀⠀⠀⠀⠀⠀⠀⠀⠀⠀⠀⠀⠀⠀⠀⠀⠀⠀⠀⠀⠀⠀⠀⠀⠀⠀⠀⠀⠀⠀⎥
⎢⠀⠀⠀⠀⠀⠀⠀⠀⠀⠀⠀⠀⠀⠀⠀⠀⠀⠀⠀⠀⠀⠀⠀⠀⠀⠀⠀⠀⠀⠀⠀⠀⠀⠀⠀⠀⠀⠀⠀⠀⎥
⎢⠀⠀⠀⠀⠀⠀⠀⠀⠀⠀⠀⠀⠀⠀⠀⠀⠀⠀⠀⠀⠀⠀⠀⠀⠀⠀⠀⠀⠀⠀⠀⠀⠀⠀⠀⠀⠀⠀⠀⠀⎥
⎢⠀⠀⠀⠀⠀⠀⠀⠀⠀⠀⠀⠀⠀⠀⠀⠀⠀⠀⠀⠀⠀⠀⠀⠀⠀⠀⠀⠀⠀⠀⠀⠀⠀⠀⠀⠀⠀⠀⠀⠀⎥
⎣⠀⠀⠀⠀⠀⠀⠀⠀⠀⠀⠀⠀⠀⠀⠀⠀⠀⠀⠀⠀⠀⠀⠀⠀⠀⠀⠀⠀⠀⠀⠀⠀⠀⠀⠀⠀⠀⠀⠀⠀⎦

Control symmetric operators:
160×160 SparseArrays.SparseMatrixCSC{Float64, Int64} with 240 stored entries:
⎡⠛⣤⠀⠀⠀⠀⠀⠀⠀⠀⠀⠀⠀⠀⠀⠀⠀⠀⠀⠀⠀⠀⠀⠀⠀⠀⠀⠀⠀⠀⠀⠀⠀⠀⠀⠀⠀⠀⠀⠀⎤
⎢⠀⠀⠛⣤⠀⠀⠀⠀⠀⠀⠀⠀⠀⠀⠀⠀⠀⠀⠀⠀⠀⠀⠀⠀⠀⠀⠀⠀⠀⠀⠀⠀⠀⠀⠀⠀⠀⠀⠀⠀⎥
⎢⠀⠀⠀⠀⠛⣤⠀⠀⠀⠀⠀⠀⠀⠀⠀⠀⠀⠀⠀⠀⠀⠀⠀⠀⠀⠀⠀⠀⠀⠀⠀⠀⠀⠀⠀⠀⠀⠀⠀⠀⎥
⎢⠀⠀⠀⠀⠀⠀⠛⣤⠀⠀⠀⠀⠀⠀⠀⠀⠀⠀⠀⠀⠀⠀⠀⠀⠀⠀⠀⠀⠀⠀⠀⠀⠀⠀⠀⠀⠀⠀⠀⠀⎥
⎢⠀⠀⠀⠀⠀⠀⠀⠀⠛⣤⠀⠀⠀⠀⠀⠀⠀⠀⠀⠀⠀⠀⠀⠀⠀⠀⠀⠀⠀⠀⠀⠀⠀⠀⠀⠀⠀⠀⠀⠀⎥
⎢⠀⠀⠀⠀⠀⠀⠀⠀⠀⠀⠛⣤⠀⠀⠀⠀⠀⠀⠀⠀⠀⠀⠀⠀⠀⠀⠀⠀⠀⠀⠀⠀⠀⠀⠀⠀⠀⠀⠀⠀⎥
⎢⠀⠀⠀⠀⠀⠀⠀⠀⠀⠀⠀⠀⠛⣤⠀⠀⠀⠀⠀⠀⠀⠀⠀⠀⠀⠀⠀⠀⠀⠀⠀⠀⠀⠀⠀⠀⠀⠀⠀⠀⎥
⎢⠀⠀⠀⠀⠀⠀⠀⠀⠀⠀⠀⠀⠀⠀⠛⣤⠀⠀⠀⠀⠀⠀⠀⠀⠀⠀⠀⠀⠀⠀⠀⠀⠀⠀⠀⠀⠀⠀⠀⠀⎥
⎢⠀⠀⠀⠀⠀⠀⠀⠀⠀⠀⠀⠀⠀⠀⠀⠀⠛⣤⠀⠀⠀⠀⠀⠀⠀⠀⠀⠀⠀⠀⠀⠀⠀⠀⠀⠀⠀⠀⠀⠀⎥
⎢⠀⠀⠀⠀⠀⠀⠀⠀⠀⠀⠀⠀⠀⠀⠀⠀⠀⠀⠛⣤⠀⠀⠀⠀⠀⠀⠀⠀⠀⠀⠀⠀⠀⠀⠀⠀⠀⠀⠀⠀⎥
⎢⠀⠀⠀⠀⠀⠀⠀⠀⠀⠀⠀⠀⠀⠀⠀⠀⠀⠀⠀⠀⠛⣤⠀⠀⠀⠀⠀⠀⠀⠀⠀⠀⠀⠀⠀⠀⠀⠀⠀⠀⎥
⎢⠀⠀⠀⠀⠀⠀⠀⠀⠀⠀⠀⠀⠀⠀⠀⠀⠀⠀⠀⠀⠀⠀⠛⣤⠀⠀⠀⠀⠀⠀⠀⠀⠀⠀⠀⠀⠀⠀⠀⠀⎥
⎢⠀⠀⠀⠀⠀⠀⠀⠀⠀⠀⠀⠀⠀⠀⠀⠀⠀⠀⠀⠀⠀⠀⠀⠀⠛⣤⠀⠀⠀⠀⠀⠀⠀⠀⠀⠀⠀⠀⠀⠀⎥
⎢⠀⠀⠀⠀⠀⠀⠀⠀⠀⠀⠀⠀⠀⠀⠀⠀⠀⠀⠀⠀⠀⠀⠀⠀⠀⠀⠛⣤⠀⠀⠀⠀⠀⠀⠀⠀⠀⠀⠀⠀⎥
⎢⠀⠀⠀⠀⠀⠀⠀⠀⠀⠀⠀⠀⠀⠀⠀⠀⠀⠀⠀⠀⠀⠀⠀⠀⠀⠀⠀⠀⠛⣤⠀⠀⠀⠀⠀⠀⠀⠀⠀⠀⎥
⎢⠀⠀⠀⠀⠀⠀⠀⠀⠀⠀⠀⠀⠀⠀⠀⠀⠀⠀⠀⠀⠀⠀⠀⠀⠀⠀⠀⠀⠀⠀⠛⣤⠀⠀⠀⠀⠀⠀⠀⠀⎥
⎢⠀⠀⠀⠀⠀⠀⠀⠀⠀⠀⠀⠀⠀⠀⠀⠀⠀⠀⠀⠀⠀⠀⠀⠀⠀⠀⠀⠀⠀⠀⠀⠀⠛⣤⠀⠀⠀⠀⠀⠀⎥
⎢⠀⠀⠀⠀⠀⠀⠀⠀⠀⠀⠀⠀⠀⠀⠀⠀⠀⠀⠀⠀⠀⠀⠀⠀⠀⠀⠀⠀⠀⠀⠀⠀⠀⠀⠛⣤⠀⠀⠀⠀⎥
⎢⠀⠀⠀⠀⠀⠀⠀⠀⠀⠀⠀⠀⠀⠀⠀⠀⠀⠀⠀⠀⠀⠀⠀⠀⠀⠀⠀⠀⠀⠀⠀⠀⠀⠀⠀⠀⠛⣤⠀⠀⎥
⎣⠀⠀⠀⠀⠀⠀⠀⠀⠀⠀⠀⠀⠀⠀⠀⠀⠀⠀⠀⠀⠀⠀⠀⠀⠀⠀⠀⠀⠀⠀⠀⠀⠀⠀⠀⠀⠀⠀⠛⣤⎦

160×160 SparseArrays.SparseMatrixCSC{Float64, Int64} with 240 stored entries:
⎡⢄⠑⢄⠀⠀⠀⠀⠀⠀⠀⠀⠀⠀⠀⠀⠀⠀⠀⠀⠀⠀⠀⠀⠀⠀⠀⠀⠀⠀⠀⠀⠀⠀⠀⠀⠀⠀⠀⠀⠀⎤
⎢⠀⠑⢄⠑⠀⠀⠀⠀⠀⠀⠀⠀⠀⠀⠀⠀⠀⠀⠀⠀⠀⠀⠀⠀⠀⠀⠀⠀⠀⠀⠀⠀⠀⠀⠀⠀⠀⠀⠀⠀⎥
⎢⠀⠀⠀⠀⢄⠑⢄⠀⠀⠀⠀⠀⠀⠀⠀⠀⠀⠀⠀⠀⠀⠀⠀⠀⠀⠀⠀⠀⠀⠀⠀⠀⠀⠀⠀⠀⠀⠀⠀⠀⎥
⎢⠀⠀⠀⠀⠀⠑⢄⠑⠀⠀⠀⠀⠀⠀⠀⠀⠀⠀⠀⠀⠀⠀⠀⠀⠀⠀⠀⠀⠀⠀⠀⠀⠀⠀⠀⠀⠀⠀⠀⠀⎥
⎢⠀⠀⠀⠀⠀⠀⠀⠀⢄⠑⢄⠀⠀⠀⠀⠀⠀⠀⠀⠀⠀⠀⠀⠀⠀⠀⠀⠀⠀⠀⠀⠀⠀⠀⠀⠀⠀⠀⠀⠀⎥
⎢⠀⠀⠀⠀⠀⠀⠀⠀⠀⠑⢄⠑⠀⠀⠀⠀⠀⠀⠀⠀⠀⠀⠀⠀⠀⠀⠀⠀⠀⠀⠀⠀⠀⠀⠀⠀⠀⠀⠀⠀⎥
⎢⠀⠀⠀⠀⠀⠀⠀⠀⠀⠀⠀⠀⢄⠑⢄⠀⠀⠀⠀⠀⠀⠀⠀⠀⠀⠀⠀⠀⠀⠀⠀⠀⠀⠀⠀⠀⠀⠀⠀⠀⎥
⎢⠀⠀⠀⠀⠀⠀⠀⠀⠀⠀⠀⠀⠀⠑⢄⠑⠀⠀⠀⠀⠀⠀⠀⠀⠀⠀⠀⠀⠀⠀⠀⠀⠀⠀⠀⠀⠀⠀⠀⠀⎥
⎢⠀⠀⠀⠀⠀⠀⠀⠀⠀⠀⠀⠀⠀⠀⠀⠀⢄⠑⢄⠀⠀⠀⠀⠀⠀⠀⠀⠀⠀⠀⠀⠀⠀⠀⠀⠀⠀⠀⠀⠀⎥
⎢⠀⠀⠀⠀⠀⠀⠀⠀⠀⠀⠀⠀⠀⠀⠀⠀⠀⠑⢄⠑⠀⠀⠀⠀⠀⠀⠀⠀⠀⠀⠀⠀⠀⠀⠀⠀⠀⠀⠀⠀⎥
⎢⠀⠀⠀⠀⠀⠀⠀⠀⠀⠀⠀⠀⠀⠀⠀⠀⠀⠀⠀⠀⢄⠑⢄⠀⠀⠀⠀⠀⠀⠀⠀⠀⠀⠀⠀⠀⠀⠀⠀⠀⎥
⎢⠀⠀⠀⠀⠀⠀⠀⠀⠀⠀⠀⠀⠀⠀⠀⠀⠀⠀⠀⠀⠀⠑⢄⠑⠀⠀⠀⠀⠀⠀⠀⠀⠀⠀⠀⠀⠀⠀⠀⠀⎥
⎢⠀⠀⠀⠀⠀⠀⠀⠀⠀⠀⠀⠀⠀⠀⠀⠀⠀⠀⠀⠀⠀⠀⠀⠀⢄⠑⢄⠀⠀⠀⠀⠀⠀⠀⠀⠀⠀⠀⠀⠀⎥
⎢⠀⠀⠀⠀⠀⠀⠀⠀⠀⠀⠀⠀⠀⠀⠀⠀⠀⠀⠀⠀⠀⠀⠀⠀⠀⠑⢄⠑⠀⠀⠀⠀⠀⠀⠀⠀⠀⠀⠀⠀⎥
⎢⠀⠀⠀⠀⠀⠀⠀⠀⠀⠀⠀⠀⠀⠀⠀⠀⠀⠀⠀⠀⠀⠀⠀⠀⠀⠀⠀⠀⢄⠑⢄⠀⠀⠀⠀⠀⠀⠀⠀⠀⎥
⎢⠀⠀⠀⠀⠀⠀⠀⠀⠀⠀⠀⠀⠀⠀⠀⠀⠀⠀⠀⠀⠀⠀⠀⠀⠀⠀⠀⠀⠀⠑⢄⠑⠀⠀⠀⠀⠀⠀⠀⠀⎥
⎢⠀⠀⠀⠀⠀⠀⠀⠀⠀⠀⠀⠀⠀⠀⠀⠀⠀⠀⠀⠀⠀⠀⠀⠀⠀⠀⠀⠀⠀⠀⠀⠀⢄⠑⢄⠀⠀⠀⠀⠀⎥
⎢⠀⠀⠀⠀⠀⠀⠀⠀⠀⠀⠀⠀⠀⠀⠀⠀⠀⠀⠀⠀⠀⠀⠀⠀⠀⠀⠀⠀⠀⠀⠀⠀⠀⠑⢄⠑⠀⠀⠀⠀⎥
⎢⠀⠀⠀⠀⠀⠀⠀⠀⠀⠀⠀⠀⠀⠀⠀⠀⠀⠀⠀⠀⠀⠀⠀⠀⠀⠀⠀⠀⠀⠀⠀⠀⠀⠀⠀⠀⢄⠑⢄⠀⎥
⎣⠀⠀⠀⠀⠀⠀⠀⠀⠀⠀⠀⠀⠀⠀⠀⠀⠀⠀⠀⠀⠀⠀⠀⠀⠀⠀⠀⠀⠀⠀⠀⠀⠀⠀⠀⠀⠀⠑⢄⠑⎦

160×160 SparseArrays.SparseMatrixCSC{Float64, Int64} with 288 stored entries:
⎡⠀⠀⠀⠀⠑⢄⠀⠀⠀⠀⠀⠀⠀⠀⠀⠀⠀⠀⠀⠀⠀⠀⠀⠀⠀⠀⠀⠀⠀⠀⠀⠀⠀⠀⠀⠀⠀⠀⠀⠀⎤
⎢⠀⠀⠀⠀⠀⠀⠑⢄⠀⠀⠀⠀⠀⠀⠀⠀⠀⠀⠀⠀⠀⠀⠀⠀⠀⠀⠀⠀⠀⠀⠀⠀⠀⠀⠀⠀⠀⠀⠀⠀⎥
⎢⠑⢄⠀⠀⠀⠀⠀⠀⠑⢄⠀⠀⠀⠀⠀⠀⠀⠀⠀⠀⠀⠀⠀⠀⠀⠀⠀⠀⠀⠀⠀⠀⠀⠀⠀⠀⠀⠀⠀⠀⎥
⎢⠀⠀⠑⢄⠀⠀⠀⠀⠀⠀⠑⢄⠀⠀⠀⠀⠀⠀⠀⠀⠀⠀⠀⠀⠀⠀⠀⠀⠀⠀⠀⠀⠀⠀⠀⠀⠀⠀⠀⠀⎥
⎢⠀⠀⠀⠀⠑⢄⠀⠀⠀⠀⠀⠀⠑⢄⠀⠀⠀⠀⠀⠀⠀⠀⠀⠀⠀⠀⠀⠀⠀⠀⠀⠀⠀⠀⠀⠀⠀⠀⠀⠀⎥
⎢⠀⠀⠀⠀⠀⠀⠑⢄⠀⠀⠀⠀⠀⠀⠑⢄⠀⠀⠀⠀⠀⠀⠀⠀⠀⠀⠀⠀⠀⠀⠀⠀⠀⠀⠀⠀⠀⠀⠀⠀⎥
⎢⠀⠀⠀⠀⠀⠀⠀⠀⠑⢄⠀⠀⠀⠀⠀⠀⠑⢄⠀⠀⠀⠀⠀⠀⠀⠀⠀⠀⠀⠀⠀⠀⠀⠀⠀⠀⠀⠀⠀⠀⎥
⎢⠀⠀⠀⠀⠀⠀⠀⠀⠀⠀⠑⢄⠀⠀⠀⠀⠀⠀⠑⢄⠀⠀⠀⠀⠀⠀⠀⠀⠀⠀⠀⠀⠀⠀⠀⠀⠀⠀⠀⠀⎥
⎢⠀⠀⠀⠀⠀⠀⠀⠀⠀⠀⠀⠀⠑⢄⠀⠀⠀⠀⠀⠀⠑⢄⠀⠀⠀⠀⠀⠀⠀⠀⠀⠀⠀⠀⠀⠀⠀⠀⠀⠀⎥
⎢⠀⠀⠀⠀⠀⠀⠀⠀⠀⠀⠀⠀⠀⠀⠑⢄⠀⠀⠀⠀⠀⠀⠑⢄⠀⠀⠀⠀⠀⠀⠀⠀⠀⠀⠀⠀⠀⠀⠀⠀⎥
⎢⠀⠀⠀⠀⠀⠀⠀⠀⠀⠀⠀⠀⠀⠀⠀⠀⠑⢄⠀⠀⠀⠀⠀⠀⠑⢄⠀⠀⠀⠀⠀⠀⠀⠀⠀⠀⠀⠀⠀⠀⎥
⎢⠀⠀⠀⠀⠀⠀⠀⠀⠀⠀⠀⠀⠀⠀⠀⠀⠀⠀⠑⢄⠀⠀⠀⠀⠀⠀⠑⢄⠀⠀⠀⠀⠀⠀⠀⠀⠀⠀⠀⠀⎥
⎢⠀⠀⠀⠀⠀⠀⠀⠀⠀⠀⠀⠀⠀⠀⠀⠀⠀⠀⠀⠀⠑⢄⠀⠀⠀⠀⠀⠀⠑⢄⠀⠀⠀⠀⠀⠀⠀⠀⠀⠀⎥
⎢⠀⠀⠀⠀⠀⠀⠀⠀⠀⠀⠀⠀⠀⠀⠀⠀⠀⠀⠀⠀⠀⠀⠑⢄⠀⠀⠀⠀⠀⠀⠑⢄⠀⠀⠀⠀⠀⠀⠀⠀⎥
⎢⠀⠀⠀⠀⠀⠀⠀⠀⠀⠀⠀⠀⠀⠀⠀⠀⠀⠀⠀⠀⠀⠀⠀⠀⠑⢄⠀⠀⠀⠀⠀⠀⠑⢄⠀⠀⠀⠀⠀⠀⎥
⎢⠀⠀⠀⠀⠀⠀⠀⠀⠀⠀⠀⠀⠀⠀⠀⠀⠀⠀⠀⠀⠀⠀⠀⠀⠀⠀⠑⢄⠀⠀⠀⠀⠀⠀⠑⢄⠀⠀⠀⠀⎥
⎢⠀⠀⠀⠀⠀⠀⠀⠀⠀⠀⠀⠀⠀⠀⠀⠀⠀⠀⠀⠀⠀⠀⠀⠀⠀⠀⠀⠀⠑⢄⠀⠀⠀⠀⠀⠀⠑⢄⠀⠀⎥
⎢⠀⠀⠀⠀⠀⠀⠀⠀⠀⠀⠀⠀⠀⠀⠀⠀⠀⠀⠀⠀⠀⠀⠀⠀⠀⠀⠀⠀⠀⠀⠑⢄⠀⠀⠀⠀⠀⠀⠑⢄⎥
⎢⠀⠀⠀⠀⠀⠀⠀⠀⠀⠀⠀⠀⠀⠀⠀⠀⠀⠀⠀⠀⠀⠀⠀⠀⠀⠀⠀⠀⠀⠀⠀⠀⠑⢄⠀⠀⠀⠀⠀⠀⎥
⎣⠀⠀⠀⠀⠀⠀⠀⠀⠀⠀⠀⠀⠀⠀⠀⠀⠀⠀⠀⠀⠀⠀⠀⠀⠀⠀⠀⠀⠀⠀⠀⠀⠀⠀⠑⢄⠀⠀⠀⠀⎦



Control anti-symmetric operators:
160×160 SparseArrays.SparseMatrixCSC{Float64, Int64} with 240 stored entries:
⎡⠛⣤⠀⠀⠀⠀⠀⠀⠀⠀⠀⠀⠀⠀⠀⠀⠀⠀⠀⠀⠀⠀⠀⠀⠀⠀⠀⠀⠀⠀⠀⠀⠀⠀⠀⠀⠀⠀⠀⠀⎤
⎢⠀⠀⠛⣤⠀⠀⠀⠀⠀⠀⠀⠀⠀⠀⠀⠀⠀⠀⠀⠀⠀⠀⠀⠀⠀⠀⠀⠀⠀⠀⠀⠀⠀⠀⠀⠀⠀⠀⠀⠀⎥
⎢⠀⠀⠀⠀⠛⣤⠀⠀⠀⠀⠀⠀⠀⠀⠀⠀⠀⠀⠀⠀⠀⠀⠀⠀⠀⠀⠀⠀⠀⠀⠀⠀⠀⠀⠀⠀⠀⠀⠀⠀⎥
⎢⠀⠀⠀⠀⠀⠀⠛⣤⠀⠀⠀⠀⠀⠀⠀⠀⠀⠀⠀⠀⠀⠀⠀⠀⠀⠀⠀⠀⠀⠀⠀⠀⠀⠀⠀⠀⠀⠀⠀⠀⎥
⎢⠀⠀⠀⠀⠀⠀⠀⠀⠛⣤⠀⠀⠀⠀⠀⠀⠀⠀⠀⠀⠀⠀⠀⠀⠀⠀⠀⠀⠀⠀⠀⠀⠀⠀⠀⠀⠀⠀⠀⠀⎥
⎢⠀⠀⠀⠀⠀⠀⠀⠀⠀⠀⠛⣤⠀⠀⠀⠀⠀⠀⠀⠀⠀⠀⠀⠀⠀⠀⠀⠀⠀⠀⠀⠀⠀⠀⠀⠀⠀⠀⠀⠀⎥
⎢⠀⠀⠀⠀⠀⠀⠀⠀⠀⠀⠀⠀⠛⣤⠀⠀⠀⠀⠀⠀⠀⠀⠀⠀⠀⠀⠀⠀⠀⠀⠀⠀⠀⠀⠀⠀⠀⠀⠀⠀⎥
⎢⠀⠀⠀⠀⠀⠀⠀⠀⠀⠀⠀⠀⠀⠀⠛⣤⠀⠀⠀⠀⠀⠀⠀⠀⠀⠀⠀⠀⠀⠀⠀⠀⠀⠀⠀⠀⠀⠀⠀⠀⎥
⎢⠀⠀⠀⠀⠀⠀⠀⠀⠀⠀⠀⠀⠀⠀⠀⠀⠛⣤⠀⠀⠀⠀⠀⠀⠀⠀⠀⠀⠀⠀⠀⠀⠀⠀⠀⠀⠀⠀⠀⠀⎥
⎢⠀⠀⠀⠀⠀⠀⠀⠀⠀⠀⠀⠀⠀⠀⠀⠀⠀⠀⠛⣤⠀⠀⠀⠀⠀⠀⠀⠀⠀⠀⠀⠀⠀⠀⠀⠀⠀⠀⠀⠀⎥
⎢⠀⠀⠀⠀⠀⠀⠀⠀⠀⠀⠀⠀⠀⠀⠀⠀⠀⠀⠀⠀⠛⣤⠀⠀⠀⠀⠀⠀⠀⠀⠀⠀⠀⠀⠀⠀⠀⠀⠀⠀⎥
⎢⠀⠀⠀⠀⠀⠀⠀⠀⠀⠀⠀⠀⠀⠀⠀⠀⠀⠀⠀⠀⠀⠀⠛⣤⠀⠀⠀⠀⠀⠀⠀⠀⠀⠀⠀⠀⠀⠀⠀⠀⎥
⎢⠀⠀⠀⠀⠀⠀⠀⠀⠀⠀⠀⠀⠀⠀⠀⠀⠀⠀⠀⠀⠀⠀⠀⠀⠛⣤⠀⠀⠀⠀⠀⠀⠀⠀⠀⠀⠀⠀⠀⠀⎥
⎢⠀⠀⠀⠀⠀⠀⠀⠀⠀⠀⠀⠀⠀⠀⠀⠀⠀⠀⠀⠀⠀⠀⠀⠀⠀⠀⠛⣤⠀⠀⠀⠀⠀⠀⠀⠀⠀⠀⠀⠀⎥
⎢⠀⠀⠀⠀⠀⠀⠀⠀⠀⠀⠀⠀⠀⠀⠀⠀⠀⠀⠀⠀⠀⠀⠀⠀⠀⠀⠀⠀⠛⣤⠀⠀⠀⠀⠀⠀⠀⠀⠀⠀⎥
⎢⠀⠀⠀⠀⠀⠀⠀⠀⠀⠀⠀⠀⠀⠀⠀⠀⠀⠀⠀⠀⠀⠀⠀⠀⠀⠀⠀⠀⠀⠀⠛⣤⠀⠀⠀⠀⠀⠀⠀⠀⎥
⎢⠀⠀⠀⠀⠀⠀⠀⠀⠀⠀⠀⠀⠀⠀⠀⠀⠀⠀⠀⠀⠀⠀⠀⠀⠀⠀⠀⠀⠀⠀⠀⠀⠛⣤⠀⠀⠀⠀⠀⠀⎥
⎢⠀⠀⠀⠀⠀⠀⠀⠀⠀⠀⠀⠀⠀⠀⠀⠀⠀⠀⠀⠀⠀⠀⠀⠀⠀⠀⠀⠀⠀⠀⠀⠀⠀⠀⠛⣤⠀⠀⠀⠀⎥
⎢⠀⠀⠀⠀⠀⠀⠀⠀⠀⠀⠀⠀⠀⠀⠀⠀⠀⠀⠀⠀⠀⠀⠀⠀⠀⠀⠀⠀⠀⠀⠀⠀⠀⠀⠀⠀⠛⣤⠀⠀⎥
⎣⠀⠀⠀⠀⠀⠀⠀⠀⠀⠀⠀⠀⠀⠀⠀⠀⠀⠀⠀⠀⠀⠀⠀⠀⠀⠀⠀⠀⠀⠀⠀⠀⠀⠀⠀⠀⠀⠀⠛⣤⎦

160×160 SparseArrays.SparseMatrixCSC{Float64, Int64} with 240 stored entries:
⎡⢄⠑⢄⠀⠀⠀⠀⠀⠀⠀⠀⠀⠀⠀⠀⠀⠀⠀⠀⠀⠀⠀⠀⠀⠀⠀⠀⠀⠀⠀⠀⠀⠀⠀⠀⠀⠀⠀⠀⠀⎤
⎢⠀⠑⢄⠑⠀⠀⠀⠀⠀⠀⠀⠀⠀⠀⠀⠀⠀⠀⠀⠀⠀⠀⠀⠀⠀⠀⠀⠀⠀⠀⠀⠀⠀⠀⠀⠀⠀⠀⠀⠀⎥
⎢⠀⠀⠀⠀⢄⠑⢄⠀⠀⠀⠀⠀⠀⠀⠀⠀⠀⠀⠀⠀⠀⠀⠀⠀⠀⠀⠀⠀⠀⠀⠀⠀⠀⠀⠀⠀⠀⠀⠀⠀⎥
⎢⠀⠀⠀⠀⠀⠑⢄⠑⠀⠀⠀⠀⠀⠀⠀⠀⠀⠀⠀⠀⠀⠀⠀⠀⠀⠀⠀⠀⠀⠀⠀⠀⠀⠀⠀⠀⠀⠀⠀⠀⎥
⎢⠀⠀⠀⠀⠀⠀⠀⠀⢄⠑⢄⠀⠀⠀⠀⠀⠀⠀⠀⠀⠀⠀⠀⠀⠀⠀⠀⠀⠀⠀⠀⠀⠀⠀⠀⠀⠀⠀⠀⠀⎥
⎢⠀⠀⠀⠀⠀⠀⠀⠀⠀⠑⢄⠑⠀⠀⠀⠀⠀⠀⠀⠀⠀⠀⠀⠀⠀⠀⠀⠀⠀⠀⠀⠀⠀⠀⠀⠀⠀⠀⠀⠀⎥
⎢⠀⠀⠀⠀⠀⠀⠀⠀⠀⠀⠀⠀⢄⠑⢄⠀⠀⠀⠀⠀⠀⠀⠀⠀⠀⠀⠀⠀⠀⠀⠀⠀⠀⠀⠀⠀⠀⠀⠀⠀⎥
⎢⠀⠀⠀⠀⠀⠀⠀⠀⠀⠀⠀⠀⠀⠑⢄⠑⠀⠀⠀⠀⠀⠀⠀⠀⠀⠀⠀⠀⠀⠀⠀⠀⠀⠀⠀⠀⠀⠀⠀⠀⎥
⎢⠀⠀⠀⠀⠀⠀⠀⠀⠀⠀⠀⠀⠀⠀⠀⠀⢄⠑⢄⠀⠀⠀⠀⠀⠀⠀⠀⠀⠀⠀⠀⠀⠀⠀⠀⠀⠀⠀⠀⠀⎥
⎢⠀⠀⠀⠀⠀⠀⠀⠀⠀⠀⠀⠀⠀⠀⠀⠀⠀⠑⢄⠑⠀⠀⠀⠀⠀⠀⠀⠀⠀⠀⠀⠀⠀⠀⠀⠀⠀⠀⠀⠀⎥
⎢⠀⠀⠀⠀⠀⠀⠀⠀⠀⠀⠀⠀⠀⠀⠀⠀⠀⠀⠀⠀⢄⠑⢄⠀⠀⠀⠀⠀⠀⠀⠀⠀⠀⠀⠀⠀⠀⠀⠀⠀⎥
⎢⠀⠀⠀⠀⠀⠀⠀⠀⠀⠀⠀⠀⠀⠀⠀⠀⠀⠀⠀⠀⠀⠑⢄⠑⠀⠀⠀⠀⠀⠀⠀⠀⠀⠀⠀⠀⠀⠀⠀⠀⎥
⎢⠀⠀⠀⠀⠀⠀⠀⠀⠀⠀⠀⠀⠀⠀⠀⠀⠀⠀⠀⠀⠀⠀⠀⠀⢄⠑⢄⠀⠀⠀⠀⠀⠀⠀⠀⠀⠀⠀⠀⠀⎥
⎢⠀⠀⠀⠀⠀⠀⠀⠀⠀⠀⠀⠀⠀⠀⠀⠀⠀⠀⠀⠀⠀⠀⠀⠀⠀⠑⢄⠑⠀⠀⠀⠀⠀⠀⠀⠀⠀⠀⠀⠀⎥
⎢⠀⠀⠀⠀⠀⠀⠀⠀⠀⠀⠀⠀⠀⠀⠀⠀⠀⠀⠀⠀⠀⠀⠀⠀⠀⠀⠀⠀⢄⠑⢄⠀⠀⠀⠀⠀⠀⠀⠀⠀⎥
⎢⠀⠀⠀⠀⠀⠀⠀⠀⠀⠀⠀⠀⠀⠀⠀⠀⠀⠀⠀⠀⠀⠀⠀⠀⠀⠀⠀⠀⠀⠑⢄⠑⠀⠀⠀⠀⠀⠀⠀⠀⎥
⎢⠀⠀⠀⠀⠀⠀⠀⠀⠀⠀⠀⠀⠀⠀⠀⠀⠀⠀⠀⠀⠀⠀⠀⠀⠀⠀⠀⠀⠀⠀⠀⠀⢄⠑⢄⠀⠀⠀⠀⠀⎥
⎢⠀⠀⠀⠀⠀⠀⠀⠀⠀⠀⠀⠀⠀⠀⠀⠀⠀⠀⠀⠀⠀⠀⠀⠀⠀⠀⠀⠀⠀⠀⠀⠀⠀⠑⢄⠑⠀⠀⠀⠀⎥
⎢⠀⠀⠀⠀⠀⠀⠀⠀⠀⠀⠀⠀⠀⠀⠀⠀⠀⠀⠀⠀⠀⠀⠀⠀⠀⠀⠀⠀⠀⠀⠀⠀⠀⠀⠀⠀⢄⠑⢄⠀⎥
⎣⠀⠀⠀⠀⠀⠀⠀⠀⠀⠀⠀⠀⠀⠀⠀⠀⠀⠀⠀⠀⠀⠀⠀⠀⠀⠀⠀⠀⠀⠀⠀⠀⠀⠀⠀⠀⠀⠑⢄⠑⎦

160×160 SparseArrays.SparseMatrixCSC{Float64, Int64} with 288 stored entries:
⎡⠀⠀⠀⠀⠑⢄⠀⠀⠀⠀⠀⠀⠀⠀⠀⠀⠀⠀⠀⠀⠀⠀⠀⠀⠀⠀⠀⠀⠀⠀⠀⠀⠀⠀⠀⠀⠀⠀⠀⠀⎤
⎢⠀⠀⠀⠀⠀⠀⠑⢄⠀⠀⠀⠀⠀⠀⠀⠀⠀⠀⠀⠀⠀⠀⠀⠀⠀⠀⠀⠀⠀⠀⠀⠀⠀⠀⠀⠀⠀⠀⠀⠀⎥
⎢⠑⢄⠀⠀⠀⠀⠀⠀⠑⢄⠀⠀⠀⠀⠀⠀⠀⠀⠀⠀⠀⠀⠀⠀⠀⠀⠀⠀⠀⠀⠀⠀⠀⠀⠀⠀⠀⠀⠀⠀⎥
⎢⠀⠀⠑⢄⠀⠀⠀⠀⠀⠀⠑⢄⠀⠀⠀⠀⠀⠀⠀⠀⠀⠀⠀⠀⠀⠀⠀⠀⠀⠀⠀⠀⠀⠀⠀⠀⠀⠀⠀⠀⎥
⎢⠀⠀⠀⠀⠑⢄⠀⠀⠀⠀⠀⠀⠑⢄⠀⠀⠀⠀⠀⠀⠀⠀⠀⠀⠀⠀⠀⠀⠀⠀⠀⠀⠀⠀⠀⠀⠀⠀⠀⠀⎥
⎢⠀⠀⠀⠀⠀⠀⠑⢄⠀⠀⠀⠀⠀⠀⠑⢄⠀⠀⠀⠀⠀⠀⠀⠀⠀⠀⠀⠀⠀⠀⠀⠀⠀⠀⠀⠀⠀⠀⠀⠀⎥
⎢⠀⠀⠀⠀⠀⠀⠀⠀⠑⢄⠀⠀⠀⠀⠀⠀⠑⢄⠀⠀⠀⠀⠀⠀⠀⠀⠀⠀⠀⠀⠀⠀⠀⠀⠀⠀⠀⠀⠀⠀⎥
⎢⠀⠀⠀⠀⠀⠀⠀⠀⠀⠀⠑⢄⠀⠀⠀⠀⠀⠀⠑⢄⠀⠀⠀⠀⠀⠀⠀⠀⠀⠀⠀⠀⠀⠀⠀⠀⠀⠀⠀⠀⎥
⎢⠀⠀⠀⠀⠀⠀⠀⠀⠀⠀⠀⠀⠑⢄⠀⠀⠀⠀⠀⠀⠑⢄⠀⠀⠀⠀⠀⠀⠀⠀⠀⠀⠀⠀⠀⠀⠀⠀⠀⠀⎥
⎢⠀⠀⠀⠀⠀⠀⠀⠀⠀⠀⠀⠀⠀⠀⠑⢄⠀⠀⠀⠀⠀⠀⠑⢄⠀⠀⠀⠀⠀⠀⠀⠀⠀⠀⠀⠀⠀⠀⠀⠀⎥
⎢⠀⠀⠀⠀⠀⠀⠀⠀⠀⠀⠀⠀⠀⠀⠀⠀⠑⢄⠀⠀⠀⠀⠀⠀⠑⢄⠀⠀⠀⠀⠀⠀⠀⠀⠀⠀⠀⠀⠀⠀⎥
⎢⠀⠀⠀⠀⠀⠀⠀⠀⠀⠀⠀⠀⠀⠀⠀⠀⠀⠀⠑⢄⠀⠀⠀⠀⠀⠀⠑⢄⠀⠀⠀⠀⠀⠀⠀⠀⠀⠀⠀⠀⎥
⎢⠀⠀⠀⠀⠀⠀⠀⠀⠀⠀⠀⠀⠀⠀⠀⠀⠀⠀⠀⠀⠑⢄⠀⠀⠀⠀⠀⠀⠑⢄⠀⠀⠀⠀⠀⠀⠀⠀⠀⠀⎥
⎢⠀⠀⠀⠀⠀⠀⠀⠀⠀⠀⠀⠀⠀⠀⠀⠀⠀⠀⠀⠀⠀⠀⠑⢄⠀⠀⠀⠀⠀⠀⠑⢄⠀⠀⠀⠀⠀⠀⠀⠀⎥
⎢⠀⠀⠀⠀⠀⠀⠀⠀⠀⠀⠀⠀⠀⠀⠀⠀⠀⠀⠀⠀⠀⠀⠀⠀⠑⢄⠀⠀⠀⠀⠀⠀⠑⢄⠀⠀⠀⠀⠀⠀⎥
⎢⠀⠀⠀⠀⠀⠀⠀⠀⠀⠀⠀⠀⠀⠀⠀⠀⠀⠀⠀⠀⠀⠀⠀⠀⠀⠀⠑⢄⠀⠀⠀⠀⠀⠀⠑⢄⠀⠀⠀⠀⎥
⎢⠀⠀⠀⠀⠀⠀⠀⠀⠀⠀⠀⠀⠀⠀⠀⠀⠀⠀⠀⠀⠀⠀⠀⠀⠀⠀⠀⠀⠑⢄⠀⠀⠀⠀⠀⠀⠑⢄⠀⠀⎥
⎢⠀⠀⠀⠀⠀⠀⠀⠀⠀⠀⠀⠀⠀⠀⠀⠀⠀⠀⠀⠀⠀⠀⠀⠀⠀⠀⠀⠀⠀⠀⠑⢄⠀⠀⠀⠀⠀⠀⠑⢄⎥
⎢⠀⠀⠀⠀⠀⠀⠀⠀⠀⠀⠀⠀⠀⠀⠀⠀⠀⠀⠀⠀⠀⠀⠀⠀⠀⠀⠀⠀⠀⠀⠀⠀⠑⢄⠀⠀⠀⠀⠀⠀⎥
⎣⠀⠀⠀⠀⠀⠀⠀⠀⠀⠀⠀⠀⠀⠀⠀⠀⠀⠀⠀⠀⠀⠀⠀⠀⠀⠀⠀⠀⠀⠀⠀⠀⠀⠀⠑⢄⠀⠀⠀⠀⎦



Guard supspace projector:
320×320 SparseArrays.SparseMatrixCSC{Float64, Int64} with 312 stored entries:
⎡⠑⢄⠀⠀⠀⠀⠀⠀⠀⠀⠀⠀⠀⠀⠀⠀⠀⠀⠀⠀⠀⠀⠀⠀⠀⠀⠀⠀⠀⠀⠀⠀⠀⠀⠀⠀⠀⠀⠀⠀⎤
⎢⠀⠀⠑⢄⠀⠀⠀⠀⠀⠀⠀⠀⠀⠀⠀⠀⠀⠀⠀⠀⠀⠀⠀⠀⠀⠀⠀⠀⠀⠀⠀⠀⠀⠀⠀⠀⠀⠀⠀⠀⎥
⎢⠀⠀⠀⠀⠑⢄⠀⠀⠀⠀⠀⠀⠀⠀⠀⠀⠀⠀⠀⠀⠀⠀⠀⠀⠀⠀⠀⠀⠀⠀⠀⠀⠀⠀⠀⠀⠀⠀⠀⠀⎥
⎢⠀⠀⠀⠀⠀⠀⠑⢄⠀⠀⠀⠀⠀⠀⠀⠀⠀⠀⠀⠀⠀⠀⠀⠀⠀⠀⠀⠀⠀⠀⠀⠀⠀⠀⠀⠀⠀⠀⠀⠀⎥
⎢⠀⠀⠀⠀⠀⠀⠀⠀⠑⢄⠀⠀⠀⠀⠀⠀⠀⠀⠀⠀⠀⠀⠀⠀⠀⠀⠀⠀⠀⠀⠀⠀⠀⠀⠀⠀⠀⠀⠀⠀⎥
⎢⠀⠀⠀⠀⠀⠀⠀⠀⠀⠀⠑⢄⠀⠀⠀⠀⠀⠀⠀⠀⠀⠀⠀⠀⠀⠀⠀⠀⠀⠀⠀⠀⠀⠀⠀⠀⠀⠀⠀⠀⎥
⎢⠀⠀⠀⠀⠀⠀⠀⠀⠀⠀⠀⠀⠑⢄⠀⠀⠀⠀⠀⠀⠀⠀⠀⠀⠀⠀⠀⠀⠀⠀⠀⠀⠀⠀⠀⠀⠀⠀⠀⠀⎥
⎢⠀⠀⠀⠀⠀⠀⠀⠀⠀⠀⠀⠀⠀⠀⠑⢄⠀⠀⠀⠀⠀⠀⠀⠀⠀⠀⠀⠀⠀⠀⠀⠀⠀⠀⠀⠀⠀⠀⠀⠀⎥
⎢⠀⠀⠀⠀⠀⠀⠀⠀⠀⠀⠀⠀⠀⠀⠀⠀⠑⢄⠀⠀⠀⠀⠀⠀⠀⠀⠀⠀⠀⠀⠀⠀⠀⠀⠀⠀⠀⠀⠀⠀⎥
⎢⠀⠀⠀⠀⠀⠀⠀⠀⠀⠀⠀⠀⠀⠀⠀⠀⠀⠀⠑⢄⠀⠀⠀⠀⠀⠀⠀⠀⠀⠀⠀⠀⠀⠀⠀⠀⠀⠀⠀⠀⎥
⎢⠀⠀⠀⠀⠀⠀⠀⠀⠀⠀⠀⠀⠀⠀⠀⠀⠀⠀⠀⠀⠑⢄⠀⠀⠀⠀⠀⠀⠀⠀⠀⠀⠀⠀⠀⠀⠀⠀⠀⠀⎥
⎢⠀⠀⠀⠀⠀⠀⠀⠀⠀⠀⠀⠀⠀⠀⠀⠀⠀⠀⠀⠀⠀⠀⠑⢄⠀⠀⠀⠀⠀⠀⠀⠀⠀⠀⠀⠀⠀⠀⠀⠀⎥
⎢⠀⠀⠀⠀⠀⠀⠀⠀⠀⠀⠀⠀⠀⠀⠀⠀⠀⠀⠀⠀⠀⠀⠀⠀⠑⢄⠀⠀⠀⠀⠀⠀⠀⠀⠀⠀⠀⠀⠀⠀⎥
⎢⠀⠀⠀⠀⠀⠀⠀⠀⠀⠀⠀⠀⠀⠀⠀⠀⠀⠀⠀⠀⠀⠀⠀⠀⠀⠀⠑⢄⠀⠀⠀⠀⠀⠀⠀⠀⠀⠀⠀⠀⎥
⎢⠀⠀⠀⠀⠀⠀⠀⠀⠀⠀⠀⠀⠀⠀⠀⠀⠀⠀⠀⠀⠀⠀⠀⠀⠀⠀⠀⠀⠑⢄⠀⠀⠀⠀⠀⠀⠀⠀⠀⠀⎥
⎢⠀⠀⠀⠀⠀⠀⠀⠀⠀⠀⠀⠀⠀⠀⠀⠀⠀⠀⠀⠀⠀⠀⠀⠀⠀⠀⠀⠀⠀⠀⠑⢄⠀⠀⠀⠀⠀⠀⠀⠀⎥
⎢⠀⠀⠀⠀⠀⠀⠀⠀⠀⠀⠀⠀⠀⠀⠀⠀⠀⠀⠀⠀⠀⠀⠀⠀⠀⠀⠀⠀⠀⠀⠀⠀⠑⢄⠀⠀⠀⠀⠀⠀⎥
⎢⠀⠀⠀⠀⠀⠀⠀⠀⠀⠀⠀⠀⠀⠀⠀⠀⠀⠀⠀⠀⠀⠀⠀⠀⠀⠀⠀⠀⠀⠀⠀⠀⠀⠀⠑⢄⠀⠀⠀⠀⎥
⎢⠀⠀⠀⠀⠀⠀⠀⠀⠀⠀⠀⠀⠀⠀⠀⠀⠀⠀⠀⠀⠀⠀⠀⠀⠀⠀⠀⠀⠀⠀⠀⠀⠀⠀⠀⠀⠑⢄⠀⠀⎥
⎣⠀⠀⠀⠀⠀⠀⠀⠀⠀⠀⠀⠀⠀⠀⠀⠀⠀⠀⠀⠀⠀⠀⠀⠀⠀⠀⠀⠀⠀⠀⠀⠀⠀⠀⠀⠀⠀⠀⠑⢄⎦

Real part of initial state(s):
160×4 Matrix{Float64}:
 1.0  0.0  0.0  0.0
 0.0  1.0  0.0  0.0
 0.0  0.0  0.0  0.0
 0.0  0.0  0.0  0.0
 0.0  0.0  1.0  0.0
 0.0  0.0  0.0  1.0
 0.0  0.0  0.0  0.0
 0.0  0.0  0.0  0.0
 0.0  0.0  0.0  0.0
 0.0  0.0  0.0  0.0
 0.0  0.0  0.0  0.0
 0.0  0.0  0.0  0.0
 0.0  0.0  0.0  0.0
 0.0  0.0  0.0  0.0
 0.0  0.0  0.0  0.0
 0.0  0.0  0.0  0.0
 0.0  0.0  0.0  0.0
 0.0  0.0  0.0  0.0
 0.0  0.0  0.0  0.0
 0.0  0.0  0.0  0.0
 0.0  0.0  0.0  0.0
 0.0  0.0  0.0  0.0
 0.0  0.0  0.0  0.0
 0.0  0.0  0.0  0.0
 0.0  0.0  0.0  0.0
 0.0  0.0  0.0  0.0
 0.0  0.0  0.0  0.0
 0.0  0.0  0.0  0.0
 0.0  0.0  0.0  0.0
 0.0  0.0  0.0  0.0
 0.0  0.0  0.0  0.0
 0.0  0.0  0.0  0.0
 0.0  0.0  0.0  0.0
 0.0  0.0  0.0  0.0
 0.0  0.0  0.0  0.0
 0.0  0.0  0.0  0.0
 0.0  0.0  0.0  0.0
 0.0  0.0  0.0  0.0
 0.0  0.0  0.0  0.0
 0.0  0.0  0.0  0.0
 0.0  0.0  0.0  0.0
 0.0  0.0  0.0  0.0
 0.0  0.0  0.0  0.0
 0.0  0.0  0.0  0.0
 0.0  0.0  0.0  0.0
 0.0  0.0  0.0  0.0
 0.0  0.0  0.0  0.0
 0.0  0.0  0.0  0.0
 0.0  0.0  0.0  0.0
 0.0  0.0  0.0  0.0
 0.0  0.0  0.0  0.0
 0.0  0.0  0.0  0.0
 0.0  0.0  0.0  0.0
 0.0  0.0  0.0  0.0
 0.0  0.0  0.0  0.0
 0.0  0.0  0.0  0.0
 0.0  0.0  0.0  0.0
 0.0  0.0  0.0  0.0
 0.0  0.0  0.0  0.0
 0.0  0.0  0.0  0.0
 0.0  0.0  0.0  0.0
 0.0  0.0  0.0  0.0
 0.0  0.0  0.0  0.0
 0.0  0.0  0.0  0.0
 0.0  0.0  0.0  0.0
 0.0  0.0  0.0  0.0
 0.0  0.0  0.0  0.0
 0.0  0.0  0.0  0.0
 0.0  0.0  0.0  0.0
 0.0  0.0  0.0  0.0
 0.0  0.0  0.0  0.0
 0.0  0.0  0.0  0.0
 0.0  0.0  0.0  0.0
 0.0  0.0  0.0  0.0
 0.0  0.0  0.0  0.0
 0.0  0.0  0.0  0.0
 0.0  0.0  0.0  0.0
 0.0  0.0  0.0  0.0
 0.0  0.0  0.0  0.0
 0.0  0.0  0.0  0.0
 0.0  0.0  0.0  0.0
 0.0  0.0  0.0  0.0
 0.0  0.0  0.0  0.0
 0.0  0.0  0.0  0.0
 0.0  0.0  0.0  0.0
 0.0  0.0  0.0  0.0
 0.0  0.0  0.0  0.0
 0.0  0.0  0.0  0.0
 0.0  0.0  0.0  0.0
 0.0  0.0  0.0  0.0
 0.0  0.0  0.0  0.0
 0.0  0.0  0.0  0.0
 0.0  0.0  0.0  0.0
 0.0  0.0  0.0  0.0
 0.0  0.0  0.0  0.0
 0.0  0.0  0.0  0.0
 0.0  0.0  0.0  0.0
 0.0  0.0  0.0  0.0
 0.0  0.0  0.0  0.0
 0.0  0.0  0.0  0.0
 0.0  0.0  0.0  0.0
 0.0  0.0  0.0  0.0
 0.0  0.0  0.0  0.0
 0.0  0.0  0.0  0.0
 0.0  0.0  0.0  0.0
 0.0  0.0  0.0  0.0
 0.0  0.0  0.0  0.0
 0.0  0.0  0.0  0.0
 0.0  0.0  0.0  0.0
 0.0  0.0  0.0  0.0
 0.0  0.0  0.0  0.0
 0.0  0.0  0.0  0.0
 0.0  0.0  0.0  0.0
 0.0  0.0  0.0  0.0
 0.0  0.0  0.0  0.0
 0.0  0.0  0.0  0.0
 0.0  0.0  0.0  0.0
 0.0  0.0  0.0  0.0
 0.0  0.0  0.0  0.0
 0.0  0.0  0.0  0.0
 0.0  0.0  0.0  0.0
 0.0  0.0  0.0  0.0
 0.0  0.0  0.0  0.0
 0.0  0.0  0.0  0.0
 0.0  0.0  0.0  0.0
 0.0  0.0  0.0  0.0
 0.0  0.0  0.0  0.0
 0.0  0.0  0.0  0.0
 0.0  0.0  0.0  0.0
 0.0  0.0  0.0  0.0
 0.0  0.0  0.0  0.0
 0.0  0.0  0.0  0.0
 0.0  0.0  0.0  0.0
 0.0  0.0  0.0  0.0
 0.0  0.0  0.0  0.0
 0.0  0.0  0.0  0.0
 0.0  0.0  0.0  0.0
 0.0  0.0  0.0  0.0
 0.0  0.0  0.0  0.0
 0.0  0.0  0.0  0.0
 0.0  0.0  0.0  0.0
 0.0  0.0  0.0  0.0
 0.0  0.0  0.0  0.0
 0.0  0.0  0.0  0.0
 0.0  0.0  0.0  0.0
 0.0  0.0  0.0  0.0
 0.0  0.0  0.0  0.0
 0.0  0.0  0.0  0.0
 0.0  0.0  0.0  0.0
 0.0  0.0  0.0  0.0
 0.0  0.0  0.0  0.0
 0.0  0.0  0.0  0.0
 0.0  0.0  0.0  0.0
 0.0  0.0  0.0  0.0
 0.0  0.0  0.0  0.0
 0.0  0.0  0.0  0.0
 0.0  0.0  0.0  0.0
 0.0  0.0  0.0  0.0
 0.0  0.0  0.0  0.0
 0.0  0.0  0.0  0.0

Imaginary part of initial state(s):
160×4 Matrix{Float64}:
 0.0  0.0  0.0  0.0
 0.0  0.0  0.0  0.0
 0.0  0.0  0.0  0.0
 0.0  0.0  0.0  0.0
 0.0  0.0  0.0  0.0
 0.0  0.0  0.0  0.0
 0.0  0.0  0.0  0.0
 0.0  0.0  0.0  0.0
 0.0  0.0  0.0  0.0
 0.0  0.0  0.0  0.0
 0.0  0.0  0.0  0.0
 0.0  0.0  0.0  0.0
 0.0  0.0  0.0  0.0
 0.0  0.0  0.0  0.0
 0.0  0.0  0.0  0.0
 0.0  0.0  0.0  0.0
 0.0  0.0  0.0  0.0
 0.0  0.0  0.0  0.0
 0.0  0.0  0.0  0.0
 0.0  0.0  0.0  0.0
 0.0  0.0  0.0  0.0
 0.0  0.0  0.0  0.0
 0.0  0.0  0.0  0.0
 0.0  0.0  0.0  0.0
 0.0  0.0  0.0  0.0
 0.0  0.0  0.0  0.0
 0.0  0.0  0.0  0.0
 0.0  0.0  0.0  0.0
 0.0  0.0  0.0  0.0
 0.0  0.0  0.0  0.0
 0.0  0.0  0.0  0.0
 0.0  0.0  0.0  0.0
 0.0  0.0  0.0  0.0
 0.0  0.0  0.0  0.0
 0.0  0.0  0.0  0.0
 0.0  0.0  0.0  0.0
 0.0  0.0  0.0  0.0
 0.0  0.0  0.0  0.0
 0.0  0.0  0.0  0.0
 0.0  0.0  0.0  0.0
 0.0  0.0  0.0  0.0
 0.0  0.0  0.0  0.0
 0.0  0.0  0.0  0.0
 0.0  0.0  0.0  0.0
 0.0  0.0  0.0  0.0
 0.0  0.0  0.0  0.0
 0.0  0.0  0.0  0.0
 0.0  0.0  0.0  0.0
 0.0  0.0  0.0  0.0
 0.0  0.0  0.0  0.0
 0.0  0.0  0.0  0.0
 0.0  0.0  0.0  0.0
 0.0  0.0  0.0  0.0
 0.0  0.0  0.0  0.0
 0.0  0.0  0.0  0.0
 0.0  0.0  0.0  0.0
 0.0  0.0  0.0  0.0
 0.0  0.0  0.0  0.0
 0.0  0.0  0.0  0.0
 0.0  0.0  0.0  0.0
 0.0  0.0  0.0  0.0
 0.0  0.0  0.0  0.0
 0.0  0.0  0.0  0.0
 0.0  0.0  0.0  0.0
 0.0  0.0  0.0  0.0
 0.0  0.0  0.0  0.0
 0.0  0.0  0.0  0.0
 0.0  0.0  0.0  0.0
 0.0  0.0  0.0  0.0
 0.0  0.0  0.0  0.0
 0.0  0.0  0.0  0.0
 0.0  0.0  0.0  0.0
 0.0  0.0  0.0  0.0
 0.0  0.0  0.0  0.0
 0.0  0.0  0.0  0.0
 0.0  0.0  0.0  0.0
 0.0  0.0  0.0  0.0
 0.0  0.0  0.0  0.0
 0.0  0.0  0.0  0.0
 0.0  0.0  0.0  0.0
 0.0  0.0  0.0  0.0
 0.0  0.0  0.0  0.0
 0.0  0.0  0.0  0.0
 0.0  0.0  0.0  0.0
 0.0  0.0  0.0  0.0
 0.0  0.0  0.0  0.0
 0.0  0.0  0.0  0.0
 0.0  0.0  0.0  0.0
 0.0  0.0  0.0  0.0
 0.0  0.0  0.0  0.0
 0.0  0.0  0.0  0.0
 0.0  0.0  0.0  0.0
 0.0  0.0  0.0  0.0
 0.0  0.0  0.0  0.0
 0.0  0.0  0.0  0.0
 0.0  0.0  0.0  0.0
 0.0  0.0  0.0  0.0
 0.0  0.0  0.0  0.0
 0.0  0.0  0.0  0.0
 0.0  0.0  0.0  0.0
 0.0  0.0  0.0  0.0
 0.0  0.0  0.0  0.0
 0.0  0.0  0.0  0.0
 0.0  0.0  0.0  0.0
 0.0  0.0  0.0  0.0
 0.0  0.0  0.0  0.0
 0.0  0.0  0.0  0.0
 0.0  0.0  0.0  0.0
 0.0  0.0  0.0  0.0
 0.0  0.0  0.0  0.0
 0.0  0.0  0.0  0.0
 0.0  0.0  0.0  0.0
 0.0  0.0  0.0  0.0
 0.0  0.0  0.0  0.0
 0.0  0.0  0.0  0.0
 0.0  0.0  0.0  0.0
 0.0  0.0  0.0  0.0
 0.0  0.0  0.0  0.0
 0.0  0.0  0.0  0.0
 0.0  0.0  0.0  0.0
 0.0  0.0  0.0  0.0
 0.0  0.0  0.0  0.0
 0.0  0.0  0.0  0.0
 0.0  0.0  0.0  0.0
 0.0  0.0  0.0  0.0
 0.0  0.0  0.0  0.0
 0.0  0.0  0.0  0.0
 0.0  0.0  0.0  0.0
 0.0  0.0  0.0  0.0
 0.0  0.0  0.0  0.0
 0.0  0.0  0.0  0.0
 0.0  0.0  0.0  0.0
 0.0  0.0  0.0  0.0
 0.0  0.0  0.0  0.0
 0.0  0.0  0.0  0.0
 0.0  0.0  0.0  0.0
 0.0  0.0  0.0  0.0
 0.0  0.0  0.0  0.0
 0.0  0.0  0.0  0.0
 0.0  0.0  0.0  0.0
 0.0  0.0  0.0  0.0
 0.0  0.0  0.0  0.0
 0.0  0.0  0.0  0.0
 0.0  0.0  0.0  0.0
 0.0  0.0  0.0  0.0
 0.0  0.0  0.0  0.0
 0.0  0.0  0.0  0.0
 0.0  0.0  0.0  0.0
 0.0  0.0  0.0  0.0
 0.0  0.0  0.0  0.0
 0.0  0.0  0.0  0.0
 0.0  0.0  0.0  0.0
 0.0  0.0  0.0  0.0
 0.0  0.0  0.0  0.0
 0.0  0.0  0.0  0.0
 0.0  0.0  0.0  0.0
 0.0  0.0  0.0  0.0
 0.0  0.0  0.0  0.0
 0.0  0.0  0.0  0.0
 0.0  0.0  0.0  0.0

Final time: 550.0
Number of timesteps: 34356
Number of initial condtions: 4
Number of essential levels: 4
Total number of levels: 160
Number of control Hamiltonians: 3
Size of real-valued system: 320
GMRES abstol: 1.0e-15
GMRES reltol: 1.0e-15
Preconditioner type: DiagonalHamiltonianPreconditioner


******************************************************************************
This program contains Ipopt, a library for large-scale nonlinear optimization.
 Ipopt is released as open source code under the Eclipse Public License (EPL).
         For more information visit https://github.com/coin-or/Ipopt
******************************************************************************

This is Ipopt version 3.14.19, running with linear solver MUMPS 5.8.1.

Number of nonzeros in equality constraint Jacobian...:        0
Number of nonzeros in inequality constraint Jacobian.:        0
Number of nonzeros in Lagrangian Hessian.............:        0

Total number of variables............................:      288
                     variables with only lower bounds:        0
                variables with lower and upper bounds:      288
                     variables with only upper bounds:        0
Total number of equality constraints.................:        0
Total number of inequality constraints...............:        0
        inequality constraints with only lower bounds:        0
   inequality constraints with lower and upper bounds:        0
        inequality constraints with only upper bounds:        0

iter    objective    inf_pr   inf_du lg(mu)  ||d||  lg(rg) alpha_du alpha_pr  ls
   0  9.9063257e-01 0.00e+00 1.19e+00   0.0 0.00e+00    -  0.00e+00 0.00e+00   0
   1  9.1548523e-01 0.00e+00 4.02e+00  -1.5 3.03e-02    -  9.96e-01 6.25e-02f  5
   2  9.0556269e-01 0.00e+00 3.64e+00  -2.7 6.63e-03    -  1.00e+00 2.50e-01f  3
   3  7.6495816e-01 0.00e+00 5.83e+00  -3.8 1.33e-03    -  1.00e+00 1.00e+00f  1
   4  7.3761991e-01 0.00e+00 6.34e+00  -5.1 1.41e-03    -  1.00e+00 1.00e+00f  1
   5  6.6701189e-01 0.00e+00 3.94e+00  -6.5 8.66e-04    -  1.00e+00 1.00e+00f  1
   6  6.3630124e-01 0.00e+00 2.88e+00  -8.0 5.45e-04    -  1.00e+00 1.00e+00f  1
   7  5.8765865e-01 0.00e+00 3.04e+00  -9.5 9.09e-04    -  1.00e+00 1.00e+00f  1
   8  5.6797373e-01 0.00e+00 6.78e+00 -10.7 5.30e-03    -  1.00e+00 2.50e-01f  3
   9  5.3928359e-01 0.00e+00 3.01e+00 -11.0 1.86e-03    -  1.00e+00 5.00e-01f  2
iter    objective    inf_pr   inf_du lg(mu)  ||d||  lg(rg) alpha_du alpha_pr  ls
  10  5.3462798e-01 0.00e+00 5.32e+00 -11.0 7.73e-04    -  1.00e+00 1.00e+00f  1
  11  5.0620701e-01 0.00e+00 1.86e+00 -11.0 4.99e-04    -  1.00e+00 1.00e+00f  1
  12  5.0033187e-01 0.00e+00 1.83e+00 -11.0 3.34e-04    -  1.00e+00 1.00e+00f  1
  13  4.9318582e-01 0.00e+00 2.26e+00 -11.0 4.72e-04    -  1.00e+00 1.00e+00f  1
  14  4.7739217e-01 0.00e+00 1.78e+00 -11.0 2.52e-03    -  1.00e+00 5.00e-01f  2
  15  4.6993970e-01 0.00e+00 2.40e+00 -11.0 2.64e-03    -  1.00e+00 2.50e-01f  3
  16  4.5240978e-01 0.00e+00 4.71e+00 -11.0 1.50e-03    -  1.00e+00 1.00e+00f  1
  17  4.5132763e-01 0.00e+00 1.08e+01 -11.0 3.91e-03    -  1.00e+00 1.00e+00f  1
  18  4.2751095e-01 0.00e+00 9.56e+00 -11.0 4.38e-03    -  1.00e+00 5.00e-01f  2
  19  4.0551177e-01 0.00e+00 1.34e+01 -11.0 3.89e-03    -  1.00e+00 1.00e+00f  1
iter    objective    inf_pr   inf_du lg(mu)  ||d||  lg(rg) alpha_du alpha_pr  ls
  20  2.7742248e-01 0.00e+00 1.53e+01 -11.0 1.77e-03    -  1.00e+00 1.00e+00f  1
  21  2.1238666e-01 0.00e+00 4.79e+00 -11.0 1.13e-03    -  1.00e+00 5.00e-01f  2
  22  1.8964250e-01 0.00e+00 4.08e+00 -11.0 1.01e-03    -  1.00e+00 1.00e+00f  1
  23  1.7116132e-01 0.00e+00 4.12e+00 -11.0 8.25e-04    -  1.00e+00 1.00e+00f  1
  24  1.5691598e-01 0.00e+00 3.83e+00 -11.0 7.71e-04    -  1.00e+00 1.00e+00f  1
  25  1.4875872e-01 0.00e+00 3.86e+00 -11.0 5.82e-04    -  1.00e+00 1.00e+00f  1
  26  1.3433987e-01 0.00e+00 3.27e+00 -11.0 4.95e-04    -  1.00e+00 1.00e+00f  1
  27  1.2716850e-01 0.00e+00 2.41e+00 -11.0 4.00e-04    -  1.00e+00 1.00e+00f  1
  28  1.1978970e-01 0.00e+00 1.38e+00 -11.0 4.99e-04    -  1.00e+00 1.00e+00f  1
  29  1.1284243e-01 0.00e+00 2.02e+00 -11.0 6.24e-04    -  1.00e+00 1.00e+00f  1
iter    objective    inf_pr   inf_du lg(mu)  ||d||  lg(rg) alpha_du alpha_pr  ls
  30  1.1128181e-01 0.00e+00 3.47e+00 -11.0 1.26e-03    -  1.00e+00 5.00e-01f  2
  31  1.0601250e-01 0.00e+00 1.92e+00 -11.0 1.17e-03    -  1.00e+00 5.00e-01f  2
  32  1.0248619e-01 0.00e+00 2.84e+00 -11.0 6.68e-04    -  1.00e+00 1.00e+00f  1
  33  9.8050789e-02 0.00e+00 2.18e+00 -11.0 5.82e-04    -  1.00e+00 1.00e+00f  1
  34  9.3652074e-02 0.00e+00 1.41e+00 -11.0 4.37e-04    -  1.00e+00 1.00e+00f  1
  35  9.0995247e-02 0.00e+00 1.24e+00 -11.0 5.89e-04    -  1.00e+00 1.00e+00f  1
  36  8.8822863e-02 0.00e+00 1.18e+00 -11.0 7.77e-04    -  1.00e+00 5.00e-01f  2
  37  8.5818796e-02 0.00e+00 9.80e-01 -11.0 1.65e-03    -  1.00e+00 5.00e-01f  2
  38  8.4763654e-02 0.00e+00 2.28e+00 -11.0 2.56e-03    -  1.00e+00 5.00e-01f  2
  39  8.4376324e-02 0.00e+00 3.01e+00 -11.0 1.99e-03    -  1.00e+00 1.00e+00f  1
iter    objective    inf_pr   inf_du lg(mu)  ||d||  lg(rg) alpha_du alpha_pr  ls
  40  8.2508642e-02 0.00e+00 3.03e+00 -11.0 4.63e-03    -  1.00e+00 2.50e-01f  3
  41  7.7610315e-02 0.00e+00 2.72e+00 -11.0 1.04e-03    -  1.00e+00 1.00e+00f  1
  42  7.0902363e-02 0.00e+00 9.35e-01 -11.0 5.25e-04    -  1.00e+00 1.00e+00f  1
  43  6.9830774e-02 0.00e+00 8.56e-01 -11.0 3.37e-04    -  1.00e+00 1.00e+00f  1
  44  6.7643476e-02 0.00e+00 9.12e-01 -11.0 5.14e-04    -  1.00e+00 1.00e+00f  1
  45  6.5972231e-02 0.00e+00 8.52e-01 -11.0 3.28e-03    -  1.00e+00 2.50e-01f  3
  46  6.5420828e-02 0.00e+00 2.86e+00 -11.0 3.98e-03    -  1.00e+00 5.00e-01f  2
  47  6.2232447e-02 0.00e+00 2.35e+00 -11.0 6.20e-03    -  1.00e+00 2.50e-01f  3
  48  5.8874734e-02 0.00e+00 1.05e+00 -11.0 6.67e-03    -  1.00e+00 2.50e-01f  3
  49  5.6507763e-02 0.00e+00 1.08e+00 -11.0 4.33e-03    -  1.00e+00 2.50e-01f  3
iter    objective    inf_pr   inf_du lg(mu)  ||d||  lg(rg) alpha_du alpha_pr  ls
  50  5.4073095e-02 0.00e+00 7.77e-01 -11.0 1.27e-03    -  1.00e+00 5.00e-01f  2
  51  5.2583305e-02 0.00e+00 1.83e+00 -11.0 1.04e-03    -  1.00e+00 1.00e+00f  1
  52  5.2516212e-02 0.00e+00 1.88e+00 -11.0 2.85e-03    -  1.00e+00 5.00e-01f  2
  53  4.8599929e-02 0.00e+00 1.13e+00 -11.0 1.34e-03    -  1.00e+00 1.00e+00f  1
  54  4.5414074e-02 0.00e+00 8.85e-01 -11.0 1.22e-03    -  1.00e+00 5.00e-01f  2
  55  4.3132258e-02 0.00e+00 1.11e+00 -11.0 1.35e-03    -  1.00e+00 1.00e+00f  1
  56  4.2580836e-02 0.00e+00 6.72e-01 -11.0 1.73e-03    -  1.00e+00 2.50e-01f  3
  57  4.1776883e-02 0.00e+00 6.81e-01 -11.0 1.35e-03    -  1.00e+00 2.50e-01f  3
  58  4.1358627e-02 0.00e+00 9.20e-01 -11.0 2.63e-03    -  1.00e+00 1.25e-01f  4
  59  3.9403238e-02 0.00e+00 7.01e-01 -11.0 3.04e-03    -  1.00e+00 5.00e-01f  2
iter    objective    inf_pr   inf_du lg(mu)  ||d||  lg(rg) alpha_du alpha_pr  ls
  60  3.8728946e-02 0.00e+00 8.71e-01 -11.0 1.46e-02    -  1.00e+00 5.77e-02f  5
  61  3.7682424e-02 0.00e+00 1.02e+00 -11.0 5.72e-03    -  1.00e+00 1.25e-01f  4
  62  3.6599632e-02 0.00e+00 2.15e+00 -11.0 7.16e-03    -  1.00e+00 2.50e-01f  3
  63  3.5276287e-02 0.00e+00 2.27e+00 -11.0 1.80e-02    -  1.00e+00 7.06e-02f  4
  64  3.4006384e-02 0.00e+00 2.93e+00 -11.0 9.73e-03    -  1.00e+00 6.25e-02f  5
  65  3.2276757e-02 0.00e+00 2.27e+00 -11.0 5.90e-03    -  1.00e+00 1.25e-01f  4
  66  3.0593957e-02 0.00e+00 1.51e+00 -11.0 7.66e-03    -  1.00e+00 1.25e-01f  4
  67  2.8683521e-02 0.00e+00 1.23e+00 -10.7 4.97e-03    -  1.00e+00 1.25e-01f  4
  68  2.7606635e-02 0.00e+00 1.22e+00 -11.0 7.38e-04    -  1.00e+00 1.00e+00f  1
  69  2.7054801e-02 0.00e+00 1.03e+00 -11.0 9.58e-04    -  1.00e+00 1.00e+00f  1
iter    objective    inf_pr   inf_du lg(mu)  ||d||  lg(rg) alpha_du alpha_pr  ls
  70  2.7035468e-02 0.00e+00 2.25e+00 -11.0 3.06e-03    -  1.00e+00 1.25e-01f  4
  71  2.6247744e-02 0.00e+00 1.40e+00 -11.0 1.06e-03    -  1.00e+00 1.00e+00f  1
  72  2.5857838e-02 0.00e+00 1.06e+00 -11.0 1.72e-03    -  1.00e+00 1.25e-01f  4
  73  2.5327696e-02 0.00e+00 1.10e+00 -11.0 4.87e-03    -  1.00e+00 2.50e-01f  3
  74  2.5208979e-02 0.00e+00 1.31e+00 -11.0 1.47e-03    -  1.00e+00 5.00e-01f  2
  75  2.4663589e-02 0.00e+00 9.18e-01 -11.0 2.94e-03    -  1.00e+00 1.25e-01f  4
  76  2.4363752e-02 0.00e+00 1.05e+00 -11.0 1.57e-03    -  1.00e+00 5.00e-01f  2
  77  2.3839503e-02 0.00e+00 8.30e-01 -11.0 2.85e-03    -  1.00e+00 1.25e-01f  4
  78  2.3397730e-02 0.00e+00 8.24e-01 -11.0 1.01e-03    -  1.00e+00 2.50e-01f  3
  79  2.3386361e-02 0.00e+00 1.12e+00 -11.0 9.70e-04    -  1.00e+00 5.00e-01f  2
iter    objective    inf_pr   inf_du lg(mu)  ||d||  lg(rg) alpha_du alpha_pr  ls
  80  2.3302429e-02 0.00e+00 7.24e-01 -11.0 1.42e-03    -  1.00e+00 1.00e+00f  1
  81  2.2723652e-02 0.00e+00 7.98e-01 -11.0 2.22e-03    -  1.00e+00 1.25e-01f  4
  82  2.2157048e-02 0.00e+00 9.63e-01 -11.0 7.00e-04    -  1.00e+00 1.00e+00f  1
  83  2.1802024e-02 0.00e+00 6.67e-01 -11.0 4.95e-03    -  1.00e+00 6.25e-02f  5
  84  2.1660961e-02 0.00e+00 6.19e-01 -11.0 9.04e-04    -  1.00e+00 5.00e-01f  2
  85  2.1313815e-02 0.00e+00 7.15e-01 -11.0 1.80e-03    -  1.00e+00 1.25e-01f  4
  86  2.1038793e-02 0.00e+00 4.94e-01 -11.0 9.34e-04    -  1.00e+00 5.00e-01f  2
  87  2.0913522e-02 0.00e+00 1.14e+00 -11.0 1.45e-03    -  1.00e+00 2.50e-01f  3
  88  2.0533160e-02 0.00e+00 6.62e-01 -11.0 8.62e-04    -  1.00e+00 5.00e-01f  2
  89  2.0389482e-02 0.00e+00 5.47e-01 -11.0 2.03e-03    -  1.00e+00 2.50e-01f  3
iter    objective    inf_pr   inf_du lg(mu)  ||d||  lg(rg) alpha_du alpha_pr  ls
  90  2.0076340e-02 0.00e+00 6.93e-01 -11.0 1.89e-03    -  1.00e+00 2.50e-01f  3
  91  1.9982445e-02 0.00e+00 1.04e+00 -11.0 8.17e-04    -  1.00e+00 5.00e-01f  2
  92  1.9943195e-02 0.00e+00 9.81e-01 -11.0 1.69e-03    -  1.00e+00 5.00e-01f  2
  93  9.9556274e-02 0.00e+00 6.63e+00 -11.0 4.09e-03    -  1.00e+00 1.00e+00w  1
  94  2.1396869e-02 0.00e+00 1.72e+00 -11.0 3.74e-03    -  1.00e+00 1.00e+00w  1
  95  2.7343095e-01 0.00e+00 1.26e+01 -11.0 5.16e-03    -  1.00e+00 1.00e+00w  1
  96  1.9608372e-02 0.00e+00 9.33e-01 -11.0 4.87e-03    -  1.00e+00 6.25e-02f  4
  97  1.8385460e-02 0.00e+00 7.02e-01 -11.0 9.45e-04    -  1.00e+00 1.00e+00f  1
  98  1.8106278e-02 0.00e+00 4.59e-01 -11.0 2.71e-03    -  1.00e+00 6.25e-02f  5
  99  1.8023028e-02 0.00e+00 4.80e-01 -11.0 1.15e-03    -  1.00e+00 5.00e-01f  2
iter    objective    inf_pr   inf_du lg(mu)  ||d||  lg(rg) alpha_du alpha_pr  ls
 100  1.7937693e-02 0.00e+00 6.30e-01 -11.0 3.48e-03    -  1.00e+00 1.25e-01f  4
 101  1.7584290e-02 0.00e+00 4.44e-01 -11.0 7.68e-03    -  1.00e+00 6.25e-02f  5
 102  1.7217198e-02 0.00e+00 5.95e-01 -10.4 9.10e-03    -  1.00e+00 1.25e-01f  4
 103  1.6900437e-02 0.00e+00 7.34e-01 -11.0 6.09e-03    -  1.00e+00 8.24e-02f  4
 104  1.6603673e-02 0.00e+00 6.50e-01 -11.0 2.04e-03    -  1.00e+00 2.50e-01f  3
 105  1.6398961e-02 0.00e+00 8.33e-01 -11.0 3.90e-03    -  1.00e+00 6.50e-02f  4
 106  1.6136155e-02 0.00e+00 6.01e-01 -11.0 2.11e-03    -  1.00e+00 2.50e-01f  3
 107  1.5725454e-02 0.00e+00 4.62e-01 -11.0 9.59e-04    -  1.00e+00 5.00e-01f  2
 108  1.5645188e-02 0.00e+00 5.78e-01 -11.0 5.00e-03    -  1.00e+00 1.44e-01f  2
 109  1.5343863e-02 0.00e+00 4.08e-01 -10.5 2.88e-03    -  1.00e+00 1.25e-01f  4
iter    objective    inf_pr   inf_du lg(mu)  ||d||  lg(rg) alpha_du alpha_pr  ls
 110  1.5132545e-02 0.00e+00 3.25e-01 -11.0 8.99e-04    -  1.00e+00 2.50e-01f  3
 111  1.4877831e-02 0.00e+00 4.15e-01 -11.0 1.60e-03    -  1.00e+00 2.50e-01f  3
 112  1.4818631e-02 0.00e+00 3.36e-01 -11.0 1.28e-03    -  1.00e+00 2.50e-01f  3
 113  1.4659602e-02 0.00e+00 3.25e-01 -11.0 1.05e-03    -  1.00e+00 2.50e-01f  3
 114  1.4489845e-02 0.00e+00 3.39e-01 -11.0 2.16e-03    -  1.00e+00 1.25e-01f  4
 115  1.4484323e-02 0.00e+00 3.47e-01 -11.0 6.87e-03    -  1.00e+00 6.85e-02f  2
 116  1.4394732e-02 0.00e+00 3.63e-01 -11.0 5.99e-03    -  1.00e+00 3.55e-02f  2
 117  1.4330571e-02 0.00e+00 3.02e-01  -9.4 1.67e-03    -  1.00e+00 1.25e-01f  4
 118  1.4232402e-02 0.00e+00 3.49e-01 -10.6 2.15e-03    -  1.00e+00 1.39e-01f  2
 119  1.4159237e-02 0.00e+00 2.88e-01 -11.0 4.00e-03    -  1.00e+00 4.19e-02f  1
iter    objective    inf_pr   inf_du lg(mu)  ||d||  lg(rg) alpha_du alpha_pr  ls
 120  1.4154848e-02 0.00e+00 2.87e-01 -11.0 1.76e-03    -  1.00e+00 1.90e-03f  1
 121  1.4057151e-02 0.00e+00 4.87e-01  -9.0 3.95e-03    -  3.43e-02 1.25e-01f  4
 122  1.4055808e-02 0.00e+00 4.87e-01 -11.0 5.65e-03    -  1.00e+00 1.73e-04f  1
 123  1.3914959e-02 0.00e+00 5.19e-01 -11.0 1.35e-02    -  1.00e+00 2.80e-02f  5
 124  1.3743341e-02 0.00e+00 5.32e-01 -11.0 4.43e-03    -  1.00e+00 6.25e-02f  5
 125  1.3739468e-02 0.00e+00 6.08e-01 -11.0 3.09e-03    -  1.00e+00 2.50e-01f  3
 126  1.3533616e-02 0.00e+00 5.32e-01 -11.0 5.53e-03    -  7.92e-01 6.25e-02f  5
 127  1.3447614e-02 0.00e+00 4.93e-01 -11.0 5.40e-03    -  1.00e+00 6.25e-02f  5
 128  1.3241387e-02 0.00e+00 5.25e-01  -6.7 6.42e-03    -  3.28e-01 6.25e-02f  5
 129  1.3120308e-02 0.00e+00 5.05e-01  -8.0 7.51e-03    -  1.00e+00 2.33e-02f  1
iter    objective    inf_pr   inf_du lg(mu)  ||d||  lg(rg) alpha_du alpha_pr  ls
 130  1.2981069e-02 0.00e+00 3.89e-01  -9.3 2.89e-03    -  1.00e+00 8.59e-02f  4
 131  1.2935815e-02 0.00e+00 3.15e-01 -10.5 1.79e-03    -  1.00e+00 2.81e-02f  1
 132  1.2935234e-02 0.00e+00 6.14e-01 -11.0 2.33e-03    -  1.00e+00 1.25e-01f  4
 133  1.2871139e-02 0.00e+00 5.81e-01 -11.0 2.46e-03    -  1.00e+00 1.26e-01f  3
 134  1.2763923e-02 0.00e+00 6.05e-01 -11.0 1.65e-03    -  1.00e+00 1.25e-01f  4
 135  1.2543583e-02 0.00e+00 2.32e-01  -9.0 1.87e-03    -  2.70e-01 1.25e-01f  4
 136  1.2526929e-02 0.00e+00 2.18e-01 -10.9 1.21e-03    -  1.00e+00 1.28e-02f  1
 137  1.2465319e-02 0.00e+00 2.90e-01 -11.0 4.28e-03    -  1.00e+00 6.25e-02f  5
 138  1.2414659e-02 0.00e+00 2.85e-01 -11.0 4.46e-03    -  1.00e+00 6.25e-02f  5
 139  1.2335194e-02 0.00e+00 3.29e-01 -11.0 6.32e-03    -  1.00e+00 6.25e-02f  5
iter    objective    inf_pr   inf_du lg(mu)  ||d||  lg(rg) alpha_du alpha_pr  ls
 140  1.2303201e-02 0.00e+00 3.38e-01 -11.0 5.95e-03    -  1.00e+00 6.25e-02f  5
 141  1.2277801e-02 0.00e+00 5.37e-01 -11.0 5.84e-03    -  1.00e+00 1.25e-01f  4
 142  1.2256549e-02 0.00e+00 5.59e-01 -11.0 2.74e-03    -  6.22e-01 6.25e-02f  5
 143  1.2096488e-02 0.00e+00 3.96e-01 -11.0 1.29e-03    -  1.00e+00 2.50e-01f  3
 144  1.2013908e-02 0.00e+00 2.66e-01  -9.0 4.10e-03    -  1.71e-01 6.25e-02f  5
 145  1.1986411e-02 0.00e+00 2.42e-01  -7.7 1.40e-03    -  4.99e-03 6.25e-02f  5
 146  1.1915558e-02 0.00e+00 2.40e-01  -8.9 6.76e-04    -  1.00e+00 5.00e-01f  2
 147  1.1890373e-02 0.00e+00 3.79e-01  -9.9 2.69e-03    -  1.00e+00 1.01e-01f  1
 148  1.1849367e-02 0.00e+00 3.59e-01  -7.9 1.03e-03    -  1.65e-02 1.25e-01f  4
 149  1.1806823e-02 0.00e+00 3.26e-01  -8.9 7.30e-04    -  1.00e+00 2.50e-01f  3
iter    objective    inf_pr   inf_du lg(mu)  ||d||  lg(rg) alpha_du alpha_pr  ls
 150  1.1786311e-02 0.00e+00 1.73e-01  -7.9 3.47e-03    -  1.00e+00 2.50e-01f  3
 151  1.1776016e-02 0.00e+00 3.48e-01  -9.0 3.18e-03    -  1.00e+00 8.15e-02f  3
 152  1.1741708e-02 0.00e+00 3.93e-01 -10.3 3.52e-03    -  1.00e+00 5.11e-02f  3
 153  1.1705608e-02 0.00e+00 2.51e-01 -11.0 6.23e-03    -  1.00e+00 5.36e-02f  2
 154  1.1599762e-02 0.00e+00 2.15e-01 -10.5 5.40e-03    -  1.00e+00 1.38e-01f  2
 155  1.1544653e-02 0.00e+00 4.28e-01  -6.8 2.31e-03    -  1.71e-01 6.25e-02f  5
 156  1.1514613e-02 0.00e+00 4.82e-01  -6.9 2.70e-03    -  1.00e+00 6.25e-02f  5
 157  1.1360819e-02 0.00e+00 2.08e-01  -6.9 2.96e-03    -  1.00e+00 2.50e-01f  3
 158  1.1284840e-02 0.00e+00 1.57e-01  -7.8 5.47e-03    -  1.00e+00 5.19e-02f  3
 159  1.1213768e-02 0.00e+00 2.02e-01  -9.2 2.30e-03    -  1.00e+00 1.36e-01f  3
iter    objective    inf_pr   inf_du lg(mu)  ||d||  lg(rg) alpha_du alpha_pr  ls
 160  1.1205652e-02 0.00e+00 2.40e-01 -10.5 2.06e-03    -  1.00e+00 8.63e-02f  3
 161  1.1159395e-02 0.00e+00 1.79e-01  -7.9 3.00e-03    -  1.34e-01 6.25e-02f  5
 162  1.1111981e-02 0.00e+00 2.54e-01  -8.5 7.82e-03    -  1.00e+00 3.12e-02f  6
 163  1.1081394e-02 0.00e+00 2.92e-01  -9.4 8.59e-03    -  1.00e+00 2.12e-02f  6
 164  1.1038486e-02 0.00e+00 2.30e-01  -7.6 1.29e-02    -  1.00e+00 1.56e-02f  7
 165  1.0949411e-02 0.00e+00 1.49e-01  -8.3 8.23e-03    -  1.00e+00 6.25e-02f  5
 166  1.0898917e-02 0.00e+00 2.07e-01  -7.1 1.80e-02    -  1.00e+00 1.56e-02f  7
 167  1.0886082e-02 0.00e+00 2.33e-01  -7.6 5.84e-03    -  1.00e+00 3.12e-02f  6
 168  1.0830509e-02 0.00e+00 2.18e-01  -7.6 8.61e-03    -  1.00e+00 6.25e-02f  5
 169  1.0784850e-02 0.00e+00 3.85e-01  -8.1 1.52e-02    -  1.00e+00 3.04e-02f  5
iter    objective    inf_pr   inf_du lg(mu)  ||d||  lg(rg) alpha_du alpha_pr  ls
 170  1.0730844e-02 0.00e+00 3.58e-01  -7.6 1.98e-02    -  1.00e+00 1.56e-02f  7
 171  1.0726053e-02 0.00e+00 4.07e-01  -8.3 5.84e-03    -  1.00e+00 1.15e-01f  3
 172  1.0675126e-02 0.00e+00 4.16e-01  -8.8 2.12e-02    -  1.00e+00 2.12e-02f  3
 173  1.0635402e-02 0.00e+00 4.19e-01  -9.6 9.43e-03    -  1.00e+00 2.33e-02f  5
 174  1.0610858e-02 0.00e+00 5.03e-01 -10.6 6.46e-03    -  1.00e+00 5.90e-02f  4
 175  1.0562784e-02 0.00e+00 2.98e-01 -11.0 3.56e-03    -  1.00e+00 1.47e-01f  2
 176  1.0511329e-02 0.00e+00 2.91e-01  -9.9 6.92e-03    -  1.00e+00 3.12e-02f  6
 177  1.0465782e-02 0.00e+00 5.03e-01  -7.2 2.62e-03    -  4.53e-01 2.50e-01f  3
 178  1.0425514e-02 0.00e+00 4.63e-01  -8.1 1.56e-03    -  1.00e+00 6.25e-02f  5
 179  1.0420138e-02 0.00e+00 4.14e-01  -9.3 2.46e-03    -  1.00e+00 1.25e-01f  4
iter    objective    inf_pr   inf_du lg(mu)  ||d||  lg(rg) alpha_du alpha_pr  ls
 180  1.0338002e-02 0.00e+00 2.71e-01  -9.1 3.03e-03    -  1.00e+00 6.25e-02f  5
 181  1.0272891e-02 0.00e+00 2.72e-01 -10.2 2.74e-03    -  1.00e+00 6.25e-02f  5
 182  1.0229563e-02 0.00e+00 1.98e-01 -11.0 1.92e-03    -  1.00e+00 6.25e-02f  5
 183  1.0223648e-02 0.00e+00 1.81e-01 -11.0 5.24e-03    -  1.00e+00 6.25e-02f  5
 184  1.0190276e-02 0.00e+00 3.27e-01 -11.0 1.31e-03    -  1.00e+00 2.50e-01f  3
 185  1.0164113e-02 0.00e+00 1.91e-01 -11.0 6.96e-03    -  1.00e+00 2.63e-02f  5
 186  1.0152297e-02 0.00e+00 2.35e-01 -10.4 8.27e-03    -  1.00e+00 3.12e-02f  6
 187  1.0145561e-02 0.00e+00 1.67e-01 -11.0 3.39e-03    -  1.00e+00 2.29e-02f  5
 188  1.0112984e-02 0.00e+00 1.49e-01 -11.0 1.40e-03    -  1.00e+00 1.22e-01f  3
 189  1.0065935e-02 0.00e+00 1.48e-01 -11.0 2.33e-03    -  1.00e+00 1.21e-01f  4
iter    objective    inf_pr   inf_du lg(mu)  ||d||  lg(rg) alpha_du alpha_pr  ls
 190  1.0029906e-02 0.00e+00 1.88e-01 -11.0 8.85e-03    -  1.00e+00 3.61e-02f  1
 191  1.0029025e-02 0.00e+00 1.85e-01 -11.0 5.62e-03    -  1.00e+00 6.68e-04f  1
In iteration 191, 1 Slack too small, adjusting variable bound
 192  1.0000512e-02 0.00e+00 2.07e-01 -11.0 2.04e-03    -  1.00e+00 1.11e-01f  1
 193  9.9852005e-03 0.00e+00 2.16e-01  -9.0 7.09e-03    -  5.11e-01 1.56e-02f  7
 194  9.9594484e-03 0.00e+00 2.58e-01 -10.6 1.41e-03    -  1.00e+00 1.25e-01f  4
 195  9.9427215e-03 0.00e+00 2.47e-01  -8.6 5.50e-03    -  5.47e-01 6.25e-02f  5
 196  9.9340834e-03 0.00e+00 2.29e-01  -7.3 3.44e-03    -  1.00e+00 6.25e-02f  5
 197  9.9044299e-03 0.00e+00 1.96e-01  -7.7 3.90e-03    -  1.00e+00 6.25e-02f  5
 198  9.8788432e-03 0.00e+00 1.93e-01  -8.7 6.27e-03    -  1.00e+00 1.29e-02f  1
 199  9.8656342e-03 0.00e+00 1.80e-01  -9.5 3.84e-03    -  1.00e+00 1.06e-02f  1
iter    objective    inf_pr   inf_du lg(mu)  ||d||  lg(rg) alpha_du alpha_pr  ls
 200  9.7781367e-03 0.00e+00 2.06e-01 -10.8 2.22e-03    -  1.00e+00 3.19e-01f  1
 201  9.7639771e-03 0.00e+00 3.17e-01 -11.0 7.36e-02    -  9.07e-01 1.03e-02f  6
 202  9.7440719e-03 0.00e+00 2.50e-01 -11.0 5.76e-03    -  1.00e+00 3.12e-02f  6
 203  9.7269469e-03 0.00e+00 2.55e-01 -10.7 2.01e-03    -  1.00e+00 2.50e-01f  3
 204  9.6834984e-03 0.00e+00 2.07e-01 -11.0 1.98e-02    -  1.00e+00 1.56e-02f  7
 205  9.6333288e-03 0.00e+00 2.05e-01 -11.0 5.91e-03    -  1.00e+00 5.92e-02f  5
 206  9.5945239e-03 0.00e+00 1.78e-01 -11.0 1.22e-02    -  1.00e+00 3.12e-02f  6
 207  9.5816251e-03 0.00e+00 3.19e-01 -11.0 1.62e-02    -  1.00e+00 2.64e-02f  5
 208  9.5756298e-03 0.00e+00 3.24e-01 -11.0 8.14e-03    -  1.00e+00 2.70e-02f  5
 209  9.5729532e-03 0.00e+00 3.58e-01 -11.0 2.90e-03    -  1.00e+00 1.25e-01f  4
iter    objective    inf_pr   inf_du lg(mu)  ||d||  lg(rg) alpha_du alpha_pr  ls
 210  9.5497696e-03 0.00e+00 4.41e-01 -11.0 1.34e-02    -  1.00e+00 6.25e-02f  5
 211  9.5246360e-03 0.00e+00 3.05e-01 -11.0 6.93e-03    -  1.00e+00 3.12e-02f  6
 212  9.4136385e-03 0.00e+00 2.82e-01 -11.0 6.71e-03    -  1.00e+00 1.17e-01f  4
 213  9.3731346e-03 0.00e+00 2.62e-01 -11.0 2.93e-02    -  1.00e+00 4.78e-03f  8
 214  9.3044903e-03 0.00e+00 3.01e-01 -11.0 3.10e-03    -  1.00e+00 1.25e-01f  4
 215  9.2720960e-03 0.00e+00 2.52e-01 -11.0 3.44e-03    -  1.00e+00 6.25e-02f  5
 216  9.2463256e-03 0.00e+00 2.20e-01 -11.0 3.50e-03    -  1.00e+00 6.25e-02f  5
 217  9.2088654e-03 0.00e+00 1.79e-01 -11.0 5.29e-03    -  8.03e-01 3.12e-02f  6
 218  9.1510052e-03 0.00e+00 2.01e-01  -9.0 6.72e-03    -  2.64e-03 1.25e-01f  4
 219  9.1484859e-03 0.00e+00 1.99e-01 -11.0 1.87e-02    -  1.00e+00 5.02e-04f  1
iter    objective    inf_pr   inf_du lg(mu)  ||d||  lg(rg) alpha_du alpha_pr  ls
 220  9.1042953e-03 0.00e+00 2.14e-01  -9.0 4.63e-03    -  1.35e-01 6.25e-02f  5
 221  9.0798692e-03 0.00e+00 2.89e-01  -7.8 3.93e-03    -  2.61e-03 6.25e-02f  5
 222  9.0181191e-03 0.00e+00 2.07e-01 -10.5 9.51e-03    -  1.00e+00 4.19e-02f  1
 223  8.9801799e-03 0.00e+00 2.12e-01  -8.5 9.46e-03    -  6.88e-04 3.12e-02f  6
 224  8.9678155e-03 0.00e+00 1.95e-01  -9.8 1.84e-02    -  1.00e+00 2.42e-03f  1
 225  8.9588700e-03 0.00e+00 1.86e-01 -10.1 1.49e-02    -  1.00e+00 1.79e-03f  1
 226  8.9227054e-03 0.00e+00 2.05e-01 -11.0 4.84e-03    -  1.00e+00 6.25e-02f  5
 227  8.8729265e-03 0.00e+00 2.04e-01 -11.0 9.37e-03    -  1.00e+00 7.04e-02f  2
 228  8.8448998e-03 0.00e+00 3.71e-01 -11.0 5.11e-02    -  7.06e-01 2.16e-02f  3
 229  8.8196707e-03 0.00e+00 3.13e-01 -11.0 3.12e-02    -  1.00e+00 1.15e-02f  5
iter    objective    inf_pr   inf_du lg(mu)  ||d||  lg(rg) alpha_du alpha_pr  ls
 230  8.8142835e-03 0.00e+00 2.50e-01 -11.0 1.08e-02    -  1.00e+00 6.25e-02f  5
 231  8.7842756e-03 0.00e+00 3.05e-01  -8.8 1.25e-02    -  1.83e-01 3.12e-02f  6
 232  8.7620859e-03 0.00e+00 2.29e-01  -7.5 1.30e-02    -  1.00e+00 1.37e-02f  5
 233  8.7567777e-03 0.00e+00 2.32e-01  -8.3 9.77e-03    -  1.00e+00 2.14e-03f  1
 234  8.7324515e-03 0.00e+00 2.56e-01  -8.7 1.22e-02    -  1.00e+00 2.77e-02f  4
 235  8.7300780e-03 0.00e+00 2.57e-01 -11.0 4.99e-03    -  6.58e-01 3.12e-02f  6
 236  8.7262064e-03 0.00e+00 3.55e-01  -9.0 4.17e-03    -  1.00e+00 9.06e-02f  4
 237  8.6849418e-03 0.00e+00 2.07e-01  -6.8 6.45e-03    -  2.32e-01 6.50e-02f  3
 238  8.6765450e-03 0.00e+00 2.01e-01  -8.1 1.00e-02    -  9.00e-01 1.96e-03f  1
 239  8.5981389e-03 0.00e+00 3.48e-01  -7.6 1.86e-02    -  6.58e-01 3.12e-02f  6
iter    objective    inf_pr   inf_du lg(mu)  ||d||  lg(rg) alpha_du alpha_pr  ls
 240  8.6006330e-03 0.00e+00 4.23e-01  -6.0 9.92e-03    -  1.00e+00 1.56e-02f  7
 241  8.5967727e-03 0.00e+00 3.23e-01  -6.1 2.47e-03    -  8.81e-01 1.25e-01f  4
 242  8.5541318e-03 0.00e+00 2.43e-01  -6.1 3.04e-03    -  4.41e-01 6.25e-02f  5
 243  8.4773184e-03 0.00e+00 2.70e-01  -6.6 7.93e-03    -  1.00e+00 5.05e-02f  3
 244  8.4731423e-03 0.00e+00 2.58e-01  -7.1 9.50e-03    -  1.00e+00 1.99e-02f  3
 245  8.4282960e-03 0.00e+00 2.15e-01  -8.2 3.20e-03    -  1.00e+00 1.61e-01f  2
 246  8.3980464e-03 0.00e+00 2.74e-01 -11.0 1.78e-02    -  5.19e-01 2.00e-02f  4
 247  8.3839444e-03 0.00e+00 2.63e-01  -8.8 3.01e-02    -  1.00e+00 1.69e-02f  1
 248  8.3727955e-03 0.00e+00 2.69e-01  -9.5 1.49e-02    -  1.00e+00 5.86e-03f  5
 249  8.3064476e-03 0.00e+00 2.89e-01  -7.5 1.51e-03    -  1.00e+00 2.50e-01f  3
iter    objective    inf_pr   inf_du lg(mu)  ||d||  lg(rg) alpha_du alpha_pr  ls
 250  8.3066973e-03 0.00e+00 2.60e-01  -5.9 3.06e-03    -  1.00e+00 1.25e-01f  4
 251  8.2962356e-03 0.00e+00 3.47e-01  -6.0 2.72e-03    -  4.66e-01 1.25e-01f  4
 252  8.2640249e-03 0.00e+00 1.92e-01  -6.5 4.77e-03    -  1.00e+00 4.44e-02f  5
 253  8.2301636e-03 0.00e+00 2.18e-01  -5.9 3.66e-03    -  5.36e-01 6.25e-02f  5
 254  8.1758909e-03 0.00e+00 1.62e-01  -6.1 7.33e-03    -  1.00e+00 4.46e-02f  3
 255  8.1595041e-03 0.00e+00 1.80e-01  -6.9 6.15e-03    -  1.00e+00 2.91e-02f  4
 256  8.1320408e-03 0.00e+00 2.54e-01  -7.6 8.74e-03    -  1.00e+00 3.12e-02f  6
 257  8.0832502e-03 0.00e+00 2.49e-01  -8.4 1.64e-02    -  1.00e+00 6.39e-02f  2
 258  8.0547385e-03 0.00e+00 2.30e-01  -8.5 5.58e-02    -  1.00e+00 6.85e-03f  2
 259  8.0374575e-03 0.00e+00 2.19e-01  -6.9 1.23e-02    -  1.00e+00 1.06e-02f  7
iter    objective    inf_pr   inf_du lg(mu)  ||d||  lg(rg) alpha_du alpha_pr  ls
 260  8.0230356e-03 0.00e+00 2.17e-01  -7.6 4.56e-03    -  1.00e+00 3.12e-02f  6
 261  8.0051861e-03 0.00e+00 2.60e-01  -8.6 5.22e-03    -  1.00e+00 3.02e-02f  4
 262  7.9954625e-03 0.00e+00 2.28e-01  -6.0 3.42e-03    -  3.31e-01 1.03e-01f  3
 263  7.9801059e-03 0.00e+00 2.24e-01  -7.3 9.05e-03    -  1.00e+00 3.47e-02f  4
 264  7.9491150e-03 0.00e+00 2.45e-01  -6.0 5.76e-03    -  1.00e+00 2.85e-02f  2
 265  7.8715699e-03 0.00e+00 1.92e-01 -11.0 4.90e-03    -  7.83e-01 1.25e-01f  4
 266  7.8465286e-03 0.00e+00 1.54e-01  -7.3 1.06e-02    -  1.00e+00 1.94e-02f  2
 267  7.8142461e-03 0.00e+00 1.82e-01  -8.6 2.87e-03    -  1.00e+00 6.37e-02f  1
 268  7.7530579e-03 0.00e+00 1.63e-01  -6.3 5.99e-03    -  6.59e-01 6.25e-02f  5
 269  7.6912550e-03 0.00e+00 3.88e-01  -6.2 2.07e-02    -  1.00e+00 2.23e-02f  5
iter    objective    inf_pr   inf_du lg(mu)  ||d||  lg(rg) alpha_du alpha_pr  ls
 270  7.6558245e-03 0.00e+00 3.81e-01 -11.0 7.29e-03    -  8.13e-01 2.75e-02f  6
 271  7.6471165e-03 0.00e+00 3.27e-01  -5.5 2.39e-02    -  5.07e-01 1.56e-02f  7
 272  7.6409676e-03 0.00e+00 2.28e-01 -11.0 7.63e-03    -  2.44e-01 3.74e-02f  1
 273  7.6213795e-03 0.00e+00 2.47e-01  -6.5 5.31e-03    -  1.00e+00 3.12e-02f  6
 274  7.6053863e-03 0.00e+00 2.18e-01 -11.0 6.93e-03    -  8.27e-01 6.61e-02f  2
 275  7.5737276e-03 0.00e+00 2.25e-01  -8.2 4.55e-03    -  1.00e+00 1.94e-02f  1
 276  7.5493248e-03 0.00e+00 2.92e-01  -5.9 4.43e-03    -  3.79e-01 1.31e-01f  3
 277  7.5447476e-03 0.00e+00 2.28e-01  -6.7 2.77e-02    -  1.00e+00 1.99e-02f  5
 278  7.5090720e-03 0.00e+00 2.26e-01  -5.3 1.89e-02    -  1.00e+00 3.12e-02f  6
 279  7.4700140e-03 0.00e+00 1.98e-01  -5.8 1.00e-02    -  6.32e-01 2.29e-02f  5
iter    objective    inf_pr   inf_du lg(mu)  ||d||  lg(rg) alpha_du alpha_pr  ls
 280  7.4482465e-03 0.00e+00 1.60e-01  -6.0 6.74e-03    -  1.00e+00 3.12e-02f  6
 281  7.5342478e-03 0.00e+00 1.80e-01  -4.3 6.25e-02    -  1.00e+00 1.56e-02f  7
 282  7.5150776e-03 0.00e+00 1.99e-01  -4.4 2.93e-02    -  9.38e-01 7.81e-03f  8
 283  7.4489980e-03 0.00e+00 2.09e-01  -4.4 4.27e-03    -  7.01e-01 1.25e-01f  4
 284  7.4231486e-03 0.00e+00 1.54e-01  -4.4 2.16e-02    -  1.00e+00 1.27e-02f  7
 285  7.4101191e-03 0.00e+00 2.22e-01  -4.0 9.81e-03    -  9.99e-01 3.12e-02f  6
 286  7.3951698e-03 0.00e+00 3.04e-01  -4.7 1.05e-02    -  1.00e+00 1.46e-02f  4
 287  7.3525176e-03 0.00e+00 2.69e-01  -5.3 1.78e-03    -  1.00e+00 1.15e-01f  4
 288  7.3342016e-03 0.00e+00 2.90e-01  -6.3 5.65e-03    -  1.00e+00 1.20e-01f  3
 289  7.3053316e-03 0.00e+00 2.60e-01  -6.6 7.30e-03    -  1.00e+00 3.12e-02f  6
iter    objective    inf_pr   inf_du lg(mu)  ||d||  lg(rg) alpha_du alpha_pr  ls
 290  7.2891409e-03 0.00e+00 3.40e-01  -6.1 1.07e-02    -  1.00e+00 1.57e-02f  6
 291  7.2665895e-03 0.00e+00 2.84e-01  -7.0 4.51e-03    -  1.00e+00 3.85e-02f  5
 292  7.2176325e-03 0.00e+00 1.52e-01  -7.8 2.60e-03    -  1.00e+00 9.29e-02f  4
 293  7.1907391e-03 0.00e+00 1.93e-01  -4.8 1.13e-02    -  8.09e-01 3.12e-02f  6
 294  7.1736931e-03 0.00e+00 1.53e-01  -5.6 1.16e-02    -  1.00e+00 2.05e-02f  6
 295  7.1761319e-03 0.00e+00 2.63e-01  -4.5 1.19e-02    -  1.00e+00 3.12e-02f  6
 296  7.1586596e-03 0.00e+00 2.02e-01  -4.6 4.02e-03    -  3.11e-01 3.12e-02f  6
 297  7.1431258e-03 0.00e+00 1.14e-01  -5.0 1.03e-02    -  1.00e+00 3.12e-02f  6
 298  7.2786715e-03 0.00e+00 2.25e-01  -3.9 1.30e-02    -  9.33e-01 6.25e-02f  5
 299  7.3245583e-03 0.00e+00 3.94e-01  -4.0 1.37e-02    -  6.47e-01 3.12e-02f  6
iter    objective    inf_pr   inf_du lg(mu)  ||d||  lg(rg) alpha_du alpha_pr  ls
 300  7.2901988e-03 0.00e+00 2.71e-01  -4.0 6.84e-03    -  4.89e-01 6.25e-02f  5
 301  7.2915105e-03 0.00e+00 2.10e-01  -4.0 5.08e-03    -  1.00e+00 6.25e-02f  5
 302  7.2700184e-03 0.00e+00 1.66e-01  -4.0 3.73e-03    -  1.00e+00 3.12e-02f  6
 303  7.2343929e-03 0.00e+00 2.70e-01  -4.0 2.26e-03    -  1.00e+00 1.25e-01f  4
 304  7.1953981e-03 0.00e+00 2.77e-01  -4.0 2.28e-03    -  1.00e+00 1.25e-01f  4
 305  7.1743111e-03 0.00e+00 2.84e-01  -4.0 6.02e-03    -  1.00e+00 6.25e-02f  5
 306  7.1428049e-03 0.00e+00 2.67e-01  -4.0 5.57e-03    -  1.00e+00 3.12e-02f  6
 307  7.1293855e-03 0.00e+00 2.05e-01  -4.0 4.39e-03    -  1.00e+00 3.12e-02f  6
 308  7.0842694e-03 0.00e+00 2.20e-01  -5.2 2.96e-03    -  1.00e+00 1.25e-01f  4
 309  7.0616517e-03 0.00e+00 1.99e-01  -3.8 5.83e-03    -  1.00e+00 3.12e-02f  6
iter    objective    inf_pr   inf_du lg(mu)  ||d||  lg(rg) alpha_du alpha_pr  ls
 310  7.0246025e-03 0.00e+00 1.11e-01  -4.9 3.18e-03    -  1.00e+00 6.25e-02f  5
 311  7.0132511e-03 0.00e+00 2.36e-01  -5.4 1.00e-02    -  1.00e+00 3.30e-02f  5
 312  6.9985724e-03 0.00e+00 1.58e-01  -5.0 5.97e-03    -  1.00e+00 2.54e-02f  6
 313  6.9612693e-03 0.00e+00 1.44e-01  -5.6 5.38e-03    -  1.00e+00 6.25e-02f  5
 314  6.9607122e-03 0.00e+00 1.21e-01  -6.4 8.10e-03    -  1.00e+00 4.87e-02f  5
 315  6.9465557e-03 0.00e+00 1.49e-01  -6.3 1.37e-02    -  7.55e-01 1.56e-02f  7
 316  6.9440699e-03 0.00e+00 1.71e-01  -6.7 6.49e-03    -  1.00e+00 3.12e-02f  6
 317  6.9236726e-03 0.00e+00 1.10e-01  -7.7 6.69e-03    -  1.00e+00 6.97e-02f  4
 318  6.9046495e-03 0.00e+00 1.85e-01  -7.8 2.33e-02    -  1.00e+00 1.54e-02f  4
 319  6.8834985e-03 0.00e+00 2.11e-01  -8.7 7.69e-03    -  1.00e+00 2.56e-02f  5
iter    objective    inf_pr   inf_du lg(mu)  ||d||  lg(rg) alpha_du alpha_pr  ls
 320  6.8787916e-03 0.00e+00 1.46e-01  -5.5 5.79e-03    -  4.02e-01 2.68e-02f  5
 321  6.8636987e-03 0.00e+00 1.65e-01  -6.8 5.60e-03    -  1.00e+00 3.96e-02f  5
 322  6.8454959e-03 0.00e+00 1.79e-01  -7.7 6.94e-03    -  1.00e+00 4.57e-02f  4
 323  6.8367333e-03 0.00e+00 1.35e-01  -6.0 5.05e-03    -  1.00e+00 1.38e-02f  6
 324  6.8243160e-03 0.00e+00 1.32e-01  -7.0 1.91e-03    -  1.00e+00 1.25e-01f  4
 325  6.8020095e-03 0.00e+00 1.14e-01  -7.7 1.19e-02    -  1.00e+00 1.75e-02f  6
 326  6.7812322e-03 0.00e+00 1.10e-01  -5.6 1.32e-02    -  2.57e-01 3.12e-02f  6
 327  6.7760977e-03 0.00e+00 1.63e-01  -5.4 1.70e-02    -  1.00e+00 1.56e-02f  7

Number of Iterations....: 327

                                   (scaled)                 (unscaled)
Objective...............:   6.7760977470630512e-03    6.7760977470630512e-03
Dual infeasibility......:   1.6320311126060025e-01    1.6320311126060025e-01
Constraint violation....:   0.0000000000000000e+00    0.0000000000000000e+00
Variable bound violation:   0.0000000000000000e+00    0.0000000000000000e+00
Complementarity.........:   4.0063389750365839e-06    4.0063389750365839e-06
Overall NLP error.......:   1.6320311126060025e-01    1.6320311126060025e-01


Number of objective function evaluations             = 2220
Number of objective gradient evaluations             = 328
Number of equality constraint evaluations            = 0
Number of inequality constraint evaluations          = 0
Number of equality constraint Jacobian evaluations   = 0
Number of inequality constraint Jacobian evaluations = 0
Number of Lagrangian Hessian evaluations             = 0
Total seconds in IPOPT                               = 21614.519

EXIT: Maximum wallclock time exceeded.
